1 Q0 3125014 1 22.556234 test
1 Q0 3127497 2 21.654114 test
1 Q0 3129090 3 21.133526 test
1 Q0 3130682 4 19.365086 test
1 Q0 3128254 5 18.825315 test
1 Q0 3127317 6 18.231834 test
1 Q0 3128838 7 16.737581 test
1 Q0 3124301 8 16.547817 test
1 Q0 3123183 9 16.321222 test
1 Q0 3125360 10 16.203354 test
1 Q0 3125249 11 15.912402 test
1 Q0 3127308 12 15.859693 test
1 Q0 3121091 13 15.85121 test
1 Q0 3121442 14 15.736284 test
1 Q0 3129114 15 15.697069 test
1 Q0 3124465 16 15.654422 test
1 Q0 3120793 17 15.598763 test
1 Q0 3123212 18 15.344689 test
1 Q0 3127789 19 15.294342 test
1 Q0 3131801 20 15.293879 test
1 Q0 3130997 21 15.234685 test
1 Q0 3132700 22 15.1878805 test
1 Q0 3132693 23 15.147488 test
1 Q0 3132377 24 15.004266 test
1 Q0 3129082 25 14.945724 test
1 Q0 3130644 26 14.883211 test
1 Q0 3121094 27 14.876014 test
1 Q0 3124721 28 14.829852 test
1 Q0 3121437 29 14.806795 test
1 Q0 3131127 30 14.770272 test
1 Q0 3132318 31 14.734292 test
1 Q0 3125036 32 14.717786 test
1 Q0 3124722 33 14.689846 test
1 Q0 3121093 34 14.502363 test
1 Q0 3130894 35 14.459675 test
1 Q0 3121668 36 14.4283905 test
1 Q0 3127783 37 14.385075 test
1 Q0 3125011 38 14.211871 test
1 Q0 3127995 39 14.139145 test
1 Q0 3123702 40 14.078224 test
1 Q0 3123221 41 14.043729 test
1 Q0 3123513 42 13.998697 test
1 Q0 3128700 43 13.868703 test
1 Q0 3132162 44 13.837829 test
1 Q0 3126764 45 13.80517 test
1 Q0 3125280 46 13.655796 test
1 Q0 3129750 47 13.647401 test
1 Q0 3131981 48 13.569681 test
1 Q0 3127763 49 13.538625 test
1 Q0 3123577 50 13.452695 test
1 Q0 3129533 51 13.434528 test
1 Q0 3121955 52 13.391561 test
1 Q0 3131753 53 13.343481 test
1 Q0 3131758 54 13.307517 test
1 Q0 3132157 55 13.232331 test
1 Q0 3120684 56 13.225308 test
1 Q0 3132366 57 13.153582 test
1 Q0 3132032 58 13.119766 test
1 Q0 3124193 59 13.058174 test
1 Q0 3122506 60 13.042407 test
1 Q0 3121603 61 13.021982 test
1 Q0 3121629 62 13.019257 test
1 Q0 3130661 63 13.012365 test
1 Q0 3125363 64 12.981379 test
1 Q0 3132343 65 12.926966 test
1 Q0 3126997 66 12.8458605 test
1 Q0 3131766 67 12.836833 test
1 Q0 3123241 68 12.814691 test
1 Q0 3132692 69 12.803328 test
1 Q0 3127969 70 12.780802 test
1 Q0 3129053 71 12.728155 test
1 Q0 3128896 72 12.6118145 test
1 Q0 3132418 73 12.578959 test
1 Q0 3123312 74 12.519745 test
1 Q0 3132706 75 12.504079 test
1 Q0 3125655 76 12.446389 test
1 Q0 3129103 77 12.433277 test
1 Q0 3126991 78 12.426959 test
1 Q0 3124448 79 12.413099 test
1 Q0 3132375 80 12.412861 test
1 Q0 3132709 81 12.408744 test
1 Q0 3132483 82 12.310489 test
1 Q0 3130709 83 12.205761 test
1 Q0 3130138 84 12.182118 test
1 Q0 3130636 85 12.090029 test
1 Q0 3120792 86 12.0205 test
1 Q0 3124965 87 12.018458 test
1 Q0 3127492 88 12.012025 test
1 Q0 3123255 89 11.991965 test
1 Q0 3124860 90 11.976202 test
1 Q0 3123852 91 11.946149 test
1 Q0 3129356 92 11.943017 test
1 Q0 3131759 93 11.902871 test
1 Q0 3129104 94 11.864865 test
1 Q0 3121294 95 11.859487 test
1 Q0 3131799 96 11.849712 test
1 Q0 3125292 97 11.845961 test
1 Q0 3130494 98 11.817542 test
1 Q0 3132130 99 11.787488 test
1 Q0 3126840 100 11.76552 test
1 Q0 3128016 101 11.715188 test
1 Q0 3128839 102 11.695111 test
1 Q0 3125063 103 11.684547 test
1 Q0 3125342 104 11.647831 test
1 Q0 3124992 105 11.63708 test
1 Q0 3123811 106 11.632204 test
1 Q0 3128826 107 11.611348 test
1 Q0 3131750 108 11.5691 test
1 Q0 3124266 109 11.484497 test
1 Q0 3132376 110 11.439851 test
1 Q0 3132610 111 11.437708 test
1 Q0 3127842 112 11.421744 test
1 Q0 3129348 113 11.383561 test
1 Q0 3121420 114 11.361943 test
1 Q0 3129086 115 11.326831 test
1 Q0 3122500 116 11.308629 test
1 Q0 3121630 117 11.305562 test
1 Q0 3121429 118 11.270579 test
1 Q0 3127495 119 11.268195 test
1 Q0 3124458 120 11.263844 test
1 Q0 3123282 121 11.243748 test
1 Q0 3123639 122 11.190824 test
1 Q0 3124731 123 11.185823 test
1 Q0 3122596 124 11.179593 test
1 Q0 3132367 125 11.132201 test
1 Q0 3121095 126 11.1219845 test
1 Q0 3124275 127 11.113668 test
1 Q0 3131543 128 11.112501 test
1 Q0 3127500 129 11.072537 test
1 Q0 3132697 130 11.039003 test
1 Q0 3123515 131 11.0291815 test
1 Q0 3132121 132 11.0201645 test
1 Q0 3127315 133 11.008733 test
1 Q0 3127305 134 11.004293 test
1 Q0 3122096 135 10.980867 test
1 Q0 3129322 136 10.954188 test
1 Q0 3130490 137 10.945416 test
1 Q0 3120745 138 10.943837 test
1 Q0 3132369 139 10.888736 test
1 Q0 3132695 140 10.850831 test
1 Q0 3128041 141 10.849053 test
1 Q0 3127834 142 10.822115 test
1 Q0 3124316 143 10.82079 test
1 Q0 3131124 144 10.813742 test
1 Q0 3127765 145 10.793242 test
1 Q0 3124016 146 10.783548 test
1 Q0 3124327 147 10.767903 test
1 Q0 3122093 148 10.750289 test
1 Q0 3125115 149 10.701031 test
1 Q0 3129964 150 10.671881 test
1 Q0 3132699 151 10.669898 test
1 Q0 3132698 152 10.666675 test
1 Q0 3123269 153 10.666597 test
1 Q0 3130473 154 10.637011 test
1 Q0 3132730 155 10.614385 test
1 Q0 3125062 156 10.609895 test
1 Q0 3131760 157 10.59448 test
1 Q0 3130920 158 10.59419 test
1 Q0 3124729 159 10.515813 test
1 Q0 3123814 160 10.508161 test
1 Q0 3129069 161 10.48104 test
1 Q0 3123575 162 10.478587 test
1 Q0 3124432 163 10.457806 test
1 Q0 3125005 164 10.447157 test
1 Q0 3131984 165 10.436574 test
1 Q0 3127784 166 10.414137 test
1 Q0 3121092 167 10.387734 test
1 Q0 3127311 168 10.382935 test
1 Q0 3127314 169 10.352007 test
1 Q0 3126745 170 10.3466 test
1 Q0 3130982 171 10.3200865 test
1 Q0 3132368 172 10.285208 test
1 Q0 3132127 173 10.241032 test
1 Q0 3132497 174 10.206883 test
1 Q0 3126722 175 10.16959 test
1 Q0 3121282 176 10.15974 test
1 Q0 3123700 177 10.136601 test
1 Q0 3121248 178 10.116285 test
1 Q0 3130373 179 10.098914 test
1 Q0 3124140 180 10.076728 test
1 Q0 3123642 181 10.070406 test
1 Q0 3131716 182 10.068481 test
1 Q0 3128325 183 10.052954 test
1 Q0 3123003 184 10.001817 test
1 Q0 3130672 185 9.991955 test
1 Q0 3125002 186 9.989408 test
1 Q0 3121605 187 9.983192 test
1 Q0 3127003 188 9.983088 test
1 Q0 3126760 189 9.973715 test
1 Q0 3126711 190 9.946196 test
1 Q0 3129061 191 9.93884 test
1 Q0 3128705 192 9.935993 test
1 Q0 3127318 193 9.90293 test
1 Q0 3129345 194 9.902084 test
1 Q0 3132393 195 9.88425 test
1 Q0 3125218 196 9.85184 test
1 Q0 3130681 197 9.817108 test
1 Q0 3124463 198 9.79974 test
1 Q0 3131711 199 9.795352 test
1 Q0 3125033 200 9.785391 test
1 Q0 3122548 201 9.776784 test
1 Q0 3123228 202 9.758131 test
1 Q0 3128724 203 9.734687 test
1 Q0 3132053 204 9.716719 test
1 Q0 3127781 205 9.712753 test
1 Q0 3129344 206 9.690733 test
1 Q0 3123578 207 9.654895 test
1 Q0 3122898 208 9.6373625 test
1 Q0 3121108 209 9.635252 test
1 Q0 3132493 210 9.623378 test
1 Q0 3127355 211 9.611776 test
1 Q0 3132722 212 9.607807 test
1 Q0 3132015 213 9.594247 test
1 Q0 3122589 214 9.593648 test
1 Q0 3120746 215 9.592673 test
1 Q0 3132235 216 9.590441 test
1 Q0 3131709 217 9.5897255 test
1 Q0 3132325 218 9.579143 test
1 Q0 3130893 219 9.51037 test
1 Q0 3127785 220 9.507361 test
1 Q0 3123736 221 9.500064 test
1 Q0 3126759 222 9.489076 test
1 Q0 3124730 223 9.469066 test
1 Q0 3121956 224 9.441666 test
1 Q0 3124425 225 9.422562 test
1 Q0 3122584 226 9.394739 test
1 Q0 3128854 227 9.378547 test
1 Q0 3123250 228 9.378129 test
1 Q0 3125654 229 9.374554 test
1 Q0 3125667 230 9.3698225 test
1 Q0 3131244 231 9.326846 test
1 Q0 3127316 232 9.3064785 test
1 Q0 3123009 233 9.305181 test
1 Q0 3125004 234 9.301699 test
1 Q0 3123169 235 9.296202 test
1 Q0 3127759 236 9.268261 test
1 Q0 3131400 237 9.265876 test
1 Q0 3123934 238 9.265308 test
1 Q0 3122300 239 9.264008 test
1 Q0 3121737 240 9.247594 test
1 Q0 3129060 241 9.244525 test
1 Q0 3127385 242 9.237681 test
1 Q0 3131506 243 9.225277 test
1 Q0 3130663 244 9.207382 test
1 Q0 3123597 245 9.194355 test
1 Q0 3132364 246 9.193953 test
1 Q0 3130908 247 9.18731 test
1 Q0 3130464 248 9.164502 test
1 Q0 3129068 249 9.156595 test
1 Q0 3130684 250 9.150731 test
1 Q0 3121086 251 9.1475 test
1 Q0 3123714 252 9.0532 test
1 Q0 3124225 253 9.03442 test
1 Q0 3121584 254 9.030791 test
1 Q0 3124673 255 8.999535 test
1 Q0 3125362 256 8.994236 test
1 Q0 3121581 257 8.97858 test
1 Q0 3127306 258 8.963578 test
1 Q0 3132229 259 8.956327 test
1 Q0 3123845 260 8.954955 test
1 Q0 3128815 261 8.94781 test
1 Q0 3123457 262 8.940703 test
1 Q0 3123170 263 8.935121 test
1 Q0 3131987 264 8.909612 test
1 Q0 3132606 265 8.888269 test
1 Q0 3122507 266 8.88645 test
1 Q0 3125031 267 8.858662 test
1 Q0 3123640 268 8.840685 test
1 Q0 3120683 269 8.828251 test
1 Q0 3123595 270 8.82707 test
1 Q0 3123558 271 8.818195 test
1 Q0 3121428 272 8.817638 test
1 Q0 3121638 273 8.816895 test
1 Q0 3125278 274 8.808419 test
1 Q0 3129353 275 8.796099 test
1 Q0 3123261 276 8.7925825 test
1 Q0 3127807 277 8.777111 test
1 Q0 3125284 278 8.753583 test
1 Q0 3122095 279 8.743424 test
1 Q0 3123821 280 8.736367 test
1 Q0 3123574 281 8.734087 test
1 Q0 3121267 282 8.727858 test
1 Q0 3121681 283 8.72695 test
1 Q0 3126732 284 8.713577 test
1 Q0 3121606 285 8.656243 test
1 Q0 3132754 286 8.6130295 test
1 Q0 3126780 287 8.612921 test
1 Q0 3132029 288 8.6116495 test
1 Q0 3127327 289 8.610238 test
1 Q0 3126977 290 8.596083 test
1 Q0 3120808 291 8.585901 test
1 Q0 3131751 292 8.5663395 test
1 Q0 3123260 293 8.502778 test
1 Q0 3129346 294 8.493292 test
1 Q0 3125216 295 8.488216 test
1 Q0 3124720 296 8.482458 test
1 Q0 3120676 297 8.480972 test
1 Q0 3121761 298 8.478594 test
1 Q0 3126710 299 8.461732 test
1 Q0 3132045 300 8.444865 test
1 Q0 3132128 301 8.438705 test
1 Q0 3127313 302 8.408625 test
1 Q0 3123629 303 8.407519 test
1 Q0 3132117 304 8.399079 test
1 Q0 3127758 305 8.398195 test
1 Q0 3131599 306 8.391264 test
1 Q0 3123818 307 8.385138 test
1 Q0 3131762 308 8.367738 test
1 Q0 3132237 309 8.344793 test
1 Q0 3128900 310 8.333444 test
1 Q0 3127496 311 8.325721 test
1 Q0 3124455 312 8.32572 test
1 Q0 3129755 313 8.321531 test
1 Q0 3132374 314 8.316743 test
1 Q0 3130664 315 8.294989 test
1 Q0 3129058 316 8.29437 test
1 Q0 3132694 317 8.286247 test
1 Q0 3122510 318 8.282668 test
1 Q0 3127520 319 8.281228 test
1 Q0 3123279 320 8.276438 test
1 Q0 3132365 321 8.260992 test
1 Q0 3124286 322 8.255371 test
1 Q0 3122587 323 8.242363 test
1 Q0 3129749 324 8.234769 test
1 Q0 3127782 325 8.233901 test
1 Q0 3130912 326 8.212315 test
1 Q0 3130578 327 8.178196 test
1 Q0 3129088 328 8.167999 test
1 Q0 3122994 329 8.135949 test
1 Q0 3132353 330 8.121785 test
1 Q0 3124675 331 8.091543 test
1 Q0 3130647 332 8.091484 test
1 Q0 3126734 333 8.083704 test
1 Q0 3132447 334 8.081699 test
1 Q0 3123589 335 8.061479 test
1 Q0 3127854 336 8.059864 test
1 Q0 3128598 337 8.039902 test
1 Q0 3132500 338 8.037413 test
1 Q0 3120998 339 8.03025 test
1 Q0 3124325 340 8.023952 test
1 Q0 3130689 341 8.02385 test
1 Q0 3131129 342 8.020086 test
1 Q0 3125198 343 8.007718 test
1 Q0 3124259 344 7.9912467 test
1 Q0 3130903 345 7.9846697 test
1 Q0 3130777 346 7.981774 test
1 Q0 3126989 347 7.971157 test
1 Q0 3131546 348 7.9660387 test
1 Q0 3130996 349 7.9239163 test
1 Q0 3124391 350 7.914132 test
1 Q0 3130665 351 7.9088182 test
1 Q0 3125471 352 7.906536 test
1 Q0 3126789 353 7.9016285 test
1 Q0 3127966 354 7.8833485 test
1 Q0 3121285 355 7.8806944 test
1 Q0 3130662 356 7.873242 test
1 Q0 3122113 357 7.8660116 test
1 Q0 3126742 358 7.860816 test
1 Q0 3123209 359 7.836457 test
1 Q0 3124886 360 7.8355956 test
1 Q0 3132156 361 7.8221016 test
1 Q0 3127310 362 7.811925 test
1 Q0 3129759 363 7.802823 test
1 Q0 3130193 364 7.781107 test
1 Q0 3131761 365 7.7785892 test
1 Q0 3123906 366 7.7775397 test
1 Q0 3125334 367 7.7667513 test
1 Q0 3130359 368 7.759506 test
1 Q0 3121652 369 7.7549953 test
1 Q0 3121291 370 7.7359715 test
1 Q0 3125309 371 7.731713 test
1 Q0 3123541 372 7.7252064 test
1 Q0 3122987 373 7.718681 test
1 Q0 3125273 374 7.716946 test
1 Q0 3125375 375 7.7151484 test
1 Q0 3126792 376 7.712027 test
1 Q0 3128903 377 7.702112 test
1 Q0 3129305 378 7.6939654 test
1 Q0 3129942 379 7.686944 test
1 Q0 3132061 380 7.6857877 test
1 Q0 3123311 381 7.663732 test
1 Q0 3130439 382 7.6563296 test
1 Q0 3129120 383 7.6528125 test
1 Q0 3131509 384 7.652766 test
1 Q0 3131748 385 7.651574 test
1 Q0 3126999 386 7.649704 test
1 Q0 3129776 387 7.6471696 test
1 Q0 3129577 388 7.645463 test
1 Q0 3124409 389 7.64239 test
1 Q0 3128702 390 7.6414294 test
1 Q0 3132338 391 7.636335 test
1 Q0 3121792 392 7.6354947 test
1 Q0 3125013 393 7.632953 test
1 Q0 3121421 394 7.6303215 test
1 Q0 3121880 395 7.6171346 test
1 Q0 3130929 396 7.615539 test
1 Q0 3121674 397 7.613226 test
1 Q0 3128593 398 7.5967875 test
1 Q0 3129325 399 7.594685 test
1 Q0 3128727 400 7.592979 test
1 Q0 3132542 401 7.585185 test
1 Q0 3124753 402 7.580796 test
1 Q0 3129957 403 7.580627 test
1 Q0 3125012 404 7.562264 test
1 Q0 3121590 405 7.554581 test
1 Q0 3127323 406 7.53981 test
1 Q0 3125308 407 7.5305457 test
1 Q0 3128267 408 7.5241823 test
1 Q0 3125960 409 7.5193243 test
1 Q0 3121586 410 7.508333 test
1 Q0 3132125 411 7.5034413 test
1 Q0 3129961 412 7.4980726 test
1 Q0 3127760 413 7.4950013 test
1 Q0 3121612 414 7.489856 test
1 Q0 3122992 415 7.4796524 test
1 Q0 3129763 416 7.4627113 test
1 Q0 3124686 417 7.4620643 test
1 Q0 3124421 418 7.4599714 test
1 Q0 3131125 419 7.4574523 test
1 Q0 3122497 420 7.45436 test
1 Q0 3123615 421 7.4510117 test
1 Q0 3121673 422 7.440381 test
1 Q0 3122091 423 7.41144 test
1 Q0 3128895 424 7.404945 test
1 Q0 3124461 425 7.398797 test
1 Q0 3124241 426 7.3901744 test
1 Q0 3122282 427 7.3862815 test
1 Q0 3121680 428 7.379812 test
1 Q0 3128723 429 7.378909 test
1 Q0 3128129 430 7.3770914 test
1 Q0 3126707 431 7.3745584 test
1 Q0 3124454 432 7.371899 test
1 Q0 3128029 433 7.3599167 test
1 Q0 3129966 434 7.3493743 test
1 Q0 3124888 435 7.339971 test
1 Q0 3129129 436 7.3399706 test
1 Q0 3127493 437 7.3258014 test
1 Q0 3124273 438 7.3175635 test
1 Q0 3131293 439 7.313331 test
1 Q0 3123576 440 7.291443 test
1 Q0 3131141 441 7.2786355 test
1 Q0 3126749 442 7.277925 test
1 Q0 3122670 443 7.27281 test
1 Q0 3132160 444 7.267081 test
1 Q0 3123596 445 7.261926 test
1 Q0 3124644 446 7.254385 test
1 Q0 3123659 447 7.225751 test
1 Q0 3128263 448 7.2231293 test
1 Q0 3121335 449 7.2212973 test
1 Q0 3129312 450 7.1961317 test
1 Q0 3130669 451 7.1913757 test
1 Q0 3128819 452 7.1846795 test
1 Q0 3129956 453 7.1817355 test
1 Q0 3127322 454 7.181695 test
1 Q0 3126771 455 7.177838 test
1 Q0 3123517 456 7.1717515 test
1 Q0 3132316 457 7.1536417 test
1 Q0 3126708 458 7.141273 test
1 Q0 3130466 459 7.136192 test
1 Q0 3121064 460 7.1278834 test
1 Q0 3127499 461 7.1268744 test
1 Q0 3132696 462 7.126569 test
1 Q0 3128722 463 7.110501 test
1 Q0 3128842 464 7.105738 test
1 Q0 3123004 465 7.0904284 test
1 Q0 3125099 466 7.0768046 test
1 Q0 3131249 467 7.071104 test
1 Q0 3132663 468 7.069109 test
1 Q0 3130670 469 7.0644407 test
1 Q0 3122380 470 7.0499873 test
1 Q0 3121634 471 7.043242 test
1 Q0 3127319 472 7.0355773 test
1 Q0 3132327 473 7.032892 test
1 Q0 3129949 474 7.02859 test
1 Q0 3120751 475 7.0285 test
1 Q0 3121232 476 7.028255 test
1 Q0 3132732 477 7.023182 test
1 Q0 3121964 478 7.0193043 test
1 Q0 3121000 479 7.018837 test
1 Q0 3125027 480 7.018383 test
1 Q0 3132358 481 7.0149417 test
1 Q0 3131558 482 6.9954057 test
1 Q0 3120733 483 6.9882255 test
1 Q0 3121622 484 6.982627 test
1 Q0 3122590 485 6.9814076 test
1 Q0 3122993 486 6.967477 test
1 Q0 3129576 487 6.9650955 test
1 Q0 3124360 488 6.9607286 test
1 Q0 3129769 489 6.956691 test
1 Q0 3129575 490 6.9513535 test
1 Q0 3122904 491 6.9405003 test
1 Q0 3128256 492 6.9390516 test
1 Q0 3129761 493 6.938309 test
1 Q0 3129097 494 6.9358163 test
1 Q0 3131755 495 6.919852 test
1 Q0 3122499 496 6.9172072 test
1 Q0 3123646 497 6.9160705 test
1 Q0 3131542 498 6.9135013 test
1 Q0 3124413 499 6.895633 test
1 Q0 3120697 500 6.8844724 test
1 Q0 3132354 501 6.850814 test
1 Q0 3130650 502 6.841601 test
1 Q0 3126719 503 6.840994 test
1 Q0 3125374 504 6.8395963 test
1 Q0 3125061 505 6.8394165 test
1 Q0 3127998 506 6.8283954 test
1 Q0 3123520 507 6.8266673 test
1 Q0 3121732 508 6.816034 test
1 Q0 3130036 509 6.8111954 test
1 Q0 3123509 510 6.8106666 test
1 Q0 3128054 511 6.7945023 test
1 Q0 3122089 512 6.789343 test
1 Q0 3124954 513 6.7785463 test
1 Q0 3125645 514 6.7775707 test
1 Q0 3126768 515 6.76999 test
1 Q0 3131757 516 6.7661076 test
1 Q0 3124386 517 6.7635098 test
1 Q0 3131529 518 6.752339 test
1 Q0 3128843 519 6.739516 test
1 Q0 3128042 520 6.7137413 test
1 Q0 3131512 521 6.7008266 test
1 Q0 3123249 522 6.6928725 test
1 Q0 3129355 523 6.6859713 test
1 Q0 3123549 524 6.6760697 test
1 Q0 3125239 525 6.6723557 test
1 Q0 3125361 526 6.6691117 test
1 Q0 3132236 527 6.657222 test
1 Q0 3124345 528 6.6563654 test
1 Q0 3122054 529 6.6443973 test
1 Q0 3120749 530 6.6423917 test
1 Q0 3125006 531 6.634654 test
1 Q0 3121130 532 6.6242223 test
1 Q0 3132140 533 6.621755 test
1 Q0 3130472 534 6.6173472 test
1 Q0 3123514 535 6.6084533 test
1 Q0 3120758 536 6.6047473 test
1 Q0 3123207 537 6.6040096 test
1 Q0 3127020 538 6.595866 test
1 Q0 3127756 539 6.595614 test
1 Q0 3125508 540 6.5864234 test
1 Q0 3123294 541 6.584009 test
1 Q0 3128039 542 6.5820045 test
1 Q0 3124991 543 6.5755744 test
1 Q0 3124125 544 6.5752907 test
1 Q0 3123649 545 6.5751023 test
1 Q0 3126796 546 6.56971 test
1 Q0 3121231 547 6.565506 test
1 Q0 3126972 548 6.562378 test
1 Q0 3123219 549 6.558896 test
1 Q0 3123657 550 6.5551777 test
1 Q0 3122599 551 6.542387 test
1 Q0 3132704 552 6.530919 test
1 Q0 3122893 553 6.5199265 test
1 Q0 3125373 554 6.5197744 test
1 Q0 3123911 555 6.5048213 test
1 Q0 3132202 556 6.4953713 test
1 Q0 3124933 557 6.4951673 test
1 Q0 3124687 558 6.483951 test
1 Q0 3130976 559 6.474897 test
1 Q0 3130576 560 6.465164 test
1 Q0 3122511 561 6.464309 test
1 Q0 3131777 562 6.4627285 test
1 Q0 3123822 563 6.4571915 test
1 Q0 3125235 564 6.4540253 test
1 Q0 3128860 565 6.4398155 test
1 Q0 3126694 566 6.436741 test
1 Q0 3121580 567 6.433498 test
1 Q0 3125279 568 6.432988 test
1 Q0 3123296 569 6.4234524 test
1 Q0 3124264 570 6.4094777 test
1 Q0 3121278 571 6.4071064 test
1 Q0 3123560 572 6.4062285 test
1 Q0 3124464 573 6.3934774 test
1 Q0 3123469 574 6.3918157 test
1 Q0 3130360 575 6.386756 test
1 Q0 3127153 576 6.3867555 test
1 Q0 3132240 577 6.38444 test
1 Q0 3125041 578 6.379312 test
1 Q0 3124935 579 6.3784466 test
1 Q0 3123215 580 6.376971 test
1 Q0 3130635 581 6.3711195 test
1 Q0 3129083 582 6.3658023 test
1 Q0 3132464 583 6.3651867 test
1 Q0 3132043 584 6.343725 test
1 Q0 3123823 585 6.3397684 test
1 Q0 3124123 586 6.3335385 test
1 Q0 3124989 587 6.3302784 test
1 Q0 3121274 588 6.32754 test
1 Q0 3124670 589 6.327538 test
1 Q0 3124318 590 6.3234024 test
1 Q0 3120997 591 6.3222704 test
1 Q0 3121788 592 6.317822 test
1 Q0 3123165 593 6.3099194 test
1 Q0 3124953 594 6.3064914 test
1 Q0 3123643 595 6.3042645 test
1 Q0 3129079 596 6.298238 test
1 Q0 3128133 597 6.294738 test
1 Q0 3132118 598 6.2907615 test
1 Q0 3123658 599 6.288568 test
1 Q0 3124289 600 6.281418 test
1 Q0 3131723 601 6.2797117 test
1 Q0 3124319 602 6.263418 test
1 Q0 3132373 603 6.2590094 test
1 Q0 3132476 604 6.251829 test
1 Q0 3127321 605 6.245902 test
1 Q0 3127326 606 6.243272 test
1 Q0 3127324 607 6.243271 test
1 Q0 3127455 608 6.2423477 test
1 Q0 3130667 609 6.239976 test
1 Q0 3127002 610 6.2362337 test
1 Q0 3130959 611 6.2341747 test
1 Q0 3124481 612 6.2265882 test
1 Q0 3120871 613 6.2235913 test
1 Q0 3128018 614 6.21788 test
1 Q0 3130654 615 6.214381 test
1 Q0 3125277 616 6.212925 test
1 Q0 3124326 617 6.2088094 test
1 Q0 3125065 618 6.2057877 test
1 Q0 3130998 619 6.195771 test
1 Q0 3132670 620 6.190047 test
1 Q0 3123829 621 6.189446 test
1 Q0 3123652 622 6.1819167 test
1 Q0 3132379 623 6.1774054 test
1 Q0 3125271 624 6.1757693 test
1 Q0 3131235 625 6.174666 test
1 Q0 3132725 626 6.17179 test
1 Q0 3127956 627 6.166259 test
1 Q0 3132119 628 6.1660743 test
1 Q0 3121440 629 6.165587 test
1 Q0 3120999 630 6.1587386 test
1 Q0 3123618 631 6.158375 test
1 Q0 3130270 632 6.1509485 test
1 Q0 3131980 633 6.1450143 test
1 Q0 3131431 634 6.1418552 test
1 Q0 3121675 635 6.1325226 test
1 Q0 3124932 636 6.126176 test
1 Q0 3130717 637 6.120868 test
1 Q0 3129947 638 6.116056 test
1 Q0 3132660 639 6.1075897 test
1 Q0 3127296 640 6.103249 test
1 Q0 3124891 641 6.102726 test
1 Q0 3122998 642 6.100741 test
1 Q0 3132276 643 6.0965366 test
1 Q0 3127841 644 6.0953236 test
1 Q0 3131000 645 6.094758 test
1 Q0 3127294 646 6.092328 test
1 Q0 3125393 647 6.0921683 test
1 Q0 3122163 648 6.090001 test
1 Q0 3121660 649 6.0881953 test
1 Q0 3125255 650 6.076116 test
1 Q0 3120687 651 6.0719266 test
1 Q0 3127678 652 6.043466 test
1 Q0 3125058 653 6.0361166 test
1 Q0 3120968 654 6.0352597 test
1 Q0 3129951 655 6.0309625 test
1 Q0 3125389 656 6.0225377 test
1 Q0 3126806 657 6.0218687 test
1 Q0 3128827 658 6.016898 test
1 Q0 3127794 659 6.0132937 test
1 Q0 3132049 660 6.009066 test
1 Q0 3130468 661 6.0009527 test
1 Q0 3132370 662 5.9991274 test
1 Q0 3128258 663 5.9901896 test
1 Q0 3132129 664 5.9901366 test
1 Q0 3132177 665 5.987939 test
1 Q0 3126807 666 5.987283 test
1 Q0 3124135 667 5.9857745 test
1 Q0 3132050 668 5.983825 test
1 Q0 3124698 669 5.9774256 test
1 Q0 3129070 670 5.972058 test
1 Q0 3127297 671 5.967019 test
1 Q0 3129095 672 5.966921 test
1 Q0 3126697 673 5.962239 test
1 Q0 3121636 674 5.960112 test
1 Q0 3131123 675 5.957936 test
1 Q0 3131803 676 5.9508986 test
1 Q0 3132097 677 5.943998 test
1 Q0 3127152 678 5.9429693 test
1 Q0 3130911 679 5.9338098 test
1 Q0 3122099 680 5.9306564 test
1 Q0 3125663 681 5.9192595 test
1 Q0 3124639 682 5.912424 test
1 Q0 3125666 683 5.910149 test
1 Q0 3130333 684 5.9099936 test
1 Q0 3122545 685 5.909697 test
1 Q0 3132444 686 5.9087315 test
1 Q0 3120986 687 5.908028 test
1 Q0 3124833 688 5.907331 test
1 Q0 3131131 689 5.8962116 test
1 Q0 3127000 690 5.8957105 test
1 Q0 3123912 691 5.8935738 test
1 Q0 3130460 692 5.89072 test
1 Q0 3130933 693 5.8888893 test
1 Q0 3127303 694 5.882105 test
1 Q0 3123586 695 5.8665223 test
1 Q0 3132421 696 5.848477 test
1 Q0 3124320 697 5.844531 test
1 Q0 3121432 698 5.834236 test
1 Q0 3124324 699 5.822447 test
1 Q0 3125664 700 5.8084035 test
1 Q0 3127836 701 5.805512 test
1 Q0 3132372 702 5.802849 test
1 Q0 3128048 703 5.7999744 test
1 Q0 3127383 704 5.7978587 test
1 Q0 3121656 705 5.794886 test
1 Q0 3132122 706 5.7948227 test
1 Q0 3131384 707 5.778589 test
1 Q0 3121657 708 5.7783566 test
1 Q0 3129063 709 5.7779427 test
1 Q0 3130190 710 5.7719474 test
1 Q0 3132632 711 5.771422 test
1 Q0 3124732 712 5.7698255 test
1 Q0 3126984 713 5.768485 test
1 Q0 3131800 714 5.768157 test
1 Q0 3122958 715 5.7623305 test
1 Q0 3127350 716 5.7595043 test
1 Q0 3122897 717 5.746174 test
1 Q0 3125515 718 5.74553 test
1 Q0 3132281 719 5.7450233 test
1 Q0 3125194 720 5.7351184 test
1 Q0 3121057 721 5.7328515 test
1 Q0 3127009 722 5.731232 test
1 Q0 3122097 723 5.727561 test
1 Q0 3122997 724 5.7183657 test
1 Q0 3124330 725 5.7183642 test
1 Q0 3127292 726 5.7182097 test
1 Q0 3132056 727 5.7163677 test
1 Q0 3120869 728 5.707652 test
1 Q0 3127778 729 5.705209 test
1 Q0 3121070 730 5.689924 test
1 Q0 3127816 731 5.686492 test
1 Q0 3121074 732 5.683355 test
1 Q0 3125250 733 5.6823106 test
1 Q0 3127806 734 5.6758676 test
1 Q0 3121659 735 5.6746006 test
1 Q0 3132095 736 5.6741567 test
1 Q0 3131728 737 5.664716 test
1 Q0 3125039 738 5.6635923 test
1 Q0 3129059 739 5.6615076 test
1 Q0 3121633 740 5.655915 test
1 Q0 3123553 741 5.6508274 test
1 Q0 3125064 742 5.6499243 test
1 Q0 3123314 743 5.643003 test
1 Q0 3125657 744 5.642343 test
1 Q0 3132363 745 5.633923 test
1 Q0 3127764 746 5.6327553 test
1 Q0 3131719 747 5.63086 test
1 Q0 3124412 748 5.6292987 test
1 Q0 3125024 749 5.6289034 test
1 Q0 3121075 750 5.6273303 test
1 Q0 3127309 751 5.6226573 test
1 Q0 3131676 752 5.6222296 test
1 Q0 3124248 753 5.617605 test
1 Q0 3131522 754 5.6112094 test
1 Q0 3123511 755 5.6083755 test
1 Q0 3124839 756 5.6071916 test
1 Q0 3129035 757 5.605948 test
1 Q0 3120781 758 5.6022377 test
1 Q0 3128902 759 5.5941663 test
1 Q0 3128135 760 5.5879693 test
1 Q0 3125311 761 5.5877066 test
1 Q0 3124725 762 5.5853744 test
1 Q0 3130631 763 5.583724 test
1 Q0 3128907 764 5.582251 test
1 Q0 3124027 765 5.5816617 test
1 Q0 3121427 766 5.572252 test
1 Q0 3132275 767 5.5630937 test
1 Q0 3123907 768 5.5619125 test
1 Q0 3132382 769 5.561778 test
1 Q0 3128861 770 5.552184 test
1 Q0 3131561 771 5.548559 test
1 Q0 3121595 772 5.5451236 test
1 Q0 3123653 773 5.541827 test
1 Q0 3125247 774 5.540562 test
1 Q0 3123621 775 5.5375776 test
1 Q0 3132331 776 5.5343747 test
1 Q0 3120882 777 5.5340986 test
1 Q0 3128299 778 5.5274286 test
1 Q0 3130006 779 5.508522 test
1 Q0 3121063 780 5.503444 test
1 Q0 3132371 781 5.5029764 test
1 Q0 3132390 782 5.5009375 test
1 Q0 3127295 783 5.4909134 test
1 Q0 3123266 784 5.483295 test
1 Q0 3132123 785 5.4687195 test
1 Q0 3124178 786 5.449653 test
1 Q0 3124462 787 5.4488344 test
1 Q0 3132283 788 5.447781 test
1 Q0 3123012 789 5.4425707 test
1 Q0 3129770 790 5.4422665 test
1 Q0 3124459 791 5.441059 test
1 Q0 3122086 792 5.44039 test
1 Q0 3130475 793 5.440347 test
1 Q0 3127773 794 5.4344363 test
1 Q0 3123708 795 5.4176087 test
1 Q0 3123816 796 5.414314 test
1 Q0 3125516 797 5.411929 test
1 Q0 3124982 798 5.407718 test
1 Q0 3121658 799 5.401112 test
1 Q0 3131680 800 5.3965583 test
1 Q0 3130744 801 5.395352 test
1 Q0 3132315 802 5.393448 test
1 Q0 3132536 803 5.391051 test
1 Q0 3132337 804 5.381804 test
1 Q0 3128624 805 5.3777742 test
1 Q0 3124322 806 5.377033 test
1 Q0 3125333 807 5.372835 test
1 Q0 3130928 808 5.3723316 test
1 Q0 3121733 809 5.365737 test
1 Q0 3132661 810 5.361687 test
1 Q0 3128021 811 5.348368 test
1 Q0 3129941 812 5.3377624 test
1 Q0 3121755 813 5.337602 test
1 Q0 3129308 814 5.3363814 test
1 Q0 3127982 815 5.3331647 test
1 Q0 3132091 816 5.329237 test
1 Q0 3132521 817 5.321242 test
1 Q0 3131115 818 5.316641 test
1 Q0 3129958 819 5.3095026 test
1 Q0 3125659 820 5.300191 test
1 Q0 3130805 821 5.2944226 test
1 Q0 3129953 822 5.2925563 test
1 Q0 3123554 823 5.2904115 test
1 Q0 3129967 824 5.288368 test
1 Q0 3121793 825 5.281907 test
1 Q0 3128625 826 5.2818055 test
1 Q0 3125238 827 5.2751465 test
1 Q0 3121946 828 5.275146 test
1 Q0 3121582 829 5.273402 test
1 Q0 3131517 830 5.2686715 test
1 Q0 3124460 831 5.2665796 test
1 Q0 3125656 832 5.26598 test
1 Q0 3122983 833 5.2540007 test
1 Q0 3126701 834 5.253157 test
1 Q0 3130781 835 5.2502084 test
1 Q0 3130457 836 5.2453074 test
1 Q0 3132591 837 5.2402296 test
1 Q0 3127852 838 5.239381 test
1 Q0 3131791 839 5.237617 test
1 Q0 3125275 840 5.22955 test
1 Q0 3124477 841 5.229057 test
1 Q0 3124161 842 5.22315 test
1 Q0 3123965 843 5.2199664 test
1 Q0 3120965 844 5.2169824 test
1 Q0 3132016 845 5.2092724 test
1 Q0 3120851 846 5.204472 test
1 Q0 3128051 847 5.201772 test
1 Q0 3131514 848 5.2016015 test
1 Q0 3131560 849 5.1883264 test
1 Q0 3125229 850 5.1854906 test
1 Q0 3130658 851 5.183838 test
1 Q0 3121799 852 5.1831164 test
1 Q0 3132385 853 5.1796703 test
1 Q0 3124254 854 5.171906 test
1 Q0 3127808 855 5.170625 test
1 Q0 3121233 856 5.1653795 test
1 Q0 3132027 857 5.1636415 test
1 Q0 3130975 858 5.1624084 test
1 Q0 3121715 859 5.157221 test
1 Q0 3122593 860 5.154817 test
1 Q0 3128014 861 5.1434035 test
1 Q0 3129667 862 5.13502 test
1 Q0 3130995 863 5.1325154 test
1 Q0 3132161 864 5.1284122 test
1 Q0 3129100 865 5.1278477 test
1 Q0 3127018 866 5.10375 test
1 Q0 3131265 867 5.1025844 test
1 Q0 3120795 868 5.0922146 test
1 Q0 3123579 869 5.0882735 test
1 Q0 3121116 870 5.0807695 test
1 Q0 3124996 871 5.079562 test
1 Q0 3127741 872 5.0788097 test
1 Q0 3123359 873 5.0774617 test
1 Q0 3127151 874 5.0756707 test
1 Q0 3129588 875 5.0676203 test
1 Q0 3125215 876 5.0601234 test
1 Q0 3123188 877 5.056993 test
1 Q0 3124303 878 5.054621 test
1 Q0 3132716 879 5.0456705 test
1 Q0 3131287 880 5.042103 test
1 Q0 3128017 881 5.0392814 test
1 Q0 3121671 882 5.032338 test
1 Q0 3124484 883 5.0277863 test
1 Q0 3127312 884 5.026835 test
1 Q0 3128585 885 5.026356 test
1 Q0 3124714 886 5.0245976 test
1 Q0 3127577 887 5.0169945 test
1 Q0 3121767 888 5.0150247 test
1 Q0 3122043 889 5.0088205 test
1 Q0 3123191 890 5.0016317 test
1 Q0 3123258 891 5.001366 test
1 Q0 3121284 892 5.0001454 test
1 Q0 3121643 893 4.997322 test
1 Q0 3125150 894 4.9937825 test
1 Q0 3130788 895 4.991689 test
1 Q0 3123210 896 4.989179 test
1 Q0 3124711 897 4.9868007 test
1 Q0 3129013 898 4.9858294 test
1 Q0 3132590 899 4.983809 test
1 Q0 3125253 900 4.979608 test
1 Q0 3130919 901 4.977442 test
1 Q0 3120841 902 4.971336 test
1 Q0 3131677 903 4.9676943 test
1 Q0 3123562 904 4.967276 test
1 Q0 3130703 905 4.9663553 test
1 Q0 3126762 906 4.9595175 test
1 Q0 3123178 907 4.957152 test
1 Q0 3124963 908 4.949685 test
1 Q0 3132046 909 4.9467278 test
1 Q0 3131797 910 4.946407 test
1 Q0 3125281 911 4.9423676 test
1 Q0 3123211 912 4.9422755 test
1 Q0 3124683 913 4.9388075 test
1 Q0 3128732 914 4.931637 test
1 Q0 3125224 915 4.9187136 test
1 Q0 3128359 916 4.9153743 test
1 Q0 3123656 917 4.9101505 test
1 Q0 3121253 918 4.910125 test
1 Q0 3121083 919 4.907666 test
1 Q0 3122502 920 4.905237 test
1 Q0 3130632 921 4.901617 test
1 Q0 3128752 922 4.8992214 test
1 Q0 3130702 923 4.8969297 test
1 Q0 3123303 924 4.8949537 test
1 Q0 3125237 925 4.8862 test
1 Q0 3120727 926 4.881672 test
1 Q0 3124861 927 4.8757 test
1 Q0 3120686 928 4.8737187 test
1 Q0 3125330 929 4.8676395 test
1 Q0 3126822 930 4.8542595 test
1 Q0 3130902 931 4.8514843 test
1 Q0 3127775 932 4.85087 test
1 Q0 3125223 933 4.8378987 test
1 Q0 3130699 934 4.8339815 test
1 Q0 3131126 935 4.825508 test
1 Q0 3128751 936 4.8190994 test
1 Q0 3125312 937 4.817626 test
1 Q0 3121339 938 4.812917 test
1 Q0 3123709 939 4.804163 test
1 Q0 3128002 940 4.803346 test
1 Q0 3131148 941 4.8033457 test
1 Q0 3124304 942 4.7957087 test
1 Q0 3130957 943 4.78578 test
1 Q0 3130719 944 4.78443 test
1 Q0 3126695 945 4.7829294 test
1 Q0 3128075 946 4.781749 test
1 Q0 3124422 947 4.776567 test
1 Q0 3129950 948 4.774691 test
1 Q0 3132642 949 4.7742867 test
1 Q0 3123307 950 4.773884 test
1 Q0 3128697 951 4.770451 test
1 Q0 3125351 952 4.766165 test
1 Q0 3129589 953 4.751008 test
1 Q0 3127335 954 4.7412 test
1 Q0 3126748 955 4.7399936 test
1 Q0 3124253 956 4.7362733 test
1 Q0 3127835 957 4.7290106 test
1 Q0 3126980 958 4.7278028 test
1 Q0 3122379 959 4.719799 test
1 Q0 3126845 960 4.705351 test
1 Q0 3124885 961 4.701617 test
1 Q0 3131749 962 4.7002096 test
1 Q0 3132226 963 4.6980295 test
1 Q0 3121608 964 4.6939726 test
1 Q0 3121596 965 4.6859903 test
1 Q0 3126791 966 4.6784973 test
1 Q0 3132603 967 4.676683 test
1 Q0 3127381 968 4.6759605 test
1 Q0 3120677 969 4.675557 test
1 Q0 3126813 970 4.6667504 test
1 Q0 3120755 971 4.6575847 test
1 Q0 3129585 972 4.656178 test
1 Q0 3123362 973 4.6536646 test
1 Q0 3127387 974 4.6502147 test
1 Q0 3121334 975 4.646884 test
1 Q0 3121279 976 4.639441 test
1 Q0 3132392 977 4.633543 test
1 Q0 3123587 978 4.6305137 test
1 Q0 3132481 979 4.6280894 test
1 Q0 3121088 980 4.615474 test
1 Q0 3130462 981 4.614953 test
1 Q0 3120794 982 4.611245 test
1 Q0 3132332 983 4.603043 test
1 Q0 3123585 984 4.5936255 test
1 Q0 3125289 985 4.588874 test
1 Q0 3121079 986 4.5882072 test
1 Q0 3128735 987 4.579129 test
1 Q0 3131802 988 4.5772724 test
1 Q0 3126763 989 4.57413 test
1 Q0 3123259 990 4.573319 test
1 Q0 3132359 991 4.562645 test
1 Q0 3129169 992 4.56032 test
1 Q0 3130029 993 4.5585423 test
1 Q0 3126812 994 4.557855 test
1 Q0 3123174 995 4.55778 test
1 Q0 3123966 996 4.553287 test
1 Q0 3129078 997 4.548622 test
1 Q0 3129311 998 4.5416975 test
1 Q0 3123548 999 4.5407476 test
1 Q0 3121601 1000 4.5402937 test
2 Q0 3125360 1 28.399853 test
2 Q0 3121282 2 26.05924 test
2 Q0 3132376 3 26.049356 test
2 Q0 3125024 4 26.048752 test
2 Q0 3132318 5 25.767395 test
2 Q0 3130684 6 24.291122 test
2 Q0 3124731 7 23.943523 test
2 Q0 3131760 8 23.238295 test
2 Q0 3123219 9 22.892027 test
2 Q0 3125033 10 22.637186 test
2 Q0 3131759 11 22.481585 test
2 Q0 3121095 12 22.457926 test
2 Q0 3132697 13 22.352846 test
2 Q0 3127306 14 21.989307 test
2 Q0 3125342 15 21.935064 test
2 Q0 3123170 16 21.79532 test
2 Q0 3131766 17 21.792318 test
2 Q0 3120998 18 21.684101 test
2 Q0 3127313 19 20.976831 test
2 Q0 3121737 20 20.865513 test
2 Q0 3123294 21 20.85251 test
2 Q0 3129114 22 20.851246 test
2 Q0 3124301 23 20.54611 test
2 Q0 3129061 24 20.449547 test
2 Q0 3131777 25 20.200594 test
2 Q0 3121634 26 20.14703 test
2 Q0 3122596 27 20.05449 test
2 Q0 3123821 28 19.70973 test
2 Q0 3130036 29 19.234314 test
2 Q0 3124326 30 19.207743 test
2 Q0 3132364 31 19.152512 test
2 Q0 3121704 32 19.137846 test
2 Q0 3126759 33 18.987799 test
2 Q0 3132709 34 18.947102 test
2 Q0 3126745 35 18.814453 test
2 Q0 3131748 36 18.772755 test
2 Q0 3125036 37 18.581533 test
2 Q0 3125063 38 17.927261 test
2 Q0 3121612 39 17.84368 test
2 Q0 3128727 40 17.815363 test
2 Q0 3132162 41 17.417961 test
2 Q0 3131755 42 17.372135 test
2 Q0 3129100 43 17.31123 test
2 Q0 3123183 44 17.239534 test
2 Q0 3120749 45 17.20722 test
2 Q0 3131123 46 16.764593 test
2 Q0 3125654 47 16.73352 test
2 Q0 3121086 48 16.270857 test
2 Q0 3129942 49 16.12941 test
2 Q0 3120997 50 16.07423 test
2 Q0 3131118 51 16.032898 test
2 Q0 3123290 52 15.997718 test
2 Q0 3122994 53 15.995063 test
2 Q0 3124965 54 15.927407 test
2 Q0 3124982 55 15.916725 test
2 Q0 3129325 56 15.748462 test
2 Q0 3130373 57 15.727717 test
2 Q0 3123557 58 15.648083 test
2 Q0 3130788 59 15.621043 test
2 Q0 3127491 60 15.603964 test
2 Q0 3130682 61 15.515701 test
2 Q0 3128042 62 15.124608 test
2 Q0 3126753 63 15.052278 test
2 Q0 3129356 64 14.960982 test
2 Q0 3126695 65 14.95108 test
2 Q0 3123642 66 14.919693 test
2 Q0 3127995 67 14.830467 test
2 Q0 3127146 68 14.710458 test
2 Q0 3132375 69 14.683661 test
2 Q0 3129307 70 14.666438 test
2 Q0 3130982 71 14.614947 test
2 Q0 3125310 72 14.612405 test
2 Q0 3121094 73 14.597798 test
2 Q0 3120773 74 14.554211 test
2 Q0 3127749 75 14.512211 test
2 Q0 3125536 76 14.491389 test
2 Q0 3120871 77 14.465993 test
2 Q0 3130472 78 14.46004 test
2 Q0 3127152 79 14.4574995 test
2 Q0 3121064 80 14.449063 test
2 Q0 3132332 81 14.430872 test
2 Q0 3127380 82 14.426207 test
2 Q0 3124839 83 14.365152 test
2 Q0 3120686 84 14.253626 test
2 Q0 3130473 85 14.168515 test
2 Q0 3132444 86 14.165836 test
2 Q0 3123814 87 14.079923 test
2 Q0 3124494 88 14.067049 test
2 Q0 3126768 89 14.043454 test
2 Q0 3124055 90 13.98683 test
2 Q0 3131773 91 13.971027 test
2 Q0 3129097 92 13.898911 test
2 Q0 3127318 93 13.869848 test
2 Q0 3122348 94 13.818909 test
2 Q0 3125667 95 13.762138 test
2 Q0 3125031 96 13.624654 test
2 Q0 3131131 97 13.543212 test
2 Q0 3132140 98 13.502218 test
2 Q0 3127779 99 13.497576 test
2 Q0 3124140 100 13.488765 test
2 Q0 3123324 101 13.465152 test
2 Q0 3131751 102 13.390695 test
2 Q0 3123993 103 13.38369 test
2 Q0 3121652 104 13.363578 test
2 Q0 3121680 105 13.30235 test
2 Q0 3132366 106 13.278613 test
2 Q0 3131252 107 13.243944 test
2 Q0 3128267 108 13.181344 test
2 Q0 3132369 109 13.178641 test
2 Q0 3130126 110 13.107232 test
2 Q0 3130903 111 13.042271 test
2 Q0 3126984 112 13.017495 test
2 Q0 3127495 113 13.007343 test
2 Q0 3129947 114 12.944079 test
2 Q0 3125041 115 12.921806 test
2 Q0 3124891 116 12.88597 test
2 Q0 3129351 117 12.885242 test
2 Q0 3132377 118 12.826954 test
2 Q0 3126749 119 12.796601 test
2 Q0 3123515 120 12.782839 test
2 Q0 3132290 121 12.724838 test
2 Q0 3124123 122 12.678772 test
2 Q0 3132498 123 12.613901 test
2 Q0 3128845 124 12.613707 test
2 Q0 3121284 125 12.596909 test
2 Q0 3132365 126 12.577293 test
2 Q0 3129103 127 12.528435 test
2 Q0 3130136 128 12.483505 test
2 Q0 3124730 129 12.483058 test
2 Q0 3121339 130 12.475962 test
2 Q0 3130006 131 12.4261265 test
2 Q0 3120820 132 12.274874 test
2 Q0 3130681 133 12.21555 test
2 Q0 3129950 134 12.212815 test
2 Q0 3130894 135 12.1795025 test
2 Q0 3131791 136 12.149998 test
2 Q0 3127839 137 12.141635 test
2 Q0 3129060 138 12.138092 test
2 Q0 3130699 139 12.124938 test
2 Q0 3123562 140 12.101805 test
2 Q0 3127778 141 12.092895 test
2 Q0 3130698 142 12.074122 test
2 Q0 3122900 143 12.0428095 test
2 Q0 3122093 144 12.035619 test
2 Q0 3124320 145 12.032575 test
2 Q0 3127494 146 11.979786 test
2 Q0 3132754 147 11.977234 test
2 Q0 3130997 148 11.976043 test
2 Q0 3121614 149 11.951767 test
2 Q0 3126776 150 11.946834 test
2 Q0 3130020 151 11.908921 test
2 Q0 3121673 152 11.892379 test
2 Q0 3121272 153 11.8787365 test
2 Q0 3124987 154 11.865979 test
2 Q0 3129755 155 11.80618 test
2 Q0 3123513 156 11.715555 test
2 Q0 3132409 157 11.696124 test
2 Q0 3127376 158 11.693842 test
2 Q0 3123567 159 11.612914 test
2 Q0 3123643 160 11.612011 test
2 Q0 3125297 161 11.560891 test
2 Q0 3124714 162 11.553434 test
2 Q0 3131758 163 11.544491 test
2 Q0 3124725 164 11.537519 test
2 Q0 3125137 165 11.516447 test
2 Q0 3128907 166 11.509263 test
2 Q0 3127500 167 11.501401 test
2 Q0 3121285 168 11.500615 test
2 Q0 3124463 169 11.497398 test
2 Q0 3127314 170 11.487144 test
2 Q0 3121650 171 11.422805 test
2 Q0 3127745 172 11.415107 test
2 Q0 3132487 173 11.409625 test
2 Q0 3130920 174 11.364109 test
2 Q0 3127311 175 11.291739 test
2 Q0 3123845 176 11.2852 test
2 Q0 3121670 177 11.275464 test
2 Q0 3125004 178 11.271751 test
2 Q0 3128020 179 11.261733 test
2 Q0 3127497 180 11.237267 test
2 Q0 3126735 181 11.228172 test
2 Q0 3120793 182 11.217168 test
2 Q0 3121740 183 11.203506 test
2 Q0 3122670 184 11.198124 test
2 Q0 3127324 185 11.1968565 test
2 Q0 3126775 186 11.184958 test
2 Q0 3121083 187 11.121643 test
2 Q0 3129961 188 11.107911 test
2 Q0 3132374 189 11.104847 test
2 Q0 3124448 190 11.059384 test
2 Q0 3128852 191 11.040397 test
2 Q0 3126566 192 11.0363035 test
2 Q0 3132331 193 11.0210905 test
2 Q0 3128978 194 11.012508 test
2 Q0 3132279 195 10.958086 test
2 Q0 3128041 196 10.953178 test
2 Q0 3126991 197 10.9449 test
2 Q0 3128843 198 10.932541 test
2 Q0 3128827 199 10.921855 test
2 Q0 3128075 200 10.9102335 test
2 Q0 3128206 201 10.908925 test
2 Q0 3120730 202 10.894788 test
2 Q0 3130283 203 10.889616 test
2 Q0 3130650 204 10.889493 test
2 Q0 3121880 205 10.884305 test
2 Q0 3128861 206 10.822207 test
2 Q0 3132694 207 10.791776 test
2 Q0 3123968 208 10.782923 test
2 Q0 3124966 209 10.709675 test
2 Q0 3123601 210 10.706403 test
2 Q0 3128860 211 10.705267 test
2 Q0 3126694 212 10.704079 test
2 Q0 3125223 213 10.703168 test
2 Q0 3127315 214 10.69617 test
2 Q0 3120669 215 10.687361 test
2 Q0 3127816 216 10.686084 test
2 Q0 3132202 217 10.682569 test
2 Q0 3123639 218 10.680157 test
2 Q0 3128700 219 10.641881 test
2 Q0 3130702 220 10.62983 test
2 Q0 3128854 221 10.6177 test
2 Q0 3124713 222 10.609837 test
2 Q0 3123350 223 10.581826 test
2 Q0 3132693 224 10.579704 test
2 Q0 3129315 225 10.562058 test
2 Q0 3127836 226 10.521198 test
2 Q0 3124193 227 10.507645 test
2 Q0 3123220 228 10.490083 test
2 Q0 3121093 229 10.480319 test
2 Q0 3123560 230 10.4689865 test
2 Q0 3130781 231 10.460462 test
2 Q0 3130584 232 10.429374 test
2 Q0 3123003 233 10.395364 test
2 Q0 3132497 234 10.3918085 test
2 Q0 3120756 235 10.372841 test
2 Q0 3124390 236 10.365993 test
2 Q0 3126760 237 10.356484 test
2 Q0 3128014 238 10.355784 test
2 Q0 3121745 239 10.338866 test
2 Q0 3132314 240 10.31234 test
2 Q0 3124465 241 10.303705 test
2 Q0 3126719 242 10.299213 test
2 Q0 3132123 243 10.295987 test
2 Q0 3130694 244 10.291771 test
2 Q0 3121732 245 10.220074 test
2 Q0 3122090 246 10.194833 test
2 Q0 3121768 247 10.192987 test
2 Q0 3121585 248 10.155537 test
2 Q0 3122587 249 10.148955 test
2 Q0 3132164 250 10.148457 test
2 Q0 3124023 251 10.145948 test
2 Q0 3120825 252 10.105223 test
2 Q0 3124135 253 10.100458 test
2 Q0 3121733 254 10.092667 test
2 Q0 3121636 255 10.092225 test
2 Q0 3125626 256 10.027645 test
2 Q0 3125205 257 10.026615 test
2 Q0 3125058 258 10.022112 test
2 Q0 3131750 259 9.97808 test
2 Q0 3130169 260 9.974206 test
2 Q0 3127327 261 9.947012 test
2 Q0 3124272 262 9.9438305 test
2 Q0 3123602 263 9.939504 test
2 Q0 3129104 264 9.92779 test
2 Q0 3132418 265 9.907987 test
2 Q0 3132130 266 9.907517 test
2 Q0 3132614 267 9.901729 test
2 Q0 3124413 268 9.901289 test
2 Q0 3132716 269 9.894814 test
2 Q0 3128015 270 9.877179 test
2 Q0 3125753 271 9.875026 test
2 Q0 3121421 272 9.867549 test
2 Q0 3128009 273 9.842265 test
2 Q0 3130184 274 9.810562 test
2 Q0 3124464 275 9.807976 test
2 Q0 3125332 276 9.797824 test
2 Q0 3132698 277 9.79383 test
2 Q0 3125216 278 9.777731 test
2 Q0 3125027 279 9.763095 test
2 Q0 3130333 280 9.728461 test
2 Q0 3129018 281 9.723098 test
2 Q0 3121063 282 9.690746 test
2 Q0 3121248 283 9.680755 test
2 Q0 3132312 284 9.662247 test
2 Q0 3127109 285 9.654494 test
2 Q0 3123280 286 9.650311 test
2 Q0 3122589 287 9.644073 test
2 Q0 3121739 288 9.641846 test
2 Q0 3131757 289 9.641692 test
2 Q0 3131126 290 9.603245 test
2 Q0 3130672 291 9.589746 test
2 Q0 3123911 292 9.562588 test
2 Q0 3129082 293 9.559046 test
2 Q0 3124461 294 9.554213 test
2 Q0 3127794 295 9.5241585 test
2 Q0 3125170 296 9.516696 test
2 Q0 3129079 297 9.511375 test
2 Q0 3129349 298 9.492238 test
2 Q0 3129967 299 9.491407 test
2 Q0 3128464 300 9.460759 test
2 Q0 3124321 301 9.440805 test
2 Q0 3121631 302 9.419637 test
2 Q0 3130703 303 9.409089 test
2 Q0 3132483 304 9.3862915 test
2 Q0 3132352 305 9.379665 test
2 Q0 3123228 306 9.35115 test
2 Q0 3127771 307 9.350996 test
2 Q0 3125364 308 9.342502 test
2 Q0 3121231 309 9.335027 test
2 Q0 3123568 310 9.320454 test
2 Q0 3121089 311 9.314665 test
2 Q0 3126712 312 9.311525 test
2 Q0 3125209 313 9.305511 test
2 Q0 3123517 314 9.30438 test
2 Q0 3128859 315 9.297127 test
2 Q0 3125393 316 9.295336 test
2 Q0 3127009 317 9.287694 test
2 Q0 3125005 318 9.284244 test
2 Q0 3124992 319 9.278418 test
2 Q0 3121590 320 9.269973 test
2 Q0 3127743 321 9.258489 test
2 Q0 3132363 322 9.254827 test
2 Q0 3125248 323 9.249087 test
2 Q0 3132392 324 9.242598 test
2 Q0 3129067 325 9.241808 test
2 Q0 3129945 326 9.237682 test
2 Q0 3128051 327 9.219083 test
2 Q0 3120790 328 9.217774 test
2 Q0 3132028 329 9.216942 test
2 Q0 3128256 330 9.198687 test
2 Q0 3130460 331 9.198258 test
2 Q0 3122096 332 9.189343 test
2 Q0 3121653 333 9.183475 test
2 Q0 3125283 334 9.182393 test
2 Q0 3121708 335 9.164038 test
2 Q0 3122119 336 9.163136 test
2 Q0 3123213 337 9.131475 test
2 Q0 3122619 338 9.1106 test
2 Q0 3131238 339 9.10526 test
2 Q0 3124431 340 9.10506 test
2 Q0 3130695 341 9.098956 test
2 Q0 3127104 342 9.093746 test
2 Q0 3132041 343 9.093646 test
2 Q0 3128702 344 9.075422 test
2 Q0 3129767 345 9.07268 test
2 Q0 3121254 346 9.06707 test
2 Q0 3130783 347 9.060381 test
2 Q0 3126736 348 9.060007 test
2 Q0 3121075 349 9.044403 test
2 Q0 3125550 350 9.033035 test
2 Q0 3121335 351 9.022969 test
2 Q0 3131520 352 9.022042 test
2 Q0 3121582 353 9.015138 test
2 Q0 3130190 354 9.005798 test
2 Q0 3123708 355 9.00228 test
2 Q0 3128619 356 8.994588 test
2 Q0 3131265 357 8.993955 test
2 Q0 3128054 358 8.960681 test
2 Q0 3132590 359 8.95652 test
2 Q0 3125516 360 8.956304 test
2 Q0 3126703 361 8.947523 test
2 Q0 3124462 362 8.928454 test
2 Q0 3121610 363 8.925099 test
2 Q0 3128930 364 8.89191 test
2 Q0 3123829 365 8.891896 test
2 Q0 3126830 366 8.887666 test
2 Q0 3132500 367 8.875072 test
2 Q0 3123353 368 8.872383 test
2 Q0 3125655 369 8.870702 test
2 Q0 3128074 370 8.868574 test
2 Q0 3130706 371 8.841329 test
2 Q0 3125807 372 8.838075 test
2 Q0 3120882 373 8.837184 test
2 Q0 3132143 374 8.836035 test
2 Q0 3127455 375 8.833888 test
2 Q0 3132234 376 8.825839 test
2 Q0 3128128 377 8.818544 test
2 Q0 3125280 378 8.816876 test
2 Q0 3131068 379 8.798041 test
2 Q0 3121665 380 8.790392 test
2 Q0 3121939 381 8.771859 test
2 Q0 3132237 382 8.763671 test
2 Q0 3126982 383 8.757635 test
2 Q0 3128135 384 8.756735 test
2 Q0 3124051 385 8.75083 test
2 Q0 3132610 386 8.743398 test
2 Q0 3132056 387 8.74213 test
2 Q0 3129308 388 8.734748 test
2 Q0 3129352 389 8.714257 test
2 Q0 3123572 390 8.709549 test
2 Q0 3127304 391 8.669861 test
2 Q0 3123283 392 8.652803 test
2 Q0 3122728 393 8.647979 test
2 Q0 3132128 394 8.639709 test
2 Q0 3124954 395 8.618302 test
2 Q0 3127149 396 8.61658 test
2 Q0 3132200 397 8.60413 test
2 Q0 3127291 398 8.583468 test
2 Q0 3127789 399 8.580251 test
2 Q0 3128053 400 8.580131 test
2 Q0 3127772 401 8.547442 test
2 Q0 3132325 402 8.545916 test
2 Q0 3123596 403 8.539498 test
2 Q0 3124287 404 8.538016 test
2 Q0 3127765 405 8.523072 test
2 Q0 3129021 406 8.521159 test
2 Q0 3124316 407 8.503934 test
2 Q0 3126789 408 8.482613 test
2 Q0 3125331 409 8.4795 test
2 Q0 3127378 410 8.478941 test
2 Q0 3129024 411 8.478705 test
2 Q0 3126727 412 8.475224 test
2 Q0 3131521 413 8.468078 test
2 Q0 3120888 414 8.445335 test
2 Q0 3127412 415 8.434438 test
2 Q0 3129167 416 8.410722 test
2 Q0 3124426 417 8.409203 test
2 Q0 3120999 418 8.408264 test
2 Q0 3121963 419 8.401311 test
2 Q0 3124275 420 8.40072 test
2 Q0 3125162 421 8.375927 test
2 Q0 3123585 422 8.373588 test
2 Q0 3120733 423 8.36307 test
2 Q0 3129759 424 8.356393 test
2 Q0 3122091 425 8.34277 test
2 Q0 3121275 426 8.34258 test
2 Q0 3120797 427 8.339121 test
2 Q0 3127107 428 8.331818 test
2 Q0 3123846 429 8.325233 test
2 Q0 3132696 430 8.304972 test
2 Q0 3121002 431 8.302108 test
2 Q0 3121081 432 8.2987795 test
2 Q0 3125363 433 8.297207 test
2 Q0 3121602 434 8.2940445 test
2 Q0 3124523 435 8.28901 test
2 Q0 3131607 436 8.286553 test
2 Q0 3125224 437 8.274376 test
2 Q0 3129955 438 8.262242 test
2 Q0 3121065 439 8.247537 test
2 Q0 3121667 440 8.246198 test
2 Q0 3123658 441 8.246189 test
2 Q0 3121338 442 8.241221 test
2 Q0 3131604 443 8.23861 test
2 Q0 3130475 444 8.22985 test
2 Q0 3125176 445 8.226845 test
2 Q0 3124437 446 8.219876 test
2 Q0 3120786 447 8.21255 test
2 Q0 3122085 448 8.210457 test
2 Q0 3127319 449 8.201559 test
2 Q0 3120722 450 8.19332 test
2 Q0 3128819 451 8.182727 test
2 Q0 3124720 452 8.172978 test
2 Q0 3121659 453 8.1658325 test
2 Q0 3122097 454 8.157539 test
2 Q0 3121717 455 8.149882 test
2 Q0 3124477 456 8.145059 test
2 Q0 3126778 457 8.137029 test
2 Q0 3123248 458 8.132874 test
2 Q0 3125960 459 8.132539 test
2 Q0 3121722 460 8.125987 test
2 Q0 3121882 461 8.124123 test
2 Q0 3132316 462 8.1201725 test
2 Q0 3123659 463 8.11033 test
2 Q0 3131580 464 8.102744 test
2 Q0 3128008 465 8.097326 test
2 Q0 3125779 466 8.093514 test
2 Q0 3128013 467 8.061909 test
2 Q0 3124396 468 8.057276 test
2 Q0 3123260 469 8.039128 test
2 Q0 3129309 470 8.027946 test
2 Q0 3127990 471 8.00578 test
2 Q0 3122560 472 8.004733 test
2 Q0 3125048 473 7.9911747 test
2 Q0 3124991 474 7.985196 test
2 Q0 3123541 475 7.976632 test
2 Q0 3132755 476 7.972044 test
2 Q0 3125661 477 7.969916 test
2 Q0 3132700 478 7.9693704 test
2 Q0 3127974 479 7.967041 test
2 Q0 3131753 480 7.9509773 test
2 Q0 3125700 481 7.931735 test
2 Q0 3128029 482 7.9176035 test
2 Q0 3129132 483 7.909808 test
2 Q0 3132717 484 7.9050345 test
2 Q0 3122453 485 7.887441 test
2 Q0 3120763 486 7.875325 test
2 Q0 3128099 487 7.8710375 test
2 Q0 3130654 488 7.869901 test
2 Q0 3125355 489 7.8603873 test
2 Q0 3126977 490 7.8564467 test
2 Q0 3129059 491 7.853695 test
2 Q0 3130153 492 7.849292 test
2 Q0 3126734 493 7.847721 test
2 Q0 3125023 494 7.84498 test
2 Q0 3126764 495 7.8417897 test
2 Q0 3128059 496 7.8406186 test
2 Q0 3125032 497 7.837327 test
2 Q0 3128738 498 7.8258824 test
2 Q0 3127121 499 7.8254437 test
2 Q0 3131049 500 7.8168373 test
2 Q0 3120964 501 7.813163 test
2 Q0 3130151 502 7.8003654 test
2 Q0 3120745 503 7.7959065 test
2 Q0 3121765 504 7.7905655 test
2 Q0 3131558 505 7.78823 test
2 Q0 3132335 506 7.7839184 test
2 Q0 3130902 507 7.780265 test
2 Q0 3124833 508 7.778688 test
2 Q0 3127151 509 7.7644053 test
2 Q0 3128938 510 7.7548146 test
2 Q0 3123286 511 7.7530785 test
2 Q0 3129957 512 7.752953 test
2 Q0 3124723 513 7.7503176 test
2 Q0 3120672 514 7.749843 test
2 Q0 3130360 515 7.741604 test
2 Q0 3131282 516 7.7330875 test
2 Q0 3121637 517 7.730681 test
2 Q0 3125658 518 7.7286873 test
2 Q0 3127578 519 7.7034035 test
2 Q0 3130029 520 7.7025266 test
2 Q0 3125392 521 7.6905026 test
2 Q0 3122899 522 7.6842875 test
2 Q0 3132665 523 7.6678805 test
2 Q0 3123161 524 7.6649475 test
2 Q0 3121613 525 7.6609197 test
2 Q0 3127960 526 7.6412697 test
2 Q0 3126822 527 7.6322093 test
2 Q0 3128254 528 7.629734 test
2 Q0 3121138 529 7.6195464 test
2 Q0 3123906 530 7.6157274 test
2 Q0 3130285 531 7.6135015 test
2 Q0 3130555 532 7.6127386 test
2 Q0 3127744 533 7.6071715 test
2 Q0 3130660 534 7.607086 test
2 Q0 3130730 535 7.603632 test
2 Q0 3121057 536 7.603081 test
2 Q0 3125277 537 7.601228 test
2 Q0 3125309 538 7.597951 test
2 Q0 3121092 539 7.591304 test
2 Q0 3125218 540 7.590693 test
2 Q0 3129068 541 7.5842195 test
2 Q0 3123655 542 7.574384 test
2 Q0 3125520 543 7.5657144 test
2 Q0 3128048 544 7.564034 test
2 Q0 3130785 545 7.559117 test
2 Q0 3130674 546 7.5557814 test
2 Q0 3121091 547 7.5552387 test
2 Q0 3123323 548 7.5508385 test
2 Q0 3132753 549 7.549893 test
2 Q0 3128896 550 7.5461373 test
2 Q0 3126780 551 7.535752 test
2 Q0 3126502 552 7.5075493 test
2 Q0 3126829 553 7.506218 test
2 Q0 3129090 554 7.502592 test
2 Q0 3121334 555 7.4939027 test
2 Q0 3126872 556 7.488718 test
2 Q0 3125307 557 7.480846 test
2 Q0 3132285 558 7.4801345 test
2 Q0 3125226 559 7.4793205 test
2 Q0 3132280 560 7.471208 test
2 Q0 3125203 561 7.4625554 test
2 Q0 3121754 562 7.462142 test
2 Q0 3123297 563 7.459614 test
2 Q0 3125174 564 7.4533424 test
2 Q0 3127321 565 7.4479194 test
2 Q0 3121713 566 7.4471674 test
2 Q0 3132695 567 7.437727 test
2 Q0 3121666 568 7.427702 test
2 Q0 3121061 569 7.4212155 test
2 Q0 3132231 570 7.3984323 test
2 Q0 3132393 571 7.395956 test
2 Q0 3128025 572 7.3933806 test
2 Q0 3122583 573 7.390786 test
2 Q0 3132501 574 7.3905663 test
2 Q0 3125191 575 7.3791738 test
2 Q0 3121136 576 7.3787346 test
2 Q0 3131509 577 7.3742595 test
2 Q0 3122652 578 7.3652806 test
2 Q0 3126785 579 7.357759 test
2 Q0 3122095 580 7.357322 test
2 Q0 3129618 581 7.3512836 test
2 Q0 3132021 582 7.350312 test
2 Q0 3124860 583 7.3492713 test
2 Q0 3131776 584 7.3452516 test
2 Q0 3128362 585 7.342815 test
2 Q0 3120681 586 7.3417177 test
2 Q0 3127153 587 7.3362308 test
2 Q0 3123579 588 7.328339 test
2 Q0 3129965 589 7.3253384 test
2 Q0 3123008 590 7.3226266 test
2 Q0 3121630 591 7.3135915 test
2 Q0 3124144 592 7.310809 test
2 Q0 3121671 593 7.306031 test
2 Q0 3130713 594 7.3045464 test
2 Q0 3129670 595 7.3035674 test
2 Q0 3129295 596 7.298181 test
2 Q0 3120670 597 7.296912 test
2 Q0 3124728 598 7.291559 test
2 Q0 3123457 599 7.2866807 test
2 Q0 3123546 600 7.2807817 test
2 Q0 3131270 601 7.270054 test
2 Q0 3124834 602 7.264674 test
2 Q0 3125002 603 7.260001 test
2 Q0 3125006 604 7.25903 test
2 Q0 3124442 605 7.257192 test
2 Q0 3123605 606 7.2528887 test
2 Q0 3127294 607 7.2516212 test
2 Q0 3128903 608 7.250352 test
2 Q0 3125657 609 7.249277 test
2 Q0 3123603 610 7.2466764 test
2 Q0 3130750 611 7.245564 test
2 Q0 3125039 612 7.243306 test
2 Q0 3132091 613 7.240603 test
2 Q0 3130670 614 7.204582 test
2 Q0 3120968 615 7.198096 test
2 Q0 3127017 616 7.186939 test
2 Q0 3127130 617 7.1866913 test
2 Q0 3130457 618 7.1857395 test
2 Q0 3127323 619 7.1814737 test
2 Q0 3131519 620 7.177856 test
2 Q0 3129353 621 7.177148 test
2 Q0 3129521 622 7.1738644 test
2 Q0 3123558 623 7.173609 test
2 Q0 3125535 624 7.1622167 test
2 Q0 3127413 625 7.157411 test
2 Q0 3123820 626 7.156611 test
2 Q0 3121771 627 7.142585 test
2 Q0 3132529 628 7.142292 test
2 Q0 3128084 629 7.1421843 test
2 Q0 3124185 630 7.141655 test
2 Q0 3131021 631 7.128857 test
2 Q0 3127854 632 7.1284494 test
2 Q0 3122300 633 7.1158166 test
2 Q0 3123649 634 7.1132655 test
2 Q0 3131539 635 7.107492 test
2 Q0 3125000 636 7.1070104 test
2 Q0 3126728 637 7.1007595 test
2 Q0 3128591 638 7.0961246 test
2 Q0 3127310 639 7.0957427 test
2 Q0 3121643 640 7.095039 test
2 Q0 3128839 641 7.094026 test
2 Q0 3125281 642 7.0847816 test
2 Q0 3121588 643 7.078784 test
2 Q0 3120750 644 7.07646 test
2 Q0 3123514 645 7.070821 test
2 Q0 3125253 646 7.0653853 test
2 Q0 3131987 647 7.051399 test
2 Q0 3127317 648 7.0513377 test
2 Q0 3120795 649 7.043354 test
2 Q0 3127114 650 7.035321 test
2 Q0 3125649 651 7.032768 test
2 Q0 3131281 652 7.020578 test
2 Q0 3130050 653 7.01848 test
2 Q0 3130178 654 7.0167847 test
2 Q0 3122117 655 7.015944 test
2 Q0 3131278 656 7.011799 test
2 Q0 3125021 657 7.0062747 test
2 Q0 3121954 658 7.0021534 test
2 Q0 3122114 659 7.001174 test
2 Q0 3124499 660 7.000959 test
2 Q0 3125305 661 7.0004683 test
2 Q0 3132699 662 6.9898224 test
2 Q0 3130984 663 6.982254 test
2 Q0 3132236 664 6.9637165 test
2 Q0 3121651 665 6.9616537 test
2 Q0 3129533 666 6.9592805 test
2 Q0 3124543 667 6.9544945 test
2 Q0 3125193 668 6.9456553 test
2 Q0 3123188 669 6.944403 test
2 Q0 3123694 670 6.941348 test
2 Q0 3129749 671 6.938323 test
2 Q0 3131256 672 6.9375477 test
2 Q0 3127834 673 6.9292326 test
2 Q0 3125115 674 6.9278746 test
2 Q0 3122984 675 6.917571 test
2 Q0 3120673 676 6.91706 test
2 Q0 3132239 677 6.9157987 test
2 Q0 3125222 678 6.9154496 test
2 Q0 3121250 679 6.9055266 test
2 Q0 3127755 680 6.9006963 test
2 Q0 3127766 681 6.895234 test
2 Q0 3120675 682 6.8945823 test
2 Q0 3129133 683 6.8929286 test
2 Q0 3128037 684 6.8843517 test
2 Q0 3131250 685 6.8749495 test
2 Q0 3124318 686 6.8592405 test
2 Q0 3123279 687 6.8586907 test
2 Q0 3130359 688 6.849022 test
2 Q0 3125278 689 6.847097 test
2 Q0 3127000 690 6.8436813 test
2 Q0 3124302 691 6.8348446 test
2 Q0 3123205 692 6.813365 test
2 Q0 3132311 693 6.8068485 test
2 Q0 3127991 694 6.802015 test
2 Q0 3132037 695 6.798514 test
2 Q0 3124065 696 6.792967 test
2 Q0 3124717 697 6.7913904 test
2 Q0 3121116 698 6.778391 test
2 Q0 3127402 699 6.776867 test
2 Q0 3125542 700 6.770767 test
2 Q0 3127499 701 6.767295 test
2 Q0 3123577 702 6.7588825 test
2 Q0 3121074 703 6.7567906 test
2 Q0 3127791 704 6.7482014 test
2 Q0 3125522 705 6.7363663 test
2 Q0 3121059 706 6.73447 test
2 Q0 3131711 707 6.730456 test
2 Q0 3130141 708 6.719556 test
2 Q0 3125194 709 6.7189198 test
2 Q0 3123332 710 6.7097254 test
2 Q0 3130678 711 6.7060604 test
2 Q0 3130732 712 6.703544 test
2 Q0 3122858 713 6.695644 test
2 Q0 3129022 714 6.6920867 test
2 Q0 3123467 715 6.6896987 test
2 Q0 3131714 716 6.67965 test
2 Q0 3121787 717 6.678067 test
2 Q0 3131981 718 6.6707416 test
2 Q0 3128007 719 6.667837 test
2 Q0 3125103 720 6.6665373 test
2 Q0 3123852 721 6.660622 test
2 Q0 3129305 722 6.658717 test
2 Q0 3125025 723 6.656946 test
2 Q0 3130171 724 6.655068 test
2 Q0 3124485 725 6.6454444 test
2 Q0 3128010 726 6.6076555 test
2 Q0 3123009 727 6.6033406 test
2 Q0 3123002 728 6.6017404 test
2 Q0 3125211 729 6.601696 test
2 Q0 3121304 730 6.5988927 test
2 Q0 3121123 731 6.5920715 test
2 Q0 3127808 732 6.5862274 test
2 Q0 3128945 733 6.58585 test
2 Q0 3125312 734 6.5756173 test
2 Q0 3130007 735 6.573607 test
2 Q0 3123520 736 6.5728235 test
2 Q0 3131394 737 6.569362 test
2 Q0 3126805 738 6.5690956 test
2 Q0 3131193 739 6.565526 test
2 Q0 3127326 740 6.5644436 test
2 Q0 3131050 741 6.563083 test
2 Q0 3127308 742 6.562265 test
2 Q0 3125262 743 6.5593705 test
2 Q0 3128118 744 6.5562854 test
2 Q0 3121709 745 6.552591 test
2 Q0 3132055 746 6.5505238 test
2 Q0 3129956 747 6.5434065 test
2 Q0 3132682 748 6.539998 test
2 Q0 3123934 749 6.5384245 test
2 Q0 3124931 750 6.518571 test
2 Q0 3125582 751 6.5164223 test
2 Q0 3132746 752 6.50959 test
2 Q0 3128012 753 6.5091634 test
2 Q0 3132528 754 6.5074124 test
2 Q0 3124855 755 6.498063 test
2 Q0 3131545 756 6.490857 test
2 Q0 3122590 757 6.486526 test
2 Q0 3121658 758 6.484311 test
2 Q0 3125365 759 6.483758 test
2 Q0 3124013 760 6.48182 test
2 Q0 3123322 761 6.47632 test
2 Q0 3132743 762 6.4762874 test
2 Q0 3128060 763 6.466041 test
2 Q0 3121296 764 6.4522657 test
2 Q0 3122055 765 6.4500504 test
2 Q0 3127131 766 6.4491954 test
2 Q0 3123354 767 6.4414597 test
2 Q0 3130983 768 6.440841 test
2 Q0 3132536 769 6.4407644 test
2 Q0 3128064 770 6.44012 test
2 Q0 3132663 771 6.435026 test
2 Q0 3131194 772 6.430738 test
2 Q0 3125029 773 6.4291186 test
2 Q0 3125177 774 6.4276457 test
2 Q0 3126807 775 6.426234 test
2 Q0 3120880 776 6.4145985 test
2 Q0 3130791 777 6.405552 test
2 Q0 3132368 778 6.4002132 test
2 Q0 3120817 779 6.397585 test
2 Q0 3123593 780 6.3954616 test
2 Q0 3127305 781 6.393721 test
2 Q0 3132720 782 6.389843 test
2 Q0 3121082 783 6.3859158 test
2 Q0 3120848 784 6.375203 test
2 Q0 3124552 785 6.373881 test
2 Q0 3130709 786 6.372647 test
2 Q0 3128600 787 6.366562 test
2 Q0 3128697 788 6.3657193 test
2 Q0 3129083 789 6.3639493 test
2 Q0 3121654 790 6.362284 test
2 Q0 3131598 791 6.3529444 test
2 Q0 3126999 792 6.348749 test
2 Q0 3127385 793 6.343472 test
2 Q0 3129313 794 6.336835 test
2 Q0 3125231 795 6.3301654 test
2 Q0 3126773 796 6.327001 test
2 Q0 3128863 797 6.3228693 test
2 Q0 3132379 798 6.315685 test
2 Q0 3132217 799 6.314086 test
2 Q0 3130787 800 6.30789 test
2 Q0 3126748 801 6.3000493 test
2 Q0 3131716 802 6.2919707 test
2 Q0 3124975 803 6.273518 test
2 Q0 3124459 804 6.2729287 test
2 Q0 3130581 805 6.271224 test
2 Q0 3129345 806 6.2708426 test
2 Q0 3126808 807 6.2651052 test
2 Q0 3125030 808 6.230421 test
2 Q0 3126713 809 6.2297783 test
2 Q0 3130996 810 6.2278914 test
2 Q0 3120779 811 6.2264943 test
2 Q0 3130586 812 6.2256346 test
2 Q0 3123355 813 6.2180295 test
2 Q0 3128709 814 6.2179255 test
2 Q0 3127420 815 6.2071376 test
2 Q0 3127316 816 6.2044735 test
2 Q0 3123569 817 6.2042375 test
2 Q0 3120734 818 6.202755 test
2 Q0 3129310 819 6.2019444 test
2 Q0 3130772 820 6.1979613 test
2 Q0 3123617 821 6.195085 test
2 Q0 3124837 822 6.186392 test
2 Q0 3121876 823 6.183538 test
2 Q0 3131543 824 6.179756 test
2 Q0 3120727 825 6.177341 test
2 Q0 3131986 826 6.1735964 test
2 Q0 3130494 827 6.1725116 test
2 Q0 3130357 828 6.170073 test
2 Q0 3124963 829 6.1616836 test
2 Q0 3123269 830 6.1611114 test
2 Q0 3123599 831 6.1531234 test
2 Q0 3127822 832 6.142409 test
2 Q0 3122038 833 6.1399255 test
2 Q0 3128946 834 6.1379085 test
2 Q0 3124400 835 6.1374097 test
2 Q0 3124225 836 6.1348305 test
2 Q0 3130138 837 6.1339993 test
2 Q0 3130343 838 6.1303596 test
2 Q0 3132240 839 6.1256833 test
2 Q0 3120832 840 6.1254935 test
2 Q0 3130289 841 6.1246767 test
2 Q0 3132639 842 6.121701 test
2 Q0 3131306 843 6.120243 test
2 Q0 3130711 844 6.1119785 test
2 Q0 3120841 845 6.1104574 test
2 Q0 3128737 846 6.109237 test
2 Q0 3121288 847 6.108716 test
2 Q0 3132014 848 6.1074405 test
2 Q0 3130907 849 6.098123 test
2 Q0 3127807 850 6.093382 test
2 Q0 3127382 851 6.088186 test
2 Q0 3126821 852 6.0855308 test
2 Q0 3128049 853 6.0801725 test
2 Q0 3132667 854 6.0767326 test
2 Q0 3132692 855 6.0710263 test
2 Q0 3120850 856 6.062901 test
2 Q0 3125471 857 6.060492 test
2 Q0 3129041 858 6.0476394 test
2 Q0 3126711 859 6.041824 test
2 Q0 3123249 860 6.0384398 test
2 Q0 3125799 861 6.023402 test
2 Q0 3129096 862 6.022652 test
2 Q0 3128091 863 6.0178065 test
2 Q0 3125287 864 6.017707 test
2 Q0 3123267 865 6.0051804 test
2 Q0 3131115 866 5.9981604 test
2 Q0 3127020 867 5.994182 test
2 Q0 3132443 868 5.9912114 test
2 Q0 3132117 869 5.989319 test
2 Q0 3121756 870 5.9884996 test
2 Q0 3130051 871 5.98802 test
2 Q0 3123193 872 5.983376 test
2 Q0 3123186 873 5.982982 test
2 Q0 3132121 874 5.9779477 test
2 Q0 3132122 875 5.976921 test
2 Q0 3125234 876 5.9761953 test
2 Q0 3127106 877 5.9723825 test
2 Q0 3123237 878 5.968607 test
2 Q0 3131249 879 5.962686 test
2 Q0 3121628 880 5.9611216 test
2 Q0 3124460 881 5.961012 test
2 Q0 3126708 882 5.9525886 test
2 Q0 3126224 883 5.950256 test
2 Q0 3131150 884 5.945214 test
2 Q0 3132061 885 5.9415116 test
2 Q0 3125173 886 5.938866 test
2 Q0 3121716 887 5.9249496 test
2 Q0 3132367 888 5.9174724 test
2 Q0 3132660 889 5.9131856 test
2 Q0 3130733 890 5.9122815 test
2 Q0 3129039 891 5.9051075 test
2 Q0 3130043 892 5.895816 test
2 Q0 3129693 893 5.891454 test
2 Q0 3130770 894 5.888833 test
2 Q0 3124327 895 5.8881097 test
2 Q0 3132229 896 5.8821926 test
2 Q0 3132493 897 5.871268 test
2 Q0 3132744 898 5.8710113 test
2 Q0 3123174 899 5.8673754 test
2 Q0 3123173 900 5.8606033 test
2 Q0 3132053 901 5.855914 test
2 Q0 3123265 902 5.854375 test
2 Q0 3132161 903 5.8519964 test
2 Q0 3123250 904 5.8506083 test
2 Q0 3127117 905 5.849864 test
2 Q0 3130276 906 5.84941 test
2 Q0 3126126 907 5.8346224 test
2 Q0 3125650 908 5.8345346 test
2 Q0 3124791 909 5.8333607 test
2 Q0 3130060 910 5.8292837 test
2 Q0 3129577 911 5.8233285 test
2 Q0 3124122 912 5.819847 test
2 Q0 3127338 913 5.8193784 test
2 Q0 3123597 914 5.816232 test
2 Q0 3132384 915 5.811088 test
2 Q0 3120728 916 5.8092566 test
2 Q0 3121600 917 5.808797 test
2 Q0 3121773 918 5.806693 test
2 Q0 3127785 919 5.8017654 test
2 Q0 3120819 920 5.7936134 test
2 Q0 3127781 921 5.78821 test
2 Q0 3126777 922 5.7737145 test
2 Q0 3125215 923 5.77036 test
2 Q0 3132203 924 5.764548 test
2 Q0 3131121 925 5.7640467 test
2 Q0 3125159 926 5.763352 test
2 Q0 3129348 927 5.7607574 test
2 Q0 3131557 928 5.7600307 test
2 Q0 3127989 929 5.7533135 test
2 Q0 3123215 930 5.751233 test
2 Q0 3121581 931 5.739412 test
2 Q0 3125101 932 5.737048 test
2 Q0 3132361 933 5.729597 test
2 Q0 3127762 934 5.728335 test
2 Q0 3131240 935 5.7221594 test
2 Q0 3120702 936 5.715174 test
2 Q0 3125509 937 5.711366 test
2 Q0 3120781 938 5.708593 test
2 Q0 3128257 939 5.707422 test
2 Q0 3132441 940 5.7051816 test
2 Q0 3124488 941 5.705164 test
2 Q0 3125815 942 5.701547 test
2 Q0 3120989 943 5.699928 test
2 Q0 3132034 944 5.699616 test
2 Q0 3127144 945 5.6947713 test
2 Q0 3123681 946 5.689943 test
2 Q0 3123169 947 5.6897864 test
2 Q0 3131283 948 5.6855254 test
2 Q0 3124458 949 5.6834846 test
2 Q0 3127325 950 5.6817307 test
2 Q0 3123554 951 5.6794314 test
2 Q0 3132032 952 5.678608 test
2 Q0 3123578 953 5.6733475 test
2 Q0 3130168 954 5.6726637 test
2 Q0 3121664 955 5.6702814 test
2 Q0 3123547 956 5.663507 test
2 Q0 3128844 957 5.661214 test
2 Q0 3132448 958 5.660383 test
2 Q0 3124178 959 5.659378 test
2 Q0 3131301 960 5.656781 test
2 Q0 3131599 961 5.653759 test
2 Q0 3128902 962 5.653223 test
2 Q0 3132606 963 5.6387844 test
2 Q0 3124423 964 5.6346264 test
2 Q0 3130467 965 5.634026 test
2 Q0 3127339 966 5.6318774 test
2 Q0 3132010 967 5.629716 test
2 Q0 3121714 968 5.628292 test
2 Q0 3124895 969 5.626201 test
2 Q0 3124258 970 5.625991 test
2 Q0 3123368 971 5.615971 test
2 Q0 3128104 972 5.6040382 test
2 Q0 3127949 973 5.603108 test
2 Q0 3125773 974 5.5948796 test
2 Q0 3124137 975 5.5937 test
2 Q0 3125391 976 5.5927806 test
2 Q0 3121427 977 5.5898347 test
2 Q0 3131591 978 5.5844917 test
2 Q0 3120846 979 5.5791116 test
2 Q0 3132287 980 5.57602 test
2 Q0 3126754 981 5.5750294 test
2 Q0 3128838 982 5.56751 test
2 Q0 3128842 983 5.554575 test
2 Q0 3127981 984 5.5511274 test
2 Q0 3125380 985 5.5477014 test
2 Q0 3132690 986 5.5448627 test
2 Q0 3121691 987 5.53357 test
2 Q0 312598 988 5.528851 test
2 Q0 3132095 989 5.521686 test
2 Q0 3130782 990 5.518606 test
2 Q0 3129519 991 5.518554 test
2 Q0 3128929 992 5.518498 test
2 Q0 3131983 993 5.515115 test
2 Q0 3124128 994 5.5147133 test
2 Q0 3125146 995 5.5099916 test
2 Q0 3128085 996 5.502435 test
2 Q0 3132637 997 5.498481 test
2 Q0 3128905 998 5.4882717 test
2 Q0 3125163 999 5.4837246 test
2 Q0 3124126 1000 5.4795203 test
3 Q0 3130373 1 31.809183 test
3 Q0 3127500 2 31.186626 test
3 Q0 3130460 3 28.637993 test
3 Q0 3124447 4 27.958548 test
3 Q0 3129533 5 27.45439 test
3 Q0 3132130 6 27.260414 test
3 Q0 3132709 7 26.015903 test
3 Q0 3132376 8 25.566433 test
3 Q0 3132123 9 25.061142 test
3 Q0 3131766 10 24.123493 test
3 Q0 3122986 11 24.12099 test
3 Q0 3124994 12 24.077307 test
3 Q0 3123906 13 24.014416 test
3 Q0 3124731 14 23.571747 test
3 Q0 3132124 15 23.553741 test
3 Q0 3124463 16 23.420189 test
3 Q0 3125099 17 23.135698 test
3 Q0 3129325 18 23.07188 test
3 Q0 3125006 19 22.832403 test
3 Q0 3127380 20 22.751635 test
3 Q0 3124448 21 22.160564 test
3 Q0 3130464 22 21.946589 test
3 Q0 3130361 23 21.830963 test
3 Q0 3123642 24 21.722431 test
3 Q0 3129969 25 21.700878 test
3 Q0 3132122 26 21.2445 test
3 Q0 3124459 27 21.082802 test
3 Q0 3131760 28 20.968842 test
3 Q0 3123183 29 20.946121 test
3 Q0 3132325 30 20.814993 test
3 Q0 3132119 31 20.731213 test
3 Q0 3122589 32 20.449362 test
3 Q0 3127009 33 20.380161 test
3 Q0 3129101 34 20.100092 test
3 Q0 3128129 35 20.087717 test
3 Q0 3128090 36 20.058342 test
3 Q0 3130362 37 19.888807 test
3 Q0 3130285 38 19.828669 test
3 Q0 3124135 39 19.761492 test
3 Q0 3130679 40 19.751682 test
3 Q0 3126803 41 19.634096 test
3 Q0 3127401 42 19.551508 test
3 Q0 3126799 43 19.528254 test
3 Q0 3120723 44 19.409237 test
3 Q0 3125168 45 19.32261 test
3 Q0 3120722 46 19.31047 test
3 Q0 3129069 47 19.26354 test
3 Q0 3123283 48 19.238752 test
3 Q0 3132711 49 19.167583 test
3 Q0 3125004 50 19.123081 test
3 Q0 3122985 51 19.105106 test
3 Q0 3121590 52 19.093687 test
3 Q0 3128701 53 19.093138 test
3 Q0 3123173 54 18.994627 test
3 Q0 3132720 55 18.900572 test
3 Q0 3132118 56 18.86959 test
3 Q0 3130468 57 18.843317 test
3 Q0 3131384 58 18.842148 test
3 Q0 3127493 59 18.695763 test
3 Q0 3127678 60 18.663185 test
3 Q0 3123010 61 18.59773 test
3 Q0 3128020 62 18.587608 test
3 Q0 3130682 63 18.416159 test
3 Q0 3124831 64 18.382515 test
3 Q0 3127492 65 18.346968 test
3 Q0 3128016 66 18.342096 test
3 Q0 3131791 67 18.2592 test
3 Q0 3125655 68 18.248232 test
3 Q0 3132751 69 18.2159 test
3 Q0 3125362 70 18.204979 test
3 Q0 3129114 71 18.150877 test
3 Q0 3127315 72 18.026491 test
3 Q0 3121733 73 18.016058 test
3 Q0 3132541 74 17.952812 test
3 Q0 3123003 75 17.940556 test
3 Q0 3126709 76 17.935843 test
3 Q0 3131547 77 17.865332 test
3 Q0 3130473 78 17.772154 test
3 Q0 3121094 79 17.771385 test
3 Q0 3130342 80 17.755562 test
3 Q0 3128041 81 17.748854 test
3 Q0 3126802 82 17.721506 test
3 Q0 3132528 83 17.707876 test
3 Q0 3127745 84 17.631403 test
3 Q0 3130185 85 17.620865 test
3 Q0 3122553 86 17.460575 test
3 Q0 3132716 87 17.383413 test
3 Q0 3124992 88 17.361849 test
3 Q0 3121681 89 17.322264 test
3 Q0 3125663 90 17.303127 test
3 Q0 3128727 91 17.293802 test
3 Q0 3125522 92 17.287003 test
3 Q0 3121673 93 17.22189 test
3 Q0 3129331 94 17.138836 test
3 Q0 3131281 95 17.097128 test
3 Q0 3131748 96 17.011906 test
3 Q0 3126708 97 17.010592 test
3 Q0 3124323 98 16.972912 test
3 Q0 3125024 99 16.936594 test
3 Q0 3132588 100 16.877758 test
3 Q0 3125248 101 16.836004 test
3 Q0 3127981 102 16.828154 test
3 Q0 3124546 103 16.827255 test
3 Q0 3128619 104 16.74446 test
3 Q0 3126749 105 16.74122 test
3 Q0 3124465 106 16.740194 test
3 Q0 3130379 107 16.727396 test
3 Q0 3127995 108 16.690567 test
3 Q0 3123821 109 16.678068 test
3 Q0 3128082 110 16.65313 test
3 Q0 3123909 111 16.609056 test
3 Q0 3124505 112 16.578318 test
3 Q0 3127754 113 16.563871 test
3 Q0 3121716 114 16.489292 test
3 Q0 3124728 115 16.431812 test
3 Q0 3123681 116 16.397686 test
3 Q0 3121584 117 16.296227 test
3 Q0 3128135 118 16.295189 test
3 Q0 3132121 119 16.290382 test
3 Q0 3128080 120 16.219595 test
3 Q0 3123700 121 16.219238 test
3 Q0 3120994 122 16.217304 test
3 Q0 3126711 123 16.21031 test
3 Q0 3130635 124 16.190306 test
3 Q0 3129075 125 16.16148 test
3 Q0 3121075 126 16.142069 test
3 Q0 3121963 127 16.117054 test
3 Q0 3125046 128 16.104267 test
3 Q0 3132375 129 16.042387 test
3 Q0 3125530 130 16.02484 test
3 Q0 3128264 131 15.97202 test
3 Q0 3127419 132 15.971381 test
3 Q0 3128930 133 15.953088 test
3 Q0 3127842 134 15.950441 test
3 Q0 3121629 135 15.937431 test
3 Q0 3131011 136 15.883798 test
3 Q0 3127828 137 15.878967 test
3 Q0 3132497 138 15.8692 test
3 Q0 3122091 139 15.862719 test
3 Q0 3130984 140 15.835941 test
3 Q0 3120781 141 15.835405 test
3 Q0 3123769 142 15.811998 test
3 Q0 3127313 143 15.743236 test
3 Q0 3125667 144 15.693835 test
3 Q0 3123161 145 15.689245 test
3 Q0 3130650 146 15.5889845 test
3 Q0 3132372 147 15.560046 test
3 Q0 3121787 148 15.556507 test
3 Q0 3123011 149 15.523512 test
3 Q0 3132539 150 15.5211 test
3 Q0 3129581 151 15.496472 test
3 Q0 3121095 152 15.487853 test
3 Q0 3130360 153 15.4826565 test
3 Q0 3125527 154 15.475856 test
3 Q0 3132161 155 15.440916 test
3 Q0 3123302 156 15.438266 test
3 Q0 3127308 157 15.406495 test
3 Q0 3129580 158 15.404945 test
3 Q0 3124458 159 15.389345 test
3 Q0 3128858 160 15.315387 test
3 Q0 3122670 161 15.313332 test
3 Q0 3125254 162 15.277744 test
3 Q0 3124413 163 15.248494 test
3 Q0 3126713 164 15.214273 test
3 Q0 3121774 165 15.183581 test
3 Q0 3125660 166 15.176564 test
3 Q0 3130578 167 15.174254 test
3 Q0 3125230 168 15.110376 test
3 Q0 3125720 169 15.10277 test
3 Q0 3124248 170 15.09988 test
3 Q0 3123749 171 14.983317 test
3 Q0 3132117 172 14.982328 test
3 Q0 3130586 173 14.965851 test
3 Q0 3127991 174 14.961003 test
3 Q0 3123911 175 14.95407 test
3 Q0 3124725 176 14.9374275 test
3 Q0 3124891 177 14.9156685 test
3 Q0 3128839 178 14.883642 test
3 Q0 3129082 179 14.844607 test
3 Q0 3125103 180 14.841531 test
3 Q0 3124468 181 14.83803 test
3 Q0 3130440 182 14.804967 test
3 Q0 3128042 183 14.784385 test
3 Q0 3131755 184 14.782472 test
3 Q0 3131757 185 14.758483 test
3 Q0 3130974 186 14.738186 test
3 Q0 3124287 187 14.736579 test
3 Q0 3124545 188 14.731418 test
3 Q0 3131238 189 14.723436 test
3 Q0 3129103 190 14.666638 test
3 Q0 3120735 191 14.654141 test
3 Q0 3127763 192 14.613211 test
3 Q0 3125662 193 14.609211 test
3 Q0 3132016 194 14.60548 test
3 Q0 3123744 195 14.59758 test
3 Q0 3125550 196 14.596148 test
3 Q0 3125657 197 14.572931 test
3 Q0 3125957 198 14.5698 test
3 Q0 3132120 199 14.558182 test
3 Q0 3127834 200 14.55316 test
3 Q0 3123000 201 14.552161 test
3 Q0 3123189 202 14.549359 test
3 Q0 3124446 203 14.532002 test
3 Q0 3127841 204 14.506906 test
3 Q0 3124269 205 14.500948 test
3 Q0 3132494 206 14.472265 test
3 Q0 3125033 207 14.470436 test
3 Q0 3127816 208 14.451717 test
3 Q0 3128001 209 14.345063 test
3 Q0 3124829 210 14.344934 test
3 Q0 3127003 211 14.335235 test
3 Q0 3129104 212 14.31099 test
3 Q0 3127781 213 14.305725 test
3 Q0 3121000 214 14.284394 test
3 Q0 3131540 215 14.258809 test
3 Q0 3129961 216 14.239328 test
3 Q0 3125366 217 14.237095 test
3 Q0 3127014 218 14.1731415 test
3 Q0 3122984 219 14.155322 test
3 Q0 3128842 220 14.125588 test
3 Q0 3130457 221 14.124845 test
3 Q0 3123212 222 14.103239 test
3 Q0 3122596 223 14.090122 test
3 Q0 3125064 224 14.085485 test
3 Q0 3127011 225 14.082285 test
3 Q0 3126712 226 14.077525 test
3 Q0 3131727 227 14.032893 test
3 Q0 3130469 228 14.01042 test
3 Q0 3131792 229 13.976045 test
3 Q0 3121272 230 13.950884 test
3 Q0 3125189 231 13.92332 test
3 Q0 3129060 232 13.9187355 test
3 Q0 3123852 233 13.917129 test
3 Q0 3128078 234 13.900692 test
3 Q0 3132061 235 13.890813 test
3 Q0 3130466 236 13.886845 test
3 Q0 3127778 237 13.87948 test
3 Q0 3120686 238 13.873696 test
3 Q0 3132041 239 13.866802 test
3 Q0 3131753 240 13.8288965 test
3 Q0 3127578 241 13.796774 test
3 Q0 3121064 242 13.770723 test
3 Q0 3128740 243 13.753998 test
3 Q0 3125664 244 13.734206 test
3 Q0 3124437 245 13.714145 test
3 Q0 3124289 246 13.697637 test
3 Q0 3120854 247 13.696164 test
3 Q0 3128929 248 13.690424 test
3 Q0 3129574 249 13.685603 test
3 Q0 3131398 250 13.683292 test
3 Q0 3132677 251 13.680964 test
3 Q0 3121091 252 13.674517 test
3 Q0 3132513 253 13.636397 test
3 Q0 3132600 254 13.609928 test
3 Q0 3122092 255 13.59781 test
3 Q0 3124293 256 13.5888605 test
3 Q0 3122334 257 13.579959 test
3 Q0 3124464 258 13.554145 test
3 Q0 3123243 259 13.55241 test
3 Q0 3130475 260 13.536516 test
3 Q0 3130693 261 13.524842 test
3 Q0 3128457 262 13.474252 test
3 Q0 3125036 263 13.472007 test
3 Q0 3122071 264 13.457193 test
3 Q0 3123934 265 13.429596 test
3 Q0 3121695 266 13.429465 test
3 Q0 3120882 267 13.428765 test
3 Q0 3132157 268 13.399749 test
3 Q0 3131599 269 13.397059 test
3 Q0 3130651 270 13.367908 test
3 Q0 3124324 271 13.348255 test
3 Q0 3123554 272 13.333924 test
3 Q0 3132060 273 13.314669 test
3 Q0 3123170 274 13.312587 test
3 Q0 3120855 275 13.306198 test
3 Q0 3124462 276 13.298824 test
3 Q0 3121782 277 13.289303 test
3 Q0 3128859 278 13.279911 test
3 Q0 3127977 279 13.2717085 test
3 Q0 3127495 280 13.220725 test
3 Q0 3132318 281 13.209945 test
3 Q0 3121955 282 13.192179 test
3 Q0 3124275 283 13.187488 test
3 Q0 3122958 284 13.179505 test
3 Q0 3131509 285 13.173557 test
3 Q0 3125157 286 13.161936 test
3 Q0 3132390 287 13.154943 test
3 Q0 3124483 288 13.154304 test
3 Q0 3132483 289 13.131579 test
3 Q0 3124543 290 13.128121 test
3 Q0 3121626 291 13.123404 test
3 Q0 3125027 292 13.118393 test
3 Q0 3120766 293 13.113028 test
3 Q0 3126736 294 13.109388 test
3 Q0 3128267 295 13.088006 test
3 Q0 3124319 296 13.085005 test
3 Q0 3121737 297 13.072973 test
3 Q0 3132366 298 13.064614 test
3 Q0 3124923 299 13.059502 test
3 Q0 3120848 300 13.046061 test
3 Q0 3128102 301 13.021963 test
3 Q0 3130772 302 13.018052 test
3 Q0 3125644 303 13.012014 test
3 Q0 3121667 304 13.007875 test
3 Q0 3123696 305 13.007762 test
3 Q0 3127743 306 12.998761 test
3 Q0 3123190 307 12.980075 test
3 Q0 3124261 308 12.95392 test
3 Q0 3125211 309 12.918291 test
3 Q0 3121951 310 12.906784 test
3 Q0 3123515 311 12.894904 test
3 Q0 3132730 312 12.868759 test
3 Q0 3120793 313 12.862342 test
3 Q0 3124065 314 12.861876 test
3 Q0 3131277 315 12.859329 test
3 Q0 3124321 316 12.85891 test
3 Q0 3126751 317 12.858137 test
3 Q0 3120835 318 12.855297 test
3 Q0 3131010 319 12.842984 test
3 Q0 3125000 320 12.841985 test
3 Q0 3132681 321 12.781885 test
3 Q0 3120684 322 12.774398 test
3 Q0 3122077 323 12.76955 test
3 Q0 3127785 324 12.733667 test
3 Q0 3125360 325 12.722945 test
3 Q0 3124460 326 12.719925 test
3 Q0 3121799 327 12.704188 test
3 Q0 3132321 328 12.663868 test
3 Q0 3125205 329 12.648655 test
3 Q0 3124345 330 12.638744 test
3 Q0 3123322 331 12.637181 test
3 Q0 3128593 332 12.635817 test
3 Q0 3132312 333 12.615129 test
3 Q0 3132742 334 12.595704 test
3 Q0 3125476 335 12.589999 test
3 Q0 3121762 336 12.565123 test
3 Q0 3126722 337 12.561745 test
3 Q0 3121580 338 12.552154 test
3 Q0 3121771 339 12.527988 test
3 Q0 3125353 340 12.499112 test
3 Q0 3123184 341 12.491366 test
3 Q0 3131287 342 12.490619 test
3 Q0 3124489 343 12.4859085 test
3 Q0 3126840 344 12.482756 test
3 Q0 3129090 345 12.451375 test
3 Q0 3131068 346 12.428716 test
3 Q0 3121748 347 12.424417 test
3 Q0 3125311 348 12.419584 test
3 Q0 3123551 349 12.388658 test
3 Q0 3132377 350 12.373477 test
3 Q0 3124475 351 12.373431 test
3 Q0 3124838 352 12.333904 test
3 Q0 3124461 353 12.327385 test
3 Q0 3128827 354 12.323398 test
3 Q0 3121633 355 12.320525 test
3 Q0 3127966 356 12.318039 test
3 Q0 3131098 357 12.289252 test
3 Q0 3130918 358 12.288698 test
3 Q0 3132290 359 12.28836 test
3 Q0 3128598 360 12.26809 test
3 Q0 3123188 361 12.244967 test
3 Q0 3130982 362 12.241592 test
3 Q0 3128843 363 12.226277 test
3 Q0 3122375 364 12.224789 test
3 Q0 3120836 365 12.211183 test
3 Q0 3128010 366 12.209725 test
3 Q0 3127764 367 12.205702 test
3 Q0 3132215 368 12.1880045 test
3 Q0 3120887 369 12.149715 test
3 Q0 3127765 370 12.145285 test
3 Q0 3125253 371 12.142772 test
3 Q0 3123649 372 12.117757 test
3 Q0 3123462 373 12.097368 test
3 Q0 3130783 374 12.076635 test
3 Q0 3128060 375 12.071778 test
3 Q0 3131545 376 12.06857 test
3 Q0 3131273 377 12.047066 test
3 Q0 3127324 378 12.045321 test
3 Q0 3128848 379 12.038013 test
3 Q0 3123708 380 12.032825 test
3 Q0 3123375 381 12.026699 test
3 Q0 3132331 382 12.017671 test
3 Q0 3132367 383 11.988065 test
3 Q0 3129061 384 11.986994 test
3 Q0 3130040 385 11.970046 test
3 Q0 3128058 386 11.958707 test
3 Q0 3123118 387 11.934827 test
3 Q0 3131194 388 11.932528 test
3 Q0 3132129 389 11.9285755 test
3 Q0 3124991 390 11.92768 test
3 Q0 3127516 391 11.918727 test
3 Q0 3123627 392 11.905029 test
3 Q0 3127808 393 11.9008255 test
3 Q0 3132521 394 11.871055 test
3 Q0 3125392 395 11.833013 test
3 Q0 3123597 396 11.815852 test
3 Q0 3125048 397 11.812803 test
3 Q0 3125065 398 11.796306 test
3 Q0 3132592 399 11.796031 test
3 Q0 3125509 400 11.794615 test
3 Q0 3129299 401 11.787228 test
3 Q0 3127311 402 11.785008 test
3 Q0 3128299 403 11.784208 test
3 Q0 3123595 404 11.779536 test
3 Q0 3130790 405 11.771318 test
3 Q0 3132050 406 11.7655945 test
3 Q0 3124326 407 11.75167 test
3 Q0 3127108 408 11.744944 test
3 Q0 3132663 409 11.742894 test
3 Q0 3123359 410 11.698732 test
3 Q0 3128111 411 11.693409 test
3 Q0 3124497 412 11.67343 test
3 Q0 3128931 413 11.66943 test
3 Q0 3128079 414 11.665536 test
3 Q0 3120778 415 11.664932 test
3 Q0 3128018 416 11.6619425 test
3 Q0 3125297 417 11.656732 test
3 Q0 3129951 418 11.646728 test
3 Q0 3128028 419 11.646698 test
3 Q0 3124729 420 11.645078 test
3 Q0 3125115 421 11.643019 test
3 Q0 3130190 422 11.634072 test
3 Q0 3129757 423 11.631396 test
3 Q0 3130168 424 11.613521 test
3 Q0 3128084 425 11.605871 test
3 Q0 3121614 426 11.589138 test
3 Q0 3123709 427 11.578241 test
3 Q0 3132749 428 11.575909 test
3 Q0 3128608 429 11.552916 test
3 Q0 3121773 430 11.54787 test
3 Q0 3124981 431 11.5470915 test
3 Q0 3124931 432 11.537527 test
3 Q0 3132125 433 11.535694 test
3 Q0 3130765 434 11.531892 test
3 Q0 3131127 435 11.516455 test
3 Q0 3124507 436 11.504933 test
3 Q0 3131077 437 11.497943 test
3 Q0 3127751 438 11.492082 test
3 Q0 3128055 439 11.486862 test
3 Q0 3120803 440 11.48406 test
3 Q0 3120850 441 11.480656 test
3 Q0 3122900 442 11.475753 test
3 Q0 3128326 443 11.45906 test
3 Q0 3121285 444 11.436888 test
3 Q0 3121338 445 11.428876 test
3 Q0 3129956 446 11.424456 test
3 Q0 3124479 447 11.420947 test
3 Q0 3129306 448 11.398078 test
3 Q0 3125471 449 11.379212 test
3 Q0 3130493 450 11.366196 test
3 Q0 3125186 451 11.355226 test
3 Q0 3132698 452 11.348706 test
3 Q0 3124241 453 11.34123 test
3 Q0 3126972 454 11.3315525 test
3 Q0 3125236 455 11.330868 test
3 Q0 3120823 456 11.319776 test
3 Q0 3127997 457 11.308753 test
3 Q0 3130661 458 11.3013115 test
3 Q0 3123566 459 11.29932 test
3 Q0 3125193 460 11.289478 test
3 Q0 3121685 461 11.285726 test
3 Q0 3129767 462 11.279233 test
3 Q0 3127806 463 11.2767315 test
3 Q0 3120724 464 11.267233 test
3 Q0 3132371 465 11.265066 test
3 Q0 3132544 466 11.246285 test
3 Q0 3129958 467 11.2449045 test
3 Q0 3121734 468 11.241023 test
3 Q0 3128463 469 11.235939 test
3 Q0 3120838 470 11.227953 test
3 Q0 3123282 471 11.222048 test
3 Q0 3128464 472 11.190391 test
3 Q0 3125137 473 11.187346 test
3 Q0 3125461 474 11.177157 test
3 Q0 3125355 475 11.170411 test
3 Q0 3129330 476 11.158805 test
3 Q0 3120751 477 11.15151 test
3 Q0 3128114 478 11.149516 test
3 Q0 3126759 479 11.137569 test
3 Q0 3123658 480 11.137468 test
3 Q0 3125334 481 11.122676 test
3 Q0 3129966 482 11.118816 test
3 Q0 3131303 483 11.115567 test
3 Q0 3123557 484 11.107469 test
3 Q0 3125376 485 11.100346 test
3 Q0 3128610 486 11.097898 test
3 Q0 3131078 487 11.091551 test
3 Q0 3130785 488 11.0895815 test
3 Q0 3132683 489 11.086948 test
3 Q0 3121732 490 11.076996 test
3 Q0 3121768 491 11.075727 test
3 Q0 3123509 492 11.075473 test
3 Q0 3123512 493 11.073646 test
3 Q0 3123619 494 11.070838 test
3 Q0 3125341 495 11.062233 test
3 Q0 3124472 496 11.05598 test
3 Q0 3129693 497 11.049494 test
3 Q0 3130267 498 11.0433855 test
3 Q0 3124861 499 11.037438 test
3 Q0 3125492 500 11.033682 test
3 Q0 3126787 501 11.028049 test
3 Q0 3122994 502 11.015542 test
3 Q0 3132518 503 11.015343 test
3 Q0 3128907 504 11.004045 test
3 Q0 3126719 505 10.994582 test
3 Q0 3130344 506 10.992078 test
3 Q0 3130734 507 10.969309 test
3 Q0 3125305 508 10.968186 test
3 Q0 3121617 509 10.943621 test
3 Q0 3125955 510 10.942571 test
3 Q0 3123550 511 10.937568 test
3 Q0 3126766 512 10.935212 test
3 Q0 3125155 513 10.927211 test
3 Q0 3129967 514 10.926977 test
3 Q0 3124832 515 10.92673 test
3 Q0 3128127 516 10.9228525 test
3 Q0 3128622 517 10.922019 test
3 Q0 3130561 518 10.913006 test
3 Q0 3131786 519 10.90907 test
3 Q0 3129124 520 10.908032 test
3 Q0 3129353 521 10.904701 test
3 Q0 3132365 522 10.885891 test
3 Q0 3127965 523 10.882089 test
3 Q0 3125337 524 10.878275 test
3 Q0 3121630 525 10.868938 test
3 Q0 3121767 526 10.856129 test
3 Q0 3127298 527 10.852421 test
3 Q0 3120804 528 10.850928 test
3 Q0 3125308 529 10.837924 test
3 Q0 3123360 530 10.836523 test
3 Q0 3124403 531 10.830722 test
3 Q0 3128036 532 10.826938 test
3 Q0 3132598 533 10.810951 test
3 Q0 3130997 534 10.810047 test
3 Q0 3121800 535 10.809879 test
3 Q0 3122068 536 10.8076515 test
3 Q0 3128845 537 10.794348 test
3 Q0 3125281 538 10.780574 test
3 Q0 3131431 539 10.773021 test
3 Q0 3127520 540 10.766677 test
3 Q0 3128702 541 10.758801 test
3 Q0 3126834 542 10.754825 test
3 Q0 3125659 543 10.752956 test
3 Q0 3123219 544 10.739565 test
3 Q0 3120862 545 10.726118 test
3 Q0 3129577 546 10.72522 test
3 Q0 3132674 547 10.724128 test
3 Q0 3130051 548 10.723324 test
3 Q0 3130256 549 10.720373 test
3 Q0 3125373 550 10.719878 test
3 Q0 3128597 551 10.719794 test
3 Q0 3132419 552 10.711176 test
3 Q0 3129293 553 10.708627 test
3 Q0 3130343 554 10.703606 test
3 Q0 3129750 555 10.688397 test
3 Q0 3123577 556 10.685451 test
3 Q0 3132593 557 10.675903 test
3 Q0 3127813 558 10.652274 test
3 Q0 3123575 559 10.649175 test
3 Q0 3120980 560 10.648744 test
3 Q0 3121758 561 10.640031 test
3 Q0 3120827 562 10.638373 test
3 Q0 3125274 563 10.635371 test
3 Q0 3130920 564 10.632778 test
3 Q0 3120732 565 10.624833 test
3 Q0 3124295 566 10.61751 test
3 Q0 3129963 567 10.616065 test
3 Q0 3130175 568 10.59575 test
3 Q0 3132639 569 10.592618 test
3 Q0 3125216 570 10.581812 test
3 Q0 3122996 571 10.581019 test
3 Q0 3123467 572 10.580538 test
3 Q0 3130781 573 10.572665 test
3 Q0 3132034 574 10.567686 test
3 Q0 3127660 575 10.561381 test
3 Q0 3125233 576 10.558683 test
3 Q0 3123599 577 10.554303 test
3 Q0 3130973 578 10.549096 test
3 Q0 3130023 579 10.548846 test
3 Q0 3130794 580 10.535397 test
3 Q0 3132156 581 10.523106 test
3 Q0 3125173 582 10.517681 test
3 Q0 3127811 583 10.51589 test
3 Q0 3127814 584 10.514903 test
3 Q0 3121736 585 10.506232 test
3 Q0 3124716 586 10.505565 test
3 Q0 3126817 587 10.493307 test
3 Q0 3129122 588 10.492584 test
3 Q0 3125658 589 10.477676 test
3 Q0 3132499 590 10.470116 test
3 Q0 3120883 591 10.461013 test
3 Q0 3124481 592 10.460666 test
3 Q0 3124646 593 10.4570675 test
3 Q0 3132610 594 10.442313 test
3 Q0 3127000 595 10.436903 test
3 Q0 3125062 596 10.436077 test
3 Q0 3126858 597 10.429277 test
3 Q0 3129592 598 10.426876 test
3 Q0 3124987 599 10.422901 test
3 Q0 3132735 600 10.4164 test
3 Q0 3125647 601 10.413813 test
3 Q0 3129039 602 10.413142 test
3 Q0 3132693 603 10.412296 test
3 Q0 3125158 604 10.411129 test
3 Q0 3121796 605 10.409802 test
3 Q0 3129964 606 10.403641 test
3 Q0 3120829 607 10.396621 test
3 Q0 3121881 608 10.39003 test
3 Q0 3132026 609 10.385972 test
3 Q0 3123162 610 10.374986 test
3 Q0 3124108 611 10.370164 test
3 Q0 3120846 612 10.368834 test
3 Q0 3121622 613 10.366027 test
3 Q0 3126852 614 10.362624 test
3 Q0 3132359 615 10.350188 test
3 Q0 3129575 616 10.345236 test
3 Q0 3128134 617 10.343162 test
3 Q0 3121968 618 10.331284 test
3 Q0 3127946 619 10.330277 test
3 Q0 3121612 620 10.320634 test
3 Q0 3132029 621 10.318761 test
3 Q0 3125165 622 10.304986 test
3 Q0 3130345 623 10.30475 test
3 Q0 3128607 624 10.300425 test
3 Q0 3130283 625 10.294166 test
3 Q0 3123286 626 10.292407 test
3 Q0 3130908 627 10.291436 test
3 Q0 3130792 628 10.289735 test
3 Q0 3121757 629 10.288654 test
3 Q0 3128601 630 10.285794 test
3 Q0 3124494 631 10.275461 test
3 Q0 3123312 632 10.275428 test
3 Q0 3124819 633 10.275275 test
3 Q0 3132162 634 10.274396 test
3 Q0 3123818 635 10.272371 test
3 Q0 3121610 636 10.258265 test
3 Q0 3121705 637 10.247683 test
3 Q0 3131050 638 10.246214 test
3 Q0 3121059 639 10.241097 test
3 Q0 3130287 640 10.2367115 test
3 Q0 3124285 641 10.231507 test
3 Q0 3123339 642 10.226198 test
3 Q0 3132469 643 10.223076 test
3 Q0 3121063 644 10.221494 test
3 Q0 3126846 645 10.220813 test
3 Q0 3131267 646 10.217339 test
3 Q0 3124026 647 10.214851 test
3 Q0 3125351 648 10.207418 test
3 Q0 3120765 649 10.202048 test
3 Q0 3131574 650 10.201614 test
3 Q0 3127292 651 10.195016 test
3 Q0 3125223 652 10.194305 test
3 Q0 3120851 653 10.181633 test
3 Q0 3130903 654 10.153691 test
3 Q0 3125390 655 10.151595 test
3 Q0 3131570 656 10.1491165 test
3 Q0 3123323 657 10.148559 test
3 Q0 3128932 658 10.143425 test
3 Q0 3131519 659 10.141725 test
3 Q0 3121765 660 10.138287 test
3 Q0 3125225 661 10.129367 test
3 Q0 3121231 662 10.125747 test
3 Q0 3120861 663 10.122266 test
3 Q0 3132021 664 10.117399 test
3 Q0 3132140 665 10.116498 test
3 Q0 3131115 666 10.11419 test
3 Q0 3125247 667 10.109215 test
3 Q0 3126814 668 10.1089735 test
3 Q0 3132697 669 10.095716 test
3 Q0 3127111 670 10.092546 test
3 Q0 3132591 671 10.092458 test
3 Q0 3121882 672 10.08924 test
3 Q0 3126750 673 10.078531 test
3 Q0 3124673 674 10.074788 test
3 Q0 3129579 675 10.063381 test
3 Q0 3131401 676 10.062522 test
3 Q0 3123593 677 10.04354 test
3 Q0 3121778 678 10.023108 test
3 Q0 3127800 679 10.021236 test
3 Q0 3125324 680 10.01725 test
3 Q0 3128098 681 10.016784 test
3 Q0 3122500 682 10.008783 test
3 Q0 3132671 683 10.007994 test
3 Q0 3127996 684 10.001251 test
3 Q0 3130791 685 9.999615 test
3 Q0 3126784 686 9.998947 test
3 Q0 3130427 687 9.980197 test
3 Q0 3125287 688 9.973631 test
3 Q0 3128007 689 9.970515 test
3 Q0 3130732 690 9.965376 test
3 Q0 3122089 691 9.961665 test
3 Q0 3125393 692 9.958128 test
3 Q0 3120688 693 9.951163 test
3 Q0 3123540 694 9.944555 test
3 Q0 3125144 695 9.931117 test
3 Q0 3132708 696 9.922864 test
3 Q0 3131981 697 9.921694 test
3 Q0 3130709 698 9.921374 test
3 Q0 3129068 699 9.921 test
3 Q0 3124053 700 9.913433 test
3 Q0 3124933 701 9.912793 test
3 Q0 3127125 702 9.910083 test
3 Q0 3128056 703 9.90925 test
3 Q0 3130472 704 9.901469 test
3 Q0 3130027 705 9.895563 test
3 Q0 3123284 706 9.884713 test
3 Q0 3121698 707 9.883395 test
3 Q0 3122380 708 9.881151 test
3 Q0 3120857 709 9.874401 test
3 Q0 3121304 710 9.86606 test
3 Q0 3123320 711 9.864764 test
3 Q0 3125283 712 9.862229 test
3 Q0 3124526 713 9.861508 test
3 Q0 3123457 714 9.860894 test
3 Q0 3130788 715 9.858026 test
3 Q0 3121718 716 9.84903 test
3 Q0 3124722 717 9.848443 test
3 Q0 3128716 718 9.844633 test
3 Q0 3125053 719 9.843793 test
3 Q0 3127012 720 9.842209 test
3 Q0 3125309 721 9.837716 test
3 Q0 3125179 722 9.837306 test
3 Q0 3129132 723 9.835343 test
3 Q0 3128860 724 9.834303 test
3 Q0 3121942 725 9.822952 test
3 Q0 3132369 726 9.82145 test
3 Q0 3126776 727 9.802589 test
3 Q0 3124482 728 9.790977 test
3 Q0 3130907 729 9.783995 test
3 Q0 3126836 730 9.783368 test
3 Q0 3123822 731 9.776122 test
3 Q0 3127978 732 9.774799 test
3 Q0 3128700 733 9.7741 test
3 Q0 3128933 734 9.77053 test
3 Q0 3131719 735 9.769723 test
3 Q0 3123311 736 9.76395 test
3 Q0 3123260 737 9.763707 test
3 Q0 3125063 738 9.761643 test
3 Q0 3124720 739 9.755549 test
3 Q0 3127988 740 9.751827 test
3 Q0 3125252 741 9.740593 test
3 Q0 3124253 742 9.734521 test
3 Q0 3127739 743 9.734311 test
3 Q0 3130648 744 9.726176 test
3 Q0 3130667 745 9.724199 test
3 Q0 3120860 746 9.717052 test
3 Q0 3132729 747 9.700982 test
3 Q0 3121116 748 9.698846 test
3 Q0 3121756 749 9.697716 test
3 Q0 3126716 750 9.690768 test
3 Q0 3125343 751 9.687644 test
3 Q0 3121616 752 9.6795435 test
3 Q0 3131579 753 9.670137 test
3 Q0 3122499 754 9.669097 test
3 Q0 3130010 755 9.658581 test
3 Q0 3131284 756 9.654376 test
3 Q0 3124419 757 9.635777 test
3 Q0 3125023 758 9.634236 test
3 Q0 3123935 759 9.626231 test
3 Q0 3132779 760 9.620378 test
3 Q0 3130720 761 9.619235 test
3 Q0 3128934 762 9.6186905 test
3 Q0 3123517 763 9.612367 test
3 Q0 3123830 764 9.612209 test
3 Q0 3127950 765 9.610889 test
3 Q0 3131397 766 9.602508 test
3 Q0 3126764 767 9.5986395 test
3 Q0 3121876 768 9.59174 test
3 Q0 3130030 769 9.579345 test
3 Q0 3124540 770 9.576191 test
3 Q0 3123702 771 9.572864 test
3 Q0 3131270 772 9.572302 test
3 Q0 3131543 773 9.558113 test
3 Q0 3120739 774 9.556541 test
3 Q0 3132537 775 9.551846 test
3 Q0 3120868 776 9.551414 test
3 Q0 3121424 777 9.54338 test
3 Q0 3126824 778 9.538767 test
3 Q0 3121440 779 9.537837 test
3 Q0 3131507 780 9.527859 test
3 Q0 3123655 781 9.5230055 test
3 Q0 3122054 782 9.522185 test
3 Q0 3132603 783 9.512261 test
3 Q0 3131801 784 9.502948 test
3 Q0 3122269 785 9.499369 test
3 Q0 3120761 786 9.493246 test
3 Q0 3125047 787 9.491083 test
3 Q0 3131265 788 9.489925 test
3 Q0 3130021 789 9.484367 test
3 Q0 3124329 790 9.482836 test
3 Q0 3122090 791 9.475386 test
3 Q0 3128325 792 9.470059 test
3 Q0 3120832 793 9.469123 test
3 Q0 3128978 794 9.457734 test
3 Q0 3120822 795 9.455098 test
3 Q0 3122546 796 9.452828 test
3 Q0 3123814 797 9.450484 test
3 Q0 3120819 798 9.447792 test
3 Q0 3121751 799 9.444162 test
3 Q0 3131286 800 9.440843 test
3 Q0 3126706 801 9.437404 test
3 Q0 3124063 802 9.436144 test
3 Q0 3122506 803 9.43572 test
3 Q0 3120885 804 9.433719 test
3 Q0 3121746 805 9.427108 test
3 Q0 3131295 806 9.424558 test
3 Q0 3125391 807 9.420972 test
3 Q0 3120820 808 9.418807 test
3 Q0 3126998 809 9.416576 test
3 Q0 3132696 810 9.41337 test
3 Q0 3125645 811 9.411651 test
3 Q0 3127104 812 9.409353 test
3 Q0 3130906 813 9.408982 test
3 Q0 3123589 814 9.40532 test
3 Q0 3130909 815 9.40472 test
3 Q0 3127142 816 9.403582 test
3 Q0 3131575 817 9.391801 test
3 Q0 3127510 818 9.389849 test
3 Q0 3121528 819 9.388788 test
3 Q0 3125259 820 9.385594 test
3 Q0 3123064 821 9.385291 test
3 Q0 3131799 822 9.380745 test
3 Q0 3130037 823 9.3773155 test
3 Q0 3120678 824 9.376864 test
3 Q0 3124051 825 9.367612 test
3 Q0 3131079 826 9.363497 test
3 Q0 3120797 827 9.361018 test
3 Q0 3125379 828 9.351506 test
3 Q0 3120799 829 9.349941 test
3 Q0 3121741 830 9.348744 test
3 Q0 3132482 831 9.347702 test
3 Q0 3129953 832 9.346448 test
3 Q0 3128256 833 9.343281 test
3 Q0 3131591 834 9.341327 test
3 Q0 3121072 835 9.340928 test
3 Q0 3130582 836 9.336358 test
3 Q0 3128362 837 9.333657 test
3 Q0 3120674 838 9.331724 test
3 Q0 3132045 839 9.322863 test
3 Q0 3123639 840 9.32021 test
3 Q0 3121603 841 9.316578 test
3 Q0 3127789 842 9.314988 test
3 Q0 3120976 843 9.312466 test
3 Q0 3132654 844 9.312025 test
3 Q0 3131759 845 9.302048 test
3 Q0 3124682 846 9.300909 test
3 Q0 3132020 847 9.292436 test
3 Q0 3123615 848 9.288855 test
3 Q0 3131080 849 9.284747 test
3 Q0 3125180 850 9.283934 test
3 Q0 3125273 851 9.279253 test
3 Q0 3126826 852 9.278755 test
3 Q0 3126807 853 9.268382 test
3 Q0 3125194 854 9.263553 test
3 Q0 3125502 855 9.2630825 test
3 Q0 3126991 856 9.256468 test
3 Q0 3127326 857 9.2537155 test
3 Q0 3130179 858 9.253089 test
3 Q0 3123646 859 9.245763 test
3 Q0 3127418 860 9.244562 test
3 Q0 3132777 861 9.243682 test
3 Q0 3121925 862 9.235381 test
3 Q0 3125371 863 9.235047 test
3 Q0 3127761 864 9.223271 test
3 Q0 3130644 865 9.223254 test
3 Q0 3120878 866 9.221077 test
3 Q0 3131251 867 9.217951 test
3 Q0 3125302 868 9.21623 test
3 Q0 3130439 869 9.215515 test
3 Q0 3130006 870 9.211523 test
3 Q0 3129345 871 9.210718 test
3 Q0 3130378 872 9.208505 test
3 Q0 3121683 873 9.207909 test
3 Q0 3131618 874 9.207368 test
3 Q0 3123307 875 9.20727 test
3 Q0 3128206 876 9.206541 test
3 Q0 3130359 877 9.206357 test
3 Q0 3132511 878 9.20431 test
3 Q0 3121001 879 9.203865 test
3 Q0 3124477 880 9.192598 test
3 Q0 3132743 881 9.179549 test
3 Q0 3124109 882 9.174978 test
3 Q0 3124498 883 9.170118 test
3 Q0 3130189 884 9.167632 test
3 Q0 3132063 885 9.154742 test
3 Q0 3123350 886 9.154088 test
3 Q0 3121627 887 9.153502 test
3 Q0 3129110 888 9.15069 test
3 Q0 3132231 889 9.142153 test
3 Q0 3123368 890 9.140112 test
3 Q0 3129309 891 9.13636 test
3 Q0 3132713 892 9.135265 test
3 Q0 3128826 893 9.128451 test
3 Q0 3127686 894 9.128445 test
3 Q0 3132440 895 9.121435 test
3 Q0 3130730 896 9.120308 test
3 Q0 3131561 897 9.114147 test
3 Q0 3120763 898 9.112328 test
3 Q0 3129576 899 9.105776 test
3 Q0 3132028 900 9.089165 test
3 Q0 3128941 901 9.0808 test
3 Q0 3123779 902 9.078175 test
3 Q0 3130928 903 9.072448 test
3 Q0 3131754 904 9.06571 test
3 Q0 3127780 905 9.062236 test
3 Q0 3131193 906 9.058183 test
3 Q0 3123707 907 9.055657 test
3 Q0 3124189 908 9.052281 test
3 Q0 3129120 909 9.050686 test
3 Q0 3121714 910 9.048439 test
3 Q0 3126782 911 9.044671 test
3 Q0 3127305 912 9.032135 test
3 Q0 3121602 913 9.031835 test
3 Q0 3128085 914 9.0285845 test
3 Q0 3131272 915 9.028576 test
3 Q0 3123349 916 9.026769 test
3 Q0 3126734 917 9.026705 test
3 Q0 3125363 918 9.023833 test
3 Q0 3121879 919 9.017013 test
3 Q0 3129618 920 9.003499 test
3 Q0 3130805 921 8.988987 test
3 Q0 3132409 922 8.987695 test
3 Q0 3129959 923 8.981643 test
3 Q0 3120731 924 8.9751835 test
3 Q0 3129667 925 8.974559 test
3 Q0 3121946 926 8.972511 test
3 Q0 3132421 927 8.972163 test
3 Q0 3121083 928 8.967278 test
3 Q0 3121687 929 8.966381 test
3 Q0 3130677 930 8.963325 test
3 Q0 3123610 931 8.9630375 test
3 Q0 3125213 932 8.962288 test
3 Q0 3130652 933 8.957538 test
3 Q0 3125029 934 8.956842 test
3 Q0 3121443 935 8.953878 test
3 Q0 3121884 936 8.9438505 test
3 Q0 3128861 937 8.941232 test
3 Q0 3131038 938 8.939776 test
3 Q0 3125375 939 8.939534 test
3 Q0 3130747 940 8.929536 test
3 Q0 3124727 941 8.924686 test
3 Q0 3121964 942 8.9175205 test
3 Q0 3127760 943 8.910045 test
3 Q0 3127018 944 8.905013 test
3 Q0 3131290 945 8.904854 test
3 Q0 3132326 946 8.903 test
3 Q0 3127755 947 8.901486 test
3 Q0 3132523 948 8.895408 test
3 Q0 3126714 949 8.894978 test
3 Q0 3121769 950 8.894974 test
3 Q0 3125956 951 8.89466 test
3 Q0 3120849 952 8.893822 test
3 Q0 3121437 953 8.889282 test
3 Q0 3121227 954 8.884065 test
3 Q0 3124316 955 8.869044 test
3 Q0 3123544 956 8.868012 test
3 Q0 3123635 957 8.861415 test
3 Q0 3124417 958 8.859007 test
3 Q0 3123265 959 8.85562 test
3 Q0 3125266 960 8.853077 test
3 Q0 3121421 961 8.849984 test
3 Q0 3132056 962 8.849773 test
3 Q0 3122331 963 8.849613 test
3 Q0 3132642 964 8.8433695 test
3 Q0 3132468 965 8.842022 test
3 Q0 3124411 966 8.83554 test
3 Q0 3130824 967 8.835134 test
3 Q0 3127417 968 8.831041 test
3 Q0 3129169 969 8.830392 test
3 Q0 3125058 970 8.829373 test
3 Q0 3125181 971 8.825647 test
3 Q0 3129213 972 8.825504 test
3 Q0 3127954 973 8.819045 test
3 Q0 3130695 974 8.817127 test
3 Q0 3127812 975 8.816092 test
3 Q0 3128051 976 8.8115425 test
3 Q0 3121665 977 8.808264 test
3 Q0 3121379 978 8.80617 test
3 Q0 3125151 979 8.8032875 test
3 Q0 3121947 980 8.802997 test
3 Q0 3128947 981 8.799851 test
3 Q0 3121715 982 8.799841 test
3 Q0 3125665 983 8.794345 test
3 Q0 3131802 984 8.794189 test
3 Q0 3127317 985 8.79363 test
3 Q0 3131758 986 8.785695 test
3 Q0 3129117 987 8.784784 test
3 Q0 3131067 988 8.777114 test
3 Q0 3128077 989 8.772995 test
3 Q0 3131141 990 8.772179 test
3 Q0 3132606 991 8.767277 test
3 Q0 3124488 992 8.766776 test
3 Q0 3120817 993 8.765589 test
3 Q0 3124683 994 8.764207 test
3 Q0 3123813 995 8.755868 test
3 Q0 3131124 996 8.751638 test
3 Q0 3130494 997 8.750094 test
3 Q0 3128101 998 8.749366 test
3 Q0 3120968 999 8.747381 test
3 Q0 3124301 1000 8.747063 test
4 Q0 3132697 1 29.8775 test
4 Q0 3132663 2 29.74149 test
4 Q0 3132331 3 27.560505 test
4 Q0 3132374 4 25.247349 test
4 Q0 3128854 5 24.168346 test
4 Q0 3132325 6 24.075575 test
4 Q0 3132091 7 23.437828 test
4 Q0 3132375 8 23.28278 test
4 Q0 3126829 9 22.573626 test
4 Q0 3124326 10 22.060324 test
4 Q0 3132694 11 21.626377 test
4 Q0 3120978 12 21.338272 test
4 Q0 3129973 13 21.085882 test
4 Q0 3120998 14 21.08301 test
4 Q0 3126776 15 21.035885 test
4 Q0 3124275 16 20.562584 test
4 Q0 3132129 17 20.166527 test
4 Q0 3129114 18 20.089285 test
4 Q0 3125536 19 19.953094 test
4 Q0 3122899 20 19.871283 test
4 Q0 3128930 21 19.6813 test
4 Q0 3132123 22 19.57984 test
4 Q0 3125654 23 19.546078 test
4 Q0 3129351 24 19.473202 test
4 Q0 3129353 25 19.388083 test
4 Q0 3129307 26 19.270676 test
4 Q0 3125194 27 19.222418 test
4 Q0 3124330 28 19.160954 test
4 Q0 3120791 29 19.0329 test
4 Q0 3132337 30 18.989378 test
4 Q0 3121671 31 18.614594 test
4 Q0 3121680 32 18.546041 test
4 Q0 3122545 33 18.512634 test
4 Q0 3131776 34 18.479546 test
4 Q0 3132542 35 18.467731 test
4 Q0 3124320 36 18.362736 test
4 Q0 3125011 37 18.28412 test
4 Q0 3121660 38 18.268536 test
4 Q0 3124318 39 18.232897 test
4 Q0 3124448 40 18.210426 test
4 Q0 3125667 41 18.186079 test
4 Q0 3129759 42 18.132711 test
4 Q0 3130036 43 17.976088 test
4 Q0 3122596 44 17.873604 test
4 Q0 3129533 45 17.838078 test
4 Q0 3122094 46 17.817604 test
4 Q0 3127952 47 17.637222 test
4 Q0 3130984 48 17.600183 test
4 Q0 3130169 49 17.513325 test
4 Q0 3120820 50 17.496853 test
4 Q0 3132335 51 17.487482 test
4 Q0 3122986 52 17.336674 test
4 Q0 3123466 53 17.034958 test
4 Q0 3124322 54 17.015125 test
4 Q0 3131270 55 16.953606 test
4 Q0 3124301 56 16.833115 test
4 Q0 3131031 57 16.777765 test
4 Q0 3124855 58 16.677824 test
4 Q0 3124546 59 16.676235 test
4 Q0 3120708 60 16.663397 test
4 Q0 3125360 61 16.644274 test
4 Q0 3120994 62 16.605974 test
4 Q0 3131751 63 16.540699 test
4 Q0 3128861 64 16.507212 test
4 Q0 3123558 65 16.335121 test
4 Q0 3126768 66 16.323645 test
4 Q0 3127990 67 16.286203 test
4 Q0 3122091 68 16.273294 test
4 Q0 3130894 69 16.196718 test
4 Q0 3123821 70 16.189413 test
4 Q0 3127420 71 16.103779 test
4 Q0 3130293 72 16.042988 test
4 Q0 3130291 73 16.030159 test
4 Q0 3121582 74 16.028067 test
4 Q0 3120997 75 16.024158 test
4 Q0 3131791 76 15.998991 test
4 Q0 3120999 77 15.886303 test
4 Q0 3125039 78 15.861224 test
4 Q0 3124463 79 15.847501 test
4 Q0 3132316 80 15.761434 test
4 Q0 3132054 81 15.742381 test
4 Q0 3123562 82 15.734575 test
4 Q0 3123346 83 15.724181 test
4 Q0 3127107 84 15.670818 test
4 Q0 3125036 85 15.654629 test
4 Q0 3126502 86 15.650333 test
4 Q0 3128074 87 15.548083 test
4 Q0 3123642 88 15.537924 test
4 Q0 3124396 89 15.470523 test
4 Q0 3132481 90 15.438168 test
4 Q0 3128570 91 15.377265 test
4 Q0 3125527 92 15.360956 test
4 Q0 3124970 93 15.358796 test
4 Q0 3131000 94 15.328938 test
4 Q0 3125058 95 15.2994585 test
4 Q0 3127306 96 15.243787 test
4 Q0 3124486 97 15.163693 test
4 Q0 3130777 98 15.156914 test
4 Q0 3131759 99 15.137428 test
4 Q0 3121778 100 15.126609 test
4 Q0 3121755 101 15.120995 test
4 Q0 3126852 102 15.10781 test
4 Q0 3121275 103 15.106195 test
4 Q0 3123290 104 15.083442 test
4 Q0 3129678 105 15.065264 test
4 Q0 3132030 106 15.05445 test
4 Q0 3127492 107 15.053343 test
4 Q0 3126607 108 15.049102 test
4 Q0 3132064 109 15.046315 test
4 Q0 3121002 110 15.045927 test
4 Q0 3131748 111 15.044524 test
4 Q0 3130716 112 15.027579 test
4 Q0 3130275 113 14.969417 test
4 Q0 3129068 114 14.927713 test
4 Q0 3123878 115 14.916451 test
4 Q0 3124465 116 14.903238 test
4 Q0 3127949 117 14.883453 test
4 Q0 3120835 118 14.879835 test
4 Q0 3128270 119 14.872187 test
4 Q0 3127413 120 14.85962 test
4 Q0 3124135 121 14.83641 test
4 Q0 3128600 122 14.822095 test
4 Q0 3130473 123 14.809861 test
4 Q0 3123569 124 14.796334 test
4 Q0 3120848 125 14.744445 test
4 Q0 3120964 126 14.7401 test
4 Q0 3128059 127 14.739454 test
4 Q0 3121616 128 14.717484 test
4 Q0 3125279 129 14.702783 test
4 Q0 3128619 130 14.679852 test
4 Q0 3126713 131 14.67055 test
4 Q0 3129041 132 14.650565 test
4 Q0 3124713 133 14.645944 test
4 Q0 3123213 134 14.609887 test
4 Q0 3121000 135 14.597873 test
4 Q0 3127149 136 14.58959 test
4 Q0 3123174 137 14.589416 test
4 Q0 3131402 138 14.574075 test
4 Q0 3130681 139 14.557129 test
4 Q0 3128054 140 14.536639 test
4 Q0 3130983 141 14.53192 test
4 Q0 3123297 142 14.508263 test
4 Q0 3126821 143 14.457991 test
4 Q0 3129061 144 14.442064 test
4 Q0 3131281 145 14.429174 test
4 Q0 3131595 146 14.419011 test
4 Q0 3120790 147 14.416375 test
4 Q0 3124420 148 14.392921 test
4 Q0 3121722 149 14.38119 test
4 Q0 3128096 150 14.369098 test
4 Q0 3127999 151 14.351813 test
4 Q0 3125216 152 14.33787 test
4 Q0 3125277 153 14.325527 test
4 Q0 3129067 154 14.324732 test
4 Q0 3121654 155 14.3206215 test
4 Q0 3129100 156 14.298429 test
4 Q0 3129103 157 14.276263 test
4 Q0 3132200 158 14.268064 test
4 Q0 3120987 159 14.266608 test
4 Q0 3121061 160 14.247661 test
4 Q0 3125292 161 14.243923 test
4 Q0 3126695 162 14.216021 test
4 Q0 3132318 163 14.195004 test
4 Q0 3123316 164 14.183038 test
4 Q0 3132379 165 14.17614 test
4 Q0 3130698 166 14.17558 test
4 Q0 3124487 167 14.156319 test
4 Q0 3132323 168 14.155299 test
4 Q0 3123269 169 14.144044 test
4 Q0 3131766 170 14.12189 test
4 Q0 3126799 171 14.12166 test
4 Q0 3130982 172 14.109014 test
4 Q0 3125307 173 14.087383 test
4 Q0 3125102 174 14.070763 test
4 Q0 3124731 175 14.06624 test
4 Q0 3132598 176 14.059006 test
4 Q0 3124449 177 14.047053 test
4 Q0 3126844 178 13.982734 test
4 Q0 3131157 179 13.964675 test
4 Q0 3123603 180 13.961162 test
4 Q0 3124419 181 13.954777 test
4 Q0 3132743 182 13.948697 test
4 Q0 3123354 183 13.935662 test
4 Q0 3121612 184 13.926798 test
4 Q0 3123188 185 13.923703 test
4 Q0 3121761 186 13.908545 test
4 Q0 3128727 187 13.90655 test
4 Q0 3126711 188 13.89854 test
4 Q0 3121584 189 13.895502 test
4 Q0 3125108 190 13.869158 test
4 Q0 3128095 191 13.855746 test
4 Q0 3127678 192 13.852628 test
4 Q0 3127388 193 13.849184 test
4 Q0 3129577 194 13.846321 test
4 Q0 3130775 195 13.840498 test
4 Q0 3128610 196 13.831788 test
4 Q0 3122453 197 13.811168 test
4 Q0 3121652 198 13.802123 test
4 Q0 3132166 199 13.797271 test
4 Q0 3120832 200 13.791826 test
4 Q0 3127291 201 13.762207 test
4 Q0 3124123 202 13.709499 test
4 Q0 3120836 203 13.707147 test
4 Q0 3130373 204 13.702198 test
4 Q0 3123586 205 13.699335 test
4 Q0 3132509 206 13.6547575 test
4 Q0 3132746 207 13.653657 test
4 Q0 3120781 208 13.643209 test
4 Q0 3130666 209 13.642732 test
4 Q0 3124258 210 13.63719 test
4 Q0 3127317 211 13.631323 test
4 Q0 3121420 212 13.624675 test
4 Q0 3128895 213 13.610939 test
4 Q0 3123284 214 13.606758 test
4 Q0 3132721 215 13.582673 test
4 Q0 3125041 216 13.570095 test
4 Q0 3130978 217 13.535932 test
4 Q0 3121440 218 13.535617 test
4 Q0 3130729 219 13.516874 test
4 Q0 3123355 220 13.510991 test
4 Q0 3130800 221 13.501307 test
4 Q0 3127744 222 13.493308 test
4 Q0 3124525 223 13.488905 test
4 Q0 3128097 224 13.487628 test
4 Q0 3123852 225 13.469441 test
4 Q0 3129794 226 13.469304 test
4 Q0 3123647 227 13.459119 test
4 Q0 3128981 228 13.452704 test
4 Q0 3130267 229 13.449286 test
4 Q0 3132332 230 13.427757 test
4 Q0 3129965 231 13.406225 test
4 Q0 3132488 232 13.402081 test
4 Q0 3128978 233 13.381485 test
4 Q0 3120822 234 13.381138 test
4 Q0 3128590 235 13.373533 test
4 Q0 3127504 236 13.344518 test
4 Q0 3132176 237 13.340646 test
4 Q0 3132041 238 13.336266 test
4 Q0 3131302 239 13.334134 test
4 Q0 3126817 240 13.3186 test
4 Q0 3121665 241 13.308911 test
4 Q0 3124994 242 13.298338 test
4 Q0 3130050 243 13.298083 test
4 Q0 3132120 244 13.270232 test
4 Q0 3125191 245 13.2548275 test
4 Q0 3129340 246 13.238186 test
4 Q0 3122994 247 13.216994 test
4 Q0 3130702 248 13.210471 test
4 Q0 3131792 249 13.2019 test
4 Q0 3125286 250 13.167922 test
4 Q0 3125006 251 13.132977 test
4 Q0 3132541 252 13.127934 test
4 Q0 3125376 253 13.105488 test
4 Q0 3127520 254 13.098908 test
4 Q0 3121963 255 13.095269 test
4 Q0 3120973 256 13.093831 test
4 Q0 3131234 257 13.080153 test
4 Q0 3126719 258 13.054078 test
4 Q0 3122619 259 13.037357 test
4 Q0 3121443 260 13.020354 test
4 Q0 3126563 261 13.0134735 test
4 Q0 3121768 262 13.011646 test
4 Q0 3128938 263 12.985108 test
4 Q0 3125339 264 12.975852 test
4 Q0 3127131 265 12.975688 test
4 Q0 3127991 266 12.969786 test
4 Q0 3130745 267 12.950991 test
4 Q0 3121757 268 12.942937 test
4 Q0 3127320 269 12.938605 test
4 Q0 3132178 270 12.935048 test
4 Q0 3130285 271 12.910655 test
4 Q0 3130057 272 12.899124 test
4 Q0 3125215 273 12.880584 test
4 Q0 3126782 274 12.868415 test
4 Q0 3132467 275 12.864549 test
4 Q0 3131295 276 12.863488 test
4 Q0 3122985 277 12.851177 test
4 Q0 3131716 278 12.850945 test
4 Q0 3123340 279 12.834025 test
4 Q0 3125626 280 12.8235655 test
4 Q0 3128009 281 12.806133 test
4 Q0 3125033 282 12.79176 test
4 Q0 3121681 283 12.787773 test
4 Q0 3129315 284 12.780895 test
4 Q0 3128041 285 12.776616 test
4 Q0 3127008 286 12.764695 test
4 Q0 3120852 287 12.753573 test
4 Q0 3120868 288 12.736672 test
4 Q0 3130774 289 12.732933 test
4 Q0 3124323 290 12.729611 test
4 Q0 3129354 291 12.717192 test
4 Q0 3130750 292 12.710088 test
4 Q0 3124494 293 12.703233 test
4 Q0 3126224 294 12.702294 test
4 Q0 3127495 295 12.695401 test
4 Q0 3121069 296 12.690281 test
4 Q0 3121064 297 12.687296 test
4 Q0 3121756 298 12.6857395 test
4 Q0 3121650 299 12.6828985 test
4 Q0 3125702 300 12.677977 test
4 Q0 3127976 301 12.674346 test
4 Q0 3132368 302 12.6735525 test
4 Q0 3131123 303 12.67119 test
4 Q0 3121610 304 12.668745 test
4 Q0 3124417 305 12.654036 test
4 Q0 3123544 306 12.635623 test
4 Q0 3126780 307 12.630526 test
4 Q0 3127769 308 12.598657 test
4 Q0 3120749 309 12.5931225 test
4 Q0 3130744 310 12.590196 test
4 Q0 3120811 311 12.589231 test
4 Q0 3131269 312 12.587082 test
4 Q0 3128907 313 12.584104 test
4 Q0 3122119 314 12.575641 test
4 Q0 3128100 315 12.55853 test
4 Q0 3129964 316 12.534847 test
4 Q0 3126738 317 12.5344515 test
4 Q0 3125278 318 12.526825 test
4 Q0 3125276 319 12.519955 test
4 Q0 3130151 320 12.514627 test
4 Q0 3130733 321 12.507562 test
4 Q0 3131509 322 12.502024 test
4 Q0 3128267 323 12.489743 test
4 Q0 3130794 324 12.47734 test
4 Q0 3125121 325 12.468594 test
4 Q0 3124390 326 12.465379 test
4 Q0 3127810 327 12.459584 test
4 Q0 3131522 328 12.445991 test
4 Q0 3120846 329 12.440994 test
4 Q0 3130181 330 12.440826 test
4 Q0 3124553 331 12.427329 test
4 Q0 3121950 332 12.420594 test
4 Q0 3132124 333 12.419283 test
4 Q0 3121717 334 12.412593 test
4 Q0 3128887 335 12.401818 test
4 Q0 3121072 336 12.396264 test
4 Q0 3128033 337 12.393147 test
4 Q0 3123560 338 12.379939 test
4 Q0 3132014 339 12.377276 test
4 Q0 3130887 340 12.366002 test
4 Q0 3125101 341 12.346516 test
4 Q0 3120771 342 12.334107 test
4 Q0 3121120 343 12.320208 test
4 Q0 3131393 344 12.319151 test
4 Q0 3121653 345 12.318194 test
4 Q0 3124391 346 12.306541 test
4 Q0 3125274 347 12.30196 test
4 Q0 3132727 348 12.29052 test
4 Q0 3120787 349 12.2893 test
4 Q0 3127759 350 12.285649 test
4 Q0 3132048 351 12.2791 test
4 Q0 3130029 352 12.273392 test
4 Q0 3130645 353 12.255513 test
4 Q0 3123321 354 12.253066 test
4 Q0 3121788 355 12.22798 test
4 Q0 3123173 356 12.222059 test
4 Q0 3120833 357 12.220809 test
4 Q0 3129682 358 12.218881 test
4 Q0 3125392 359 12.203801 test
4 Q0 3124482 360 12.201417 test
4 Q0 3122553 361 12.200338 test
4 Q0 3124047 362 12.197644 test
4 Q0 3130907 363 12.195237 test
4 Q0 3121479 364 12.189715 test
4 Q0 3121737 365 12.187489 test
4 Q0 3123617 366 12.183655 test
4 Q0 3128843 367 12.164073 test
4 Q0 3128088 368 12.13063 test
4 Q0 3128091 369 12.130579 test
4 Q0 3129582 370 12.128248 test
4 Q0 3128090 371 12.126506 test
4 Q0 3131273 372 12.12436 test
4 Q0 3123294 373 12.1226225 test
4 Q0 3129352 374 12.11855 test
4 Q0 3128299 375 12.096636 test
4 Q0 3124528 376 12.086971 test
4 Q0 3125752 377 12.086846 test
4 Q0 3122560 378 12.073663 test
4 Q0 3120825 379 12.071636 test
4 Q0 3125362 380 12.069556 test
4 Q0 3132334 381 12.069426 test
4 Q0 3125223 382 12.068801 test
4 Q0 3126823 383 12.067987 test
4 Q0 3132643 384 12.058497 test
4 Q0 3128620 385 12.057141 test
4 Q0 3127841 386 12.047165 test
4 Q0 3125296 387 12.046637 test
4 Q0 3127808 388 12.041906 test
4 Q0 3129520 389 12.03059 test
4 Q0 3125736 390 12.016714 test
4 Q0 3127130 391 12.014225 test
4 Q0 3122538 392 12.013694 test
4 Q0 3125530 393 12.013041 test
4 Q0 3132678 394 12.006022 test
4 Q0 3128063 395 12.005314 test
4 Q0 3127956 396 11.996415 test
4 Q0 3131264 397 11.995273 test
4 Q0 3132127 398 11.987964 test
4 Q0 3132706 399 11.971389 test
4 Q0 3132055 400 11.969617 test
4 Q0 3121281 401 11.950333 test
4 Q0 3131246 402 11.948422 test
4 Q0 3120819 403 11.947409 test
4 Q0 3128079 404 11.932467 test
4 Q0 3132386 405 11.909987 test
4 Q0 3121230 406 11.905964 test
4 Q0 3128037 407 11.900445 test
4 Q0 3128082 408 11.898868 test
4 Q0 3124498 409 11.894251 test
4 Q0 3124516 410 11.887338 test
4 Q0 3132061 411 11.885665 test
4 Q0 3121288 412 11.884677 test
4 Q0 3125115 413 11.884115 test
4 Q0 3125757 414 11.883471 test
4 Q0 3123737 415 11.88252 test
4 Q0 3131984 416 11.879354 test
4 Q0 3128265 417 11.878769 test
4 Q0 3130191 418 11.876339 test
4 Q0 3120996 419 11.869806 test
4 Q0 3129345 420 11.86231 test
4 Q0 3132445 421 11.840782 test
4 Q0 3128942 422 11.836317 test
4 Q0 3130765 423 11.816746 test
4 Q0 3121596 424 11.815968 test
4 Q0 3124447 425 11.815907 test
4 Q0 3128076 426 11.796523 test
4 Q0 3129005 427 11.793866 test
4 Q0 3128906 428 11.793781 test
4 Q0 3132314 429 11.781917 test
4 Q0 3121704 430 11.770799 test
4 Q0 3128012 431 11.770242 test
4 Q0 3126712 432 11.767816 test
4 Q0 3128087 433 11.757219 test
4 Q0 3123281 434 11.74626 test
4 Q0 3131613 435 11.739441 test
4 Q0 3125644 436 11.722709 test
4 Q0 3125720 437 11.721599 test
4 Q0 3121738 438 11.715958 test
4 Q0 3120887 439 11.7134495 test
4 Q0 3131987 440 11.690477 test
4 Q0 3124140 441 11.658319 test
4 Q0 3131802 442 11.644994 test
4 Q0 3129355 443 11.637907 test
4 Q0 3125657 444 11.627956 test
4 Q0 3128099 445 11.624839 test
4 Q0 3131194 446 11.622039 test
4 Q0 3129309 447 11.620589 test
4 Q0 3130560 448 11.619253 test
4 Q0 3124472 449 11.60993 test
4 Q0 3127497 450 11.608917 test
4 Q0 3132708 451 11.6079035 test
4 Q0 3121740 452 11.606655 test
4 Q0 3124228 453 11.599629 test
4 Q0 3124931 454 11.596044 test
4 Q0 3124051 455 11.59344 test
4 Q0 3127996 456 11.593397 test
4 Q0 3124241 457 11.5929165 test
4 Q0 3125815 458 11.592313 test
4 Q0 3120866 459 11.592185 test
4 Q0 3132501 460 11.591762 test
4 Q0 3128022 461 11.58426 test
4 Q0 3129343 462 11.578053 test
4 Q0 3129969 463 11.575305 test
4 Q0 3128243 464 11.550294 test
4 Q0 3125780 465 11.546489 test
4 Q0 3130493 466 11.541201 test
4 Q0 3124261 467 11.534721 test
4 Q0 3123350 468 11.532615 test
4 Q0 3125318 469 11.531813 test
4 Q0 3125333 470 11.527911 test
4 Q0 3129007 471 11.520849 test
4 Q0 3130475 472 11.514319 test
4 Q0 3126766 473 11.509414 test
4 Q0 3125381 474 11.508618 test
4 Q0 3125297 475 11.506799 test
4 Q0 3124552 476 11.4988985 test
4 Q0 3123992 477 11.495595 test
4 Q0 3126905 478 11.492868 test
4 Q0 3121782 479 11.485703 test
4 Q0 3129053 480 11.480281 test
4 Q0 3121649 481 11.471925 test
4 Q0 3124728 482 11.459993 test
4 Q0 3124834 483 11.453011 test
4 Q0 3130785 484 11.4499035 test
4 Q0 3124992 485 11.4455 test
4 Q0 3127577 486 11.44515 test
4 Q0 3128089 487 11.437575 test
4 Q0 3123513 488 11.430304 test
4 Q0 3123882 489 11.428213 test
4 Q0 3128865 490 11.426112 test
4 Q0 3128602 491 11.421567 test
4 Q0 3132487 492 11.409324 test
4 Q0 3125074 493 11.400984 test
4 Q0 3121744 494 11.3984585 test
4 Q0 3131250 495 11.391162 test
4 Q0 3127014 496 11.390995 test
4 Q0 3123175 497 11.386227 test
4 Q0 3128931 498 11.3802 test
4 Q0 3120766 499 11.369513 test
4 Q0 3131773 500 11.367734 test
4 Q0 3121423 501 11.36733 test
4 Q0 3126818 502 11.3645525 test
4 Q0 3129318 503 11.353314 test
4 Q0 3120755 504 11.335538 test
4 Q0 3121695 505 11.324891 test
4 Q0 3122045 506 11.317159 test
4 Q0 3123332 507 11.307963 test
4 Q0 3132392 508 11.305759 test
4 Q0 3129534 509 11.303064 test
4 Q0 3121427 510 11.297711 test
4 Q0 3126805 511 11.297275 test
4 Q0 3131282 512 11.292366 test
4 Q0 3124505 513 11.289144 test
4 Q0 3125522 514 11.265342 test
4 Q0 3121736 515 11.256617 test
4 Q0 3126760 516 11.253005 test
4 Q0 3125380 517 11.249822 test
4 Q0 3127778 518 11.248013 test
4 Q0 3122085 519 11.234315 test
4 Q0 3131265 520 11.221542 test
4 Q0 3124527 521 11.220358 test
4 Q0 3121429 522 11.218301 test
4 Q0 3123349 523 11.218208 test
4 Q0 3130787 524 11.214686 test
4 Q0 3131717 525 11.210675 test
4 Q0 3132150 526 11.186945 test
4 Q0 3124055 527 11.184592 test
4 Q0 3120803 528 11.182927 test
4 Q0 3124345 529 11.169609 test
4 Q0 3121436 530 11.164661 test
4 Q0 3121282 531 11.161098 test
4 Q0 3125729 532 11.159161 test
4 Q0 3127401 533 11.157889 test
4 Q0 3121947 534 11.1531105 test
4 Q0 3128599 535 11.15271 test
4 Q0 3131049 536 11.149072 test
4 Q0 3129326 537 11.136782 test
4 Q0 3130699 538 11.125783 test
4 Q0 3121734 539 11.116212 test
4 Q0 3125028 540 11.1143265 test
4 Q0 3132217 541 11.110921 test
4 Q0 3124269 542 11.106274 test
4 Q0 3132776 543 11.093389 test
4 Q0 3125211 544 11.079485 test
4 Q0 3124732 545 11.074172 test
4 Q0 3130577 546 11.067372 test
4 Q0 3131301 547 11.062974 test
4 Q0 3121518 548 11.062096 test
4 Q0 3126845 549 11.059374 test
4 Q0 3128011 550 11.056809 test
4 Q0 3125266 551 11.049462 test
4 Q0 3125221 552 11.04526 test
4 Q0 3128101 553 11.04464 test
4 Q0 3120672 554 11.034501 test
4 Q0 3125341 555 11.033599 test
4 Q0 3125369 556 11.029543 test
4 Q0 3124435 557 11.025428 test
4 Q0 3125030 558 11.023343 test
4 Q0 3123183 559 11.02063 test
4 Q0 3124061 560 11.016919 test
4 Q0 3131591 561 11.0164795 test
4 Q0 3131697 562 11.009476 test
4 Q0 3121745 563 11.008918 test
4 Q0 3130730 564 11.006705 test
4 Q0 3123602 565 11.004732 test
4 Q0 3121265 566 10.998768 test
4 Q0 3131303 567 10.997693 test
4 Q0 3120761 568 10.997019 test
4 Q0 3128863 569 10.9938545 test
4 Q0 3127965 570 10.989292 test
4 Q0 3127515 571 10.983646 test
4 Q0 3130266 572 10.971754 test
4 Q0 3123832 573 10.960012 test
4 Q0 3121623 574 10.952149 test
4 Q0 3131298 575 10.951949 test
4 Q0 3129349 576 10.930025 test
4 Q0 3128036 577 10.927498 test
4 Q0 3120688 578 10.926508 test
4 Q0 3125955 579 10.922131 test
4 Q0 3128945 580 10.916934 test
4 Q0 3128206 581 10.908126 test
4 Q0 3124400 582 10.907467 test
4 Q0 3123644 583 10.903338 test
4 Q0 3132742 584 10.900994 test
4 Q0 3132443 585 10.892361 test
4 Q0 3127010 586 10.887974 test
4 Q0 3127151 587 10.887888 test
4 Q0 3130578 588 10.860082 test
4 Q0 3128111 589 10.853941 test
4 Q0 3132198 590 10.853488 test
4 Q0 3124725 591 10.849153 test
4 Q0 3129942 592 10.843548 test
4 Q0 3125004 593 10.841669 test
4 Q0 3123364 594 10.841358 test
4 Q0 3121651 595 10.835992 test
4 Q0 3120798 596 10.8293085 test
4 Q0 3128940 597 10.827261 test
4 Q0 3131118 598 10.826284 test
4 Q0 3123246 599 10.824238 test
4 Q0 3121428 600 10.821874 test
4 Q0 3128614 601 10.811981 test
4 Q0 3131388 602 10.81025 test
4 Q0 3129017 603 10.805771 test
4 Q0 3126783 604 10.802525 test
4 Q0 3121620 605 10.801535 test
4 Q0 3128581 606 10.796595 test
4 Q0 3128594 607 10.79072 test
4 Q0 3125317 608 10.789901 test
4 Q0 3121673 609 10.788771 test
4 Q0 3120731 610 10.786796 test
4 Q0 3132059 611 10.784798 test
4 Q0 3120888 612 10.776279 test
4 Q0 3128611 613 10.772116 test
4 Q0 3130189 614 10.760655 test
4 Q0 3129145 615 10.759917 test
4 Q0 3129038 616 10.756862 test
4 Q0 3123319 617 10.753374 test
4 Q0 3120760 618 10.74655 test
4 Q0 3125141 619 10.732991 test
4 Q0 3123585 620 10.726785 test
4 Q0 3128117 621 10.726469 test
4 Q0 3121095 622 10.723571 test
4 Q0 3122339 623 10.72334 test
4 Q0 3132343 624 10.722711 test
4 Q0 3130287 625 10.721099 test
4 Q0 3130791 626 10.7182 test
4 Q0 3125520 627 10.712603 test
4 Q0 3130024 628 10.707907 test
4 Q0 3125248 629 10.700478 test
4 Q0 3130731 630 10.698589 test
4 Q0 3121600 631 10.698519 test
4 Q0 3130909 632 10.696801 test
4 Q0 3127787 633 10.694403 test
4 Q0 3124464 634 10.691818 test
4 Q0 3128845 635 10.690001 test
4 Q0 3130281 636 10.68088 test
4 Q0 3124353 637 10.6749115 test
4 Q0 3132747 638 10.672257 test
4 Q0 3132039 639 10.670497 test
4 Q0 3129342 640 10.662945 test
4 Q0 3130190 641 10.641854 test
4 Q0 3120841 642 10.629932 test
4 Q0 3128103 643 10.627668 test
4 Q0 3124495 644 10.624273 test
4 Q0 3128695 645 10.618715 test
4 Q0 3124520 646 10.609415 test
4 Q0 3132024 647 10.600668 test
4 Q0 3130141 648 10.598023 test
4 Q0 3120806 649 10.590839 test
4 Q0 3124935 650 10.590009 test
4 Q0 3125343 651 10.574216 test
4 Q0 3130146 652 10.571491 test
4 Q0 3122770 653 10.569048 test
4 Q0 3131582 654 10.558981 test
4 Q0 3126791 655 10.558148 test
4 Q0 3125140 656 10.553636 test
4 Q0 3128464 657 10.552429 test
4 Q0 3131753 658 10.543191 test
4 Q0 3120727 659 10.541771 test
4 Q0 3125234 660 10.539342 test
4 Q0 3129663 661 10.536299 test
4 Q0 3129945 662 10.53233 test
4 Q0 3121339 663 10.530653 test
4 Q0 3124469 664 10.527524 test
4 Q0 3129018 665 10.521199 test
4 Q0 3126831 666 10.51354 test
4 Q0 3120735 667 10.508272 test
4 Q0 3125342 668 10.496959 test
4 Q0 3125802 669 10.495799 test
4 Q0 3130276 670 10.495431 test
4 Q0 3128003 671 10.492331 test
4 Q0 3128114 672 10.491563 test
4 Q0 3124489 673 10.485226 test
4 Q0 3130663 674 10.478414 test
4 Q0 3127344 675 10.478194 test
4 Q0 3120691 676 10.477843 test
4 Q0 3124049 677 10.475622 test
4 Q0 3131561 678 10.472228 test
4 Q0 3125768 679 10.472 test
4 Q0 3127121 680 10.471991 test
4 Q0 3125205 681 10.4640875 test
4 Q0 3128598 682 10.46301 test
4 Q0 3121753 683 10.453387 test
4 Q0 3120702 684 10.450483 test
4 Q0 3121633 685 10.442127 test
4 Q0 3130007 686 10.438935 test
4 Q0 3120745 687 10.433794 test
4 Q0 3132143 688 10.430606 test
4 Q0 3122062 689 10.424846 test
4 Q0 3131760 690 10.424766 test
4 Q0 3127849 691 10.423602 test
4 Q0 3120733 692 10.422928 test
4 Q0 3123623 693 10.420879 test
4 Q0 3131268 694 10.410344 test
4 Q0 3129641 695 10.407952 test
4 Q0 3130660 696 10.404653 test
4 Q0 3132735 697 10.403601 test
4 Q0 3124386 698 10.397631 test
4 Q0 3123820 699 10.3940935 test
4 Q0 3122093 700 10.391579 test
4 Q0 3124726 701 10.387538 test
4 Q0 3127135 702 10.383149 test
4 Q0 3128699 703 10.382244 test
4 Q0 3125305 704 10.371747 test
4 Q0 3131801 705 10.369709 test
4 Q0 3124674 706 10.367701 test
4 Q0 3123693 707 10.350575 test
4 Q0 3126773 708 10.340427 test
4 Q0 3127578 709 10.338881 test
4 Q0 3127103 710 10.328438 test
4 Q0 3124127 711 10.3279085 test
4 Q0 3121304 712 10.313889 test
4 Q0 3130920 713 10.308229 test
4 Q0 3128083 714 10.300199 test
4 Q0 3123467 715 10.296127 test
4 Q0 3125209 716 10.292389 test
4 Q0 3132017 717 10.29225 test
4 Q0 3132462 718 10.2905445 test
4 Q0 3129124 719 10.290431 test
4 Q0 3127012 720 10.2778635 test
4 Q0 3123296 721 10.277506 test
4 Q0 3129344 722 10.2755575 test
4 Q0 3129083 723 10.273851 test
4 Q0 3123515 724 10.269494 test
4 Q0 3131598 725 10.26852 test
4 Q0 3127144 726 10.264265 test
4 Q0 3130277 727 10.263719 test
4 Q0 3121631 728 10.256907 test
4 Q0 3123614 729 10.254278 test
4 Q0 3130171 730 10.248397 test
4 Q0 3132493 731 10.247434 test
4 Q0 3131150 732 10.244407 test
4 Q0 3132755 733 10.239613 test
4 Q0 3125357 734 10.23945 test
4 Q0 3130010 735 10.235569 test
4 Q0 3123814 736 10.227872 test
4 Q0 3125273 737 10.222056 test
4 Q0 3124426 738 10.221801 test
4 Q0 3130926 739 10.213176 test
4 Q0 3131526 740 10.204671 test
4 Q0 3131401 741 10.203939 test
4 Q0 3131395 742 10.202485 test
4 Q0 3132494 743 10.198741 test
4 Q0 3130585 744 10.198427 test
4 Q0 3128817 745 10.197278 test
4 Q0 3127772 746 10.196621 test
4 Q0 3124053 747 10.193685 test
4 Q0 3131507 748 10.183821 test
4 Q0 3124543 749 10.179385 test
4 Q0 3120851 750 10.17864 test
4 Q0 3125283 751 10.177127 test
4 Q0 3125718 752 10.17203 test
4 Q0 3123554 753 10.171706 test
4 Q0 3126808 754 10.16891 test
4 Q0 3125227 755 10.168758 test
4 Q0 3127152 756 10.166561 test
4 Q0 3132778 757 10.162764 test
4 Q0 3127811 758 10.161057 test
4 Q0 3125734 759 10.157222 test
4 Q0 3120805 760 10.155702 test
4 Q0 3128700 761 10.154952 test
4 Q0 3128608 762 10.152659 test
4 Q0 3124454 763 10.15251 test
4 Q0 3124848 764 10.143803 test
4 Q0 3129500 765 10.137748 test
4 Q0 3132421 766 10.132382 test
4 Q0 3127955 767 10.130174 test
4 Q0 3123300 768 10.128558 test
4 Q0 3121775 769 10.126536 test
4 Q0 3130472 770 10.1264715 test
4 Q0 3120732 771 10.125807 test
4 Q0 3123317 772 10.120944 test
4 Q0 3129592 773 10.118042 test
4 Q0 3122989 774 10.1178 test
4 Q0 3121059 775 10.116144 test
4 Q0 3131279 776 10.112865 test
4 Q0 3132460 777 10.112696 test
4 Q0 3121708 778 10.112584 test
4 Q0 3132448 779 10.107565 test
4 Q0 3130770 780 10.104673 test
4 Q0 3124329 781 10.104525 test
4 Q0 3121752 782 10.092984 test
4 Q0 3125344 783 10.08951 test
4 Q0 3124503 784 10.083717 test
4 Q0 3128128 785 10.082838 test
4 Q0 3124473 786 10.080909 test
4 Q0 3127826 787 10.078429 test
4 Q0 3130164 788 10.072107 test
4 Q0 3121762 789 10.0691 test
4 Q0 3124423 790 10.065509 test
4 Q0 3131299 791 10.057492 test
4 Q0 3121880 792 10.045848 test
4 Q0 3130792 793 10.044178 test
4 Q0 3122095 794 10.030331 test
4 Q0 3124488 795 10.026712 test
4 Q0 3128118 796 10.0231285 test
4 Q0 3122056 797 10.022492 test
4 Q0 3128121 798 10.021372 test
4 Q0 3125237 799 10.011984 test
4 Q0 3125371 800 10.001739 test
4 Q0 3121792 801 10.001487 test
4 Q0 3129116 802 9.990934 test
4 Q0 3129584 803 9.982024 test
4 Q0 3132419 804 9.9814825 test
4 Q0 3127296 805 9.980782 test
4 Q0 3132540 806 9.977269 test
4 Q0 3128108 807 9.974079 test
4 Q0 3129132 808 9.971681 test
4 Q0 3129080 809 9.969649 test
4 Q0 3127412 810 9.965783 test
4 Q0 3127766 811 9.965708 test
4 Q0 3127116 812 9.964529 test
4 Q0 3124550 813 9.9636545 test
4 Q0 3129947 814 9.953932 test
4 Q0 3127491 815 9.948279 test
4 Q0 3124397 816 9.94565 test
4 Q0 3130695 817 9.943503 test
4 Q0 3128946 818 9.9411745 test
4 Q0 3122231 819 9.938757 test
4 Q0 3120689 820 9.923083 test
4 Q0 3126759 821 9.916644 test
4 Q0 3127854 822 9.9154625 test
4 Q0 3128123 823 9.9151945 test
4 Q0 3128020 824 9.908694 test
4 Q0 3121743 825 9.90699 test
4 Q0 3123219 826 9.906891 test
4 Q0 3124982 827 9.904348 test
4 Q0 3130766 828 9.896417 test
4 Q0 3130283 829 9.89239 test
4 Q0 3130571 830 9.889895 test
4 Q0 3125208 831 9.88785 test
4 Q0 3132063 832 9.877687 test
4 Q0 3123620 833 9.869199 test
4 Q0 3129016 834 9.869106 test
4 Q0 3132732 835 9.864832 test
4 Q0 3129770 836 9.862298 test
4 Q0 3131579 837 9.861622 test
4 Q0 3132215 838 9.858908 test
4 Q0 3124439 839 9.8569145 test
4 Q0 3125809 840 9.854756 test
4 Q0 3121338 841 9.851383 test
4 Q0 3130037 842 9.850803 test
4 Q0 3132654 843 9.846833 test
4 Q0 3128605 844 9.838878 test
4 Q0 3126761 845 9.834662 test
4 Q0 3129756 846 9.816544 test
4 Q0 3128601 847 9.812464 test
4 Q0 3128902 848 9.811091 test
4 Q0 3129049 849 9.806023 test
4 Q0 3130790 850 9.801726 test
4 Q0 3128589 851 9.797906 test
4 Q0 3132513 852 9.794129 test
4 Q0 3127950 853 9.792842 test
4 Q0 3123289 854 9.792524 test
4 Q0 3120965 855 9.789651 test
4 Q0 3124975 856 9.785843 test
4 Q0 3132665 857 9.781832 test
4 Q0 3120882 858 9.781025 test
4 Q0 3123540 859 9.77914 test
4 Q0 3130358 860 9.778916 test
4 Q0 3123261 861 9.777654 test
4 Q0 3132757 862 9.775904 test
4 Q0 3128060 863 9.769293 test
4 Q0 3132125 864 9.766642 test
4 Q0 3121954 865 9.766546 test
4 Q0 3124892 866 9.761668 test
4 Q0 3125763 867 9.761557 test
4 Q0 3130193 868 9.760189 test
4 Q0 3127960 869 9.756667 test
4 Q0 3124254 870 9.751963 test
4 Q0 3123595 871 9.750307 test
4 Q0 3129589 872 9.744579 test
4 Q0 3128997 873 9.74296 test
4 Q0 3127995 874 9.738337 test
4 Q0 3122898 875 9.738285 test
4 Q0 3130931 876 9.7359915 test
4 Q0 3123359 877 9.727484 test
4 Q0 3123708 878 9.727154 test
4 Q0 3121074 879 9.7233515 test
4 Q0 3128607 880 9.720145 test
4 Q0 3130846 881 9.71413 test
4 Q0 3130903 882 9.714074 test
4 Q0 3121585 883 9.712587 test
4 Q0 3121800 884 9.7123375 test
4 Q0 3125151 885 9.71094 test
4 Q0 3122897 886 9.7106905 test
4 Q0 3120718 887 9.709742 test
4 Q0 3132641 888 9.70669 test
4 Q0 3125193 889 9.704849 test
4 Q0 3130357 890 9.696238 test
4 Q0 3127779 891 9.69351 test
4 Q0 3131514 892 9.691654 test
4 Q0 3130020 893 9.691273 test
4 Q0 3124437 894 9.690969 test
4 Q0 3130253 895 9.684646 test
4 Q0 3126825 896 9.682723 test
4 Q0 3123169 897 9.666082 test
4 Q0 3121588 898 9.652322 test
4 Q0 3131585 899 9.651853 test
4 Q0 3123635 900 9.642779 test
4 Q0 3130008 901 9.64237 test
4 Q0 3128852 902 9.638295 test
4 Q0 3130178 903 9.633815 test
4 Q0 3130466 904 9.628887 test
4 Q0 3130006 905 9.614648 test
4 Q0 3131677 906 9.60865 test
4 Q0 3131050 907 9.600086 test
4 Q0 3128975 908 9.594383 test
4 Q0 3124730 909 9.594263 test
4 Q0 3122099 910 9.59008 test
4 Q0 3123702 911 9.589621 test
4 Q0 3126706 912 9.587409 test
4 Q0 3121605 913 9.584779 test
4 Q0 3129096 914 9.582504 test
4 Q0 3132519 915 9.580169 test
4 Q0 3123588 916 9.578086 test
4 Q0 3129065 917 9.577741 test
4 Q0 3132226 918 9.577453 test
4 Q0 3125417 919 9.575068 test
4 Q0 3132754 920 9.572745 test
4 Q0 3126566 921 9.567607 test
4 Q0 3127838 922 9.566674 test
4 Q0 3124046 923 9.564061 test
4 Q0 3130893 924 9.563524 test
4 Q0 3124991 925 9.561512 test
4 Q0 3128116 926 9.5587015 test
4 Q0 3120722 927 9.558662 test
4 Q0 3123264 928 9.557547 test
4 Q0 3121125 929 9.5562105 test
4 Q0 3129046 930 9.548093 test
4 Q0 3129952 931 9.547041 test
4 Q0 3122530 932 9.546281 test
4 Q0 3123456 933 9.542924 test
4 Q0 3120983 934 9.537628 test
4 Q0 3132437 935 9.53457 test
4 Q0 3129022 936 9.532748 test
4 Q0 3132744 937 9.531481 test
4 Q0 3125516 938 9.529193 test
4 Q0 3129012 939 9.527135 test
4 Q0 3128263 940 9.526062 test
4 Q0 3130706 941 9.525188 test
4 Q0 3132364 942 9.524381 test
4 Q0 3123611 943 9.521298 test
4 Q0 3126176 944 9.520264 test
4 Q0 3123351 945 9.509067 test
4 Q0 3131297 946 9.50521 test
4 Q0 3125382 947 9.504478 test
4 Q0 3131583 948 9.504341 test
4 Q0 3121751 949 9.503466 test
4 Q0 3127833 950 9.502963 test
4 Q0 3124549 951 9.496672 test
4 Q0 3132034 952 9.496236 test
4 Q0 3132029 953 9.494405 test
4 Q0 3123306 954 9.492922 test
4 Q0 3128122 955 9.48552 test
4 Q0 3120786 956 9.482317 test
4 Q0 3124461 957 9.480983 test
4 Q0 3125745 958 9.480375 test
4 Q0 3126832 959 9.479866 test
4 Q0 3121598 960 9.479814 test
4 Q0 3132635 961 9.47616 test
4 Q0 3128073 962 9.469543 test
4 Q0 3124128 963 9.46925 test
4 Q0 3124551 964 9.466503 test
4 Q0 3122670 965 9.462509 test
4 Q0 3126826 966 9.458925 test
4 Q0 3127797 967 9.455624 test
4 Q0 3128363 968 9.454943 test
4 Q0 3121746 969 9.454854 test
4 Q0 3128860 970 9.450381 test
4 Q0 3121795 971 9.449888 test
4 Q0 3121758 972 9.449295 test
4 Q0 3130180 973 9.446249 test
4 Q0 3131431 974 9.4454155 test
4 Q0 3124446 975 9.443879 test
4 Q0 3128905 976 9.443847 test
4 Q0 3121739 977 9.44097 test
4 Q0 3131530 978 9.440163 test
4 Q0 3130166 979 9.438842 test
4 Q0 3131290 980 9.432429 test
4 Q0 3124292 981 9.43071 test
4 Q0 3131021 982 9.42502 test
4 Q0 3127418 983 9.416659 test
4 Q0 3122058 984 9.414561 test
4 Q0 3129110 985 9.410216 test
4 Q0 3120704 986 9.408011 test
4 Q0 3132370 987 9.406271 test
4 Q0 3123624 988 9.400363 test
4 Q0 3126781 989 9.39878 test
4 Q0 3132285 990 9.397012 test
4 Q0 3124285 991 9.395718 test
4 Q0 3121748 992 9.393764 test
4 Q0 3131284 993 9.389695 test
4 Q0 3130345 994 9.387566 test
4 Q0 3125031 995 9.385436 test
4 Q0 3124646 996 9.38094 test
4 Q0 3123706 997 9.378614 test
4 Q0 3128129 998 9.371575 test
4 Q0 3125120 999 9.3685665 test
4 Q0 3130568 1000 9.363953 test
5 Q0 3122545 1 33.953205 test
5 Q0 3129114 2 31.364153 test
5 Q0 3130647 3 30.539888 test
5 Q0 3126719 4 28.39568 test
5 Q0 3128896 5 28.315704 test
5 Q0 3132162 6 28.07261 test
5 Q0 3132698 7 27.16309 test
5 Q0 3131766 8 26.570137 test
5 Q0 3131130 9 26.279074 test
5 Q0 3122509 10 26.265743 test
5 Q0 3132501 11 26.089277 test
5 Q0 3129533 12 25.825838 test
5 Q0 3127492 13 25.79281 test
5 Q0 3127313 14 25.764643 test
5 Q0 3124193 15 25.748293 test
5 Q0 3120727 16 25.298403 test
5 Q0 3125033 17 25.147783 test
5 Q0 3124325 18 24.643011 test
5 Q0 3120855 19 24.475489 test
5 Q0 3131759 20 24.392136 test
5 Q0 3132325 21 24.352936 test
5 Q0 3127500 22 24.06943 test
5 Q0 3124465 23 23.99465 test
5 Q0 3132716 24 23.797512 test
5 Q0 3125005 25 23.58723 test
5 Q0 3132232 26 23.089201 test
5 Q0 3129068 27 22.755999 test
5 Q0 3124463 28 22.271145 test
5 Q0 3131777 29 22.199934 test
5 Q0 3132376 30 22.14343 test
5 Q0 3132091 31 22.077396 test
5 Q0 3129967 32 21.832348 test
5 Q0 3132123 33 21.77302 test
5 Q0 3123852 34 21.755808 test
5 Q0 3125004 35 21.732038 test
5 Q0 3121092 36 21.613861 test
5 Q0 3131284 37 21.610607 test
5 Q0 3126759 38 21.48533 test
5 Q0 3123212 39 21.33905 test
5 Q0 3123513 40 21.295725 test
5 Q0 3120792 41 21.282684 test
5 Q0 3126789 42 21.28066 test
5 Q0 3130466 43 21.273458 test
5 Q0 3129079 44 21.259014 test
5 Q0 3123700 45 21.227085 test
5 Q0 3122045 46 21.120754 test
5 Q0 3124731 47 21.041302 test
5 Q0 3132720 48 20.974722 test
5 Q0 3127497 49 20.924007 test
5 Q0 3125115 50 20.80283 test
5 Q0 3125277 51 20.797384 test
5 Q0 3124322 52 20.72534 test
5 Q0 3123558 53 20.607319 test
5 Q0 3132373 54 20.556211 test
5 Q0 3129960 55 20.539516 test
5 Q0 3120669 56 20.421913 test
5 Q0 3124275 57 20.418217 test
5 Q0 3121963 58 20.418058 test
5 Q0 3120684 59 20.315838 test
5 Q0 3123572 60 20.081121 test
5 Q0 3124326 61 20.042902 test
5 Q0 3122596 62 19.804504 test
5 Q0 3125011 63 19.785885 test
5 Q0 3120993 64 19.652979 test
5 Q0 3125279 65 19.63594 test
5 Q0 3128264 66 19.354122 test
5 Q0 3129104 67 19.312832 test
5 Q0 3126997 68 19.217287 test
5 Q0 3125363 69 19.1934 test
5 Q0 3130703 70 19.155554 test
5 Q0 3124226 71 19.01228 test
5 Q0 3125657 72 18.977623 test
5 Q0 3124933 73 18.971842 test
5 Q0 3130715 74 18.95175 test
5 Q0 3125364 75 18.934988 test
5 Q0 3125023 76 18.876608 test
5 Q0 3129759 77 18.844435 test
5 Q0 3131716 78 18.74802 test
5 Q0 3127496 79 18.746502 test
5 Q0 3125360 80 18.72784 test
5 Q0 3123249 81 18.723465 test
5 Q0 3130267 82 18.358953 test
5 Q0 3130373 83 18.338423 test
5 Q0 3123562 84 18.227491 test
5 Q0 3124886 85 18.21643 test
5 Q0 3126713 86 18.173388 test
5 Q0 3127310 87 18.08972 test
5 Q0 3120994 88 18.047386 test
5 Q0 3125330 89 17.953524 test
5 Q0 3125376 90 17.903158 test
5 Q0 3131509 91 17.842838 test
5 Q0 3127493 92 17.7982 test
5 Q0 3123282 93 17.779196 test
5 Q0 3129312 94 17.775063 test
5 Q0 3120871 95 17.52328 test
5 Q0 3124891 96 17.477846 test
5 Q0 3132663 97 17.460098 test
5 Q0 3127338 98 17.40563 test
5 Q0 3127755 99 17.400608 test
5 Q0 3130494 100 17.342215 test
5 Q0 3124454 101 17.32304 test
5 Q0 3132318 102 17.296463 test
5 Q0 3129133 103 17.245142 test
5 Q0 3122380 104 17.239754 test
5 Q0 3129754 105 17.176107 test
5 Q0 3123204 106 17.131886 test
5 Q0 3124992 107 17.131508 test
5 Q0 3132697 108 17.129442 test
5 Q0 3126760 109 17.066513 test
5 Q0 3129007 110 17.062529 test
5 Q0 3129122 111 17.018644 test
5 Q0 3122542 112 16.997925 test
5 Q0 3129763 113 16.95533 test
5 Q0 3125194 114 16.942188 test
5 Q0 3130464 115 16.935366 test
5 Q0 3121964 116 16.916443 test
5 Q0 3120758 117 16.880322 test
5 Q0 3130682 118 16.877468 test
5 Q0 3129096 119 16.852982 test
5 Q0 3131758 120 16.848238 test
5 Q0 3123269 121 16.820513 test
5 Q0 3126749 122 16.750483 test
5 Q0 3127306 123 16.69325 test
5 Q0 3129061 124 16.657228 test
5 Q0 3129082 125 16.656908 test
5 Q0 3123169 126 16.60037 test
5 Q0 3130261 127 16.49052 test
5 Q0 3127842 128 16.46118 test
5 Q0 3131797 129 16.450521 test
5 Q0 3127317 130 16.364656 test
5 Q0 3130672 131 16.339775 test
5 Q0 3125324 132 16.326662 test
5 Q0 3125362 133 16.312353 test
5 Q0 3123589 134 16.308483 test
5 Q0 3130360 135 16.298157 test
5 Q0 3124455 136 16.29335 test
5 Q0 3121129 137 16.278921 test
5 Q0 3126991 138 16.273289 test
5 Q0 3121733 139 16.272469 test
5 Q0 3123546 140 16.26071 test
5 Q0 3126796 141 16.259644 test
5 Q0 3132706 142 16.220873 test
5 Q0 3127315 143 16.219793 test
5 Q0 3126768 144 16.20964 test
5 Q0 3130929 145 16.169788 test
5 Q0 3128267 146 16.149654 test
5 Q0 3128722 147 16.146627 test
5 Q0 3128244 148 16.112885 test
5 Q0 3129354 149 16.098759 test
5 Q0 3132483 150 16.096464 test
5 Q0 3132331 151 16.056059 test
5 Q0 3124948 152 16.030622 test
5 Q0 3123250 153 15.9764805 test
5 Q0 3120968 154 15.973372 test
5 Q0 3129069 155 15.940611 test
5 Q0 3122987 156 15.917107 test
5 Q0 3129090 157 15.908936 test
5 Q0 3131243 158 15.905284 test
5 Q0 3131546 159 15.852352 test
5 Q0 3126766 160 15.851539 test
5 Q0 3126734 161 15.835159 test
5 Q0 3128129 162 15.828495 test
5 Q0 3125654 163 15.816201 test
5 Q0 3132130 164 15.751581 test
5 Q0 3121652 165 15.723011 test
5 Q0 3127678 166 15.707822 test
5 Q0 3121094 167 15.675142 test
5 Q0 3130685 168 15.648303 test
5 Q0 3123323 169 15.618151 test
5 Q0 3120733 170 15.612425 test
5 Q0 3132237 171 15.599983 test
5 Q0 3128842 172 15.584065 test
5 Q0 3121282 173 15.565193 test
5 Q0 3125239 174 15.547575 test
5 Q0 3129957 175 15.543511 test
5 Q0 3121093 176 15.489786 test
5 Q0 3121091 177 15.417161 test
5 Q0 3126563 178 15.349704 test
5 Q0 3122958 179 15.325856 test
5 Q0 3125527 180 15.324285 test
5 Q0 3132235 181 15.274744 test
5 Q0 3130281 182 15.262265 test
5 Q0 3130893 183 15.237381 test
5 Q0 3127308 184 15.230784 test
5 Q0 3130920 185 15.209451 test
5 Q0 3122584 186 15.186165 test
5 Q0 3123442 187 15.144958 test
5 Q0 3125542 188 15.142583 test
5 Q0 3125524 189 15.119349 test
5 Q0 3124461 190 15.076259 test
5 Q0 3125659 191 15.074835 test
5 Q0 3125648 192 15.061519 test
5 Q0 3126826 193 15.031001 test
5 Q0 3127520 194 15.026767 test
5 Q0 3126755 195 15.014089 test
5 Q0 3125392 196 15.013569 test
5 Q0 3127779 197 14.951309 test
5 Q0 3120989 198 14.940637 test
5 Q0 3132140 199 14.892219 test
5 Q0 3123207 200 14.856473 test
5 Q0 3122096 201 14.849598 test
5 Q0 3131705 202 14.830615 test
5 Q0 3121673 203 14.809569 test
5 Q0 3126989 204 14.79102 test
5 Q0 3129167 205 14.788756 test
5 Q0 3128826 206 14.767516 test
5 Q0 3121581 207 14.765388 test
5 Q0 3120735 208 14.762063 test
5 Q0 3123008 209 14.757169 test
5 Q0 3123279 210 14.740004 test
5 Q0 3127834 211 14.736864 test
5 Q0 3125347 212 14.729542 test
5 Q0 3120781 213 14.729373 test
5 Q0 3125278 214 14.726215 test
5 Q0 3120983 215 14.725176 test
5 Q0 3126745 216 14.713329 test
5 Q0 3122593 217 14.675566 test
5 Q0 3130667 218 14.628821 test
5 Q0 3127995 219 14.610943 test
5 Q0 3127958 220 14.545279 test
5 Q0 3121687 221 14.516438 test
5 Q0 3126176 222 14.502514 test
5 Q0 3131276 223 14.46848 test
5 Q0 3126714 224 14.465469 test
5 Q0 3123241 225 14.456571 test
5 Q0 3124965 226 14.455961 test
5 Q0 3131753 227 14.45295 test
5 Q0 3121264 228 14.439632 test
5 Q0 3130894 229 14.418853 test
5 Q0 3124272 230 14.413152 test
5 Q0 3128748 231 14.3924265 test
5 Q0 3130462 232 14.37276 test
5 Q0 3132542 233 14.354772 test
5 Q0 3129293 234 14.335029 test
5 Q0 3122500 235 14.3344755 test
5 Q0 3120681 236 14.326235 test
5 Q0 3126708 237 14.301638 test
5 Q0 3129342 238 14.275711 test
5 Q0 3121248 239 14.258388 test
5 Q0 3132675 240 14.2530985 test
5 Q0 3125065 241 14.237837 test
5 Q0 3124829 242 14.213214 test
5 Q0 3121674 243 14.155416 test
5 Q0 3122507 244 14.153988 test
5 Q0 3123350 245 14.129458 test
5 Q0 3130997 246 14.124769 test
5 Q0 3121095 247 14.119871 test
5 Q0 3129305 248 14.119597 test
5 Q0 3124140 249 14.115746 test
5 Q0 3121736 250 14.0983305 test
5 Q0 3130473 251 14.089827 test
5 Q0 3125334 252 14.063492 test
5 Q0 3132127 253 14.042035 test
5 Q0 3123544 254 14.031155 test
5 Q0 3130771 255 14.030789 test
5 Q0 3123235 256 14.025393 test
5 Q0 3130578 257 13.950711 test
5 Q0 3130719 258 13.889839 test
5 Q0 3128067 259 13.864304 test
5 Q0 3124261 260 13.855347 test
5 Q0 3132121 261 13.836737 test
5 Q0 3132053 262 13.812222 test
5 Q0 3123934 263 13.800396 test
5 Q0 3121680 264 13.794993 test
5 Q0 3124318 265 13.786709 test
5 Q0 3132429 266 13.770653 test
5 Q0 3123818 267 13.768511 test
5 Q0 3132316 268 13.682304 test
5 Q0 3121130 269 13.64608 test
5 Q0 3132693 270 13.643866 test
5 Q0 3129776 271 13.617862 test
5 Q0 3132682 272 13.591347 test
5 Q0 3132509 273 13.585932 test
5 Q0 3132375 274 13.570304 test
5 Q0 3132035 275 13.560792 test
5 Q0 3125064 276 13.552508 test
5 Q0 3125530 277 13.513811 test
5 Q0 3130922 278 13.492564 test
5 Q0 3126794 279 13.482579 test
5 Q0 3122583 280 13.479254 test
5 Q0 3124127 281 13.449812 test
5 Q0 3123064 282 13.443126 test
5 Q0 3125308 283 13.424315 test
5 Q0 3131031 284 13.36456 test
5 Q0 3124993 285 13.342187 test
5 Q0 3131125 286 13.330773 test
5 Q0 3132358 287 13.319745 test
5 Q0 3131050 288 13.31926 test
5 Q0 3132374 289 13.3125105 test
5 Q0 3128735 290 13.306629 test
5 Q0 3132670 291 13.304756 test
5 Q0 3128075 292 13.285727 test
5 Q0 3129309 293 13.27129 test
5 Q0 3122077 294 13.263235 test
5 Q0 3123259 295 13.252023 test
5 Q0 3123194 296 13.220251 test
5 Q0 3132610 297 13.190934 test
5 Q0 3125393 298 13.190599 test
5 Q0 3123164 299 13.189913 test
5 Q0 3127775 300 13.189428 test
5 Q0 3124475 301 13.1874485 test
5 Q0 3125036 302 13.17995 test
5 Q0 3120836 303 13.154893 test
5 Q0 3127953 304 13.127163 test
5 Q0 3120754 305 13.119277 test
5 Q0 3120724 306 13.10841 test
5 Q0 3130983 307 13.104181 test
5 Q0 3128041 308 13.094642 test
5 Q0 3129348 309 13.087635 test
5 Q0 3121069 310 13.082004 test
5 Q0 3123967 311 13.067304 test
5 Q0 3125002 312 13.063998 test
5 Q0 3129110 313 13.052387 test
5 Q0 3125062 314 13.034644 test
5 Q0 3121956 315 13.008764 test
5 Q0 3121267 316 12.989374 test
5 Q0 3120688 317 12.98647 test
5 Q0 3128084 318 12.975846 test
5 Q0 3126799 319 12.975818 test
5 Q0 3127808 320 12.967608 test
5 Q0 3124013 321 12.9610615 test
5 Q0 3130911 322 12.942024 test
5 Q0 3125037 323 12.907005 test
5 Q0 3124448 324 12.900752 test
5 Q0 3129761 325 12.898113 test
5 Q0 3127314 326 12.885701 test
5 Q0 3132059 327 12.875679 test
5 Q0 3121782 328 12.874605 test
5 Q0 3130468 329 12.869364 test
5 Q0 3130486 330 12.868777 test
5 Q0 3131151 331 12.867332 test
5 Q0 3122068 332 12.86146 test
5 Q0 3131281 333 12.858176 test
5 Q0 3128254 334 12.835342 test
5 Q0 3127796 335 12.828931 test
5 Q0 3125184 336 12.822089 test
5 Q0 3123560 337 12.808235 test
5 Q0 3121660 338 12.798017 test
5 Q0 3132048 339 12.797918 test
5 Q0 3125000 340 12.790988 test
5 Q0 3129356 341 12.785181 test
5 Q0 3132231 342 12.761494 test
5 Q0 3121951 343 12.737978 test
5 Q0 3127020 344 12.7345495 test
5 Q0 3121715 345 12.733581 test
5 Q0 3131395 346 12.721724 test
5 Q0 3120743 347 12.720475 test
5 Q0 3128615 348 12.665715 test
5 Q0 3124831 349 12.653235 test
5 Q0 3129169 350 12.632525 test
5 Q0 3131987 351 12.610118 test
5 Q0 3131251 352 12.6042385 test
5 Q0 3120728 353 12.594494 test
5 Q0 3125181 354 12.5920515 test
5 Q0 3123348 355 12.589833 test
5 Q0 3120793 356 12.588291 test
5 Q0 3124411 357 12.588139 test
5 Q0 3124269 358 12.578162 test
5 Q0 3125667 359 12.565781 test
5 Q0 3125108 360 12.558936 test
5 Q0 3127984 361 12.538083 test
5 Q0 3132240 362 12.530439 test
5 Q0 3131384 363 12.523711 test
5 Q0 3130650 364 12.473655 test
5 Q0 3128854 365 12.438315 test
5 Q0 3124550 366 12.431928 test
5 Q0 3127751 367 12.418914 test
5 Q0 3125179 368 12.416088 test
5 Q0 3126722 369 12.410532 test
5 Q0 3125215 370 12.398801 test
5 Q0 3123882 371 12.369627 test
5 Q0 3128846 372 12.3626 test
5 Q0 3128045 373 12.34957 test
5 Q0 3125158 374 12.343348 test
5 Q0 3127291 375 12.342687 test
5 Q0 3126996 376 12.321454 test
5 Q0 3126845 377 12.31935 test
5 Q0 3120832 378 12.318432 test
5 Q0 3124838 379 12.314251 test
5 Q0 3125066 380 12.31098 test
5 Q0 3128585 381 12.307087 test
5 Q0 3127781 382 12.300419 test
5 Q0 3132700 383 12.293975 test
5 Q0 3123001 384 12.226411 test
5 Q0 3124108 385 12.216865 test
5 Q0 3130291 386 12.183835 test
5 Q0 3127002 387 12.182724 test
5 Q0 3131773 388 12.164776 test
5 Q0 3123643 389 12.161966 test
5 Q0 3123823 390 12.150925 test
5 Q0 3127297 391 12.148437 test
5 Q0 3126742 392 12.136527 test
5 Q0 3122548 393 12.132332 test
5 Q0 3128036 394 12.12922 test
5 Q0 3120745 395 12.122273 test
5 Q0 3127311 396 12.117623 test
5 Q0 3123613 397 12.114258 test
5 Q0 3130768 398 12.100522 test
5 Q0 3131778 399 12.0856905 test
5 Q0 3132032 400 12.079281 test
5 Q0 3129774 401 12.059787 test
5 Q0 3121291 402 12.033909 test
5 Q0 3132680 403 12.027102 test
5 Q0 3125958 404 11.992075 test
5 Q0 3120978 405 11.992037 test
5 Q0 3124419 406 11.989474 test
5 Q0 3120812 407 11.981535 test
5 Q0 3125369 408 11.979045 test
5 Q0 3132493 409 11.955283 test
5 Q0 3132497 410 11.9493475 test
5 Q0 3123707 411 11.945708 test
5 Q0 3120680 412 11.924643 test
5 Q0 3123597 413 11.908731 test
5 Q0 3129299 414 11.899109 test
5 Q0 3126773 415 11.895298 test
5 Q0 3130995 416 11.8942795 test
5 Q0 3128135 417 11.891542 test
5 Q0 3130439 418 11.885573 test
5 Q0 3121755 419 11.870952 test
5 Q0 3125550 420 11.860645 test
5 Q0 3132379 421 11.853365 test
5 Q0 3121798 422 11.840391 test
5 Q0 3132681 423 11.831972 test
5 Q0 3129183 424 11.823518 test
5 Q0 3130750 425 11.819563 test
5 Q0 3125141 426 11.813748 test
5 Q0 3121941 427 11.81165 test
5 Q0 3124447 428 11.798515 test
5 Q0 3131280 429 11.791466 test
5 Q0 3124123 430 11.774328 test
5 Q0 3121528 431 11.761586 test
5 Q0 3121440 432 11.752977 test
5 Q0 3121738 433 11.751292 test
5 Q0 3127982 434 11.728755 test
5 Q0 3121007 435 11.727627 test
5 Q0 3132285 436 11.726256 test
5 Q0 3128608 437 11.725868 test
5 Q0 3130173 438 11.692081 test
5 Q0 3128032 439 11.667048 test
5 Q0 3124431 440 11.66677 test
5 Q0 3131401 441 11.652845 test
5 Q0 3121695 442 11.646583 test
5 Q0 3121128 443 11.638719 test
5 Q0 3127321 444 11.619392 test
5 Q0 3132439 445 11.618569 test
5 Q0 3122099 446 11.61045 test
5 Q0 3129129 447 11.609769 test
5 Q0 3122858 448 11.576703 test
5 Q0 3121251 449 11.574208 test
5 Q0 3131278 450 11.571509 test
5 Q0 3121616 451 11.564495 test
5 Q0 3126787 452 11.56205 test
5 Q0 3131117 453 11.547463 test
5 Q0 3130744 454 11.539957 test
5 Q0 3123578 455 11.525622 test
5 Q0 3125268 456 11.523296 test
5 Q0 3126341 457 11.522631 test
5 Q0 3131512 458 11.517685 test
5 Q0 3122546 459 11.51119 test
5 Q0 3132368 460 11.498354 test
5 Q0 3128119 461 11.488197 test
5 Q0 3120839 462 11.48011 test
5 Q0 3123195 463 11.479447 test
5 Q0 3126690 464 11.475995 test
5 Q0 3123307 465 11.46675 test
5 Q0 3120848 466 11.4157095 test
5 Q0 3126707 467 11.415574 test
5 Q0 3123629 468 11.415137 test
5 Q0 3123550 469 11.414792 test
5 Q0 3125379 470 11.390959 test
5 Q0 3121000 471 11.375866 test
5 Q0 3129325 472 11.370238 test
5 Q0 3130688 473 11.368602 test
5 Q0 3125961 474 11.337208 test
5 Q0 3130679 475 11.327838 test
5 Q0 3127495 476 11.31901 test
5 Q0 3124345 477 11.316388 test
5 Q0 3127969 478 11.312815 test
5 Q0 3123935 479 11.292974 test
5 Q0 3123618 480 11.290256 test
5 Q0 3121787 481 11.286313 test
5 Q0 3127800 482 11.285529 test
5 Q0 3120972 483 11.281242 test
5 Q0 3125736 484 11.273986 test
5 Q0 3131158 485 11.257956 test
5 Q0 3120686 486 11.252749 test
5 Q0 3121304 487 11.2493305 test
5 Q0 3121661 488 11.220611 test
5 Q0 3128001 489 11.218335 test
5 Q0 3127000 490 11.197194 test
5 Q0 3123628 491 11.184002 test
5 Q0 3128042 492 11.174495 test
5 Q0 3120976 493 11.172048 test
5 Q0 3123189 494 11.163471 test
5 Q0 3131525 495 11.146267 test
5 Q0 3125233 496 11.14519 test
5 Q0 3123963 497 11.138037 test
5 Q0 3128029 498 11.108374 test
5 Q0 3132499 499 11.10322 test
5 Q0 3123003 500 11.087169 test
5 Q0 3129953 501 11.081617 test
5 Q0 3131259 502 11.080463 test
5 Q0 3123632 503 11.078894 test
5 Q0 3123593 504 11.076071 test
5 Q0 3124483 505 11.065857 test
5 Q0 3122992 506 11.054367 test
5 Q0 3132234 507 11.051526 test
5 Q0 3124324 508 11.048616 test
5 Q0 3129535 509 11.043238 test
5 Q0 3126497 510 11.041748 test
5 Q0 3124994 511 11.02651 test
5 Q0 3129344 512 11.01311 test
5 Q0 3126502 513 11.003239 test
5 Q0 3123255 514 11.002776 test
5 Q0 3121607 515 11.000781 test
5 Q0 3128841 516 11.00078 test
5 Q0 3123586 517 11.000745 test
5 Q0 3125031 518 10.9997835 test
5 Q0 3130189 519 10.987684 test
5 Q0 3125027 520 10.973611 test
5 Q0 3128856 521 10.972455 test
5 Q0 3124458 522 10.969328 test
5 Q0 3130780 523 10.968687 test
5 Q0 3130276 524 10.966646 test
5 Q0 3131674 525 10.9504 test
5 Q0 3130037 526 10.944519 test
5 Q0 3124432 527 10.942614 test
5 Q0 3123705 528 10.923911 test
5 Q0 3130266 529 10.923847 test
5 Q0 3123520 530 10.923018 test
5 Q0 3132157 531 10.922498 test
5 Q0 3132540 532 10.915199 test
5 Q0 3125323 533 10.899169 test
5 Q0 3128070 534 10.898378 test
5 Q0 3124888 535 10.895588 test
5 Q0 3131545 536 10.885368 test
5 Q0 3131983 537 10.879328 test
5 Q0 3128726 538 10.87255 test
5 Q0 3132204 539 10.871386 test
5 Q0 3121727 540 10.861297 test
5 Q0 3131258 541 10.860768 test
5 Q0 3132024 542 10.857722 test
5 Q0 3120817 543 10.856113 test
5 Q0 3128929 544 10.817693 test
5 Q0 3124237 545 10.806938 test
5 Q0 3132431 546 10.785903 test
5 Q0 3124975 547 10.781656 test
5 Q0 3130736 548 10.778735 test
5 Q0 3128605 549 10.773361 test
5 Q0 3124495 550 10.7719755 test
5 Q0 3124259 551 10.771007 test
5 Q0 3128127 552 10.74158 test
5 Q0 3132205 553 10.732601 test
5 Q0 3132229 554 10.729125 test
5 Q0 3127499 555 10.715529 test
5 Q0 3125725 556 10.71359 test
5 Q0 3129757 557 10.712183 test
5 Q0 3128610 558 10.702479 test
5 Q0 3123744 559 10.68813 test
5 Q0 3123208 560 10.665359 test
5 Q0 3126778 561 10.66463 test
5 Q0 3120854 562 10.660518 test
5 Q0 3129758 563 10.655704 test
5 Q0 3121774 564 10.650547 test
5 Q0 3121335 565 10.647126 test
5 Q0 3129769 566 10.637968 test
5 Q0 3131751 567 10.632252 test
5 Q0 3132124 568 10.625748 test
5 Q0 3131025 569 10.625161 test
5 Q0 3128934 570 10.615367 test
5 Q0 3124491 571 10.612634 test
5 Q0 3128903 572 10.610099 test
5 Q0 3130670 573 10.605202 test
5 Q0 3130959 574 10.59213 test
5 Q0 3132176 575 10.583313 test
5 Q0 3121758 576 10.579684 test
5 Q0 3128931 577 10.578975 test
5 Q0 3125508 578 10.576029 test
5 Q0 3125105 579 10.570019 test
5 Q0 3125811 580 10.549922 test
5 Q0 3124241 581 10.547137 test
5 Q0 3126780 582 10.520204 test
5 Q0 3123210 583 10.518695 test
5 Q0 3121279 584 10.513086 test
5 Q0 3122339 585 10.5073 test
5 Q0 3132683 586 10.493236 test
5 Q0 3131560 587 10.481074 test
5 Q0 3125503 588 10.471637 test
5 Q0 3124016 589 10.470985 test
5 Q0 3120796 590 10.4606695 test
5 Q0 3130040 591 10.457588 test
5 Q0 3132346 592 10.450926 test
5 Q0 3128612 593 10.431698 test
5 Q0 3123911 594 10.430448 test
5 Q0 3128034 595 10.419304 test
5 Q0 3132364 596 10.418171 test
5 Q0 3123261 597 10.4058895 test
5 Q0 3130440 598 10.404866 test
5 Q0 3126721 599 10.3997755 test
5 Q0 3130706 600 10.398563 test
5 Q0 3130686 601 10.386877 test
5 Q0 3132518 602 10.382149 test
5 Q0 3129969 603 10.377493 test
5 Q0 3121135 604 10.374395 test
5 Q0 3121883 605 10.374117 test
5 Q0 3127794 606 10.372929 test
5 Q0 3132143 607 10.366038 test
5 Q0 3121268 608 10.365876 test
5 Q0 3130645 609 10.360022 test
5 Q0 3131388 610 10.357294 test
5 Q0 3127829 611 10.348947 test
5 Q0 3132722 612 10.346994 test
5 Q0 3123227 613 10.3374195 test
5 Q0 3131189 614 10.337061 test
5 Q0 3131724 615 10.321681 test
5 Q0 3129070 616 10.313812 test
5 Q0 3130728 617 10.299943 test
5 Q0 3127956 618 10.296602 test
5 Q0 3123639 619 10.292299 test
5 Q0 3132710 620 10.289411 test
5 Q0 3123557 621 10.289164 test
5 Q0 3121716 622 10.287985 test
5 Q0 3123172 623 10.271808 test
5 Q0 3126700 624 10.267526 test
5 Q0 3132751 625 10.266544 test
5 Q0 3121881 626 10.265422 test
5 Q0 3122898 627 10.261496 test
5 Q0 3132502 628 10.255642 test
5 Q0 3130636 629 10.253142 test
5 Q0 3126843 630 10.248136 test
5 Q0 3123183 631 10.242813 test
5 Q0 3124725 632 10.238882 test
5 Q0 3130460 633 10.237337 test
5 Q0 3130996 634 10.230793 test
5 Q0 3128947 635 10.230019 test
5 Q0 3127801 636 10.229074 test
5 Q0 3122560 637 10.22594 test
5 Q0 3126712 638 10.225499 test
5 Q0 3128887 639 10.225174 test
5 Q0 3128247 640 10.2181015 test
5 Q0 3121637 641 10.213404 test
5 Q0 3122996 642 10.208828 test
5 Q0 3130964 643 10.203174 test
5 Q0 3120880 644 10.201958 test
5 Q0 3132018 645 10.201863 test
5 Q0 3123294 646 10.196598 test
5 Q0 3131697 647 10.196075 test
5 Q0 3124137 648 10.188577 test
5 Q0 3120731 649 10.1817255 test
5 Q0 3130632 650 10.173705 test
5 Q0 3127385 651 10.168062 test
5 Q0 3123646 652 10.162561 test
5 Q0 3120677 653 10.153967 test
5 Q0 3123607 654 10.143174 test
5 Q0 3128058 655 10.139187 test
5 Q0 3128017 656 10.129555 test
5 Q0 3124497 657 10.128724 test
5 Q0 3121718 658 10.120396 test
5 Q0 3130559 659 10.119857 test
5 Q0 3120747 660 10.113731 test
5 Q0 3120865 661 10.110812 test
5 Q0 3130191 662 10.108326 test
5 Q0 3120740 663 10.10743 test
5 Q0 3132757 664 10.100796 test
5 Q0 3131725 665 10.089778 test
5 Q0 3126694 666 10.085815 test
5 Q0 3125292 667 10.082122 test
5 Q0 3124301 668 10.081883 test
5 Q0 3121685 669 10.080312 test
5 Q0 3123540 670 10.073727 test
5 Q0 3130286 671 10.070084 test
5 Q0 3124860 672 10.062881 test
5 Q0 3130747 673 10.055631 test
5 Q0 3123174 674 10.053301 test
5 Q0 3127854 675 10.048248 test
5 Q0 3132433 676 10.046284 test
5 Q0 3131255 677 10.033033 test
5 Q0 3131011 678 10.031749 test
5 Q0 3132696 679 10.016711 test
5 Q0 3130032 680 10.011947 test
5 Q0 3128326 681 10.009848 test
5 Q0 3121016 682 10.009452 test
5 Q0 3130635 683 10.005733 test
5 Q0 3130998 684 10.002131 test
5 Q0 3128243 685 9.999157 test
5 Q0 3121749 686 9.9941635 test
5 Q0 3132352 687 9.994016 test
5 Q0 3125750 688 9.991327 test
5 Q0 3132015 689 9.974207 test
5 Q0 3123262 690 9.965841 test
5 Q0 3130675 691 9.963077 test
5 Q0 3130709 692 9.959019 test
5 Q0 3130479 693 9.95797 test
5 Q0 3132050 694 9.951993 test
5 Q0 3123701 695 9.949602 test
5 Q0 3124460 696 9.942072 test
5 Q0 3122331 697 9.93977 test
5 Q0 3120887 698 9.934145 test
5 Q0 3129103 699 9.931849 test
5 Q0 3130925 700 9.927878 test
5 Q0 3120703 701 9.92035 test
5 Q0 3121659 702 9.91905 test
5 Q0 3120710 703 9.911619 test
5 Q0 3130362 704 9.911167 test
5 Q0 3132161 705 9.895222 test
5 Q0 3123340 706 9.893908 test
5 Q0 3132064 707 9.888858 test
5 Q0 3131273 708 9.882382 test
5 Q0 3123615 709 9.879784 test
5 Q0 3129367 710 9.875671 test
5 Q0 3129756 711 9.868346 test
5 Q0 3125516 712 9.857341 test
5 Q0 3130030 713 9.85649 test
5 Q0 3127153 714 9.852761 test
5 Q0 3132370 715 9.840816 test
5 Q0 3131038 716 9.840305 test
5 Q0 3121629 717 9.82937 test
5 Q0 3128607 718 9.829095 test
5 Q0 3124422 719 9.827092 test
5 Q0 3129587 720 9.823903 test
5 Q0 3131981 721 9.819512 test
5 Q0 3128858 722 9.818272 test
5 Q0 3132239 723 9.813913 test
5 Q0 3124391 724 9.811745 test
5 Q0 3131802 725 9.810851 test
5 Q0 3125812 726 9.808937 test
5 Q0 3128591 727 9.808426 test
5 Q0 3121137 728 9.808071 test
5 Q0 3129320 729 9.805896 test
5 Q0 3127743 730 9.805552 test
5 Q0 3120678 731 9.800948 test
5 Q0 3121714 732 9.792278 test
5 Q0 3132674 733 9.787635 test
5 Q0 3128866 734 9.781847 test
5 Q0 3132092 735 9.781567 test
5 Q0 3129590 736 9.777671 test
5 Q0 3121067 737 9.772035 test
5 Q0 3124235 738 9.771903 test
5 Q0 3132200 739 9.771695 test
5 Q0 3131748 740 9.767278 test
5 Q0 3131295 741 9.767238 test
5 Q0 3125660 742 9.764246 test
5 Q0 3125220 743 9.745991 test
5 Q0 3125203 744 9.743645 test
5 Q0 3130639 745 9.730286 test
5 Q0 3125513 746 9.72104 test
5 Q0 3132128 747 9.71783 test
5 Q0 3124051 748 9.717424 test
5 Q0 3129321 749 9.715834 test
5 Q0 3125039 750 9.7087145 test
5 Q0 3121615 751 9.706475 test
5 Q0 3125245 752 9.702284 test
5 Q0 3132774 753 9.70078 test
5 Q0 3126980 754 9.699452 test
5 Q0 3130493 755 9.698617 test
5 Q0 3128265 756 9.697546 test
5 Q0 3131302 757 9.697407 test
5 Q0 3125190 758 9.690536 test
5 Q0 3128097 759 9.684186 test
5 Q0 3127778 760 9.677433 test
5 Q0 3121682 761 9.6736355 test
5 Q0 3123907 762 9.672941 test
5 Q0 3131022 763 9.670298 test
5 Q0 3130674 764 9.669498 test
5 Q0 3128083 765 9.668398 test
5 Q0 3124494 766 9.66794 test
5 Q0 3128849 767 9.661511 test
5 Q0 3128014 768 9.661048 test
5 Q0 3123644 769 9.659532 test
5 Q0 3130699 770 9.659292 test
5 Q0 3124438 771 9.650308 test
5 Q0 3122880 772 9.64474 test
5 Q0 3130692 773 9.636174 test
5 Q0 3130978 774 9.634283 test
5 Q0 3127344 775 9.631983 test
5 Q0 3127357 776 9.618695 test
5 Q0 3131526 777 9.618675 test
5 Q0 3132041 778 9.618111 test
5 Q0 3125236 779 9.613616 test
5 Q0 3127376 780 9.610967 test
5 Q0 3130800 781 9.608716 test
5 Q0 3132150 782 9.604277 test
5 Q0 3120756 783 9.603507 test
5 Q0 3132771 784 9.601889 test
5 Q0 3123657 785 9.599639 test
5 Q0 3128054 786 9.597923 test
5 Q0 3123232 787 9.59621 test
5 Q0 3123461 788 9.59326 test
5 Q0 3124410 789 9.585039 test
5 Q0 3130909 790 9.579003 test
5 Q0 3121949 791 9.56908 test
5 Q0 3130648 792 9.557228 test
5 Q0 3127769 793 9.553811 test
5 Q0 3128746 794 9.546641 test
5 Q0 3132120 795 9.543705 test
5 Q0 3125337 796 9.534591 test
5 Q0 3130290 797 9.5323715 test
5 Q0 3131582 798 9.53159 test
5 Q0 3125786 799 9.526196 test
5 Q0 3130782 800 9.513258 test
5 Q0 3122073 801 9.51017 test
5 Q0 3127765 802 9.50571 test
5 Q0 3121265 803 9.501689 test
5 Q0 3126750 804 9.500873 test
5 Q0 3121717 805 9.495997 test
5 Q0 3132311 806 9.495987 test
5 Q0 3123190 807 9.492661 test
5 Q0 3132588 808 9.489172 test
5 Q0 3132390 809 9.487038 test
5 Q0 3121139 810 9.484864 test
5 Q0 3124248 811 9.472738 test
5 Q0 3126981 812 9.469159 test
5 Q0 3123649 813 9.469126 test
5 Q0 3130457 814 9.464578 test
5 Q0 3120866 815 9.455294 test
5 Q0 3130289 816 9.4521 test
5 Q0 3127312 817 9.451438 test
5 Q0 3121001 818 9.450622 test
5 Q0 3130345 819 9.450223 test
5 Q0 3120721 820 9.44796 test
5 Q0 3125304 821 9.440081 test
5 Q0 3130717 822 9.43883 test
5 Q0 3130028 823 9.43485 test
5 Q0 3125655 824 9.433789 test
5 Q0 3127761 825 9.432242 test
5 Q0 3128123 826 9.431066 test
5 Q0 3130577 827 9.427169 test
5 Q0 3132717 828 9.425405 test
5 Q0 3126823 829 9.422058 test
5 Q0 3129966 830 9.421004 test
5 Q0 3131434 831 9.42001 test
5 Q0 3125307 832 9.418647 test
5 Q0 3129105 833 9.418559 test
5 Q0 3130695 834 9.415963 test
5 Q0 3129075 835 9.407176 test
5 Q0 3125063 836 9.393694 test
5 Q0 3129775 837 9.386999 test
5 Q0 3130932 838 9.384314 test
5 Q0 3123171 839 9.372818 test
5 Q0 3130011 840 9.368537 test
5 Q0 3122163 841 9.365208 test
5 Q0 3127983 842 9.356701 test
5 Q0 3128118 843 9.356662 test
5 Q0 3120679 844 9.35545 test
5 Q0 3125120 845 9.351902 test
5 Q0 3128620 846 9.351193 test
5 Q0 3129095 847 9.349973 test
5 Q0 3123000 848 9.343002 test
5 Q0 3122550 849 9.341895 test
5 Q0 3128105 850 9.3341055 test
5 Q0 3130982 851 9.332825 test
5 Q0 3132217 852 9.332634 test
5 Q0 3125248 853 9.309325 test
5 Q0 3126514 854 9.303734 test
5 Q0 3127976 855 9.292223 test
5 Q0 3123316 856 9.280551 test
5 Q0 3128010 857 9.278719 test
5 Q0 3123173 858 9.275956 test
5 Q0 3123878 859 9.275332 test
5 Q0 3127966 860 9.273203 test
5 Q0 3130918 861 9.271288 test
5 Q0 3125205 862 9.271229 test
5 Q0 3124440 863 9.267125 test
5 Q0 3127852 864 9.26397 test
5 Q0 3126790 865 9.244447 test
5 Q0 3124442 866 9.237007 test
5 Q0 3126999 867 9.236723 test
5 Q0 3123580 868 9.236549 test
5 Q0 3132029 869 9.230597 test
5 Q0 3129671 870 9.226898 test
5 Q0 3131036 871 9.224447 test
5 Q0 3125189 872 9.218482 test
5 Q0 3129060 873 9.211617 test
5 Q0 3125385 874 9.209079 test
5 Q0 3130361 875 9.2084 test
5 Q0 3121340 876 9.192006 test
5 Q0 3130653 877 9.18939 test
5 Q0 3127835 878 9.187813 test
5 Q0 3121880 879 9.186839 test
5 Q0 3130257 880 9.169921 test
5 Q0 3121958 881 9.162736 test
5 Q0 3121788 882 9.162272 test
5 Q0 3127391 883 9.15963 test
5 Q0 3121789 884 9.147453 test
5 Q0 3132017 885 9.146985 test
5 Q0 3121875 886 9.144686 test
5 Q0 3129762 887 9.1363325 test
5 Q0 3125344 888 9.126293 test
5 Q0 3124546 889 9.120929 test
5 Q0 3123964 890 9.120463 test
5 Q0 3127378 891 9.112188 test
5 Q0 3126792 892 9.102997 test
5 Q0 3125305 893 9.10035 test
5 Q0 3126762 894 9.092165 test
5 Q0 3120799 895 9.092088 test
5 Q0 3131068 896 9.087222 test
5 Q0 3122511 897 9.077323 test
5 Q0 3125309 898 9.072454 test
5 Q0 3129666 899 9.072425 test
5 Q0 3123512 900 9.068436 test
5 Q0 3129117 901 9.063142 test
5 Q0 3129773 902 9.062984 test
5 Q0 3124125 903 9.059491 test
5 Q0 3130185 904 9.05783 test
5 Q0 3121600 905 9.057292 test
5 Q0 3130785 906 9.057284 test
5 Q0 3127578 907 9.056381 test
5 Q0 3122984 908 9.052439 test
5 Q0 3130280 909 9.047814 test
5 Q0 3124506 910 9.04631 test
5 Q0 3130022 911 9.044704 test
5 Q0 3132642 912 9.041317 test
5 Q0 3129013 913 9.039476 test
5 Q0 3120875 914 9.024085 test
5 Q0 3128412 915 9.023877 test
5 Q0 3127986 916 9.022963 test
5 Q0 3128847 917 9.01967 test
5 Q0 3127758 918 9.019516 test
5 Q0 3124453 919 9.017239 test
5 Q0 3123515 920 9.011296 test
5 Q0 3125322 921 9.008746 test
5 Q0 3131539 922 9.003868 test
5 Q0 3128930 923 9.001135 test
5 Q0 3125351 924 8.99387 test
5 Q0 3130805 925 8.991943 test
5 Q0 3123459 926 8.991061 test
5 Q0 3123187 927 8.990628 test
5 Q0 3121613 928 8.984878 test
5 Q0 3127382 929 8.982729 test
5 Q0 3121294 930 8.979856 test
5 Q0 3120776 931 8.972542 test
5 Q0 3124135 932 8.968145 test
5 Q0 3122124 933 8.963293 test
5 Q0 3122544 934 8.961989 test
5 Q0 3130916 935 8.961486 test
5 Q0 3129318 936 8.955491 test
5 Q0 3126739 937 8.953397 test
5 Q0 3124321 938 8.950928 test
5 Q0 3132715 939 8.946572 test
5 Q0 3123359 940 8.944765 test
5 Q0 3132324 941 8.943867 test
5 Q0 3128270 942 8.941364 test
5 Q0 3131587 943 8.936085 test
5 Q0 3126782 944 8.931736 test
5 Q0 3125731 945 8.917966 test
5 Q0 3125247 946 8.914998 test
5 Q0 3131791 947 8.912221 test
5 Q0 3124476 948 8.90502 test
5 Q0 3124327 949 8.904791 test
5 Q0 3130275 950 8.9047165 test
5 Q0 3125361 951 8.897289 test
5 Q0 3122599 952 8.890447 test
5 Q0 3123197 953 8.8865795 test
5 Q0 3124471 954 8.884414 test
5 Q0 3125956 955 8.882197 test
5 Q0 3125226 956 8.870388 test
5 Q0 3123598 957 8.868995 test
5 Q0 3132030 958 8.866918 test
5 Q0 3125509 959 8.863785 test
5 Q0 3132199 960 8.856292 test
5 Q0 3128700 961 8.855727 test
5 Q0 3122543 962 8.852027 test
5 Q0 3126846 963 8.8451 test
5 Q0 3122997 964 8.843393 test
5 Q0 3120828 965 8.842613 test
5 Q0 3122379 966 8.840873 test
5 Q0 3127686 967 8.840538 test
5 Q0 3130171 968 8.839795 test
5 Q0 3121973 969 8.838129 test
5 Q0 3121713 970 8.837132 test
5 Q0 3122980 971 8.836289 test
5 Q0 3130344 972 8.834063 test
5 Q0 3126798 973 8.827388 test
5 Q0 3127004 974 8.827085 test
5 Q0 3132043 975 8.823026 test
5 Q0 3123240 976 8.819978 test
5 Q0 3124674 977 8.816637 test
5 Q0 3124397 978 8.814456 test
5 Q0 3128827 979 8.813444 test
5 Q0 3128260 980 8.809341 test
5 Q0 3123317 981 8.8033085 test
5 Q0 3132541 982 8.792293 test
5 Q0 3130269 983 8.7916355 test
5 Q0 3127419 984 8.791455 test
5 Q0 3121761 985 8.777946 test
5 Q0 3123311 986 8.77666 test
5 Q0 3121795 987 8.775843 test
5 Q0 3122670 988 8.773479 test
5 Q0 3123681 989 8.766513 test
5 Q0 3125270 990 8.762571 test
5 Q0 3127968 991 8.759809 test
5 Q0 3128863 992 8.754433 test
5 Q0 3122118 993 8.746605 test
5 Q0 3131544 994 8.7454605 test
5 Q0 3125417 995 8.744814 test
5 Q0 3123702 996 8.743289 test
5 Q0 3120982 997 8.742432 test
5 Q0 3126803 998 8.738749 test
5 Q0 3122510 999 8.735424 test
5 Q0 3125502 1000 8.735393 test
6 Q0 3130996 1 25.075764 test
6 Q0 3129533 2 24.560167 test
6 Q0 3127500 3 23.60629 test
6 Q0 3125036 4 23.52804 test
6 Q0 3129114 5 22.792913 test
6 Q0 3125194 6 22.773792 test
6 Q0 3124465 7 22.642649 test
6 Q0 3130494 8 22.604551 test
6 Q0 3130672 9 21.49971 test
6 Q0 3129082 10 21.396198 test
6 Q0 3125062 11 21.358692 test
6 Q0 3129090 12 21.293701 test
6 Q0 3132663 13 21.230658 test
6 Q0 3130997 14 21.170975 test
6 Q0 3131766 15 21.16862 test
6 Q0 3124888 16 21.068787 test
6 Q0 3127842 17 21.034649 test
6 Q0 3127834 18 20.975937 test
6 Q0 3122380 19 20.766277 test
6 Q0 3129957 20 20.744116 test
6 Q0 3129070 21 20.72643 test
6 Q0 3132700 22 20.707315 test
6 Q0 3129069 23 20.574644 test
6 Q0 3132377 24 20.397427 test
6 Q0 3130457 25 20.314919 test
6 Q0 3125033 26 20.22688 test
6 Q0 3128041 27 20.14244 test
6 Q0 3125360 28 19.845678 test
6 Q0 3132497 29 19.787685 test
6 Q0 3124933 30 19.630789 test
6 Q0 3121091 31 19.619392 test
6 Q0 3125667 32 19.543238 test
6 Q0 3125361 33 19.531803 test
6 Q0 3127497 34 19.32112 test
6 Q0 3132121 35 19.148802 test
6 Q0 3128842 36 19.08472 test
6 Q0 3130998 37 18.836271 test
6 Q0 3130717 38 18.662317 test
6 Q0 3127492 39 18.513885 test
6 Q0 3128254 40 18.439651 test
6 Q0 3132483 41 18.25153 test
6 Q0 3126997 42 18.233822 test
6 Q0 3131522 43 18.209772 test
6 Q0 3120792 44 18.050268 test
6 Q0 3126840 45 17.983877 test
6 Q0 3128826 46 17.89974 test
6 Q0 3132418 47 17.876001 test
6 Q0 3123169 48 17.869616 test
6 Q0 3121248 49 17.845482 test
6 Q0 3125115 50 17.799105 test
6 Q0 3125363 51 17.75754 test
6 Q0 3124965 52 17.75279 test
6 Q0 3127493 53 17.738916 test
6 Q0 3124996 54 17.731134 test
6 Q0 3130373 55 17.646523 test
6 Q0 3125362 56 17.402636 test
6 Q0 3130636 57 17.259714 test
6 Q0 3124455 58 17.19576 test
6 Q0 3125324 59 17.183956 test
6 Q0 3132681 60 17.18043 test
6 Q0 3131758 61 17.157429 test
6 Q0 3123279 62 17.118513 test
6 Q0 3126760 63 17.029852 test
6 Q0 3124259 64 17.022783 test
6 Q0 3124836 65 16.980515 test
6 Q0 3123646 66 16.919394 test
6 Q0 3131127 67 16.775038 test
6 Q0 3130682 68 16.746489 test
6 Q0 3130894 69 16.735767 test
6 Q0 3122500 70 16.516829 test
6 Q0 3131984 71 16.5118 test
6 Q0 3124886 72 16.478779 test
6 Q0 3123544 73 16.394884 test
6 Q0 3123250 74 16.315107 test
6 Q0 3128129 75 16.301346 test
6 Q0 3132130 76 16.297663 test
6 Q0 3124994 77 16.230871 test
6 Q0 3125659 78 16.228167 test
6 Q0 3121093 79 16.214977 test
6 Q0 3126787 80 16.122858 test
6 Q0 3125063 81 16.020058 test
6 Q0 3124448 82 15.999332 test
6 Q0 3122987 83 15.91661 test
6 Q0 3132373 84 15.914955 test
6 Q0 3129129 85 15.826639 test
6 Q0 3132706 86 15.78144 test
6 Q0 3123823 87 15.775202 test
6 Q0 3123700 88 15.76115 test
6 Q0 3121956 89 15.71307 test
6 Q0 3125654 90 15.688872 test
6 Q0 3127298 91 15.544168 test
6 Q0 3130667 92 15.530383 test
6 Q0 3126987 93 15.51653 test
6 Q0 3123261 94 15.488889 test
6 Q0 3124140 95 15.480123 test
6 Q0 3132318 96 15.370616 test
6 Q0 3128593 97 15.360859 test
6 Q0 3130490 98 15.325745 test
6 Q0 3122092 99 15.314893 test
6 Q0 3121075 100 15.268649 test
6 Q0 3130976 101 15.23531 test
6 Q0 3121000 102 15.107071 test
6 Q0 3124325 103 15.105226 test
6 Q0 3131001 104 15.070846 test
6 Q0 3125061 105 15.0591135 test
6 Q0 3127765 106 15.037919 test
6 Q0 3132128 107 15.006358 test
6 Q0 3122997 108 14.993406 test
6 Q0 3123241 109 14.8998 test
6 Q0 3123211 110 14.892428 test
6 Q0 3124016 111 14.8692045 test
6 Q0 3129951 112 14.853527 test
6 Q0 3126707 113 14.8467245 test
6 Q0 3123560 114 14.842897 test
6 Q0 3121584 115 14.825705 test
6 Q0 3127738 116 14.805068 test
6 Q0 3124729 117 14.784021 test
6 Q0 3128735 118 14.772897 test
6 Q0 3124460 119 14.726713 test
6 Q0 3128902 120 14.6692505 test
6 Q0 3130893 121 14.64724 test
6 Q0 3125277 122 14.619454 test
6 Q0 3127311 123 14.588412 test
6 Q0 3122096 124 14.55886 test
6 Q0 3130650 125 14.52719 test
6 Q0 3132015 126 14.518257 test
6 Q0 3121094 127 14.469389 test
6 Q0 3125655 128 14.465126 test
6 Q0 3130464 129 14.449192 test
6 Q0 3126977 130 14.424644 test
6 Q0 3132276 131 14.422646 test
6 Q0 3129305 132 14.421302 test
6 Q0 3123513 133 14.417352 test
6 Q0 3127794 134 14.416349 test
6 Q0 3125058 135 14.409337 test
6 Q0 3129952 136 14.40428 test
6 Q0 3125958 137 14.40043 test
6 Q0 3127308 138 14.395531 test
6 Q0 3122992 139 14.371431 test
6 Q0 3125255 140 14.369356 test
6 Q0 3122593 141 14.366954 test
6 Q0 3126768 142 14.3417845 test
6 Q0 3126695 143 14.333152 test
6 Q0 3126991 144 14.296171 test
6 Q0 3124391 145 14.265666 test
6 Q0 3132091 146 14.245367 test
6 Q0 3127314 147 14.23995 test
6 Q0 3132698 148 14.224602 test
6 Q0 3120793 149 14.219235 test
6 Q0 3129083 150 14.209459 test
6 Q0 3122584 151 14.20475 test
6 Q0 3130920 152 14.204035 test
6 Q0 3128896 153 14.17272 test
6 Q0 3132237 154 14.156951 test
6 Q0 3123642 155 14.144832 test
6 Q0 3132235 156 14.144244 test
6 Q0 3127828 157 14.134296 test
6 Q0 3130995 158 14.111072 test
6 Q0 3124837 159 14.08417 test
6 Q0 3130578 160 14.045984 test
6 Q0 3125065 161 14.045834 test
6 Q0 3123703 162 14.008587 test
6 Q0 3125656 163 13.964023 test
6 Q0 3132316 164 13.95332 test
6 Q0 3127808 165 13.939618 test
6 Q0 3125253 166 13.925477 test
6 Q0 3124463 167 13.909093 test
6 Q0 3128858 168 13.8982 test
6 Q0 3125664 169 13.842851 test
6 Q0 3122587 170 13.834833 test
6 Q0 3130957 171 13.83328 test
6 Q0 3130982 172 13.754823 test
6 Q0 3121069 173 13.744264 test
6 Q0 3129132 174 13.730662 test
6 Q0 3128267 175 13.599099 test
6 Q0 3123639 176 13.574477 test
6 Q0 3126989 177 13.568187 test
6 Q0 3124225 178 13.558821 test
6 Q0 3132162 179 13.557915 test
6 Q0 3132338 180 13.5553 test
6 Q0 3123554 181 13.528766 test
6 Q0 3130466 182 13.481163 test
6 Q0 3129769 183 13.448589 test
6 Q0 3132090 184 13.443953 test
6 Q0 3131797 185 13.443141 test
6 Q0 3121656 186 13.41487 test
6 Q0 3131987 187 13.367801 test
6 Q0 3121291 188 13.331634 test
6 Q0 3123822 189 13.253924 test
6 Q0 3124123 190 13.226948 test
6 Q0 3126792 191 13.208322 test
6 Q0 3126711 192 13.180345 test
6 Q0 3124449 193 13.164609 test
6 Q0 3132392 194 13.1616 test
6 Q0 3128848 195 13.157119 test
6 Q0 3120733 196 13.1409025 test
6 Q0 3124324 197 13.091005 test
6 Q0 3121943 198 13.089962 test
6 Q0 3124275 199 13.063132 test
6 Q0 3124345 200 13.028481 test
6 Q0 3131985 201 13.0204115 test
6 Q0 3131050 202 12.999361 test
6 Q0 3127956 203 12.98528 test
6 Q0 3131115 204 12.984488 test
6 Q0 3123183 205 12.962615 test
6 Q0 3132476 206 12.962493 test
6 Q0 3125660 207 12.941917 test
6 Q0 3130929 208 12.937974 test
6 Q0 3125011 209 12.926393 test
6 Q0 3122071 210 12.835837 test
6 Q0 3127310 211 12.804952 test
6 Q0 3131757 212 12.768267 test
6 Q0 3127496 213 12.766161 test
6 Q0 3123589 214 12.755744 test
6 Q0 3123207 215 12.706664 test
6 Q0 3131791 216 12.687006 test
6 Q0 3124319 217 12.661019 test
6 Q0 3131249 218 12.649358 test
6 Q0 3129353 219 12.615218 test
6 Q0 3127995 220 12.561639 test
6 Q0 3132229 221 12.534363 test
6 Q0 3132448 222 12.5239525 test
6 Q0 3125002 223 12.509119 test
6 Q0 3128585 224 12.494841 test
6 Q0 3124860 225 12.491151 test
6 Q0 3123965 226 12.470631 test
6 Q0 3121673 227 12.4504385 test
6 Q0 3132670 228 12.436501 test
6 Q0 3123845 229 12.433385 test
6 Q0 3129763 230 12.432921 test
6 Q0 3122545 231 12.371392 test
6 Q0 3131760 232 12.3284855 test
6 Q0 3127002 233 12.323562 test
6 Q0 3122590 234 12.301688 test
6 Q0 3131546 235 12.27136 test
6 Q0 3132161 236 12.262806 test
6 Q0 3121755 237 12.254387 test
6 Q0 3125666 238 12.233344 test
6 Q0 3127300 239 12.230563 test
6 Q0 3122589 240 12.219493 test
6 Q0 3126745 241 12.214821 test
6 Q0 3128054 242 12.183583 test
6 Q0 3123701 243 12.171714 test
6 Q0 3131792 244 12.134146 test
6 Q0 3132119 245 12.12764 test
6 Q0 3129973 246 12.125514 test
6 Q0 3122507 247 12.109142 test
6 Q0 3130681 248 12.107367 test
6 Q0 3125645 249 12.098611 test
6 Q0 3132118 250 12.054334 test
6 Q0 3120820 251 12.032675 test
6 Q0 3129104 252 12.026396 test
6 Q0 3125031 253 11.970937 test
6 Q0 3121294 254 11.951127 test
6 Q0 3122091 255 11.94481 test
6 Q0 3127758 256 11.928384 test
6 Q0 3120998 257 11.926254 test
6 Q0 3123852 258 11.905688 test
6 Q0 3130635 259 11.870429 test
6 Q0 3122497 260 11.859782 test
6 Q0 3129964 261 11.852441 test
6 Q0 3132354 262 11.838412 test
6 Q0 3125279 263 11.814417 test
6 Q0 3132693 264 11.768456 test
6 Q0 3129125 265 11.755675 test
6 Q0 3125239 266 11.755243 test
6 Q0 3127967 267 11.754334 test
6 Q0 3131512 268 11.751865 test
6 Q0 3129962 269 11.74715 test
6 Q0 3130647 270 11.744889 test
6 Q0 3126831 271 11.735258 test
6 Q0 3126737 272 11.735098 test
6 Q0 3124266 273 11.712252 test
6 Q0 3122996 274 11.710961 test
6 Q0 3121674 275 11.702644 test
6 Q0 3123249 276 11.688735 test
6 Q0 3124318 277 11.681838 test
6 Q0 3127495 278 11.626019 test
6 Q0 3130661 279 11.611566 test
6 Q0 3132032 280 11.606585 test
6 Q0 3120756 281 11.585606 test
6 Q0 3131431 282 11.578478 test
6 Q0 3123255 283 11.555708 test
6 Q0 3131759 284 11.515371 test
6 Q0 3124454 285 11.506456 test
6 Q0 3127317 286 11.489744 test
6 Q0 3123009 287 11.484402 test
6 Q0 3125665 288 11.475917 test
6 Q0 3123296 289 11.471049 test
6 Q0 3121130 290 11.467187 test
6 Q0 3124322 291 11.454273 test
6 Q0 3128700 292 11.449975 test
6 Q0 3122905 293 11.446972 test
6 Q0 3131125 294 11.380035 test
6 Q0 3123636 295 11.365497 test
6 Q0 3132722 296 11.354193 test
6 Q0 3125661 297 11.352591 test
6 Q0 3132043 298 11.343624 test
6 Q0 3124462 299 11.333169 test
6 Q0 3124193 300 11.331424 test
6 Q0 3132283 301 11.313985 test
6 Q0 3125646 302 11.2928095 test
6 Q0 3120751 303 11.277929 test
6 Q0 3130903 304 11.277457 test
6 Q0 3125644 305 11.276593 test
6 Q0 3131509 306 11.276479 test
6 Q0 3132368 307 11.223722 test
6 Q0 3124289 308 11.202892 test
6 Q0 3132120 309 11.182034 test
6 Q0 3124461 310 11.1707735 test
6 Q0 3121964 311 11.162462 test
6 Q0 3132331 312 11.162427 test
6 Q0 3132447 313 11.121239 test
6 Q0 3129122 314 11.100387 test
6 Q0 3132720 315 11.05611 test
6 Q0 3129059 316 11.05386 test
6 Q0 3125150 317 11.053755 test
6 Q0 3130028 318 11.043876 test
6 Q0 3126780 319 11.028804 test
6 Q0 3131024 320 11.027116 test
6 Q0 3122599 321 11.022154 test
6 Q0 3124499 322 11.013531 test
6 Q0 3132049 323 11.001339 test
6 Q0 3120968 324 10.994638 test
6 Q0 3128855 325 10.980923 test
6 Q0 3132371 326 10.972112 test
6 Q0 3125663 327 10.9565935 test
6 Q0 3130670 328 10.955653 test
6 Q0 3127020 329 10.940239 test
6 Q0 3121424 330 10.926218 test
6 Q0 3129356 331 10.899304 test
6 Q0 3129063 332 10.899289 test
6 Q0 3130709 333 10.890576 test
6 Q0 3131981 334 10.868906 test
6 Q0 3131725 335 10.868703 test
6 Q0 3132364 336 10.849834 test
6 Q0 3130462 337 10.792975 test
6 Q0 3132493 338 10.761755 test
6 Q0 3125028 339 10.724035 test
6 Q0 3132053 340 10.718123 test
6 Q0 3121718 341 10.713896 test
6 Q0 3127383 342 10.702908 test
6 Q0 3129120 343 10.670959 test
6 Q0 3122548 344 10.640628 test
6 Q0 3127350 345 10.640478 test
6 Q0 3123194 346 10.626098 test
6 Q0 3125657 347 10.621679 test
6 Q0 3124241 348 10.616062 test
6 Q0 3125005 349 10.604545 test
6 Q0 3128847 350 10.603921 test
6 Q0 3123643 351 10.575971 test
6 Q0 3132122 352 10.562051 test
6 Q0 3131728 353 10.560571 test
6 Q0 3125000 354 10.549842 test
6 Q0 3123934 355 10.5379925 test
6 Q0 3129667 356 10.510453 test
6 Q0 3124732 357 10.462201 test
6 Q0 3121659 358 10.461358 test
6 Q0 3127964 359 10.45736 test
6 Q0 3129126 360 10.453622 test
6 Q0 3125647 361 10.400676 test
6 Q0 3123162 362 10.399902 test
6 Q0 3129577 363 10.394657 test
6 Q0 3131748 364 10.375584 test
6 Q0 3130153 365 10.351252 test
6 Q0 3123821 366 10.350841 test
6 Q0 3124141 367 10.32479 test
6 Q0 3126796 368 10.310563 test
6 Q0 3130577 369 10.307611 test
6 Q0 3124838 370 10.281805 test
6 Q0 3127315 371 10.279565 test
6 Q0 3125369 372 10.258588 test
6 Q0 3127744 373 10.2526245 test
6 Q0 3122163 374 10.232047 test
6 Q0 3123696 375 10.2265 test
6 Q0 3129330 376 10.2153225 test
6 Q0 3129345 377 10.188181 test
6 Q0 3120781 378 10.174707 test
6 Q0 3125334 379 10.173718 test
6 Q0 3124992 380 10.172395 test
6 Q0 3123294 381 10.171982 test
6 Q0 3123705 382 10.167773 test
6 Q0 3123963 383 10.161969 test
6 Q0 3132411 384 10.150677 test
6 Q0 3122088 385 10.132792 test
6 Q0 3130473 386 10.1209545 test
6 Q0 3124326 387 10.120634 test
6 Q0 3127982 388 10.118624 test
6 Q0 3123709 389 10.109641 test
6 Q0 3123706 390 10.105526 test
6 Q0 3121675 391 10.104436 test
6 Q0 3124991 392 10.085901 test
6 Q0 3121267 393 10.084148 test
6 Q0 3123269 394 10.082788 test
6 Q0 3130983 395 10.040628 test
6 Q0 3124248 396 10.036486 test
6 Q0 3124727 397 10.035529 test
6 Q0 3124458 398 10.026798 test
6 Q0 3123747 399 10.019885 test
6 Q0 3132127 400 10.0177355 test
6 Q0 3126742 401 10.0146 test
6 Q0 3124301 402 10.014341 test
6 Q0 3129118 403 10.010733 test
6 Q0 3132542 404 10.0040455 test
6 Q0 3132176 405 9.995249 test
6 Q0 3132311 406 9.978887 test
6 Q0 3129312 407 9.977906 test
6 Q0 3127762 408 9.943102 test
6 Q0 3124459 409 9.942238 test
6 Q0 3132421 410 9.938407 test
6 Q0 3123995 411 9.914766 test
6 Q0 3125034 412 9.898336 test
6 Q0 3130956 413 9.878939 test
6 Q0 3122958 414 9.868871 test
6 Q0 3130919 415 9.859641 test
6 Q0 3121652 416 9.858219 test
6 Q0 3122499 417 9.839358 test
6 Q0 3127801 418 9.83675 test
6 Q0 3123003 419 9.818266 test
6 Q0 3132376 420 9.808738 test
6 Q0 3128722 421 9.8000145 test
6 Q0 3129060 422 9.794756 test
6 Q0 3129761 423 9.781463 test
6 Q0 3124725 424 9.773812 test
6 Q0 3121768 425 9.760223 test
6 Q0 3130138 426 9.7485075 test
6 Q0 3126729 427 9.74819 test
6 Q0 3128742 428 9.740673 test
6 Q0 3132281 429 9.737146 test
6 Q0 3127305 430 9.736794 test
6 Q0 3124970 431 9.736046 test
6 Q0 3129061 432 9.735323 test
6 Q0 3120800 433 9.734913 test
6 Q0 3120871 434 9.71934 test
6 Q0 3132202 435 9.715826 test
6 Q0 3124330 436 9.712162 test
6 Q0 3131384 437 9.702384 test
6 Q0 3130912 438 9.682449 test
6 Q0 3125329 439 9.672856 test
6 Q0 3123638 440 9.660122 test
6 Q0 3122596 441 9.656952 test
6 Q0 3130342 442 9.633678 test
6 Q0 3127322 443 9.612495 test
6 Q0 3128257 444 9.60784 test
6 Q0 3125643 445 9.591482 test
6 Q0 3127829 446 9.5730915 test
6 Q0 3123659 447 9.570435 test
6 Q0 3125247 448 9.565807 test
6 Q0 3122502 449 9.564553 test
6 Q0 3123282 450 9.5515375 test
6 Q0 3124722 451 9.5409 test
6 Q0 3128264 452 9.520926 test
6 Q0 3125960 453 9.494379 test
6 Q0 3122903 454 9.481495 test
6 Q0 3124201 455 9.4777975 test
6 Q0 3123259 456 9.458303 test
6 Q0 3120678 457 9.457222 test
6 Q0 3124484 458 9.456867 test
6 Q0 3125308 459 9.455591 test
6 Q0 3130973 460 9.452897 test
6 Q0 3125283 461 9.452407 test
6 Q0 3125330 462 9.451236 test
6 Q0 3121658 463 9.446032 test
6 Q0 3132374 464 9.412254 test
6 Q0 3132240 465 9.3979435 test
6 Q0 3127806 466 9.384618 test
6 Q0 3130460 467 9.381462 test
6 Q0 3131584 468 9.379692 test
6 Q0 3127419 469 9.368213 test
6 Q0 3125001 470 9.364484 test
6 Q0 3128930 471 9.35473 test
6 Q0 3120683 472 9.347873 test
6 Q0 3120855 473 9.340241 test
6 Q0 3121129 474 9.333759 test
6 Q0 3126845 475 9.318592 test
6 Q0 3123010 476 9.307209 test
6 Q0 3127319 477 9.297273 test
6 Q0 3121335 478 9.291176 test
6 Q0 3120964 479 9.289646 test
6 Q0 3128076 480 9.282027 test
6 Q0 3124730 481 9.266434 test
6 Q0 3126748 482 9.263346 test
6 Q0 3132016 483 9.261165 test
6 Q0 3123694 484 9.2565975 test
6 Q0 3127303 485 9.248706 test
6 Q0 3129588 486 9.227658 test
6 Q0 3130006 487 9.221531 test
6 Q0 3123344 488 9.156768 test
6 Q0 3124643 489 9.151947 test
6 Q0 3132509 490 9.132421 test
6 Q0 3131124 491 9.117198 test
6 Q0 3121774 492 9.1162615 test
6 Q0 3128591 493 9.103325 test
6 Q0 3127499 494 9.091499 test
6 Q0 3132369 495 9.080085 test
6 Q0 3128746 496 9.07643 test
6 Q0 3123541 497 9.072529 test
6 Q0 3130136 498 9.068594 test
6 Q0 3131542 499 9.06495 test
6 Q0 3127323 500 9.048385 test
6 Q0 3120882 501 9.048019 test
6 Q0 3130278 502 9.04692 test
6 Q0 3132632 503 9.039512 test
6 Q0 3131723 504 9.0387745 test
6 Q0 3123585 505 9.036758 test
6 Q0 3132710 506 9.03666 test
6 Q0 3132521 507 9.035811 test
6 Q0 3129311 508 9.029516 test
6 Q0 3124424 509 8.991421 test
6 Q0 3124530 510 8.974116 test
6 Q0 3121955 511 8.967781 test
6 Q0 3127773 512 8.959761 test
6 Q0 3124135 513 8.950686 test
6 Q0 3124226 514 8.94355 test
6 Q0 3128724 515 8.910023 test
6 Q0 3123632 516 8.8827305 test
6 Q0 3130356 517 8.872541 test
6 Q0 3132481 518 8.858691 test
6 Q0 3124953 519 8.853203 test
6 Q0 3126699 520 8.850885 test
6 Q0 3123615 521 8.850633 test
6 Q0 3125218 522 8.849139 test
6 Q0 3126713 523 8.846264 test
6 Q0 3124423 524 8.845913 test
6 Q0 3127778 525 8.845464 test
6 Q0 3130911 526 8.845204 test
6 Q0 3131287 527 8.828183 test
6 Q0 3125736 528 8.82721 test
6 Q0 3121651 529 8.826973 test
6 Q0 3132610 530 8.816864 test
6 Q0 3127969 531 8.803975 test
6 Q0 3124507 532 8.799356 test
6 Q0 3132279 533 8.798294 test
6 Q0 3131250 534 8.787518 test
6 Q0 3132017 535 8.773299 test
6 Q0 3120994 536 8.773143 test
6 Q0 3129953 537 8.7703285 test
6 Q0 3121281 538 8.752027 test
6 Q0 3127803 539 8.748193 test
6 Q0 3123267 540 8.741839 test
6 Q0 3132160 541 8.741038 test
6 Q0 3127309 542 8.736059 test
6 Q0 3128133 543 8.733139 test
6 Q0 3131401 544 8.730465 test
6 Q0 3128843 545 8.728278 test
6 Q0 3121086 546 8.715668 test
6 Q0 3125364 547 8.715535 test
6 Q0 3128029 548 8.710465 test
6 Q0 3123911 549 8.707045 test
6 Q0 3124298 550 8.7070055 test
6 Q0 3132588 551 8.700119 test
6 Q0 3126771 552 8.698684 test
6 Q0 3123587 553 8.690277 test
6 Q0 3120755 554 8.683971 test
6 Q0 3121253 555 8.672044 test
6 Q0 3126980 556 8.66955 test
6 Q0 3123457 557 8.667878 test
6 Q0 3125006 558 8.664954 test
6 Q0 3127357 559 8.662515 test
6 Q0 3131525 560 8.651222 test
6 Q0 3125064 561 8.648571 test
6 Q0 3130468 562 8.647295 test
6 Q0 3127017 563 8.634326 test
6 Q0 3124495 564 8.631466 test
6 Q0 3124237 565 8.630248 test
6 Q0 3125008 566 8.626621 test
6 Q0 3127007 567 8.619121 test
6 Q0 3125389 568 8.606861 test
6 Q0 3120836 569 8.606247 test
6 Q0 3124858 570 8.60358 test
6 Q0 3127750 571 8.603434 test
6 Q0 3123607 572 8.599063 test
6 Q0 3132097 573 8.575104 test
6 Q0 3132721 574 8.574133 test
6 Q0 3125318 575 8.572313 test
6 Q0 3132363 576 8.566458 test
6 Q0 3122510 577 8.545771 test
6 Q0 3121728 578 8.537579 test
6 Q0 3128014 579 8.534233 test
6 Q0 3126829 580 8.530475 test
6 Q0 3124024 581 8.511721 test
6 Q0 3128120 582 8.502245 test
6 Q0 3120758 583 8.501384 test
6 Q0 3130666 584 8.50038 test
6 Q0 3132725 585 8.498223 test
6 Q0 3127353 586 8.482112 test
6 Q0 3123222 587 8.480154 test
6 Q0 3122901 588 8.479274 test
6 Q0 3129088 589 8.475486 test
6 Q0 3123548 590 8.473602 test
6 Q0 3126709 591 8.460025 test
6 Q0 3128259 592 8.45651 test
6 Q0 3121766 593 8.45518 test
6 Q0 3127844 594 8.446259 test
6 Q0 3130632 595 8.443477 test
6 Q0 3130475 596 8.441488 test
6 Q0 3126790 597 8.426716 test
6 Q0 3124639 598 8.425509 test
6 Q0 3130127 599 8.424945 test
6 Q0 3128748 600 8.421191 test
6 Q0 3132444 601 8.415935 test
6 Q0 3128701 602 8.415401 test
6 Q0 3131247 603 8.407139 test
6 Q0 3123228 604 8.40551 test
6 Q0 3125275 605 8.399405 test
6 Q0 3129762 606 8.382335 test
6 Q0 3131561 607 8.379996 test
6 Q0 3124232 608 8.369244 test
6 Q0 3129095 609 8.367081 test
6 Q0 3123187 610 8.343361 test
6 Q0 3131718 611 8.340674 test
6 Q0 3132056 612 8.33065 test
6 Q0 3130969 613 8.32917 test
6 Q0 3131982 614 8.322923 test
6 Q0 3121586 615 8.322418 test
6 Q0 3132343 616 8.295715 test
6 Q0 3122379 617 8.293722 test
6 Q0 3121615 618 8.293486 test
6 Q0 3125381 619 8.286773 test
6 Q0 3126983 620 8.278813 test
6 Q0 3132035 621 8.277871 test
6 Q0 3132486 622 8.264978 test
6 Q0 3121594 623 8.249889 test
6 Q0 3132129 624 8.248914 test
6 Q0 3132737 625 8.247285 test
6 Q0 3123210 626 8.241206 test
6 Q0 3124887 627 8.239195 test
6 Q0 3127852 628 8.229251 test
6 Q0 3122089 629 8.226813 test
6 Q0 3127997 630 8.225022 test
6 Q0 3122898 631 8.222138 test
6 Q0 3127385 632 8.220979 test
6 Q0 3132385 633 8.21893 test
6 Q0 3131751 634 8.209679 test
6 Q0 3124432 635 8.207771 test
6 Q0 3132038 636 8.202886 test
6 Q0 3132709 637 8.194989 test
6 Q0 3127832 638 8.185099 test
6 Q0 3127387 639 8.183989 test
6 Q0 3126759 640 8.181478 test
6 Q0 3124954 641 8.174558 test
6 Q0 3121767 642 8.171005 test
6 Q0 3121681 643 8.165149 test
6 Q0 3128905 644 8.16056 test
6 Q0 3123586 645 8.157346 test
6 Q0 3121059 646 8.13873 test
6 Q0 3121635 647 8.134287 test
6 Q0 3132370 648 8.13335 test
6 Q0 3123829 649 8.128165 test
6 Q0 3121657 650 8.126821 test
6 Q0 3127382 651 8.123358 test
6 Q0 3127991 652 8.121711 test
6 Q0 3120804 653 8.119971 test
6 Q0 3128723 654 8.114619 test
6 Q0 3125311 655 8.107898 test
6 Q0 3122084 656 8.086525 test
6 Q0 3123510 657 8.0782385 test
6 Q0 3123553 658 8.063254 test
6 Q0 3130467 659 8.054932 test
6 Q0 3129972 660 8.038679 test
6 Q0 3123907 661 8.032397 test
6 Q0 3125270 662 8.032155 test
6 Q0 3121668 663 8.031833 test
6 Q0 3121616 664 8.030796 test
6 Q0 3130791 665 8.028613 test
6 Q0 3128854 666 8.020627 test
6 Q0 3132692 667 8.017209 test
6 Q0 3130719 668 8.015718 test
6 Q0 3131126 669 7.995804 test
6 Q0 3131078 670 7.9894233 test
6 Q0 3123227 671 7.9854016 test
6 Q0 3121637 672 7.978754 test
6 Q0 3123213 673 7.962143 test
6 Q0 3127749 674 7.9593954 test
6 Q0 3130702 675 7.956885 test
6 Q0 3123818 676 7.952182 test
6 Q0 3121601 677 7.943512 test
6 Q0 3129055 678 7.9365907 test
6 Q0 3125662 679 7.935248 test
6 Q0 3121633 680 7.931821 test
6 Q0 3129759 681 7.9171643 test
6 Q0 3124321 682 7.914158 test
6 Q0 3131599 683 7.9124184 test
6 Q0 3129093 684 7.900662 test
6 Q0 3124065 685 7.895659 test
6 Q0 3124721 686 7.8936954 test
6 Q0 3124875 687 7.893177 test
6 Q0 3124431 688 7.8906803 test
6 Q0 3123658 689 7.880613 test
6 Q0 3124982 690 7.866818 test
6 Q0 3129028 691 7.8577886 test
6 Q0 3123229 692 7.845944 test
6 Q0 3125287 693 7.8382373 test
6 Q0 3129776 694 7.8325124 test
6 Q0 3123906 695 7.8324156 test
6 Q0 3125342 696 7.8308725 test
6 Q0 3127301 697 7.830606 test
6 Q0 3131081 698 7.822486 test
6 Q0 3121432 699 7.8076057 test
6 Q0 3130036 700 7.8001533 test
6 Q0 3130472 701 7.798486 test
6 Q0 3132751 702 7.7984366 test
6 Q0 3123657 703 7.788743 test
6 Q0 3126693 704 7.786667 test
6 Q0 3123702 705 7.7820277 test
6 Q0 3123301 706 7.7622046 test
6 Q0 3132201 707 7.75811 test
6 Q0 3131079 708 7.7495713 test
6 Q0 3130744 709 7.7481866 test
6 Q0 3122984 710 7.74625 test
6 Q0 3132050 711 7.739115 test
6 Q0 3130777 712 7.7331157 test
6 Q0 3121612 713 7.7256727 test
6 Q0 3131558 714 7.718861 test
6 Q0 3123580 715 7.717568 test
6 Q0 3127014 716 7.714953 test
6 Q0 3124831 717 7.711721 test
6 Q0 3124505 718 7.711501 test
6 Q0 3120886 719 7.7111397 test
6 Q0 3125550 720 7.707358 test
6 Q0 3128903 721 7.702112 test
6 Q0 3126694 722 7.70148 test
6 Q0 3120747 723 7.696868 test
6 Q0 3129103 724 7.689806 test
6 Q0 3126514 725 7.6887894 test
6 Q0 3127381 726 7.687725 test
6 Q0 3125392 727 7.6874967 test
6 Q0 3123820 728 7.672572 test
6 Q0 3129079 729 7.668245 test
6 Q0 3129641 730 7.6678596 test
6 Q0 3132236 731 7.665365 test
6 Q0 3128849 732 7.655778 test
6 Q0 3129068 733 7.654973 test
6 Q0 3132325 734 7.652058 test
6 Q0 3123178 735 7.651787 test
6 Q0 3124829 736 7.6508365 test
6 Q0 3124261 737 7.6403985 test
6 Q0 3127759 738 7.6351256 test
6 Q0 3132059 739 7.631741 test
6 Q0 3124412 740 7.6257167 test
6 Q0 3129344 741 7.6157684 test
6 Q0 3129013 742 7.615429 test
6 Q0 3127799 743 7.61209 test
6 Q0 3127354 744 7.6079555 test
6 Q0 3132358 745 7.5969996 test
6 Q0 3130488 746 7.5640893 test
6 Q0 3127391 747 7.563752 test
6 Q0 3123512 748 7.5537868 test
6 Q0 3132334 749 7.5439024 test
6 Q0 3123593 750 7.532778 test
6 Q0 3124287 751 7.5248346 test
6 Q0 3130961 752 7.519561 test
6 Q0 3130715 753 7.516535 test
6 Q0 3132351 754 7.516381 test
6 Q0 3128382 755 7.5151505 test
6 Q0 3120745 756 7.4999733 test
6 Q0 3121716 757 7.493239 test
6 Q0 3124935 758 7.4926634 test
6 Q0 3122334 759 7.492632 test
6 Q0 3123744 760 7.48766 test
6 Q0 3126998 761 7.4831076 test
6 Q0 3124027 762 7.4811335 test
6 Q0 3128270 763 7.4795785 test
6 Q0 3125023 764 7.4736156 test
6 Q0 3131800 765 7.459121 test
6 Q0 3123326 766 7.458113 test
6 Q0 3122511 767 7.451672 test
6 Q0 3127999 768 7.4514203 test
6 Q0 3128016 769 7.4460263 test
6 Q0 3127335 770 7.4421477 test
6 Q0 3125120 771 7.4404473 test
6 Q0 3124238 772 7.4392304 test
6 Q0 3129018 773 7.435391 test
6 Q0 3126755 774 7.4225917 test
6 Q0 3124421 775 7.421227 test
6 Q0 3128135 776 7.4211993 test
6 Q0 3121116 777 7.4211545 test
6 Q0 3126999 778 7.4160733 test
6 Q0 3129057 779 7.413846 test
6 Q0 3128608 780 7.412402 test
6 Q0 3130730 781 7.4109054 test
6 Q0 3128711 782 7.408201 test
6 Q0 3129576 783 7.4004607 test
6 Q0 3130361 784 7.387676 test
6 Q0 3129117 785 7.374629 test
6 Q0 3122372 786 7.370111 test
6 Q0 3132464 787 7.3694534 test
6 Q0 3128727 788 7.3648896 test
6 Q0 3127745 789 7.363503 test
6 Q0 3129974 790 7.3635015 test
6 Q0 3121088 791 7.3630786 test
6 Q0 3130771 792 7.359519 test
6 Q0 3123912 793 7.3578086 test
6 Q0 3123547 794 7.347748 test
6 Q0 3125291 795 7.344471 test
6 Q0 3123214 796 7.3442216 test
6 Q0 3121585 797 7.342614 test
6 Q0 3130928 798 7.340388 test
6 Q0 3121951 799 7.335296 test
6 Q0 3120736 800 7.329812 test
6 Q0 3120996 801 7.3275194 test
6 Q0 3131288 802 7.322894 test
6 Q0 3124410 803 7.321382 test
6 Q0 3121582 804 7.319317 test
6 Q0 3124447 805 7.317742 test
6 Q0 3120681 806 7.311002 test
6 Q0 3125181 807 7.309222 test
6 Q0 3125648 808 7.302346 test
6 Q0 3128857 809 7.2880683 test
6 Q0 3128017 810 7.28659 test
6 Q0 3122086 811 7.286028 test
6 Q0 3131588 812 7.2857904 test
6 Q0 3127835 813 7.2848682 test
6 Q0 3121296 814 7.284126 test
6 Q0 3120989 815 7.280934 test
6 Q0 3124832 816 7.279789 test
6 Q0 3124044 817 7.2762475 test
6 Q0 3124543 818 7.2732334 test
6 Q0 3123219 819 7.2702546 test
6 Q0 3121600 820 7.265521 test
6 Q0 3131756 821 7.265188 test
6 Q0 3128000 822 7.261357 test
6 Q0 3130658 823 7.2590528 test
6 Q0 3121334 824 7.2588673 test
6 Q0 3132593 825 7.256412 test
6 Q0 3122506 826 7.250603 test
6 Q0 3125508 827 7.247037 test
6 Q0 3128127 828 7.243936 test
6 Q0 3132231 829 7.242827 test
6 Q0 3130344 830 7.240655 test
6 Q0 3130679 831 7.239467 test
6 Q0 3124029 832 7.2386684 test
6 Q0 3128091 833 7.2381425 test
6 Q0 3124645 834 7.230829 test
6 Q0 3128817 835 7.218945 test
6 Q0 3125266 836 7.218495 test
6 Q0 3128134 837 7.218173 test
6 Q0 3125700 838 7.2131805 test
6 Q0 3122994 839 7.21316 test
6 Q0 3120984 840 7.2090683 test
6 Q0 3122560 841 7.2023416 test
6 Q0 3130959 842 7.1992745 test
6 Q0 3121056 843 7.1987057 test
6 Q0 3132691 844 7.1955714 test
6 Q0 3131097 845 7.1946807 test
6 Q0 3127781 846 7.192454 test
6 Q0 3131716 847 7.177863 test
6 Q0 3131283 848 7.172302 test
6 Q0 3123558 849 7.1628537 test
6 Q0 3124642 850 7.1545625 test
6 Q0 3132359 851 7.1488166 test
6 Q0 3121715 852 7.1457286 test
6 Q0 3125320 853 7.1375127 test
6 Q0 3130469 854 7.137424 test
6 Q0 3125103 855 7.134075 test
6 Q0 3123268 856 7.1209393 test
6 Q0 3123708 857 7.1204877 test
6 Q0 3122093 858 7.1176634 test
6 Q0 3121731 859 7.1167974 test
6 Q0 3122103 860 7.1112857 test
6 Q0 3130440 861 7.106933 test
6 Q0 3122094 862 7.1061916 test
6 Q0 3120827 863 7.103833 test
6 Q0 3125201 864 7.101582 test
6 Q0 3130975 865 7.1013293 test
6 Q0 3125250 866 7.1002884 test
6 Q0 3121660 867 7.0999928 test
6 Q0 3125190 868 7.0981865 test
6 Q0 3127146 869 7.095532 test
6 Q0 3128001 870 7.089302 test
6 Q0 3126735 871 7.089073 test
6 Q0 3128323 872 7.0874305 test
6 Q0 3128071 873 7.0836544 test
6 Q0 3130485 874 7.0823193 test
6 Q0 3123736 875 7.0687346 test
6 Q0 3129039 876 7.059166 test
6 Q0 3131604 877 7.054733 test
6 Q0 3125351 878 7.053853 test
6 Q0 3123340 879 7.045377 test
6 Q0 3128901 880 7.0400944 test
6 Q0 3125347 881 7.0316176 test
6 Q0 3132697 882 7.0268703 test
6 Q0 3130439 883 7.026522 test
6 Q0 3129094 884 7.0248284 test
6 Q0 3127290 885 7.0239205 test
6 Q0 3124320 886 7.0112185 test
6 Q0 3128625 887 7.010266 test
6 Q0 3129945 888 7.00644 test
6 Q0 3121420 889 6.9928107 test
6 Q0 3120769 890 6.9915934 test
6 Q0 3125233 891 6.991255 test
6 Q0 3127760 892 6.9909873 test
6 Q0 3132642 893 6.9854283 test
6 Q0 3123170 894 6.974007 test
6 Q0 3131259 895 6.973705 test
6 Q0 3126777 896 6.969218 test
6 Q0 3120975 897 6.966873 test
6 Q0 3127398 898 6.9643097 test
6 Q0 3130179 899 6.9640627 test
6 Q0 3121607 900 6.959394 test
6 Q0 3132711 901 6.9566536 test
6 Q0 3121644 902 6.9561763 test
6 Q0 3131524 903 6.9559107 test
6 Q0 3124273 904 6.9545474 test
6 Q0 3130972 905 6.950367 test
6 Q0 3132694 906 6.9454947 test
6 Q0 3132528 907 6.9420733 test
6 Q0 3127296 908 6.9403524 test
6 Q0 3125304 909 6.9321804 test
6 Q0 3130932 910 6.923454 test
6 Q0 3130794 911 6.903826 test
6 Q0 3125516 912 6.898029 test
6 Q0 3127122 913 6.8962464 test
6 Q0 3123559 914 6.894193 test
6 Q0 3121074 915 6.891237 test
6 Q0 3132488 916 6.8765965 test
6 Q0 3121636 917 6.8755703 test
6 Q0 3122099 918 6.875062 test
6 Q0 3120773 919 6.874688 test
6 Q0 3128266 920 6.867582 test
6 Q0 3127008 921 6.864191 test
6 Q0 3127152 922 6.8639207 test
6 Q0 3128116 923 6.859509 test
6 Q0 3122670 924 6.856808 test
6 Q0 3120851 925 6.856314 test
6 Q0 3130675 926 6.8534045 test
6 Q0 3124253 927 6.853282 test
6 Q0 3124264 928 6.852895 test
6 Q0 3120766 929 6.8528237 test
6 Q0 3132431 930 6.8515058 test
6 Q0 3121723 931 6.848791 test
6 Q0 3130747 932 6.846177 test
6 Q0 3123002 933 6.833668 test
6 Q0 3131009 934 6.821947 test
6 Q0 3123628 935 6.808233 test
6 Q0 3127807 936 6.807546 test
6 Q0 3132608 937 6.8041983 test
6 Q0 3129774 938 6.7986603 test
6 Q0 3127326 939 6.7977967 test
6 Q0 3131537 940 6.79555 test
6 Q0 3129078 941 6.7910175 test
6 Q0 3131192 942 6.7862735 test
6 Q0 3132125 943 6.786146 test
6 Q0 3130113 944 6.7855377 test
6 Q0 3125226 945 6.777832 test
6 Q0 3125144 946 6.7635984 test
6 Q0 3123271 947 6.763327 test
6 Q0 3132095 948 6.761821 test
6 Q0 3121095 949 6.7596183 test
6 Q0 3121108 950 6.753331 test
6 Q0 3121680 951 6.748538 test
6 Q0 3123165 952 6.747233 test
6 Q0 3130781 953 6.743783 test
6 Q0 3124327 954 6.7423677 test
6 Q0 3132410 955 6.7398744 test
6 Q0 3132277 956 6.7385526 test
6 Q0 3129756 957 6.7382207 test
6 Q0 3129581 958 6.732228 test
6 Q0 3125222 959 6.721292 test
6 Q0 3125209 960 6.713658 test
6 Q0 3123190 961 6.709875 test
6 Q0 3128702 962 6.707779 test
6 Q0 3126812 963 6.7017155 test
6 Q0 3132353 964 6.699047 test
6 Q0 3127004 965 6.697636 test
6 Q0 3124394 966 6.6828914 test
6 Q0 3132695 967 6.6827073 test
6 Q0 3122544 968 6.6823206 test
6 Q0 3130933 969 6.6790347 test
6 Q0 3127739 970 6.668847 test
6 Q0 3121661 971 6.668726 test
6 Q0 3122766 972 6.6678925 test
6 Q0 3121061 973 6.666496 test
6 Q0 3123209 974 6.6654634 test
6 Q0 3123964 975 6.665367 test
6 Q0 3120795 976 6.653028 test
6 Q0 3121085 977 6.65104 test
6 Q0 3125223 978 6.6472597 test
6 Q0 3125513 979 6.6449823 test
6 Q0 3124286 980 6.643158 test
6 Q0 3132393 981 6.643119 test
6 Q0 3120771 982 6.6423273 test
6 Q0 3130659 983 6.642064 test
6 Q0 3128258 984 6.631025 test
6 Q0 3129086 985 6.6283226 test
6 Q0 3124125 986 6.627065 test
6 Q0 3130360 987 6.6270256 test
6 Q0 3132682 988 6.624232 test
6 Q0 3131544 989 6.623489 test
6 Q0 3124485 990 6.6191196 test
6 Q0 3132021 991 6.6184425 test
6 Q0 3124855 992 6.6171684 test
6 Q0 3132475 993 6.6127863 test
6 Q0 3129751 994 6.609944 test
6 Q0 3120847 995 6.6089344 test
6 Q0 3127109 996 6.6049166 test
6 Q0 3132124 997 6.6003084 test
6 Q0 3132327 998 6.599936 test
6 Q0 3127520 999 6.591054 test
6 Q0 3130680 1000 6.5904217 test
7 Q0 3129066 1 23.541643 test
7 Q0 3125208 2 22.090618 test
7 Q0 3122555 3 20.896551 test
7 Q0 3122379 4 20.28137 test
7 Q0 3127346 5 18.930489 test
7 Q0 3120684 6 18.745419 test
7 Q0 3131725 7 18.559578 test
7 Q0 3122543 8 17.164452 test
7 Q0 3123212 9 16.91247 test
7 Q0 3125014 10 16.470333 test
7 Q0 3120986 11 16.360407 test
7 Q0 3126733 12 16.355793 test
7 Q0 3121630 13 15.875524 test
7 Q0 3122544 14 15.63826 test
7 Q0 3123910 15 15.40404 test
7 Q0 3122282 16 15.296348 test
7 Q0 3131753 17 14.9765625 test
7 Q0 3125309 18 14.866266 test
7 Q0 3121668 19 14.528957 test
7 Q0 3123597 20 14.410973 test
7 Q0 3123279 21 14.188711 test
7 Q0 3123271 22 14.051308 test
7 Q0 3123702 23 13.85086 test
7 Q0 3131509 24 13.814381 test
7 Q0 3130644 25 13.756464 test
7 Q0 3121437 26 13.690139 test
7 Q0 3123221 27 13.607551 test
7 Q0 3132157 28 13.41281 test
7 Q0 3129114 29 13.399514 test
7 Q0 3124722 30 13.326902 test
7 Q0 3131766 31 13.310532 test
7 Q0 3120987 32 13.279691 test
7 Q0 3130930 33 13.23088 test
7 Q0 3122373 34 13.197518 test
7 Q0 3127834 35 12.98209 test
7 Q0 3132205 36 12.911586 test
7 Q0 3123969 37 12.880184 test
7 Q0 3131100 38 12.603754 test
7 Q0 3123637 39 12.503095 test
7 Q0 3126771 40 12.435476 test
7 Q0 3129941 41 12.423452 test
7 Q0 3121603 42 12.394362 test
7 Q0 3129305 43 12.194157 test
7 Q0 3130908 44 12.002146 test
7 Q0 3125292 45 11.971978 test
7 Q0 3122881 46 11.95707 test
7 Q0 3125308 47 11.9342985 test
7 Q0 3131981 48 11.925109 test
7 Q0 3124721 49 11.906156 test
7 Q0 3130138 50 11.827236 test
7 Q0 3121629 51 11.789066 test
7 Q0 3123184 52 11.780727 test
7 Q0 3125720 53 11.613192 test
7 Q0 3121294 54 11.540199 test
7 Q0 3120681 55 11.533602 test
7 Q0 3120769 56 11.452134 test
7 Q0 3131984 57 11.442597 test
7 Q0 3129962 58 11.296499 test
7 Q0 3132520 59 11.249568 test
7 Q0 3124432 60 11.155868 test
7 Q0 3132094 61 11.147563 test
7 Q0 3121248 62 11.038753 test
7 Q0 3120792 63 10.986941 test
7 Q0 3132050 64 10.866158 test
7 Q0 3131723 65 10.835099 test
7 Q0 3125005 66 10.821329 test
7 Q0 3121442 67 10.776038 test
7 Q0 3123908 68 10.686067 test
7 Q0 3124448 69 10.670178 test
7 Q0 3125298 70 10.6604395 test
7 Q0 3128722 71 10.644584 test
7 Q0 3127823 72 10.428154 test
7 Q0 3131799 73 10.372288 test
7 Q0 3130490 74 10.295828 test
7 Q0 3127835 75 10.295157 test
7 Q0 3121429 76 10.258913 test
7 Q0 3127763 77 10.24052 test
7 Q0 3124975 78 10.209769 test
7 Q0 3131097 79 10.162854 test
7 Q0 3132418 80 10.156356 test
7 Q0 3131124 81 10.142873 test
7 Q0 3120990 82 10.079839 test
7 Q0 3131980 83 10.023313 test
7 Q0 3132204 84 10.017894 test
7 Q0 3123770 85 9.986171 test
7 Q0 3128713 86 9.977683 test
7 Q0 3122898 87 9.957068 test
7 Q0 3120755 88 9.904696 test
7 Q0 3124931 89 9.853466 test
7 Q0 3120776 90 9.763634 test
7 Q0 3128723 91 9.721637 test
7 Q0 3123907 92 9.707523 test
7 Q0 3122509 93 9.680854 test
7 Q0 3131719 94 9.677493 test
7 Q0 3124285 95 9.636128 test
7 Q0 3128751 96 9.627962 test
7 Q0 3130974 97 9.5961895 test
7 Q0 3127018 98 9.594743 test
7 Q0 3130672 99 9.553668 test
7 Q0 3128896 100 9.541753 test
7 Q0 3123250 101 9.440274 test
7 Q0 3125376 102 9.366688 test
7 Q0 3127759 103 9.358927 test
7 Q0 3124316 104 9.29811 test
7 Q0 3124390 105 9.263049 test
7 Q0 3123736 106 9.258705 test
7 Q0 3121656 107 9.246485 test
7 Q0 3129086 108 9.237242 test
7 Q0 3125771 109 9.234015 test
7 Q0 3131801 110 9.228908 test
7 Q0 3127496 111 9.220602 test
7 Q0 3126705 112 9.220485 test
7 Q0 3121291 113 9.184664 test
7 Q0 3127773 114 9.104924 test
7 Q0 3121420 115 9.084751 test
7 Q0 3121592 116 9.065452 test
7 Q0 3121421 117 9.060718 test
7 Q0 3120679 118 9.037584 test
7 Q0 3128702 119 9.031856 test
7 Q0 3127966 120 8.987751 test
7 Q0 3128818 121 8.957635 test
7 Q0 3129013 122 8.950203 test
7 Q0 3125362 123 8.937343 test
7 Q0 3127778 124 8.931637 test
7 Q0 3127321 125 8.914033 test
7 Q0 3132466 126 8.912379 test
7 Q0 3131127 127 8.901972 test
7 Q0 3125317 128 8.898194 test
7 Q0 3124241 129 8.87506 test
7 Q0 3123708 130 8.815332 test
7 Q0 3130486 131 8.783054 test
7 Q0 3130038 132 8.775603 test
7 Q0 3128815 133 8.772558 test
7 Q0 3128104 134 8.769153 test
7 Q0 3131797 135 8.766347 test
7 Q0 3132483 136 8.757067 test
7 Q0 3126991 137 8.687413 test
7 Q0 3124475 138 8.673677 test
7 Q0 3127946 139 8.652236 test
7 Q0 3122958 140 8.633595 test
7 Q0 3129533 141 8.620201 test
7 Q0 3127424 142 8.601677 test
7 Q0 3125330 143 8.5791645 test
7 Q0 3121586 144 8.578734 test
7 Q0 3132663 145 8.561987 test
7 Q0 3123169 146 8.52942 test
7 Q0 3129667 147 8.529235 test
7 Q0 3124124 148 8.521613 test
7 Q0 3124264 149 8.5052185 test
7 Q0 3123011 150 8.504942 test
7 Q0 3126699 151 8.472399 test
7 Q0 3123629 152 8.456035 test
7 Q0 3128299 153 8.44314 test
7 Q0 3129575 154 8.407704 test
7 Q0 3125011 155 8.403046 test
7 Q0 3128819 156 8.400583 test
7 Q0 3121659 157 8.394011 test
7 Q0 3124955 158 8.392742 test
7 Q0 3132237 159 8.391778 test
7 Q0 3121719 160 8.387942 test
7 Q0 3126708 161 8.367204 test
7 Q0 3124465 162 8.361245 test
7 Q0 3123183 163 8.359969 test
7 Q0 3127353 164 8.347907 test
7 Q0 3131546 165 8.335203 test
7 Q0 3122507 166 8.329236 test
7 Q0 3123852 167 8.319193 test
7 Q0 3132725 168 8.318954 test
7 Q0 3123705 169 8.3065815 test
7 Q0 3132600 170 8.304978 test
7 Q0 3127799 171 8.293248 test
7 Q0 3130193 172 8.284286 test
7 Q0 3123814 173 8.273865 test
7 Q0 3123207 174 8.260677 test
7 Q0 3130964 175 8.259467 test
7 Q0 3127108 176 8.255063 test
7 Q0 3124669 177 8.252477 test
7 Q0 3123812 178 8.250598 test
7 Q0 3120733 179 8.248591 test
7 Q0 3132318 180 8.235387 test
7 Q0 3127310 181 8.226083 test
7 Q0 3121761 182 8.222994 test
7 Q0 3132606 183 8.22048 test
7 Q0 3126760 184 8.212941 test
7 Q0 3132156 185 8.194365 test
7 Q0 3131524 186 8.182009 test
7 Q0 3127801 187 8.181946 test
7 Q0 3126989 188 8.169764 test
7 Q0 3127355 189 8.169078 test
7 Q0 3131522 190 8.144769 test
7 Q0 3122500 191 8.137494 test
7 Q0 3123261 192 8.113626 test
7 Q0 3131724 193 8.11129 test
7 Q0 3132162 194 8.102831 test
7 Q0 3125198 195 8.088842 test
7 Q0 3125062 196 8.082844 test
7 Q0 3124193 197 8.079769 test
7 Q0 3131802 198 8.051373 test
7 Q0 3131758 199 8.048478 test
7 Q0 3124431 200 8.021091 test
7 Q0 3130976 201 8.018465 test
7 Q0 3127789 202 7.994935 test
7 Q0 3124446 203 7.9845867 test
7 Q0 3132610 204 7.975498 test
7 Q0 3125345 205 7.968408 test
7 Q0 3128744 206 7.964794 test
7 Q0 3124450 207 7.96415 test
7 Q0 3124647 208 7.946329 test
7 Q0 3130682 209 7.941821 test
7 Q0 3124151 210 7.9376817 test
7 Q0 3121657 211 7.935349 test
7 Q0 3121638 212 7.907674 test
7 Q0 3125363 213 7.8921824 test
7 Q0 3128254 214 7.8917265 test
7 Q0 3128595 215 7.8811183 test
7 Q0 3130494 216 7.8786716 test
7 Q0 3122545 217 7.8626943 test
7 Q0 3124421 218 7.8624344 test
7 Q0 3123646 219 7.8576546 test
7 Q0 3120968 220 7.8264217 test
7 Q0 3124484 221 7.8243303 test
7 Q0 3125360 222 7.8197036 test
7 Q0 3121956 223 7.804656 test
7 Q0 3124886 224 7.796411 test
7 Q0 3123598 225 7.793923 test
7 Q0 3131599 226 7.7869716 test
7 Q0 3127497 227 7.7858224 test
7 Q0 3128129 228 7.7717 test
7 Q0 3129090 229 7.770799 test
7 Q0 3124455 230 7.7704225 test
7 Q0 3130656 231 7.745533 test
7 Q0 3132706 232 7.7453976 test
7 Q0 3120697 233 7.7436934 test
7 Q0 3122115 234 7.7234282 test
7 Q0 3128903 235 7.702112 test
7 Q0 3123700 236 7.696621 test
7 Q0 3132130 237 7.6951075 test
7 Q0 3121091 238 7.6800795 test
7 Q0 3124327 239 7.6544595 test
7 Q0 3121680 240 7.646503 test
7 Q0 3120991 241 7.63837 test
7 Q0 3132229 242 7.6366982 test
7 Q0 3123818 243 7.635355 test
7 Q0 3130902 244 7.635115 test
7 Q0 3121660 245 7.625271 test
7 Q0 3129344 246 7.6157684 test
7 Q0 3124965 247 7.61386 test
7 Q0 3127520 248 7.6083045 test
7 Q0 3130636 249 7.6064315 test
7 Q0 3131542 250 7.596079 test
7 Q0 3122584 251 7.59531 test
7 Q0 3126719 252 7.59493 test
7 Q0 3131397 253 7.5925465 test
7 Q0 3131400 254 7.5869355 test
7 Q0 3129356 255 7.5866737 test
7 Q0 3125115 256 7.5851 test
7 Q0 3131506 257 7.5485735 test
7 Q0 3127842 258 7.546925 test
7 Q0 3127311 259 7.5435133 test
7 Q0 3129957 260 7.542313 test
7 Q0 3130464 261 7.542044 test
7 Q0 3128016 262 7.503548 test
7 Q0 3125336 263 7.5022826 test
7 Q0 3132236 264 7.498557 test
7 Q0 3132343 265 7.4893746 test
7 Q0 3123819 266 7.4834275 test
7 Q0 3125002 267 7.4757695 test
7 Q0 3130647 268 7.4703374 test
7 Q0 3129105 269 7.4554005 test
7 Q0 3128134 270 7.4509645 test
7 Q0 3132235 271 7.4495716 test
7 Q0 3131791 272 7.4467454 test
7 Q0 3129120 273 7.441213 test
7 Q0 3129104 274 7.421228 test
7 Q0 3123258 275 7.4134355 test
7 Q0 3122497 276 7.412222 test
7 Q0 3125044 277 7.369447 test
7 Q0 3131099 278 7.3671064 test
7 Q0 3128925 279 7.3664355 test
7 Q0 3122904 280 7.362154 test
7 Q0 3132722 281 7.3392515 test
7 Q0 3126997 282 7.334512 test
7 Q0 3123514 283 7.3208523 test
7 Q0 3124888 284 7.2979198 test
7 Q0 3129129 285 7.297919 test
7 Q0 3121282 286 7.2977843 test
7 Q0 3124266 287 7.296315 test
7 Q0 3128900 288 7.2938724 test
7 Q0 3120761 289 7.2926197 test
7 Q0 3123589 290 7.280931 test
7 Q0 3127303 291 7.2800426 test
7 Q0 3125239 292 7.272542 test
7 Q0 3132315 293 7.2639236 test
7 Q0 3123615 294 7.240821 test
7 Q0 3129759 295 7.218172 test
7 Q0 3125036 296 7.213759 test
7 Q0 3128625 297 7.2111206 test
7 Q0 3122991 298 7.2030478 test
7 Q0 3132121 299 7.1778965 test
7 Q0 3121016 300 7.1775756 test
7 Q0 3124857 301 7.177383 test
7 Q0 3125385 302 7.164741 test
7 Q0 3128054 303 7.1567116 test
7 Q0 3123830 304 7.1566133 test
7 Q0 3122987 305 7.1401496 test
7 Q0 3127322 306 7.1401496 test
7 Q0 3122096 307 7.1401496 test
7 Q0 3125252 308 7.133233 test
7 Q0 3123656 309 7.128688 test
7 Q0 3121729 310 7.12723 test
7 Q0 3123649 311 7.107617 test
7 Q0 3121130 312 7.0942574 test
7 Q0 3123002 313 7.094194 test
7 Q0 3129069 314 7.094187 test
7 Q0 3130578 315 7.088677 test
7 Q0 3120811 316 7.0883274 test
7 Q0 3129067 317 7.0847983 test
7 Q0 3132698 318 7.0827665 test
7 Q0 3132510 319 7.075818 test
7 Q0 3130466 320 7.066051 test
7 Q0 3132338 321 7.063795 test
7 Q0 3123709 322 7.0614867 test
7 Q0 3130683 323 7.0600524 test
7 Q0 3125030 324 7.0465174 test
7 Q0 3121652 325 7.038505 test
7 Q0 3132700 326 7.030624 test
7 Q0 3130439 327 7.026522 test
7 Q0 3121673 328 7.0220504 test
7 Q0 3120731 329 7.020077 test
7 Q0 3124226 330 7.0041437 test
7 Q0 3129776 331 6.989056 test
7 Q0 3121792 332 6.98711 test
7 Q0 3131129 333 6.983134 test
7 Q0 3126806 334 6.980905 test
7 Q0 3121440 335 6.976679 test
7 Q0 3124140 336 6.9731345 test
7 Q0 3130894 337 6.952225 test
7 Q0 3121000 338 6.947042 test
7 Q0 3127002 339 6.9387136 test
7 Q0 3125275 340 6.9369607 test
7 Q0 3125645 341 6.9264994 test
7 Q0 3130633 342 6.926082 test
7 Q0 3124138 343 6.920144 test
7 Q0 3122992 344 6.9158835 test
7 Q0 3129769 345 6.915883 test
7 Q0 3123815 346 6.909804 test
7 Q0 3130911 347 6.9028287 test
7 Q0 3131529 348 6.8985085 test
7 Q0 3128041 349 6.890824 test
7 Q0 3126709 350 6.8881664 test
7 Q0 3124016 351 6.8814244 test
7 Q0 3131286 352 6.8771005 test
7 Q0 3132411 353 6.86975 test
7 Q0 3122998 354 6.867037 test
7 Q0 3132377 355 6.8553147 test
7 Q0 3129763 356 6.8521214 test
7 Q0 3127305 357 6.8374624 test
7 Q0 3122893 358 6.834584 test
7 Q0 3127317 359 6.8340116 test
7 Q0 3130997 360 6.822344 test
7 Q0 3128826 361 6.818515 test
7 Q0 3125293 362 6.8183985 test
7 Q0 3132327 363 6.806691 test
7 Q0 3125279 364 6.806016 test
7 Q0 3131987 365 6.783429 test
7 Q0 3124235 366 6.7761707 test
7 Q0 3127493 367 6.77404 test
7 Q0 3120691 368 6.7702627 test
7 Q0 3121094 369 6.7657337 test
7 Q0 3127315 370 6.7647448 test
7 Q0 3126759 371 6.754698 test
7 Q0 3130959 372 6.7546973 test
7 Q0 3122505 373 6.7537584 test
7 Q0 3120810 374 6.7513337 test
7 Q0 3127995 375 6.741845 test
7 Q0 3124461 376 6.739754 test
7 Q0 3124454 377 6.7354355 test
7 Q0 3122541 378 6.735109 test
7 Q0 3121093 379 6.7247524 test
7 Q0 3130667 380 6.7139664 test
7 Q0 3127500 381 6.7052774 test
7 Q0 3129082 382 6.7052774 test
7 Q0 3127308 383 6.7052765 test
7 Q0 3124458 384 6.705066 test
7 Q0 3124360 385 6.7022643 test
7 Q0 3126796 386 6.6968775 test
7 Q0 3121695 387 6.6822796 test
7 Q0 3125273 388 6.6596704 test
7 Q0 3121675 389 6.6518154 test
7 Q0 3124795 390 6.6124496 test
7 Q0 3127117 391 6.6122494 test
7 Q0 3120861 392 6.59965 test
7 Q0 3123241 393 6.5940366 test
7 Q0 3132539 394 6.589139 test
7 Q0 3124123 395 6.587962 test
7 Q0 3126790 396 6.5861745 test
7 Q0 3129969 397 6.5846043 test
7 Q0 3124125 398 6.57326 test
7 Q0 3123639 399 6.571859 test
7 Q0 3128842 400 6.571858 test
7 Q0 3121674 401 6.5601177 test
7 Q0 3123249 402 6.553826 test
7 Q0 3123282 403 6.553622 test
7 Q0 3131512 404 6.543454 test
7 Q0 3127822 405 6.5363164 test
7 Q0 3127741 406 6.526001 test
7 Q0 3120751 407 6.5220804 test
7 Q0 3125254 408 6.513786 test
7 Q0 3132053 409 6.507609 test
7 Q0 3127808 410 6.502638 test
7 Q0 3121964 411 6.50092 test
7 Q0 3131125 412 6.4973707 test
7 Q0 3121955 413 6.493585 test
7 Q0 3129068 414 6.4924183 test
7 Q0 3131716 415 6.4901147 test
7 Q0 3123255 416 6.4861064 test
7 Q0 3127969 417 6.482915 test
7 Q0 3129346 418 6.4816318 test
7 Q0 3127492 419 6.478366 test
7 Q0 3132693 420 6.465377 test
7 Q0 3132201 421 6.4612055 test
7 Q0 3129133 422 6.458145 test
7 Q0 3126977 423 6.4351654 test
7 Q0 3123657 424 6.432837 test
7 Q0 3130929 425 6.422702 test
7 Q0 3123513 426 6.419478 test
7 Q0 3121056 427 6.4190955 test
7 Q0 3131234 428 6.4144936 test
7 Q0 3126781 429 6.41253 test
7 Q0 3124275 430 6.4048243 test
7 Q0 3123816 431 6.401679 test
7 Q0 3125475 432 6.39606 test
7 Q0 3124259 433 6.3944507 test
7 Q0 3132447 434 6.3920407 test
7 Q0 3130698 435 6.3900795 test
7 Q0 3124639 436 6.3706512 test
7 Q0 3122375 437 6.361602 test
7 Q0 3121750 438 6.3585663 test
7 Q0 3123596 439 6.3461185 test
7 Q0 3129345 440 6.337376 test
7 Q0 3120758 441 6.3208 test
7 Q0 3122499 442 6.320338 test
7 Q0 3132382 443 6.3075733 test
7 Q0 3124325 444 6.3074994 test
7 Q0 3129322 445 6.3072743 test
7 Q0 3127020 446 6.3062015 test
7 Q0 3121622 447 6.30416 test
7 Q0 3123296 448 6.297379 test
7 Q0 3125172 449 6.2972383 test
7 Q0 3123549 450 6.2954035 test
7 Q0 3124644 451 6.294676 test
7 Q0 3121580 452 6.2935276 test
7 Q0 3121746 453 6.258275 test
7 Q0 3127836 454 6.2057796 test
7 Q0 3131101 455 6.2037206 test
7 Q0 3129311 456 6.1943874 test
7 Q0 3122988 457 6.1936417 test
7 Q0 3122506 458 6.16789 test
7 Q0 3130465 459 6.14921 test
7 Q0 3120687 460 6.119275 test
7 Q0 3130998 461 6.1177764 test
7 Q0 3127956 462 6.116867 test
7 Q0 3120823 463 6.1162233 test
7 Q0 3131442 464 6.093342 test
7 Q0 3130635 465 6.092137 test
7 Q0 3130730 466 6.0899577 test
7 Q0 3130893 467 6.087362 test
7 Q0 3129960 468 6.086533 test
7 Q0 3128002 469 6.05963 test
7 Q0 3126732 470 6.0588017 test
7 Q0 3130139 471 6.0543766 test
7 Q0 3131727 472 6.045116 test
7 Q0 3125099 473 6.040247 test
7 Q0 3122510 474 6.038416 test
7 Q0 3126837 475 6.0282016 test
7 Q0 3125031 476 6.027926 test
7 Q0 3127455 477 6.0180655 test
7 Q0 3130973 478 5.99525 test
7 Q0 3125257 479 5.986436 test
7 Q0 3126983 480 5.9705696 test
7 Q0 3125108 481 5.9698567 test
7 Q0 3132732 482 5.9638395 test
7 Q0 3124860 483 5.9628124 test
7 Q0 3132679 484 5.9552846 test
7 Q0 3124550 485 5.9532948 test
7 Q0 3132689 486 5.947701 test
7 Q0 3128585 487 5.92533 test
7 Q0 3126980 488 5.923233 test
7 Q0 3131287 489 5.914862 test
7 Q0 3125027 490 5.910091 test
7 Q0 3130960 491 5.9057465 test
7 Q0 3126742 492 5.8906126 test
7 Q0 3132683 493 5.876188 test
7 Q0 3132216 494 5.8735266 test
7 Q0 3131800 495 5.869036 test
7 Q0 3125320 496 5.857894 test
7 Q0 3125271 497 5.847801 test
7 Q0 3132723 498 5.8473644 test
7 Q0 3132358 499 5.8398905 test
7 Q0 3132035 500 5.8338366 test
7 Q0 3121428 501 5.8334246 test
7 Q0 3128021 502 5.833027 test
7 Q0 3128000 503 5.832561 test
7 Q0 3127802 504 5.8101616 test
7 Q0 3129019 505 5.805505 test
7 Q0 3132017 506 5.78858 test
7 Q0 3131982 507 5.775909 test
7 Q0 3132015 508 5.7710967 test
7 Q0 3132493 509 5.768415 test
7 Q0 3123469 510 5.765268 test
7 Q0 3123359 511 5.762704 test
7 Q0 3127207 512 5.758825 test
7 Q0 3129585 513 5.7561994 test
7 Q0 3121017 514 5.747429 test
7 Q0 3128598 515 5.7455974 test
7 Q0 3132275 516 5.742483 test
7 Q0 3132666 517 5.727001 test
7 Q0 3125253 518 5.70856 test
7 Q0 3121339 519 5.7030473 test
7 Q0 3123618 520 5.6954107 test
7 Q0 3126780 521 5.688309 test
7 Q0 3121650 522 5.68774 test
7 Q0 3121715 523 5.6752605 test
7 Q0 3130168 524 5.6722217 test
7 Q0 3123263 525 5.667983 test
7 Q0 3125216 526 5.659867 test
7 Q0 3120781 527 5.6483803 test
7 Q0 3124933 528 5.6480384 test
7 Q0 3127996 529 5.639379 test
7 Q0 3131675 530 5.621953 test
7 Q0 3132670 531 5.620402 test
7 Q0 3129312 532 5.6166444 test
7 Q0 3130920 533 5.6149135 test
7 Q0 3128088 534 5.598096 test
7 Q0 3123614 535 5.587039 test
7 Q0 3130805 536 5.570419 test
7 Q0 3121427 537 5.5663466 test
7 Q0 3124391 538 5.5657883 test
7 Q0 3124724 539 5.5455885 test
7 Q0 3130709 540 5.53562 test
7 Q0 3132390 541 5.5328884 test
7 Q0 3126379 542 5.5260706 test
7 Q0 3130489 543 5.519165 test
7 Q0 3132240 544 5.506665 test
7 Q0 3124029 545 5.4915204 test
7 Q0 3130379 546 5.487459 test
7 Q0 3124514 547 5.4837375 test
7 Q0 3122548 548 5.471979 test
7 Q0 3123633 549 5.4714813 test
7 Q0 3132128 550 5.468884 test
7 Q0 3126756 551 5.4558573 test
7 Q0 3121951 552 5.455437 test
7 Q0 3123254 553 5.4531255 test
7 Q0 3127297 554 5.4432316 test
7 Q0 3130462 555 5.434551 test
7 Q0 3130680 556 5.4336576 test
7 Q0 3128073 557 5.4245334 test
7 Q0 3130141 558 5.4160876 test
7 Q0 3125255 559 5.415342 test
7 Q0 3132040 560 5.4017267 test
7 Q0 3125461 561 5.385681 test
7 Q0 3127843 562 5.3770404 test
7 Q0 3121757 563 5.3638105 test
7 Q0 3127744 564 5.354609 test
7 Q0 3123613 565 5.345059 test
7 Q0 3124417 566 5.330834 test
7 Q0 3120808 567 5.3285074 test
7 Q0 3126792 568 5.327332 test
7 Q0 3124489 569 5.3231373 test
7 Q0 3122599 570 5.32162 test
7 Q0 3131803 571 5.321091 test
7 Q0 3124045 572 5.2895894 test
7 Q0 3132742 573 5.2812433 test
7 Q0 3122181 574 5.273213 test
7 Q0 3122552 575 5.269238 test
7 Q0 3123242 576 5.266381 test
7 Q0 3127350 577 5.2638044 test
7 Q0 3126857 578 5.2595196 test
7 Q0 3127750 579 5.252852 test
7 Q0 3128029 580 5.246307 test
7 Q0 3130771 581 5.2455096 test
7 Q0 3127146 582 5.243293 test
7 Q0 3127009 583 5.2402997 test
7 Q0 3132093 584 5.2385263 test
7 Q0 3122279 585 5.223227 test
7 Q0 3132671 586 5.2128086 test
7 Q0 3127775 587 5.1808696 test
7 Q0 3128752 588 5.158965 test
7 Q0 3124277 589 5.1540904 test
7 Q0 3125337 590 5.1485357 test
7 Q0 3127978 591 5.1372557 test
7 Q0 3125238 592 5.1131387 test
7 Q0 3129097 593 5.11097 test
7 Q0 3122586 594 5.11097 test
7 Q0 3131514 595 5.101643 test
7 Q0 3121754 596 5.099599 test
7 Q0 3130995 597 5.095832 test
7 Q0 3130670 598 5.089104 test
7 Q0 3127797 599 5.0814013 test
7 Q0 3130925 600 5.0786304 test
7 Q0 3124225 601 5.0249 test
7 Q0 3122551 602 5.023835 test
7 Q0 3124424 603 5.020725 test
7 Q0 3126851 604 5.0169935 test
7 Q0 3132705 605 5.0148864 test
7 Q0 3123310 606 5.0060415 test
7 Q0 3122981 607 4.997078 test
7 Q0 3129752 608 4.987811 test
7 Q0 3129576 609 4.9803557 test
7 Q0 3122043 610 4.973634 test
7 Q0 3122152 611 4.9673405 test
7 Q0 3120683 612 4.9554543 test
7 Q0 3129582 613 4.9554534 test
7 Q0 3123714 614 4.949197 test
7 Q0 3124425 615 4.941472 test
7 Q0 3121669 616 4.929832 test
7 Q0 3123354 617 4.9152637 test
7 Q0 3130744 618 4.9124703 test
7 Q0 3131710 619 4.909271 test
7 Q0 3128110 620 4.9087615 test
7 Q0 3121108 621 4.9038305 test
7 Q0 3123556 622 4.8903823 test
7 Q0 3130268 623 4.876009 test
7 Q0 3131235 624 4.8519106 test
7 Q0 3126755 625 4.8391857 test
7 Q0 3121635 626 4.8364863 test
7 Q0 3132634 627 4.833767 test
7 Q0 3132238 628 4.8292975 test
7 Q0 3130640 629 4.8284993 test
7 Q0 3126801 630 4.8151026 test
7 Q0 3123561 631 4.81053 test
7 Q0 3123553 632 4.8011446 test
7 Q0 3132673 633 4.80099 test
7 Q0 3125250 634 4.799283 test
7 Q0 3124047 635 4.7983017 test
7 Q0 3128359 636 4.7961173 test
7 Q0 3123630 637 4.787796 test
7 Q0 3127678 638 4.779128 test
7 Q0 3129304 639 4.769279 test
7 Q0 3123459 640 4.766877 test
7 Q0 3127983 641 4.733041 test
7 Q0 3123774 642 4.7082896 test
7 Q0 3123595 643 4.7028837 test
7 Q0 3120965 644 4.692463 test
7 Q0 3131517 645 4.6687765 test
7 Q0 3129298 646 4.6676 test
7 Q0 3129581 647 4.6587076 test
7 Q0 3120834 648 4.636596 test
7 Q0 3125251 649 4.6325617 test
7 Q0 3132226 650 4.630233 test
7 Q0 3131571 651 4.6258106 test
7 Q0 3131585 652 4.6255674 test
7 Q0 3120841 653 4.623183 test
7 Q0 3125322 654 4.614271 test
7 Q0 3127354 655 4.611315 test
7 Q0 3120721 656 4.6107135 test
7 Q0 3131148 657 4.5982 test
7 Q0 3120869 658 4.5943093 test
7 Q0 3121129 659 4.590592 test
7 Q0 3122985 660 4.585133 test
7 Q0 3125524 661 4.5782747 test
7 Q0 3123303 662 4.577287 test
7 Q0 3120752 663 4.567813 test
7 Q0 3132655 664 4.5639153 test
7 Q0 3123650 665 4.5630536 test
7 Q0 3123340 666 4.562925 test
7 Q0 3121116 667 4.5596414 test
7 Q0 3123747 668 4.5464153 test
7 Q0 3128746 669 4.530873 test
7 Q0 3125289 670 4.5241594 test
7 Q0 3128017 671 4.5064263 test
7 Q0 3121268 672 4.4976225 test
7 Q0 3131721 673 4.495607 test
7 Q0 3130631 674 4.4736643 test
7 Q0 3126750 675 4.439936 test
7 Q0 3126845 676 4.4375844 test
7 Q0 3122502 677 4.4303823 test
7 Q0 3132355 678 4.430382 test
7 Q0 3128624 679 4.4179506 test
7 Q0 3122054 680 4.401975 test
7 Q0 3130467 681 4.392934 test
7 Q0 3125643 682 4.389661 test
7 Q0 3131390 683 4.381278 test
7 Q0 3124521 684 4.3642874 test
7 Q0 3123174 685 4.348072 test
7 Q0 3131570 686 4.3439674 test
7 Q0 3131798 687 4.332352 test
7 Q0 3124535 688 4.328273 test
7 Q0 3126812 689 4.314835 test
7 Q0 3130693 690 4.3139086 test
7 Q0 3123270 691 4.3061614 test
7 Q0 3123563 692 4.2899427 test
7 Q0 3130912 693 4.287981 test
7 Q0 3126821 694 4.2839537 test
7 Q0 3131239 695 4.275759 test
7 Q0 3124553 696 4.260606 test
7 Q0 3125197 697 4.2553234 test
7 Q0 3121793 698 4.251932 test
7 Q0 3123302 699 4.2509193 test
7 Q0 3131259 700 4.2250304 test
7 Q0 3125356 701 4.22503 test
7 Q0 3129020 702 4.222398 test
7 Q0 3120780 703 4.2211347 test
7 Q0 3132405 704 4.205251 test
7 Q0 3128055 705 4.202925 test
7 Q0 3121607 706 4.19764 test
7 Q0 3128248 707 4.181748 test
7 Q0 3131243 708 4.1634274 test
7 Q0 3130777 709 4.1596203 test
7 Q0 3123269 710 4.1444573 test
7 Q0 3127980 711 4.123602 test
7 Q0 3127805 712 4.1184955 test
7 Q0 3131384 713 4.1129727 test
7 Q0 3123648 714 4.1114235 test
7 Q0 3123586 715 4.1059 test
7 Q0 3127138 716 4.1015906 test
7 Q0 3130255 717 4.1010437 test
7 Q0 3132057 718 4.090562 test
7 Q0 3130009 719 4.0870147 test
7 Q0 3131232 720 4.0862684 test
7 Q0 3130560 721 4.076838 test
7 Q0 3122231 722 4.0571294 test
7 Q0 3123187 723 4.056374 test
7 Q0 3131128 724 4.055534 test
7 Q0 3126764 725 4.0550175 test
7 Q0 3132547 726 4.046146 test
7 Q0 3123168 727 4.0461454 test
7 Q0 3121279 728 4.042235 test
7 Q0 3124832 729 4.0173016 test
7 Q0 3123259 730 4.014423 test
7 Q0 3125237 731 4.012432 test
7 Q0 3123206 732 4.005563 test
7 Q0 3130659 733 4.0010505 test
7 Q0 3125388 734 3.987588 test
7 Q0 3125471 735 3.9833775 test
7 Q0 3121304 736 3.9766054 test
7 Q0 3132433 737 3.9745576 test
7 Q0 3120727 738 3.9745576 test
7 Q0 3132672 739 3.9745564 test
7 Q0 3125745 740 3.974012 test
7 Q0 3129134 741 3.9655426 test
7 Q0 3127848 742 3.9592485 test
7 Q0 3132369 743 3.941706 test
7 Q0 3131540 744 3.915339 test
7 Q0 3132228 745 3.8917267 test
7 Q0 3121661 746 3.885512 test
7 Q0 3127807 747 3.8798246 test
7 Q0 3123548 748 3.8753324 test
7 Q0 3120744 749 3.872604 test
7 Q0 3121598 750 3.86463 test
7 Q0 3121658 751 3.8596065 test
7 Q0 3126563 752 3.8569715 test
7 Q0 3131756 753 3.8542829 test
7 Q0 3120793 754 3.8423653 test
7 Q0 3127015 755 3.8400335 test
7 Q0 3126813 756 3.8384063 test
7 Q0 3125515 757 3.8330035 test
7 Q0 3125291 758 3.8227406 test
7 Q0 3128111 759 3.8221622 test
7 Q0 3121718 760 3.800697 test
7 Q0 3128841 761 3.7931225 test
7 Q0 3126999 762 3.7931223 test
7 Q0 3131735 763 3.7809947 test
7 Q0 3130044 764 3.7749743 test
7 Q0 3126838 765 3.7656417 test
7 Q0 3124144 766 3.7613854 test
7 Q0 3125316 767 3.7505984 test
7 Q0 3128243 768 3.747639 test
7 Q0 3124345 769 3.740116 test
7 Q0 3122986 770 3.7386594 test
7 Q0 3123195 771 3.7083948 test
7 Q0 3123214 772 3.6973007 test
7 Q0 3125961 773 3.6966398 test
7 Q0 3132748 774 3.6955826 test
7 Q0 3132476 775 3.690184 test
7 Q0 3128838 776 3.6850858 test
7 Q0 3122996 777 3.6824672 test
7 Q0 3131279 778 3.6818082 test
7 Q0 3129762 779 3.6623447 test
7 Q0 3123316 780 3.643537 test
7 Q0 3130288 781 3.6399982 test
7 Q0 3126762 782 3.605462 test
7 Q0 3131561 783 3.5967875 test
7 Q0 3128847 784 3.5925145 test
7 Q0 3124526 785 3.5892053 test
7 Q0 3132281 786 3.5862901 test
7 Q0 3124423 787 3.5859978 test
7 Q0 3124935 788 3.5846598 test
7 Q0 3125383 789 3.583724 test
7 Q0 3121946 790 3.5735836 test
7 Q0 3132325 791 3.5682108 test
7 Q0 3131772 792 3.565729 test
7 Q0 3128247 793 3.561439 test
7 Q0 3126841 794 3.561437 test
7 Q0 3129080 795 3.5612247 test
7 Q0 3128260 796 3.5526063 test
7 Q0 3129761 797 3.5437982 test
7 Q0 3126768 798 3.5426512 test
7 Q0 3131734 799 3.5367851 test
7 Q0 3131537 800 3.5312304 test
7 Q0 3125287 801 3.5202305 test
7 Q0 3132544 802 3.5184312 test
7 Q0 3128071 803 3.5177338 test
7 Q0 3131302 804 3.5151021 test
7 Q0 3132239 805 3.5106757 test
7 Q0 3122072 806 3.5013783 test
7 Q0 3127855 807 3.5010548 test
7 Q0 3120871 808 3.4971323 test
7 Q0 3124411 809 3.496225 test
7 Q0 3123267 810 3.4940062 test
7 Q0 3121275 811 3.4924412 test
7 Q0 3125351 812 3.489571 test
7 Q0 3125304 813 3.480607 test
7 Q0 3129951 814 3.4787056 test
7 Q0 3121074 815 3.4772868 test
7 Q0 3121637 816 3.4723895 test
7 Q0 3132513 817 3.4639409 test
7 Q0 3128855 818 3.457268 test
7 Q0 3125286 819 3.456767 test
7 Q0 3130192 820 3.4450862 test
7 Q0 3124994 821 3.4431639 test
7 Q0 3124728 822 3.4406152 test
7 Q0 3122077 823 3.4377482 test
7 Q0 3132202 824 3.4289453 test
7 Q0 3130907 825 3.421376 test
7 Q0 3120732 826 3.4142077 test
7 Q0 3123294 827 3.41013 test
7 Q0 3128090 828 3.4097927 test
7 Q0 3122892 829 3.4070475 test
7 Q0 3128001 830 3.393573 test
7 Q0 3129089 831 3.3785386 test
7 Q0 3125361 832 3.3705359 test
7 Q0 3124729 833 3.3473716 test
7 Q0 3125028 834 3.339633 test
7 Q0 3121439 835 3.338711 test
7 Q0 3123540 836 3.3190608 test
7 Q0 3132720 837 3.3142083 test
7 Q0 3121634 838 3.3122134 test
7 Q0 3132024 839 3.3117218 test
7 Q0 3132370 840 3.3096073 test
7 Q0 3132746 841 3.3083963 test
7 Q0 3124713 842 3.3061988 test
7 Q0 3131293 843 3.3031065 test
7 Q0 3121726 844 3.297256 test
7 Q0 3128852 845 3.2922723 test
7 Q0 3129079 846 3.289639 test
7 Q0 3130185 847 3.2894933 test
7 Q0 3124552 848 3.2884295 test
7 Q0 3129950 849 3.2883413 test
7 Q0 3132616 850 3.2857842 test
7 Q0 3130996 851 3.2815628 test
7 Q0 3131122 852 3.2815173 test
7 Q0 3125504 853 3.2800255 test
7 Q0 3132233 854 3.2794142 test
7 Q0 3123544 855 3.274848 test
7 Q0 3126745 856 3.2697554 test
7 Q0 3132613 857 3.2686944 test
7 Q0 3128023 858 3.2658427 test
7 Q0 3124991 859 3.2633724 test
7 Q0 3129515 860 3.2613118 test
7 Q0 3126840 861 3.2558506 test
7 Q0 3129040 862 3.253208 test
7 Q0 3127859 863 3.2520318 test
7 Q0 3126799 864 3.2507043 test
7 Q0 3130050 865 3.2505586 test
7 Q0 3129061 866 3.2454998 test
7 Q0 3130040 867 3.2436519 test
7 Q0 3124727 868 3.2425902 test
7 Q0 3130632 869 3.2395692 test
7 Q0 3126711 870 3.2393408 test
7 Q0 3127335 871 3.2393405 test
7 Q0 3121756 872 3.2388368 test
7 Q0 3125736 873 3.2355602 test
7 Q0 3121618 874 3.235451 test
7 Q0 3128028 875 3.234903 test
7 Q0 3130049 876 3.2336001 test
7 Q0 3124462 877 3.231888 test
7 Q0 3127806 878 3.2274745 test
7 Q0 3131270 879 3.224366 test
7 Q0 3132118 880 3.2134202 test
7 Q0 3130717 881 3.200329 test
7 Q0 3131116 882 3.1867764 test
7 Q0 3128078 883 3.1815658 test
7 Q0 3120783 884 3.172094 test
7 Q0 3121078 885 3.1706247 test
7 Q0 3123290 886 3.1665204 test
7 Q0 3130481 887 3.165533 test
7 Q0 3131050 888 3.1647482 test
7 Q0 3131032 889 3.1628628 test
7 Q0 3131431 890 3.162616 test
7 Q0 3126734 891 3.1595268 test
7 Q0 3126829 892 3.158738 test
7 Q0 3132531 893 3.154924 test
7 Q0 3124479 894 3.1518073 test
7 Q0 3125046 895 3.1475298 test
7 Q0 3130918 896 3.13975 test
7 Q0 3130983 897 3.1360435 test
7 Q0 3120747 898 3.1348948 test
7 Q0 3124224 899 3.129587 test
7 Q0 3121636 900 3.1275554 test
7 Q0 3130468 901 3.1256258 test
7 Q0 3126763 902 3.122541 test
7 Q0 3131251 903 3.113082 test
7 Q0 3131588 904 3.1072237 test
7 Q0 3131295 905 3.1060433 test
7 Q0 3128748 906 3.0985527 test
7 Q0 3128079 907 3.0984867 test
7 Q0 3129116 908 3.0936003 test
7 Q0 3132214 909 3.0920875 test
7 Q0 3126748 910 3.0920637 test
7 Q0 3130769 911 3.0920632 test
7 Q0 3130668 912 3.0901349 test
7 Q0 3125342 913 3.0901337 test
7 Q0 3130011 914 3.0886283 test
7 Q0 3131777 915 3.0886278 test
7 Q0 3121610 916 3.0873356 test
7 Q0 3125058 917 3.0855408 test
7 Q0 3132091 918 3.080582 test
7 Q0 3130919 919 3.0793386 test
7 Q0 3128097 920 3.0762904 test
7 Q0 3127981 921 3.0740426 test
7 Q0 3124322 922 3.066169 test
7 Q0 3130747 923 3.0638356 test
7 Q0 3127151 924 3.063327 test
7 Q0 3122997 925 3.0631504 test
7 Q0 3129101 926 3.0631502 test
7 Q0 3127385 927 3.06264 test
7 Q0 3124050 928 3.0606933 test
7 Q0 3130746 929 3.0597575 test
7 Q0 3121954 930 3.0597572 test
7 Q0 3124982 931 3.059233 test
7 Q0 3132500 932 3.0532627 test
7 Q0 3128266 933 3.050924 test
7 Q0 3123323 934 3.0428479 test
7 Q0 3128728 935 3.0423434 test
7 Q0 3131030 936 3.0394082 test
7 Q0 3125417 937 3.0386658 test
7 Q0 3123455 938 3.0377536 test
7 Q0 3132026 939 3.0370255 test
7 Q0 3121075 940 3.029088 test
7 Q0 3127795 941 3.01994 test
7 Q0 3127338 942 3.0199397 test
7 Q0 3123607 943 3.0183215 test
7 Q0 3132694 944 3.0179632 test
7 Q0 3125194 945 3.0174012 test
7 Q0 3130791 946 3.014544 test
7 Q0 3130725 947 3.013813 test
7 Q0 3120745 948 3.0057435 test
7 Q0 3125223 949 3.002404 test
7 Q0 3130719 950 3.0015922 test
7 Q0 3132654 951 2.9970334 test
7 Q0 3130360 952 2.996037 test
7 Q0 3127794 953 2.996036 test
7 Q0 3132675 954 2.994524 test
7 Q0 3121938 955 2.9930527 test
7 Q0 3127743 956 2.992562 test
7 Q0 3127298 957 2.9894998 test
7 Q0 3132373 958 2.9867811 test
7 Q0 3123210 959 2.9862993 test
7 Q0 3131281 960 2.9862869 test
7 Q0 3129749 961 2.9848106 test
7 Q0 3125189 962 2.9827373 test
7 Q0 3125177 963 2.978529 test
7 Q0 3122994 964 2.97802 test
7 Q0 3124447 965 2.9780197 test
7 Q0 3128061 966 2.9778886 test
7 Q0 3121727 967 2.9764733 test
7 Q0 3125144 968 2.9742746 test
7 Q0 3121740 969 2.972328 test
7 Q0 3121582 970 2.9692914 test
7 Q0 3121059 971 2.9663708 test
7 Q0 3123559 972 2.9663708 test
7 Q0 3121755 973 2.9638252 test
7 Q0 3122999 974 2.9626524 test
7 Q0 3132709 975 2.9624999 test
7 Q0 3123512 976 2.9607003 test
7 Q0 3121334 977 2.9567645 test
7 Q0 3127761 978 2.9546957 test
7 Q0 3131115 979 2.9525552 test
7 Q0 3121070 980 2.9506044 test
7 Q0 3132061 981 2.9454093 test
7 Q0 3128042 982 2.9446628 test
7 Q0 3123369 983 2.9421258 test
7 Q0 3131022 984 2.9396744 test
7 Q0 3127136 985 2.9317577 test
7 Q0 3123194 986 2.9304185 test
7 Q0 3123934 987 2.929208 test
7 Q0 3129500 988 2.929204 test
7 Q0 3124753 989 2.9286308 test
7 Q0 3121751 990 2.927743 test
7 Q0 3130782 991 2.9269023 test
7 Q0 3131986 992 2.9269013 test
7 Q0 3124830 993 2.9235878 test
7 Q0 3120820 994 2.923081 test
7 Q0 3129299 995 2.918795 test
7 Q0 3128622 996 2.915293 test
7 Q0 3129330 997 2.9094722 test
7 Q0 3122300 998 2.907281 test
7 Q0 3125341 999 2.9048223 test
7 Q0 3124487 1000 2.9037714 test
8 Q0 3122986 1 27.548334 test
8 Q0 3124994 2 27.309322 test
8 Q0 3122070 3 24.830029 test
8 Q0 3122544 4 24.198858 test
8 Q0 3121681 5 21.545681 test
8 Q0 3132539 6 21.54544 test
8 Q0 3123548 7 20.924149 test
8 Q0 3124447 8 20.910091 test
8 Q0 3123549 9 20.242908 test
8 Q0 3125361 10 20.232498 test
8 Q0 3121656 11 20.231325 test
8 Q0 3128854 12 20.224258 test
8 Q0 3123550 13 19.885202 test
8 Q0 3129533 14 19.787462 test
8 Q0 3124460 15 19.692755 test
8 Q0 3129354 16 19.622755 test
8 Q0 3130894 17 19.442547 test
8 Q0 3132374 18 19.295357 test
8 Q0 3132513 19 19.275831 test
8 Q0 3122991 20 19.148703 test
8 Q0 3131295 21 19.12954 test
8 Q0 3132372 22 19.070005 test
8 Q0 3130360 23 18.703932 test
8 Q0 3131540 24 18.670101 test
8 Q0 3122375 25 18.58463 test
8 Q0 3132541 26 18.52582 test
8 Q0 3132711 27 18.412584 test
8 Q0 3129667 28 18.203358 test
8 Q0 3131401 29 18.160385 test
8 Q0 3122122 30 18.090302 test
8 Q0 3130493 31 17.98882 test
8 Q0 3128090 32 17.9856 test
8 Q0 3132751 33 17.95615 test
8 Q0 3121680 34 17.950024 test
8 Q0 3125248 35 17.89306 test
8 Q0 3124446 36 17.816408 test
8 Q0 3128261 37 17.613508 test
8 Q0 3132276 38 17.546515 test
8 Q0 3125524 39 17.33302 test
8 Q0 3130460 40 17.324001 test
8 Q0 3131281 41 17.275106 test
8 Q0 3129070 42 17.268099 test
8 Q0 3132681 43 17.217361 test
8 Q0 3123744 44 17.14626 test
8 Q0 3130577 45 17.016047 test
8 Q0 3128270 46 17.006817 test
8 Q0 3131384 47 16.973782 test
8 Q0 3127678 48 16.922523 test
8 Q0 3127103 49 16.891436 test
8 Q0 3132742 50 16.839226 test
8 Q0 3123642 51 16.82835 test
8 Q0 3127014 52 16.815952 test
8 Q0 3131717 53 16.771849 test
8 Q0 3128936 54 16.755281 test
8 Q0 3130373 55 16.67583 test
8 Q0 3124130 56 16.665735 test
8 Q0 3129969 57 16.601772 test
8 Q0 3131792 58 16.568619 test
8 Q0 3127357 59 16.502953 test
8 Q0 3126707 60 16.486336 test
8 Q0 3128590 61 16.462986 test
8 Q0 3128974 62 16.357302 test
8 Q0 3121673 63 16.322496 test
8 Q0 3121943 64 16.152521 test
8 Q0 3128129 65 16.104658 test
8 Q0 3123003 66 16.095701 test
8 Q0 3121584 67 16.03087 test
8 Q0 3132663 68 15.981137 test
8 Q0 3132544 69 15.973437 test
8 Q0 3129962 70 15.930478 test
8 Q0 3132670 71 15.849316 test
8 Q0 3128570 72 15.782263 test
8 Q0 3125253 73 15.739674 test
8 Q0 3130457 74 15.62897 test
8 Q0 3124732 75 15.545815 test
8 Q0 3128855 76 15.483915 test
8 Q0 3124731 77 15.473455 test
8 Q0 3125317 78 15.397285 test
8 Q0 3127493 79 15.391615 test
8 Q0 3132375 80 15.355681 test
8 Q0 3127495 81 15.234808 test
8 Q0 3125120 82 15.151379 test
8 Q0 3132524 83 15.039045 test
8 Q0 3130176 84 15.017004 test
8 Q0 3124135 85 14.933603 test
8 Q0 3123009 86 14.829162 test
8 Q0 3132281 87 14.798507 test
8 Q0 3132130 88 14.769962 test
8 Q0 3125513 89 14.766663 test
8 Q0 3124463 90 14.7503395 test
8 Q0 3128041 91 14.67564 test
8 Q0 3123707 92 14.675474 test
8 Q0 3130469 93 14.641908 test
8 Q0 3123551 94 14.636064 test
8 Q0 3129943 95 14.614189 test
8 Q0 3122372 96 14.612646 test
8 Q0 3125163 97 14.610332 test
8 Q0 3128930 98 14.609341 test
8 Q0 3126713 99 14.607363 test
8 Q0 3125277 100 14.60088 test
8 Q0 3122996 101 14.566287 test
8 Q0 3132588 102 14.563581 test
8 Q0 3132518 103 14.55897 test
8 Q0 3129581 104 14.552962 test
8 Q0 3131545 105 14.537711 test
8 Q0 3125058 106 14.4630165 test
8 Q0 3130679 107 14.450506 test
8 Q0 3130770 108 14.444489 test
8 Q0 3129061 109 14.4197035 test
8 Q0 3120994 110 14.407787 test
8 Q0 3121601 111 14.271857 test
8 Q0 3132635 112 14.264024 test
8 Q0 3120820 113 14.232228 test
8 Q0 3125476 114 14.207778 test
8 Q0 3122987 115 14.1981 test
8 Q0 3124522 116 14.183048 test
8 Q0 3123160 117 14.170923 test
8 Q0 3130893 118 14.143575 test
8 Q0 3125115 119 14.143243 test
8 Q0 3128860 120 14.133557 test
8 Q0 3131598 121 14.1040945 test
8 Q0 3123000 122 14.074933 test
8 Q0 3130440 123 14.059653 test
8 Q0 3126787 124 14.024549 test
8 Q0 3126826 125 14.023124 test
8 Q0 3124464 126 14.013963 test
8 Q0 3125041 127 14.002867 test
8 Q0 3132641 128 13.985974 test
8 Q0 3123375 129 13.979883 test
8 Q0 3121130 130 13.974535 test
8 Q0 3132757 131 13.924024 test
8 Q0 3122279 132 13.915856 test
8 Q0 3131723 133 13.902939 test
8 Q0 3121420 134 13.897321 test
8 Q0 3128593 135 13.891773 test
8 Q0 3124448 136 13.889199 test
8 Q0 3123586 137 13.880686 test
8 Q0 3128742 138 13.861928 test
8 Q0 3132045 139 13.834736 test
8 Q0 3125283 140 13.819178 test
8 Q0 3127778 141 13.817255 test
8 Q0 3125236 142 13.762037 test
8 Q0 3121227 143 13.730219 test
8 Q0 3122985 144 13.684365 test
8 Q0 3127806 145 13.607069 test
8 Q0 3121253 146 13.600765 test
8 Q0 3123467 147 13.582952 test
8 Q0 3132354 148 13.559879 test
8 Q0 3128735 149 13.556872 test
8 Q0 3127329 150 13.528635 test
8 Q0 3129007 151 13.51469 test
8 Q0 3132439 152 13.435059 test
8 Q0 3127991 153 13.420219 test
8 Q0 3130358 154 13.371174 test
8 Q0 3121275 155 13.342662 test
8 Q0 3125326 156 13.337729 test
8 Q0 3132124 157 13.327255 test
8 Q0 3122553 158 13.315863 test
8 Q0 3132370 159 13.2891245 test
8 Q0 3126852 160 13.280834 test
8 Q0 3130995 161 13.2372055 test
8 Q0 3125194 162 13.16316 test
8 Q0 3130490 163 13.144088 test
8 Q0 3121728 164 13.13908 test
8 Q0 3124275 165 13.097895 test
8 Q0 3124326 166 13.067153 test
8 Q0 3122555 167 13.04869 test
8 Q0 3130043 168 13.035678 test
8 Q0 3127227 169 13.032098 test
8 Q0 3124258 170 13.029021 test
8 Q0 3123964 171 12.995903 test
8 Q0 3130183 172 12.975764 test
8 Q0 3120695 173 12.9744425 test
8 Q0 3121276 174 12.963684 test
8 Q0 3128103 175 12.955874 test
8 Q0 3123011 176 12.955511 test
8 Q0 3123358 177 12.945136 test
8 Q0 3121695 178 12.935592 test
8 Q0 3124829 179 12.926069 test
8 Q0 3131725 180 12.909768 test
8 Q0 3127311 181 12.9068365 test
8 Q0 3121757 182 12.901654 test
8 Q0 3127116 183 12.884861 test
8 Q0 3128946 184 12.880373 test
8 Q0 3126794 185 12.863271 test
8 Q0 3128902 186 12.853367 test
8 Q0 3130733 187 12.849256 test
8 Q0 3121618 188 12.845508 test
8 Q0 3130974 189 12.824421 test
8 Q0 3120811 190 12.823866 test
8 Q0 3127020 191 12.808635 test
8 Q0 3132279 192 12.804343 test
8 Q0 3121774 193 12.761428 test
8 Q0 3127087 194 12.747431 test
8 Q0 3120855 195 12.741137 test
8 Q0 3124546 196 12.719931 test
8 Q0 3124387 197 12.718894 test
8 Q0 3128701 198 12.703197 test
8 Q0 3132679 199 12.701193 test
8 Q0 3127854 200 12.698386 test
8 Q0 3128078 201 12.681759 test
8 Q0 3128012 202 12.679398 test
8 Q0 3124831 203 12.676263 test
8 Q0 3120973 204 12.651085 test
8 Q0 3129352 205 12.627715 test
8 Q0 3128065 206 12.627513 test
8 Q0 3132369 207 12.614152 test
8 Q0 3123010 208 12.598997 test
8 Q0 3128325 209 12.587612 test
8 Q0 3132758 210 12.577414 test
8 Q0 3121000 211 12.546507 test
8 Q0 3123546 212 12.542961 test
8 Q0 3129770 213 12.514428 test
8 Q0 3130485 214 12.513282 test
8 Q0 3129759 215 12.482042 test
8 Q0 3131386 216 12.463786 test
8 Q0 3126780 217 12.3842125 test
8 Q0 3129120 218 12.362642 test
8 Q0 3124050 219 12.358932 test
8 Q0 3122380 220 12.353015 test
8 Q0 3130967 221 12.335207 test
8 Q0 3131713 222 12.3255005 test
8 Q0 3131728 223 12.313547 test
8 Q0 3125000 224 12.31294 test
8 Q0 3128052 225 12.300946 test
8 Q0 3128938 226 12.299471 test
8 Q0 3125736 227 12.274468 test
8 Q0 3127950 228 12.267125 test
8 Q0 3122163 229 12.264199 test
8 Q0 3120755 230 12.20786 test
8 Q0 3123823 231 12.203637 test
8 Q0 3127385 232 12.182829 test
8 Q0 3130138 233 12.16587 test
8 Q0 3132373 234 12.158478 test
8 Q0 3131543 235 12.133259 test
8 Q0 3124931 236 12.132595 test
8 Q0 3121616 237 12.128952 test
8 Q0 3120694 238 12.125808 test
8 Q0 3121094 239 12.125052 test
8 Q0 3124953 240 12.123417 test
8 Q0 3125212 241 12.0885725 test
8 Q0 3132349 242 12.08623 test
8 Q0 3129039 243 12.072353 test
8 Q0 3121271 244 12.070393 test
8 Q0 3126824 245 12.068612 test
8 Q0 3130782 246 12.034364 test
8 Q0 3126514 247 12.014749 test
8 Q0 3127769 248 11.995059 test
8 Q0 3131981 249 11.972899 test
8 Q0 3125353 250 11.964491 test
8 Q0 3129367 251 11.959434 test
8 Q0 3124324 252 11.90442 test
8 Q0 3132379 253 11.890157 test
8 Q0 3124026 254 11.886174 test
8 Q0 3127797 255 11.85145 test
8 Q0 3129964 256 11.850544 test
8 Q0 3130907 257 11.842541 test
8 Q0 3122984 258 11.836521 test
8 Q0 3124285 259 11.834568 test
8 Q0 3127815 260 11.803803 test
8 Q0 3125270 261 11.791477 test
8 Q0 3130651 262 11.789935 test
8 Q0 3132683 263 11.74723 test
8 Q0 3127745 264 11.713139 test
8 Q0 3125030 265 11.696891 test
8 Q0 3131050 266 11.694411 test
8 Q0 3120735 267 11.6298685 test
8 Q0 3125655 268 11.601406 test
8 Q0 3127822 269 11.600374 test
8 Q0 3121660 270 11.592865 test
8 Q0 3121075 271 11.585229 test
8 Q0 3132118 272 11.564467 test
8 Q0 3122373 273 11.563505 test
8 Q0 3130185 274 11.553136 test
8 Q0 3132607 275 11.549684 test
8 Q0 3125033 276 11.535206 test
8 Q0 3127718 277 11.52905 test
8 Q0 3127976 278 11.527833 test
8 Q0 3123540 279 11.52421 test
8 Q0 3120866 280 11.523631 test
8 Q0 3132542 281 11.520985 test
8 Q0 3130930 282 11.510185 test
8 Q0 3130170 283 11.505648 test
8 Q0 3125527 284 11.4879265 test
8 Q0 3126997 285 11.484907 test
8 Q0 3128001 286 11.44134 test
8 Q0 3132316 287 11.43998 test
8 Q0 3123554 288 11.418543 test
8 Q0 3121118 289 11.404575 test
8 Q0 3129131 290 11.369075 test
8 Q0 3130663 291 11.355393 test
8 Q0 3125205 292 11.348481 test
8 Q0 3123965 293 11.3266535 test
8 Q0 3130933 294 11.3024235 test
8 Q0 3132674 295 11.278131 test
8 Q0 3132429 296 11.277765 test
8 Q0 3124261 297 11.275518 test
8 Q0 3132368 298 11.274733 test
8 Q0 3126803 299 11.26874 test
8 Q0 3131507 300 11.266221 test
8 Q0 3123577 301 11.257065 test
8 Q0 3128601 302 11.189618 test
8 Q0 3130148 303 11.187603 test
8 Q0 3125509 304 11.1871195 test
8 Q0 3131522 305 11.186362 test
8 Q0 3125074 306 11.185493 test
8 Q0 3123173 307 11.180272 test
8 Q0 3132611 308 11.162929 test
8 Q0 3128244 309 11.161816 test
8 Q0 3125099 310 11.156491 test
8 Q0 3121964 311 11.153467 test
8 Q0 3128752 312 11.1533985 test
8 Q0 3120756 313 11.140373 test
8 Q0 3129942 314 11.124049 test
8 Q0 3132481 315 11.1193495 test
8 Q0 3132632 316 11.107735 test
8 Q0 3131984 317 11.073835 test
8 Q0 3132283 318 11.06761 test
8 Q0 3120861 319 11.061944 test
8 Q0 3124970 320 11.055229 test
8 Q0 3123161 321 11.029025 test
8 Q0 3130379 322 11.0279 test
8 Q0 3130765 323 11.021786 test
8 Q0 3129103 324 11.007218 test
8 Q0 3129776 325 10.99439 test
8 Q0 3132528 326 10.985503 test
8 Q0 3131720 327 10.977611 test
8 Q0 3130468 328 10.960636 test
8 Q0 3132677 329 10.952204 test
8 Q0 3126708 330 10.951583 test
8 Q0 3130172 331 10.948915 test
8 Q0 3128843 332 10.941379 test
8 Q0 3127996 333 10.907342 test
8 Q0 3131719 334 10.892254 test
8 Q0 3128127 335 10.89032 test
8 Q0 3124728 336 10.877445 test
8 Q0 3131529 337 10.876696 test
8 Q0 3131539 338 10.870167 test
8 Q0 3125225 339 10.862787 test
8 Q0 3127952 340 10.854363 test
8 Q0 3125362 341 10.85313 test
8 Q0 3126840 342 10.847176 test
8 Q0 3121016 343 10.843559 test
8 Q0 3124277 344 10.835474 test
8 Q0 3132237 345 10.821887 test
8 Q0 3132325 346 10.800927 test
8 Q0 3129132 347 10.799394 test
8 Q0 3125324 348 10.775914 test
8 Q0 3132201 349 10.764371 test
8 Q0 3132321 350 10.7624445 test
8 Q0 3132026 351 10.760952 test
8 Q0 3129135 352 10.758881 test
8 Q0 3125958 353 10.720349 test
8 Q0 3128842 354 10.719875 test
8 Q0 3127007 355 10.702242 test
8 Q0 3124836 356 10.692996 test
8 Q0 3121128 357 10.69093 test
8 Q0 3127827 358 10.683199 test
8 Q0 3125108 359 10.678064 test
8 Q0 3123822 360 10.676066 test
8 Q0 3129113 361 10.669616 test
8 Q0 3121091 362 10.665534 test
8 Q0 3127988 363 10.658254 test
8 Q0 3131724 364 10.643532 test
8 Q0 3128979 365 10.623637 test
8 Q0 3120886 366 10.618512 test
8 Q0 3131716 367 10.606149 test
8 Q0 3126831 368 10.583093 test
8 Q0 3126766 369 10.574993 test
8 Q0 3131234 370 10.57325 test
8 Q0 3127420 371 10.568502 test
8 Q0 3128622 372 10.561591 test
8 Q0 3132367 373 10.557065 test
8 Q0 3129047 374 10.543963 test
8 Q0 3129207 375 10.543463 test
8 Q0 3123566 376 10.530304 test
8 Q0 3132331 377 10.519655 test
8 Q0 3127828 378 10.509014 test
8 Q0 3122980 379 10.508201 test
8 Q0 3132698 380 10.498537 test
8 Q0 3129574 381 10.498051 test
8 Q0 3121620 382 10.488387 test
8 Q0 3124981 383 10.477906 test
8 Q0 3131748 384 10.47712 test
8 Q0 3125417 385 10.469777 test
8 Q0 3130473 386 10.463358 test
8 Q0 3121587 387 10.463181 test
8 Q0 3130588 388 10.458576 test
8 Q0 3124044 389 10.443238 test
8 Q0 3120964 390 10.416615 test
8 Q0 3128267 391 10.39935 test
8 Q0 3121441 392 10.388656 test
8 Q0 3124501 393 10.384434 test
8 Q0 3123635 394 10.381618 test
8 Q0 3120981 395 10.364677 test
8 Q0 3120830 396 10.363969 test
8 Q0 3132543 397 10.362561 test
8 Q0 3121644 398 10.357363 test
8 Q0 3125255 399 10.355723 test
8 Q0 3125202 400 10.348977 test
8 Q0 3124832 401 10.340042 test
8 Q0 3128580 402 10.334236 test
8 Q0 3120883 403 10.328109 test
8 Q0 3129169 404 10.326843 test
8 Q0 3131397 405 10.323984 test
8 Q0 3124490 406 10.316488 test
8 Q0 3132610 407 10.314241 test
8 Q0 3120783 408 10.306576 test
8 Q0 3131615 409 10.302766 test
8 Q0 3132123 410 10.299353 test
8 Q0 3121135 411 10.2993355 test
8 Q0 3121597 412 10.284226 test
8 Q0 3124473 413 10.278747 test
8 Q0 3126858 414 10.25978 test
8 Q0 3130006 415 10.2591 test
8 Q0 3120827 416 10.258266 test
8 Q0 3123352 417 10.258247 test
8 Q0 3132730 418 10.255775 test
8 Q0 3126993 419 10.254913 test
8 Q0 3127826 420 10.251643 test
8 Q0 3120791 421 10.249615 test
8 Q0 3125217 422 10.232994 test
8 Q0 3131797 423 10.232992 test
8 Q0 3128905 424 10.222688 test
8 Q0 3128265 425 10.22257 test
8 Q0 3121607 426 10.222318 test
8 Q0 3125302 427 10.218768 test
8 Q0 3122115 428 10.216434 test
8 Q0 3125310 429 10.209132 test
8 Q0 3126998 430 10.208572 test
8 Q0 3132721 431 10.200773 test
8 Q0 3132049 432 10.198281 test
8 Q0 3121954 433 10.194189 test
8 Q0 3123307 434 10.189028 test
8 Q0 3132363 435 10.176669 test
8 Q0 3129345 436 10.174235 test
8 Q0 3132688 437 10.146182 test
8 Q0 3127994 438 10.140897 test
8 Q0 3131760 439 10.125154 test
8 Q0 3121065 440 10.114782 test
8 Q0 3130029 441 10.106497 test
8 Q0 3129042 442 10.103934 test
8 Q0 3120816 443 10.091153 test
8 Q0 3128848 444 10.083135 test
8 Q0 3121248 445 10.075232 test
8 Q0 3121788 446 10.071542 test
8 Q0 3130464 447 10.071178 test
8 Q0 3121736 448 10.044519 test
8 Q0 3130637 449 10.020304 test
8 Q0 3128206 450 10.019309 test
8 Q0 3127955 451 10.019086 test
8 Q0 3124430 452 10.006486 test
8 Q0 3123515 453 10.002923 test
8 Q0 3131585 454 9.99967 test
8 Q0 3128082 455 9.99936 test
8 Q0 3121711 456 9.994248 test
8 Q0 3132695 457 9.9920435 test
8 Q0 3120752 458 9.981713 test
8 Q0 3132634 459 9.979974 test
8 Q0 3123681 460 9.969647 test
8 Q0 3121615 461 9.967796 test
8 Q0 3122334 462 9.96335 test
8 Q0 3131276 463 9.960711 test
8 Q0 3130378 464 9.939148 test
8 Q0 3125027 465 9.93709 test
8 Q0 3129010 466 9.9239645 test
8 Q0 3131246 467 9.914259 test
8 Q0 3121136 468 9.914098 test
8 Q0 3120780 469 9.911662 test
8 Q0 3123005 470 9.909254 test
8 Q0 3124819 471 9.886863 test
8 Q0 3125246 472 9.879967 test
8 Q0 3128260 473 9.8753195 test
8 Q0 3131233 474 9.861292 test
8 Q0 3132671 475 9.856854 test
8 Q0 3125542 476 9.8461075 test
8 Q0 3131130 477 9.838396 test
8 Q0 3131124 478 9.834343 test
8 Q0 3126770 479 9.832944 test
8 Q0 3131098 480 9.818159 test
8 Q0 3130010 481 9.817384 test
8 Q0 3123576 482 9.81654 test
8 Q0 3131712 483 9.811019 test
8 Q0 3132311 484 9.784391 test
8 Q0 3130996 485 9.7761755 test
8 Q0 3131290 486 9.755077 test
8 Q0 3129038 487 9.751513 test
8 Q0 3124543 488 9.750891 test
8 Q0 3129100 489 9.735818 test
8 Q0 3132129 490 9.733844 test
8 Q0 3124727 491 9.733176 test
8 Q0 3127760 492 9.730274 test
8 Q0 3132436 493 9.721982 test
8 Q0 3128744 494 9.716607 test
8 Q0 3125271 495 9.712365 test
8 Q0 3127491 496 9.709564 test
8 Q0 3125049 497 9.708038 test
8 Q0 3121742 498 9.693042 test
8 Q0 3120722 499 9.681635 test
8 Q0 3127006 500 9.678221 test
8 Q0 3121682 501 9.6636505 test
8 Q0 3122994 502 9.66283 test
8 Q0 3121685 503 9.661884 test
8 Q0 3131398 504 9.652879 test
8 Q0 3132328 505 9.646066 test
8 Q0 3131718 506 9.638421 test
8 Q0 3121093 507 9.612283 test
8 Q0 3121432 508 9.608332 test
8 Q0 3128619 509 9.601734 test
8 Q0 3130931 510 9.593591 test
8 Q0 3125266 511 9.580887 test
8 Q0 3121617 512 9.579813 test
8 Q0 3129106 513 9.575336 test
8 Q0 3127973 514 9.571503 test
8 Q0 3123183 515 9.5677 test
8 Q0 3125404 516 9.564048 test
8 Q0 3132467 517 9.562778 test
8 Q0 3124795 518 9.559696 test
8 Q0 3131265 519 9.555483 test
8 Q0 3132029 520 9.5501 test
8 Q0 3124003 521 9.540709 test
8 Q0 3127738 522 9.537473 test
8 Q0 3126836 523 9.533151 test
8 Q0 3121683 524 9.532819 test
8 Q0 3130958 525 9.52196 test
8 Q0 3130362 526 9.513967 test
8 Q0 3128941 527 9.505987 test
8 Q0 3129117 528 9.504925 test
8 Q0 3121881 529 9.504113 test
8 Q0 3132713 530 9.484974 test
8 Q0 3130256 531 9.483063 test
8 Q0 3128086 532 9.477833 test
8 Q0 3120999 533 9.473966 test
8 Q0 3120733 534 9.473042 test
8 Q0 3130179 535 9.466237 test
8 Q0 3124475 536 9.4658165 test
8 Q0 3128079 537 9.465555 test
8 Q0 3120882 538 9.465138 test
8 Q0 3122981 539 9.464013 test
8 Q0 3127497 540 9.462368 test
8 Q0 3123693 541 9.461416 test
8 Q0 3127755 542 9.461139 test
8 Q0 3131721 543 9.458411 test
8 Q0 3120822 544 9.455621 test
8 Q0 3131284 545 9.455104 test
8 Q0 3131729 546 9.436103 test
8 Q0 3124465 547 9.430121 test
8 Q0 3130126 548 9.423771 test
8 Q0 3130343 549 9.419889 test
8 Q0 3120968 550 9.419367 test
8 Q0 3123963 551 9.417519 test
8 Q0 3128978 552 9.390364 test
8 Q0 3123323 553 9.389334 test
8 Q0 3128464 554 9.380129 test
8 Q0 3127306 555 9.377633 test
8 Q0 3127781 556 9.370023 test
8 Q0 3121755 557 9.362544 test
8 Q0 3130610 558 9.34963 test
8 Q0 3124016 559 9.345313 test
8 Q0 3127324 560 9.3437395 test
8 Q0 3127744 561 9.342929 test
8 Q0 3129134 562 9.342393 test
8 Q0 3122068 563 9.328961 test
8 Q0 3132446 564 9.325114 test
8 Q0 3121129 565 9.318313 test
8 Q0 3121718 566 9.316551 test
8 Q0 3128587 567 9.298666 test
8 Q0 3121658 568 9.279578 test
8 Q0 3125231 569 9.274528 test
8 Q0 3132122 570 9.273875 test
8 Q0 3123274 571 9.272775 test
8 Q0 3123170 572 9.253561 test
8 Q0 3126851 573 9.245345 test
8 Q0 3131012 574 9.238345 test
8 Q0 3129310 575 9.234123 test
8 Q0 3121726 576 9.216843 test
8 Q0 3130057 577 9.209537 test
8 Q0 3124491 578 9.175165 test
8 Q0 3128702 579 9.172169 test
8 Q0 3131766 580 9.171919 test
8 Q0 3126793 581 9.164079 test
8 Q0 3131032 582 9.16346 test
8 Q0 3129794 583 9.154104 test
8 Q0 3120965 584 9.153301 test
8 Q0 3130903 585 9.14817 test
8 Q0 3123278 586 9.147954 test
8 Q0 3129951 587 9.143484 test
8 Q0 3129680 588 9.136856 test
8 Q0 3123649 589 9.109479 test
8 Q0 3121741 590 9.093004 test
8 Q0 3124834 591 9.080016 test
8 Q0 3129682 592 9.077608 test
8 Q0 3130998 593 9.072568 test
8 Q0 3130031 594 9.053501 test
8 Q0 3128847 595 9.04992 test
8 Q0 3125045 596 9.045424 test
8 Q0 3131037 597 9.044468 test
8 Q0 3132466 598 9.040371 test
8 Q0 3122507 599 9.033764 test
8 Q0 3132050 600 9.030105 test
8 Q0 3127801 601 9.02623 test
8 Q0 3123255 602 9.0181875 test
8 Q0 3120765 603 9.01584 test
8 Q0 3123242 604 9.014313 test
8 Q0 3126837 605 9.009248 test
8 Q0 3120821 606 8.982199 test
8 Q0 3120723 607 8.962858 test
8 Q0 3125530 608 8.961417 test
8 Q0 3130014 609 8.955777 test
8 Q0 3126760 610 8.955051 test
8 Q0 3127750 611 8.952116 test
8 Q0 3125656 612 8.951197 test
8 Q0 3123355 613 8.950545 test
8 Q0 3120835 614 8.949367 test
8 Q0 3129053 615 8.939915 test
8 Q0 3124138 616 8.937208 test
8 Q0 3122545 617 8.926401 test
8 Q0 3126768 618 8.915352 test
8 Q0 3127132 619 8.910036 test
8 Q0 3123643 620 8.902272 test
8 Q0 3124322 621 8.896235 test
8 Q0 3130568 622 8.896042 test
8 Q0 3132666 623 8.894664 test
8 Q0 3130265 624 8.889364 test
8 Q0 3122077 625 8.886028 test
8 Q0 3123344 626 8.880691 test
8 Q0 3131726 627 8.862304 test
8 Q0 3127294 628 8.855794 test
8 Q0 3131791 629 8.84663 test
8 Q0 3130191 630 8.842443 test
8 Q0 3130192 631 8.836242 test
8 Q0 3122054 632 8.807474 test
8 Q0 3121732 633 8.803719 test
8 Q0 3124933 634 8.794473 test
8 Q0 3130920 635 8.792288 test
8 Q0 3126744 636 8.790232 test
8 Q0 3123935 637 8.789797 test
8 Q0 3124449 638 8.789055 test
8 Q0 3123544 639 8.781412 test
8 Q0 3124530 640 8.769591 test
8 Q0 3124320 641 8.765252 test
8 Q0 3124029 642 8.7579975 test
8 Q0 3123607 643 8.755892 test
8 Q0 3121061 644 8.738925 test
8 Q0 3128024 645 8.7364855 test
8 Q0 3129040 646 8.733537 test
8 Q0 3124480 647 8.73321 test
8 Q0 3121596 648 8.732289 test
8 Q0 3130731 649 8.729723 test
8 Q0 3121294 650 8.7287855 test
8 Q0 3130317 651 8.725777 test
8 Q0 3132725 652 8.725483 test
8 Q0 3131528 653 8.718009 test
8 Q0 3120976 654 8.713565 test
8 Q0 3130723 655 8.710538 test
8 Q0 3127000 656 8.706459 test
8 Q0 3132043 657 8.7010565 test
8 Q0 3132519 658 8.69966 test
8 Q0 3123615 659 8.6955185 test
8 Q0 3125299 660 8.689052 test
8 Q0 3130582 661 8.687639 test
8 Q0 3126799 662 8.681395 test
8 Q0 3130050 663 8.670911 test
8 Q0 3121692 664 8.669941 test
8 Q0 3124391 665 8.666417 test
8 Q0 3121876 666 8.664612 test
8 Q0 3130007 667 8.661129 test
8 Q0 3130789 668 8.658509 test
8 Q0 3127498 669 8.655965 test
8 Q0 3130922 670 8.6558485 test
8 Q0 3132365 671 8.654354 test
8 Q0 3126825 672 8.639399 test
8 Q0 3125006 673 8.636802 test
8 Q0 3127982 674 8.633677 test
8 Q0 3123831 675 8.62433 test
8 Q0 3123705 676 8.617537 test
8 Q0 3127290 677 8.605667 test
8 Q0 3120885 678 8.604023 test
8 Q0 3125293 679 8.602653 test
8 Q0 3124505 680 8.600556 test
8 Q0 3123624 681 8.598163 test
8 Q0 3124469 682 8.591375 test
8 Q0 3127811 683 8.590313 test
8 Q0 3124321 684 8.586153 test
8 Q0 3124729 685 8.579453 test
8 Q0 3130171 686 8.579098 test
8 Q0 3132097 687 8.567494 test
8 Q0 3126784 688 8.564355 test
8 Q0 3120709 689 8.554232 test
8 Q0 3127986 690 8.550994 test
8 Q0 3126749 691 8.548731 test
8 Q0 3121756 692 8.547376 test
8 Q0 3123004 693 8.545165 test
8 Q0 3130650 694 8.541558 test
8 Q0 3130908 695 8.5402 test
8 Q0 3130163 696 8.534573 test
8 Q0 3131270 697 8.528338 test
8 Q0 3130175 698 8.525038 test
8 Q0 3132128 699 8.519447 test
8 Q0 3130289 700 8.518817 test
8 Q0 3131715 701 8.514496 test
8 Q0 3127758 702 8.5129795 test
8 Q0 3130027 703 8.511455 test
8 Q0 3132337 704 8.510798 test
8 Q0 3121599 705 8.494026 test
8 Q0 3128050 706 8.492178 test
8 Q0 3127987 707 8.491569 test
8 Q0 3125344 708 8.486821 test
8 Q0 3129292 709 8.482813 test
8 Q0 3129331 710 8.480543 test
8 Q0 3130149 711 8.477032 test
8 Q0 3132468 712 8.473827 test
8 Q0 3125189 713 8.471171 test
8 Q0 3123575 714 8.470348 test
8 Q0 3124353 715 8.467054 test
8 Q0 3124489 716 8.466877 test
8 Q0 3127133 717 8.462832 test
8 Q0 3129953 718 8.459032 test
8 Q0 3132009 719 8.454895 test
8 Q0 3121760 720 8.446983 test
8 Q0 3121948 721 8.443829 test
8 Q0 3124126 722 8.437368 test
8 Q0 3132156 723 8.432531 test
8 Q0 3121738 724 8.427705 test
8 Q0 3130590 725 8.421346 test
8 Q0 3130672 726 8.420653 test
8 Q0 3128711 727 8.418919 test
8 Q0 3122988 728 8.410887 test
8 Q0 3125699 729 8.402288 test
8 Q0 3128123 730 8.395536 test
8 Q0 3123201 731 8.392981 test
8 Q0 3126976 732 8.385804 test
8 Q0 3131273 733 8.383777 test
8 Q0 3132675 734 8.376591 test
8 Q0 3132120 735 8.375945 test
8 Q0 3127859 736 8.374737 test
8 Q0 3127810 737 8.370944 test
8 Q0 3125151 738 8.368385 test
8 Q0 3126812 739 8.366776 test
8 Q0 3122983 740 8.366093 test
8 Q0 3125448 741 8.362537 test
8 Q0 3132380 742 8.360842 test
8 Q0 3124264 743 8.353977 test
8 Q0 3120795 744 8.352589 test
8 Q0 3130466 745 8.35099 test
8 Q0 3128597 746 8.344717 test
8 Q0 3125720 747 8.343105 test
8 Q0 3129308 748 8.3408375 test
8 Q0 3132476 749 8.335094 test
8 Q0 3124268 750 8.329195 test
8 Q0 3132680 751 8.325993 test
8 Q0 3130925 752 8.325229 test
8 Q0 3132042 753 8.320887 test
8 Q0 3131283 754 8.317245 test
8 Q0 3124992 755 8.3166065 test
8 Q0 3128247 756 8.313878 test
8 Q0 3128865 757 8.313742 test
8 Q0 3130982 758 8.307135 test
8 Q0 3123700 759 8.3066635 test
8 Q0 3129093 760 8.297807 test
8 Q0 3126502 761 8.292768 test
8 Q0 3131727 762 8.290624 test
8 Q0 3128623 763 8.287962 test
8 Q0 3124047 764 8.275061 test
8 Q0 3132364 765 8.2723465 test
8 Q0 3131536 766 8.271026 test
8 Q0 3122379 767 8.270642 test
8 Q0 3124462 768 8.267593 test
8 Q0 3128624 769 8.263568 test
8 Q0 3122958 770 8.258478 test
8 Q0 3124282 771 8.258229 test
8 Q0 3130030 772 8.256186 test
8 Q0 3125959 773 8.254177 test
8 Q0 3125053 774 8.252913 test
8 Q0 3121652 775 8.249769 test
8 Q0 3123911 776 8.248777 test
8 Q0 3124932 777 8.24873 test
8 Q0 3128263 778 8.246084 test
8 Q0 3130479 779 8.244831 test
8 Q0 3126822 780 8.232254 test
8 Q0 3127803 781 8.230107 test
8 Q0 3127842 782 8.227198 test
8 Q0 3131676 783 8.223938 test
8 Q0 3125663 784 8.2139 test
8 Q0 3127251 785 8.20648 test
8 Q0 3121603 786 8.204245 test
8 Q0 3131024 787 8.202957 test
8 Q0 3124837 788 8.197781 test
8 Q0 3121960 789 8.19246 test
8 Q0 3126972 790 8.187037 test
8 Q0 3128697 791 8.182015 test
8 Q0 3123604 792 8.179144 test
8 Q0 3126729 793 8.17728 test
8 Q0 3124648 794 8.170505 test
8 Q0 3130777 795 8.167584 test
8 Q0 3123322 796 8.165034 test
8 Q0 3132469 797 8.159939 test
8 Q0 3129777 798 8.159022 test
8 Q0 3121880 799 8.158147 test
8 Q0 3132477 800 8.1573105 test
8 Q0 3131525 801 8.157127 test
8 Q0 3132589 802 8.149317 test
8 Q0 3131189 803 8.14203 test
8 Q0 3126719 804 8.128748 test
8 Q0 3120677 805 8.12721 test
8 Q0 3125200 806 8.1271925 test
8 Q0 3120747 807 8.125442 test
8 Q0 3127492 808 8.124996 test
8 Q0 3125046 809 8.121517 test
8 Q0 3124977 810 8.119234 test
8 Q0 3129139 811 8.11579 test
8 Q0 3128254 812 8.110942 test
8 Q0 3123563 813 8.107568 test
8 Q0 3122894 814 8.105389 test
8 Q0 3121610 815 8.102332 test
8 Q0 3129059 816 8.100059 test
8 Q0 3124425 817 8.091777 test
8 Q0 3130580 818 8.091312 test
8 Q0 3125520 819 8.090591 test
8 Q0 3128620 820 8.086356 test
8 Q0 3125032 821 8.085412 test
8 Q0 3130915 822 8.085266 test
8 Q0 3128696 823 8.0776615 test
8 Q0 3125381 824 8.077396 test
8 Q0 3128942 825 8.077089 test
8 Q0 3121594 826 8.074062 test
8 Q0 3132235 827 8.067772 test
8 Q0 3123301 828 8.061081 test
8 Q0 3129945 829 8.045897 test
8 Q0 3132359 830 8.045747 test
8 Q0 3121686 831 8.043372 test
8 Q0 3125360 832 8.042685 test
8 Q0 3124830 833 8.042288 test
8 Q0 3131292 834 8.039661 test
8 Q0 3121799 835 8.038376 test
8 Q0 3130681 836 8.035903 test
8 Q0 3121598 837 8.034838 test
8 Q0 3130560 838 8.03145 test
8 Q0 3132521 839 8.016932 test
8 Q0 3130173 840 8.008744 test
8 Q0 3132378 841 7.9926286 test
8 Q0 3125289 842 7.984107 test
8 Q0 3128607 843 7.9743347 test
8 Q0 3124416 844 7.9740086 test
8 Q0 3127773 845 7.972755 test
8 Q0 3125150 846 7.9682956 test
8 Q0 3128700 847 7.966869 test
8 Q0 3124484 848 7.963066 test
8 Q0 3128818 849 7.960476 test
8 Q0 3130647 850 7.9591794 test
8 Q0 3121746 851 7.956824 test
8 Q0 3126798 852 7.9544435 test
8 Q0 3132357 853 7.9503694 test
8 Q0 3125341 854 7.947547 test
8 Q0 3121249 855 7.9454412 test
8 Q0 3132234 856 7.940179 test
8 Q0 3123518 857 7.9400616 test
8 Q0 3129959 858 7.93104 test
8 Q0 3130357 859 7.923438 test
8 Q0 3127108 860 7.9186845 test
8 Q0 3131026 861 7.9158344 test
8 Q0 3132167 862 7.9089017 test
8 Q0 3132723 863 7.9088297 test
8 Q0 3121095 864 7.8984694 test
8 Q0 3131597 865 7.897183 test
8 Q0 3128264 866 7.897138 test
8 Q0 3131434 867 7.889678 test
8 Q0 3132719 868 7.887986 test
8 Q0 3123562 869 7.886846 test
8 Q0 3127319 870 7.8833394 test
8 Q0 3131757 871 7.8784 test
8 Q0 3130887 872 7.8760257 test
8 Q0 3128036 873 7.872705 test
8 Q0 3120712 874 7.8623405 test
8 Q0 3121653 875 7.8569145 test
8 Q0 3132160 876 7.855492 test
8 Q0 3125155 877 7.8442173 test
8 Q0 3132385 878 7.841165 test
8 Q0 3120724 879 7.8381786 test
8 Q0 3125359 880 7.8372865 test
8 Q0 3130670 881 7.83726 test
8 Q0 3129241 882 7.832475 test
8 Q0 3129096 883 7.8275094 test
8 Q0 3131530 884 7.826254 test
8 Q0 3124724 885 7.8230977 test
8 Q0 3120851 886 7.8163548 test
8 Q0 3121793 887 7.814382 test
8 Q0 3130215 888 7.8132753 test
8 Q0 3132214 889 7.8119035 test
8 Q0 3120766 890 7.8096905 test
8 Q0 3127809 891 7.808284 test
8 Q0 3122881 892 7.7982426 test
8 Q0 3125274 893 7.7953024 test
8 Q0 3130359 894 7.792428 test
8 Q0 3127808 895 7.789123 test
8 Q0 3129307 896 7.7873282 test
8 Q0 3130146 897 7.7838607 test
8 Q0 3121614 898 7.7791476 test
8 Q0 3130169 899 7.7770176 test
8 Q0 3129068 900 7.770669 test
8 Q0 3124494 901 7.76653 test
8 Q0 3126814 902 7.763107 test
8 Q0 3126695 903 7.762061 test
8 Q0 3129587 904 7.7597537 test
8 Q0 3130181 905 7.7596555 test
8 Q0 3120728 906 7.7525373 test
8 Q0 3129069 907 7.7512064 test
8 Q0 3121119 908 7.7491097 test
8 Q0 3126853 909 7.747252 test
8 Q0 3123465 910 7.745192 test
8 Q0 3125646 911 7.742347 test
8 Q0 3125537 912 7.7410207 test
8 Q0 3121768 913 7.740762 test
8 Q0 3130776 914 7.7382765 test
8 Q0 3123186 915 7.7349625 test
8 Q0 3132699 916 7.722674 test
8 Q0 3129500 917 7.7199054 test
8 Q0 3129666 918 7.7145658 test
8 Q0 3130277 919 7.712517 test
8 Q0 3131733 920 7.704475 test
8 Q0 3128751 921 7.7027254 test
8 Q0 3124944 922 7.7014995 test
8 Q0 3128826 923 7.7004848 test
8 Q0 3131567 924 7.6965823 test
8 Q0 3125461 925 7.691373 test
8 Q0 3123597 926 7.6896586 test
8 Q0 3132121 927 7.6862717 test
8 Q0 3124439 928 7.685741 test
8 Q0 3132660 929 7.684054 test
8 Q0 3127780 930 7.6833076 test
8 Q0 3123002 931 7.681978 test
8 Q0 3124955 932 7.67123 test
8 Q0 3127009 933 7.6675572 test
8 Q0 3124954 934 7.662584 test
8 Q0 3127782 935 7.6541414 test
8 Q0 3132105 936 7.6498394 test
8 Q0 3129586 937 7.6451592 test
8 Q0 3120877 938 7.643935 test
8 Q0 3121604 939 7.6438823 test
8 Q0 3132548 940 7.640686 test
8 Q0 3124427 941 7.6383033 test
8 Q0 3128049 942 7.636976 test
8 Q0 3122999 943 7.6348624 test
8 Q0 3121335 944 7.633958 test
8 Q0 3125508 945 7.6294465 test
8 Q0 3123163 946 7.627398 test
8 Q0 3129071 947 7.6224837 test
8 Q0 3127804 948 7.6218543 test
8 Q0 3123280 949 7.621776 test
8 Q0 3130282 950 7.601628 test
8 Q0 3120859 951 7.59747 test
8 Q0 3127016 952 7.597228 test
8 Q0 3125230 953 7.593287 test
8 Q0 3123457 954 7.593076 test
8 Q0 3132335 955 7.5789084 test
8 Q0 3130716 956 7.578878 test
8 Q0 3125004 957 7.5744925 test
8 Q0 3122100 958 7.5737705 test
8 Q0 3123316 959 7.5669312 test
8 Q0 3123821 960 7.5658793 test
8 Q0 3128585 961 7.5658035 test
8 Q0 3127770 962 7.556941 test
8 Q0 3124140 963 7.550314 test
8 Q0 3123216 964 7.5435762 test
8 Q0 3129577 965 7.542758 test
8 Q0 3128087 966 7.540669 test
8 Q0 3123625 967 7.5404396 test
8 Q0 3124528 968 7.5279717 test
8 Q0 3124507 969 7.5264106 test
8 Q0 3123285 970 7.5206366 test
8 Q0 3121430 971 7.515649 test
8 Q0 3129956 972 7.5098867 test
8 Q0 3131547 973 7.502351 test
8 Q0 3128262 974 7.4983087 test
8 Q0 3128858 975 7.493711 test
8 Q0 3121069 976 7.4917192 test
8 Q0 3127965 977 7.487848 test
8 Q0 3125363 978 7.4821815 test
8 Q0 3131771 979 7.4796405 test
8 Q0 3121748 980 7.477907 test
8 Q0 3129305 981 7.471731 test
8 Q0 3128039 982 7.468979 test
8 Q0 3128612 983 7.4687223 test
8 Q0 3130791 984 7.4655666 test
8 Q0 3123743 985 7.4595537 test
8 Q0 3128906 986 7.4578257 test
8 Q0 3125028 987 7.446453 test
8 Q0 3127403 988 7.444586 test
8 Q0 3130044 989 7.4443617 test
8 Q0 3128981 990 7.443518 test
8 Q0 3123770 991 7.434578 test
8 Q0 3127764 992 7.4333677 test
8 Q0 3121074 993 7.43026 test
8 Q0 3132332 994 7.4291906 test
8 Q0 3123339 995 7.428956 test
8 Q0 3125386 996 7.4260526 test
8 Q0 3128055 997 7.4229975 test
8 Q0 3123833 998 7.4167905 test
8 Q0 3124951 999 7.4151564 test
8 Q0 3121759 1000 7.4133267 test
9 Q0 3124888 1 28.464483 test
9 Q0 3132130 2 24.466076 test
9 Q0 3127497 3 24.357014 test
9 Q0 3122992 4 22.023262 test
9 Q0 3129090 5 20.48916 test
9 Q0 3125664 6 20.456192 test
9 Q0 3125655 7 20.442755 test
9 Q0 3124455 8 20.337032 test
9 Q0 3125062 9 20.313108 test
9 Q0 3125363 10 20.286884 test
9 Q0 3127842 11 20.269157 test
9 Q0 3127834 12 20.226564 test
9 Q0 3127308 13 19.942265 test
9 Q0 3124465 14 19.76449 test
9 Q0 3130464 15 19.676525 test
9 Q0 3129114 16 19.495756 test
9 Q0 3129132 17 19.381035 test
9 Q0 3129083 18 19.152885 test
9 Q0 3127493 19 19.146675 test
9 Q0 3128254 20 19.123306 test
9 Q0 3132483 21 19.088173 test
9 Q0 3127500 22 19.046246 test
9 Q0 3124448 23 18.69364 test
9 Q0 3125657 24 18.575682 test
9 Q0 3130976 25 18.459675 test
9 Q0 3128041 26 18.42048 test
9 Q0 3125667 27 18.336315 test
9 Q0 3132121 28 18.284512 test
9 Q0 3130894 29 17.880526 test
9 Q0 3125662 30 17.83944 test
9 Q0 3130997 31 17.473982 test
9 Q0 3125362 32 17.402636 test
9 Q0 3127492 33 17.328321 test
9 Q0 3125663 34 17.250744 test
9 Q0 3121091 35 17.191233 test
9 Q0 3125037 36 17.108503 test
9 Q0 3125656 37 16.86305 test
9 Q0 3125660 38 16.816769 test
9 Q0 3130682 39 16.746489 test
9 Q0 3129533 40 16.728556 test
9 Q0 3132698 41 16.700468 test
9 Q0 3122497 42 16.677973 test
9 Q0 3125647 43 16.434559 test
9 Q0 3126711 44 16.390047 test
9 Q0 3125036 45 16.361118 test
9 Q0 3123906 46 16.267965 test
9 Q0 3129069 47 16.258026 test
9 Q0 3131766 48 15.9523945 test
9 Q0 3129061 49 15.890901 test
9 Q0 3127496 50 15.88541 test
9 Q0 3122499 51 15.75994 test
9 Q0 3125369 52 15.70575 test
9 Q0 3131758 53 15.575295 test
9 Q0 3122997 54 15.556252 test
9 Q0 3124965 55 15.554239 test
9 Q0 3122589 56 15.544522 test
9 Q0 3128129 57 15.518943 test
9 Q0 3125644 58 15.471656 test
9 Q0 3123646 59 15.420341 test
9 Q0 3129060 60 15.418288 test
9 Q0 3121291 61 15.233833 test
9 Q0 3128842 62 15.211878 test
9 Q0 3129305 63 15.200064 test
9 Q0 3122987 64 15.146007 test
9 Q0 3124325 65 15.105226 test
9 Q0 3123250 66 15.009409 test
9 Q0 3121000 67 14.995713 test
9 Q0 3129122 68 14.882065 test
9 Q0 3130475 69 14.813808 test
9 Q0 3132671 70 14.751531 test
9 Q0 3130982 71 14.699453 test
9 Q0 3125646 72 14.69409 test
9 Q0 3132706 73 14.6759205 test
9 Q0 3132700 74 14.66132 test
9 Q0 3132128 75 14.536347 test
9 Q0 3124123 76 14.521681 test
9 Q0 3129666 77 14.511332 test
9 Q0 3125120 78 14.483059 test
9 Q0 3123296 79 14.434968 test
9 Q0 3132120 80 14.348099 test
9 Q0 3125654 81 14.288027 test
9 Q0 3132127 82 14.285893 test
9 Q0 3123241 83 14.196938 test
9 Q0 3125168 84 13.895065 test
9 Q0 3129082 85 13.850065 test
9 Q0 3127311 86 13.764335 test
9 Q0 3130667 87 13.745001 test
9 Q0 3130466 88 13.66347 test
9 Q0 3122958 89 13.6373005 test
9 Q0 3130578 90 13.591183 test
9 Q0 3123639 91 13.574477 test
9 Q0 3125061 92 13.43121 test
9 Q0 3127317 93 13.252354 test
9 Q0 3124259 94 13.181854 test
9 Q0 3125064 95 13.141314 test
9 Q0 3132493 96 13.065978 test
9 Q0 3130998 97 13.025678 test
9 Q0 3130672 98 12.926088 test
9 Q0 3123261 99 12.899164 test
9 Q0 3125659 100 12.881331 test
9 Q0 3121716 101 12.65609 test
9 Q0 3129330 102 12.6401 test
9 Q0 3122500 103 12.637374 test
9 Q0 3123311 104 12.607996 test
9 Q0 3126983 105 12.495204 test
9 Q0 3125645 106 12.480323 test
9 Q0 3130636 107 12.451639 test
9 Q0 3123183 108 12.437288 test
9 Q0 3132119 109 12.4269905 test
9 Q0 3123513 110 12.417874 test
9 Q0 3132681 111 12.411595 test
9 Q0 3128068 112 12.352188 test
9 Q0 3130439 113 12.334559 test
9 Q0 3126997 114 12.304854 test
9 Q0 3128896 115 12.27201 test
9 Q0 3124449 116 12.235012 test
9 Q0 3129957 117 12.221185 test
9 Q0 3121094 118 12.203921 test
9 Q0 3127762 119 12.16341 test
9 Q0 3132237 120 12.130913 test
9 Q0 3129588 121 12.117119 test
9 Q0 3122507 122 12.109142 test
9 Q0 3132162 123 12.081759 test
9 Q0 3123169 124 12.042394 test
9 Q0 3123279 125 12.001435 test
9 Q0 3132357 126 11.99012 test
9 Q0 3132118 127 11.9718895 test
9 Q0 3121070 128 11.958934 test
9 Q0 3125284 129 11.953218 test
9 Q0 3125665 130 11.924346 test
9 Q0 3131981 131 11.903583 test
9 Q0 3126991 132 11.870797 test
9 Q0 3125065 133 11.86901 test
9 Q0 3125063 134 11.803107 test
9 Q0 3130457 135 11.796736 test
9 Q0 3131599 136 11.770361 test
9 Q0 3124972 137 11.756799 test
9 Q0 3127378 138 11.754392 test
9 Q0 3130647 139 11.744889 test
9 Q0 3124261 140 11.742763 test
9 Q0 3130494 141 11.711237 test
9 Q0 3125360 142 11.673626 test
9 Q0 3132350 143 11.663615 test
9 Q0 3129125 144 11.614562 test
9 Q0 3124988 145 11.6143055 test
9 Q0 3130957 146 11.56049 test
9 Q0 3132371 147 11.532202 test
9 Q0 3132411 148 11.520434 test
9 Q0 3131546 149 11.5203495 test
9 Q0 3128264 150 11.507423 test
9 Q0 3122590 151 11.490678 test
9 Q0 3124462 152 11.486649 test
9 Q0 3121680 153 11.481344 test
9 Q0 3132032 154 11.470081 test
9 Q0 3132377 155 11.454454 test
9 Q0 3132318 156 11.448631 test
9 Q0 3129776 157 11.446242 test
9 Q0 3126760 158 11.411672 test
9 Q0 3125115 159 11.398917 test
9 Q0 3131748 160 11.394898 test
9 Q0 3129353 161 11.384296 test
9 Q0 3129129 162 11.356388 test
9 Q0 3124330 163 11.342665 test
9 Q0 3127956 164 11.298133 test
9 Q0 3122096 165 11.296673 test
9 Q0 3124458 166 11.28292 test
9 Q0 3131537 167 11.255677 test
9 Q0 3128054 168 11.214974 test
9 Q0 3127310 169 11.212156 test
9 Q0 3131791 170 11.19839 test
9 Q0 3120968 171 11.174875 test
9 Q0 3130717 172 11.162328 test
9 Q0 3130360 173 11.158844 test
9 Q0 3125643 174 11.155341 test
9 Q0 3124725 175 11.148382 test
9 Q0 3124319 176 11.112563 test
9 Q0 3130929 177 11.096712 test
9 Q0 3124287 178 11.077658 test
9 Q0 3127806 179 11.059615 test
9 Q0 3132663 180 11.020495 test
9 Q0 3131772 181 10.995252 test
9 Q0 3123823 182 10.992811 test
9 Q0 3121093 183 10.991683 test
9 Q0 3127495 184 10.974145 test
9 Q0 3124324 185 10.937758 test
9 Q0 3125239 186 10.934083 test
9 Q0 3124886 187 10.930891 test
9 Q0 3130373 188 10.906024 test
9 Q0 3129356 189 10.87313 test
9 Q0 3124140 190 10.856168 test
9 Q0 3123003 191 10.833474 test
9 Q0 3132370 192 10.791066 test
9 Q0 3124992 193 10.7905035 test
9 Q0 3123162 194 10.763376 test
9 Q0 3130911 195 10.762426 test
9 Q0 3124454 196 10.714364 test
9 Q0 3120792 197 10.672061 test
9 Q0 3125006 198 10.653261 test
9 Q0 3123642 199 10.618732 test
9 Q0 3132497 200 10.61501 test
9 Q0 3129951 201 10.605597 test
9 Q0 3123554 202 10.5859995 test
9 Q0 3123700 203 10.581987 test
9 Q0 3124447 204 10.580635 test
9 Q0 3128826 205 10.522078 test
9 Q0 3125299 206 10.519389 test
9 Q0 3125961 207 10.511461 test
9 Q0 3122994 208 10.500175 test
9 Q0 3122593 209 10.496996 test
9 Q0 3129104 210 10.495724 test
9 Q0 3123009 211 10.485335 test
9 Q0 3123818 212 10.459372 test
9 Q0 3124320 213 10.450665 test
9 Q0 3127419 214 10.444512 test
9 Q0 3127002 215 10.429641 test
9 Q0 3125666 216 10.423909 test
9 Q0 3126722 217 10.413561 test
9 Q0 3121956 218 10.39391 test
9 Q0 3121130 219 10.346691 test
9 Q0 3120986 220 10.326508 test
9 Q0 3124461 221 10.316357 test
9 Q0 3120733 222 10.303858 test
9 Q0 3122544 223 10.286385 test
9 Q0 3127314 224 10.28107 test
9 Q0 3129769 225 10.280089 test
9 Q0 3130473 226 10.269163 test
9 Q0 3127391 227 10.220128 test
9 Q0 3132374 228 10.20545 test
9 Q0 3130996 229 10.19257 test
9 Q0 3124731 230 10.160883 test
9 Q0 3123249 231 10.091272 test
9 Q0 3123845 232 10.0567665 test
9 Q0 3125058 233 10.05516 test
9 Q0 3124463 234 10.055134 test
9 Q0 3129763 235 10.048972 test
9 Q0 3122988 236 10.02282 test
9 Q0 3125005 237 10.003992 test
9 Q0 3131512 238 9.985558 test
9 Q0 3121592 239 9.973996 test
9 Q0 3121674 240 9.954816 test
9 Q0 3125536 241 9.929128 test
9 Q0 3132015 242 9.92762 test
9 Q0 3124225 243 9.9010725 test
9 Q0 3128838 244 9.885978 test
9 Q0 3130468 245 9.872845 test
9 Q0 3130893 246 9.85993 test
9 Q0 3122584 247 9.842817 test
9 Q0 3125231 248 9.813685 test
9 Q0 3121964 249 9.802572 test
9 Q0 3130690 250 9.785731 test
9 Q0 3120804 251 9.774851 test
9 Q0 3123589 252 9.768184 test
9 Q0 3124318 253 9.756067 test
9 Q0 3121652 254 9.752379 test
9 Q0 3127995 255 9.731234 test
9 Q0 3129070 256 9.712347 test
9 Q0 3129953 257 9.685538 test
9 Q0 3122996 258 9.679532 test
9 Q0 3125278 259 9.672889 test
9 Q0 3132235 260 9.666087 test
9 Q0 3132326 261 9.661863 test
9 Q0 3131509 262 9.658031 test
9 Q0 3132327 263 9.657799 test
9 Q0 3121673 264 9.639744 test
9 Q0 3124933 265 9.631325 test
9 Q0 3126695 266 9.562509 test
9 Q0 3123298 267 9.525332 test
9 Q0 3125033 268 9.498751 test
9 Q0 3123625 269 9.488199 test
9 Q0 3121705 270 9.453915 test
9 Q0 3132722 271 9.447127 test
9 Q0 3126694 272 9.4427595 test
9 Q0 3127299 273 9.422357 test
9 Q0 3122548 274 9.37089 test
9 Q0 3124836 275 9.359 test
9 Q0 3129029 276 9.357781 test
9 Q0 3131125 277 9.349913 test
9 Q0 3127316 278 9.278259 test
9 Q0 3121248 279 9.266538 test
9 Q0 3132229 280 9.250714 test
9 Q0 3132124 281 9.250652 test
9 Q0 3130635 282 9.220184 test
9 Q0 3127020 283 9.204787 test
9 Q0 3124248 284 9.199167 test
9 Q0 3129952 285 9.196303 test
9 Q0 3124322 286 9.1841 test
9 Q0 3120684 287 9.164093 test
9 Q0 3124065 288 9.157542 test
9 Q0 3132361 289 9.155939 test
9 Q0 3124991 290 9.143037 test
9 Q0 3131717 291 9.10764 test
9 Q0 3121073 292 9.080087 test
9 Q0 3125720 293 9.070232 test
9 Q0 3125000 294 9.0683365 test
9 Q0 3127826 295 9.038437 test
9 Q0 3121731 296 9.036486 test
9 Q0 3125279 297 8.987827 test
9 Q0 3124321 298 8.950098 test
9 Q0 3124860 299 8.920549 test
9 Q0 3131713 300 8.89984 test
9 Q0 3127778 301 8.899012 test
9 Q0 3124030 302 8.876178 test
9 Q0 3130989 303 8.876129 test
9 Q0 3130903 304 8.865165 test
9 Q0 3128060 305 8.84791 test
9 Q0 3128102 306 8.843053 test
9 Q0 3126796 307 8.819176 test
9 Q0 3131792 308 8.816051 test
9 Q0 3121675 309 8.767493 test
9 Q0 3126840 310 8.687618 test
9 Q0 3132176 311 8.67383 test
9 Q0 3125955 312 8.660217 test
9 Q0 3123227 313 8.650954 test
9 Q0 3120973 314 8.640752 test
9 Q0 3126972 315 8.632478 test
9 Q0 3127423 316 8.622463 test
9 Q0 3123282 317 8.588758 test
9 Q0 3130969 318 8.579875 test
9 Q0 3122088 319 8.5589285 test
9 Q0 3127383 320 8.544533 test
9 Q0 3126792 321 8.534366 test
9 Q0 3132670 322 8.518018 test
9 Q0 3130575 323 8.48347 test
9 Q0 3128907 324 8.402669 test
9 Q0 3123550 325 8.398376 test
9 Q0 3123626 326 8.398196 test
9 Q0 3130462 327 8.390314 test
9 Q0 3132338 328 8.308977 test
9 Q0 3130650 329 8.290809 test
9 Q0 3129354 330 8.26594 test
9 Q0 3122502 331 8.2565365 test
9 Q0 3126989 332 8.218528 test
9 Q0 3131001 333 8.2120905 test
9 Q0 3124446 334 8.211262 test
9 Q0 3124507 335 8.210875 test
9 Q0 3127018 336 8.177549 test
9 Q0 3128735 337 8.173231 test
9 Q0 3126977 338 8.170605 test
9 Q0 3121586 339 8.128614 test
9 Q0 3130188 340 8.108821 test
9 Q0 3132354 341 8.08711 test
9 Q0 3124193 342 8.079769 test
9 Q0 3125538 343 8.073917 test
9 Q0 3125270 344 8.065795 test
9 Q0 3132604 345 8.050528 test
9 Q0 3125248 346 8.042705 test
9 Q0 3130961 347 8.039872 test
9 Q0 3124855 348 8.019074 test
9 Q0 3121640 349 8.004532 test
9 Q0 3125291 350 7.9520087 test
9 Q0 3123207 351 7.9288993 test
9 Q0 3132359 352 7.9130526 test
9 Q0 3121793 353 7.9070086 test
9 Q0 3123213 354 7.896791 test
9 Q0 3130362 355 7.892802 test
9 Q0 3123259 356 7.8723373 test
9 Q0 3127760 357 7.869882 test
9 Q0 3130920 358 7.868185 test
9 Q0 3130670 359 7.8189178 test
9 Q0 3126980 360 7.790154 test
9 Q0 3124994 361 7.789147 test
9 Q0 3121695 362 7.77271 test
9 Q0 3120850 363 7.7572694 test
9 Q0 3127781 364 7.744769 test
9 Q0 3126870 365 7.709124 test
9 Q0 3130028 366 7.7054305 test
9 Q0 3127019 367 7.704615 test
9 Q0 3123636 368 7.703681 test
9 Q0 3128903 369 7.702112 test
9 Q0 3129117 370 7.7012887 test
9 Q0 3132123 371 7.69009 test
9 Q0 3126730 372 7.6838856 test
9 Q0 3125661 373 7.676791 test
9 Q0 3121768 374 7.674673 test
9 Q0 3127763 375 7.661539 test
9 Q0 3122985 376 7.6503863 test
9 Q0 3127801 377 7.631666 test
9 Q0 3126780 378 7.623019 test
9 Q0 3129344 379 7.6157684 test
9 Q0 3122583 380 7.6127605 test
9 Q0 3132240 381 7.6114073 test
9 Q0 3124391 382 7.6044884 test
9 Q0 3132364 383 7.6013036 test
9 Q0 3130720 384 7.5885687 test
9 Q0 3123629 385 7.5762315 test
9 Q0 3121715 386 7.565387 test
9 Q0 3124435 387 7.5564365 test
9 Q0 3123358 388 7.550259 test
9 Q0 3123569 389 7.542965 test
9 Q0 3124831 390 7.5397844 test
9 Q0 3123164 391 7.532387 test
9 Q0 3120793 392 7.523942 test
9 Q0 3123822 393 7.51721 test
9 Q0 3124242 394 7.513877 test
9 Q0 3123831 395 7.5096345 test
9 Q0 3132418 396 7.507192 test
9 Q0 3126752 397 7.4725003 test
9 Q0 3126998 398 7.47244 test
9 Q0 3129094 399 7.47139 test
9 Q0 3120758 400 7.4628983 test
9 Q0 3124674 401 7.457979 test
9 Q0 3123852 402 7.421228 test
9 Q0 3124421 403 7.421227 test
9 Q0 3131575 404 7.4164476 test
9 Q0 3125255 405 7.4117684 test
9 Q0 3124859 406 7.400242 test
9 Q0 3124495 407 7.39127 test
9 Q0 3127337 408 7.360132 test
9 Q0 3127982 409 7.346592 test
9 Q0 3121092 410 7.3339496 test
9 Q0 3121129 411 7.3321238 test
9 Q0 3122599 412 7.3299584 test
9 Q0 3127795 413 7.311881 test
9 Q0 3123701 414 7.3068132 test
9 Q0 3128259 415 7.3061233 test
9 Q0 3124266 416 7.296315 test
9 Q0 3132509 417 7.2732635 test
9 Q0 3124241 418 7.2695694 test
9 Q0 3124345 419 7.2688565 test
9 Q0 3129105 420 7.2683067 test
9 Q0 3131050 421 7.252504 test
9 Q0 3128262 422 7.24856 test
9 Q0 3128700 423 7.2481694 test
9 Q0 3132281 424 7.241723 test
9 Q0 3121424 425 7.2379365 test
9 Q0 3128032 426 7.2324615 test
9 Q0 3120831 427 7.230202 test
9 Q0 3132236 428 7.2227583 test
9 Q0 3129759 429 7.218172 test
9 Q0 3124484 430 7.2125745 test
9 Q0 3125194 431 7.2122645 test
9 Q0 3132435 432 7.202685 test
9 Q0 3124024 433 7.2006536 test
9 Q0 3123615 434 7.193151 test
9 Q0 3131710 435 7.188706 test
9 Q0 3132117 436 7.1862264 test
9 Q0 3121961 437 7.162443 test
9 Q0 3121659 438 7.15021 test
9 Q0 3121615 439 7.142665 test
9 Q0 3127322 440 7.1401496 test
9 Q0 3130610 441 7.1304045 test
9 Q0 3124980 442 7.126063 test
9 Q0 3132129 443 7.1251116 test
9 Q0 3121766 444 7.1057453 test
9 Q0 3125197 445 7.102352 test
9 Q0 3127323 446 7.1019945 test
9 Q0 3123711 447 7.083253 test
9 Q0 3124226 448 7.066602 test
9 Q0 3123010 449 7.064308 test
9 Q0 3121420 450 7.0461874 test
9 Q0 3121071 451 7.0307508 test
9 Q0 3132216 452 7.0291667 test
9 Q0 3130731 453 7.020772 test
9 Q0 3124289 454 7.0171123 test
9 Q0 3130983 455 7.003955 test
9 Q0 3121056 456 7.0010576 test
9 Q0 3121774 457 6.9886327 test
9 Q0 3120755 458 6.9851503 test
9 Q0 3129120 459 6.9731336 test
9 Q0 3123658 460 6.9698987 test
9 Q0 3124672 461 6.967672 test
9 Q0 3122103 462 6.9556136 test
9 Q0 3120849 463 6.9507565 test
9 Q0 3127292 464 6.9414454 test
9 Q0 3127309 465 6.9278355 test
9 Q0 3127750 466 6.9178514 test
9 Q0 3129345 467 6.9178457 test
9 Q0 3124492 468 6.912638 test
9 Q0 3127004 469 6.9075 test
9 Q0 3127765 470 6.9071317 test
9 Q0 3128742 471 6.9066963 test
9 Q0 3132331 472 6.902123 test
9 Q0 3125285 473 6.890618 test
9 Q0 3123833 474 6.87807 test
9 Q0 3122545 475 6.868594 test
9 Q0 3126843 476 6.867771 test
9 Q0 3123512 477 6.866039 test
9 Q0 3126771 478 6.863185 test
9 Q0 3127794 479 6.8619976 test
9 Q0 3123643 480 6.8477755 test
9 Q0 3123343 481 6.837029 test
9 Q0 3124832 482 6.819338 test
9 Q0 3130488 483 6.816017 test
9 Q0 3124935 484 6.7989807 test
9 Q0 3121281 485 6.7824936 test
9 Q0 3121681 486 6.7741356 test
9 Q0 3130665 487 6.769285 test
9 Q0 3128585 488 6.7677903 test
9 Q0 3122587 489 6.7543783 test
9 Q0 3126699 490 6.7535315 test
9 Q0 3131384 491 6.751513 test
9 Q0 3129124 492 6.7403073 test
9 Q0 3128722 493 6.734672 test
9 Q0 3126734 494 6.7118063 test
9 Q0 3123696 495 6.710426 test
9 Q0 3129039 496 6.708896 test
9 Q0 3124883 497 6.7074113 test
9 Q0 3131267 498 6.7069345 test
9 Q0 3132476 499 6.706095 test
9 Q0 3128071 500 6.703949 test
9 Q0 3130460 501 6.6762276 test
9 Q0 3122334 502 6.669979 test
9 Q0 3129130 503 6.6696687 test
9 Q0 3129113 504 6.66621 test
9 Q0 3132730 505 6.6583495 test
9 Q0 3121607 506 6.657487 test
9 Q0 3131987 507 6.656282 test
9 Q0 3128839 508 6.6517553 test
9 Q0 3125513 509 6.6449823 test
9 Q0 3124431 510 6.6430945 test
9 Q0 3125201 511 6.6397743 test
9 Q0 3132720 512 6.623208 test
9 Q0 3128570 513 6.603442 test
9 Q0 3128727 514 6.6019344 test
9 Q0 3128134 515 6.594187 test
9 Q0 3132346 516 6.594085 test
9 Q0 3123598 517 6.591865 test
9 Q0 3125203 518 6.589227 test
9 Q0 3125041 519 6.5868745 test
9 Q0 3127969 520 6.561999 test
9 Q0 3129068 521 6.558575 test
9 Q0 3126999 522 6.5539107 test
9 Q0 3126845 523 6.55391 test
9 Q0 3120752 524 6.5530276 test
9 Q0 3124016 525 6.535684 test
9 Q0 3125316 526 6.5308285 test
9 Q0 3120876 527 6.518967 test
9 Q0 3131733 528 6.518289 test
9 Q0 3123209 529 6.516349 test
9 Q0 3123301 530 6.5154734 test
9 Q0 3120984 531 6.5132246 test
9 Q0 3129577 532 6.5062118 test
9 Q0 3128580 533 6.504984 test
9 Q0 3121728 534 6.5037274 test
9 Q0 3125318 535 6.502719 test
9 Q0 3125004 536 6.4941697 test
9 Q0 3132709 537 6.491519 test
9 Q0 3123312 538 6.4907103 test
9 Q0 3131716 539 6.4901147 test
9 Q0 3121590 540 6.489818 test
9 Q0 3132161 541 6.4826818 test
9 Q0 3123821 542 6.4826818 test
9 Q0 3125003 543 6.476796 test
9 Q0 3131263 544 6.473069 test
9 Q0 3130959 545 6.4511237 test
9 Q0 3125648 546 6.4453464 test
9 Q0 3131281 547 6.441568 test
9 Q0 3126799 548 6.4384694 test
9 Q0 3127003 549 6.4361815 test
9 Q0 3120817 550 6.4289827 test
9 Q0 3120812 551 6.4235587 test
9 Q0 3124409 552 6.4138236 test
9 Q0 3123968 553 6.407742 test
9 Q0 3124275 554 6.4048243 test
9 Q0 3130361 555 6.3803144 test
9 Q0 3128847 556 6.3795805 test
9 Q0 3124753 557 6.376951 test
9 Q0 3124159 558 6.372533 test
9 Q0 3129955 559 6.3699393 test
9 Q0 3130728 560 6.3690825 test
9 Q0 3120839 561 6.366832 test
9 Q0 3132334 562 6.353398 test
9 Q0 3131542 563 6.3509583 test
9 Q0 3131258 564 6.3409734 test
9 Q0 3131759 565 6.3402457 test
9 Q0 3129053 566 6.3389826 test
9 Q0 3124459 567 6.337019 test
9 Q0 3124151 568 6.3367343 test
9 Q0 3125649 569 6.336733 test
9 Q0 3131760 570 6.3350973 test
9 Q0 3127852 571 6.307388 test
9 Q0 3121616 572 6.2956333 test
9 Q0 3127421 573 6.2944384 test
9 Q0 3125275 574 6.2840757 test
9 Q0 3120882 575 6.283514 test
9 Q0 3127319 576 6.250397 test
9 Q0 3127420 577 6.247636 test
9 Q0 3121074 578 6.236305 test
9 Q0 3125736 579 6.2324667 test
9 Q0 3123294 580 6.231524 test
9 Q0 3132125 581 6.2298136 test
9 Q0 3129761 582 6.226484 test
9 Q0 3130345 583 6.223224 test
9 Q0 3125788 584 6.2180104 test
9 Q0 3127403 585 6.2115088 test
9 Q0 3132368 586 6.2115026 test
9 Q0 3132695 587 6.209153 test
9 Q0 3123161 588 6.2037907 test
9 Q0 3130138 589 6.2014375 test
9 Q0 3130185 590 6.196091 test
9 Q0 3126755 591 6.1932487 test
9 Q0 3131737 592 6.184645 test
9 Q0 3124327 593 6.1837716 test
9 Q0 3131259 594 6.172609 test
9 Q0 3124277 595 6.163969 test
9 Q0 3124004 596 6.1588883 test
9 Q0 3123747 597 6.150954 test
9 Q0 3129762 598 6.1498923 test
9 Q0 3121755 599 6.147679 test
9 Q0 3121623 600 6.14453 test
9 Q0 3132366 601 6.142887 test
9 Q0 3127122 602 6.1402397 test
9 Q0 3127802 603 6.1301284 test
9 Q0 3123190 604 6.1298547 test
9 Q0 3128076 605 6.1285095 test
9 Q0 3125283 606 6.1199713 test
9 Q0 3127315 607 6.1145897 test
9 Q0 3129756 608 6.1142344 test
9 Q0 3127307 609 6.11129 test
9 Q0 3129750 610 6.106365 test
9 Q0 3126724 611 6.101435 test
9 Q0 3121296 612 6.098279 test
9 Q0 3132693 613 6.0889945 test
9 Q0 3128158 614 6.084577 test
9 Q0 3132711 615 6.083515 test
9 Q0 3132333 616 6.0700707 test
9 Q0 3121095 617 6.0700707 test
9 Q0 3123008 618 6.0662847 test
9 Q0 3128247 619 6.064195 test
9 Q0 3129324 620 6.0604277 test
9 Q0 3124536 621 6.057927 test
9 Q0 3121955 622 6.057478 test
9 Q0 3121951 623 6.050406 test
9 Q0 3128608 624 6.049679 test
9 Q0 3126742 625 6.049552 test
9 Q0 3130771 626 6.0367045 test
9 Q0 3131271 627 6.0333185 test
9 Q0 3129126 628 6.0318084 test
9 Q0 3127326 629 6.0318084 test
9 Q0 3131785 630 6.031061 test
9 Q0 3121687 631 6.0212383 test
9 Q0 3128591 632 6.0150676 test
9 Q0 3125102 633 6.0100274 test
9 Q0 3124323 634 6.004481 test
9 Q0 3131756 635 6.0012603 test
9 Q0 3125277 636 5.9978466 test
9 Q0 3132122 637 5.993526 test
9 Q0 3127808 638 5.9808245 test
9 Q0 3127758 639 5.9748764 test
9 Q0 3129774 640 5.967988 test
9 Q0 3125527 641 5.9521313 test
9 Q0 3131249 642 5.94697 test
9 Q0 3123657 643 5.941013 test
9 Q0 3123194 644 5.931485 test
9 Q0 3130922 645 5.92889 test
9 Q0 3125001 646 5.925821 test
9 Q0 3120714 647 5.919438 test
9 Q0 3128701 648 5.908426 test
9 Q0 3130973 649 5.9047174 test
9 Q0 3129311 650 5.9045095 test
9 Q0 3124063 651 5.9005604 test
9 Q0 3130146 652 5.9000273 test
9 Q0 3131277 653 5.899087 test
9 Q0 3130357 654 5.896829 test
9 Q0 3123269 655 5.894564 test
9 Q0 3123632 656 5.893495 test
9 Q0 3132405 657 5.8899097 test
9 Q0 3131403 658 5.8857174 test
9 Q0 3128619 659 5.8805437 test
9 Q0 3129618 660 5.8783855 test
9 Q0 3124472 661 5.875456 test
9 Q0 3132279 662 5.8753014 test
9 Q0 3123544 663 5.8724546 test
9 Q0 3131753 664 5.86254 test
9 Q0 3129708 665 5.8590026 test
9 Q0 3129058 666 5.856004 test
9 Q0 3130719 667 5.8553386 test
9 Q0 3128717 668 5.85408 test
9 Q0 3132325 669 5.845946 test
9 Q0 3126773 670 5.841938 test
9 Q0 3128014 671 5.839236 test
9 Q0 3125046 672 5.837058 test
9 Q0 3125532 673 5.8322973 test
9 Q0 3130766 674 5.8312306 test
9 Q0 3123303 675 5.830874 test
9 Q0 3129958 676 5.830437 test
9 Q0 3123580 677 5.827329 test
9 Q0 3124729 678 5.8232045 test
9 Q0 3123911 679 5.8211884 test
9 Q0 3121337 680 5.8199 test
9 Q0 3132035 681 5.8198986 test
9 Q0 3125351 682 5.816745 test
9 Q0 3122071 683 5.8114567 test
9 Q0 3131598 684 5.8062196 test
9 Q0 3132393 685 5.803936 test
9 Q0 3128267 686 5.8031797 test
9 Q0 3132091 687 5.7963357 test
9 Q0 3132593 688 5.7916956 test
9 Q0 3124425 689 5.7894263 test
9 Q0 3120679 690 5.7837424 test
9 Q0 3124125 691 5.782496 test
9 Q0 3127991 692 5.7800727 test
9 Q0 3123645 693 5.7783003 test
9 Q0 3120975 694 5.7714977 test
9 Q0 3121061 695 5.7689476 test
9 Q0 3132605 696 5.7567286 test
9 Q0 3132541 697 5.750401 test
9 Q0 3130469 698 5.7498603 test
9 Q0 3125331 699 5.747002 test
9 Q0 3132590 700 5.7417865 test
9 Q0 3129576 701 5.724465 test
9 Q0 3131287 702 5.722609 test
9 Q0 3125329 703 5.721789 test
9 Q0 3124481 704 5.7188687 test
9 Q0 3124130 705 5.707593 test
9 Q0 3125542 706 5.7047048 test
9 Q0 3128135 707 5.7019773 test
9 Q0 3132376 708 5.6994724 test
9 Q0 3132389 709 5.6929016 test
9 Q0 3122089 710 5.690428 test
9 Q0 3130934 711 5.6901436 test
9 Q0 3122510 712 5.6874604 test
9 Q0 3125322 713 5.6686997 test
9 Q0 3124238 714 5.666394 test
9 Q0 3128581 715 5.66328 test
9 Q0 3120781 716 5.6622047 test
9 Q0 3130632 717 5.6545143 test
9 Q0 3130972 718 5.6496854 test
9 Q0 3121275 719 5.638372 test
9 Q0 3132092 720 5.637418 test
9 Q0 3124730 721 5.634512 test
9 Q0 3120994 722 5.62957 test
9 Q0 3132616 723 5.628958 test
9 Q0 3128599 724 5.6252494 test
9 Q0 3123934 725 5.616922 test
9 Q0 3131235 726 5.6115646 test
9 Q0 3124423 727 5.6027794 test
9 Q0 3128816 728 5.600539 test
9 Q0 3129355 729 5.599084 test
9 Q0 3123811 730 5.5881095 test
9 Q0 3131730 731 5.586385 test
9 Q0 3125031 732 5.5792947 test
9 Q0 3127305 733 5.5785937 test
9 Q0 3132316 734 5.5785522 test
9 Q0 3126759 735 5.5737257 test
9 Q0 3128007 736 5.5628443 test
9 Q0 3127342 737 5.5616646 test
9 Q0 3127807 738 5.5574 test
9 Q0 3121601 739 5.553437 test
9 Q0 3132390 740 5.550338 test
9 Q0 3132528 741 5.5468707 test
9 Q0 3131543 742 5.538205 test
9 Q0 3125028 743 5.528941 test
9 Q0 3130008 744 5.5284667 test
9 Q0 3121718 745 5.526158 test
9 Q0 3123187 746 5.525845 test
9 Q0 3121276 747 5.520862 test
9 Q0 3129960 748 5.5207424 test
9 Q0 3127738 749 5.5147495 test
9 Q0 3125066 750 5.512155 test
9 Q0 3132677 751 5.5106316 test
9 Q0 3121428 752 5.501489 test
9 Q0 3125509 753 5.499232 test
9 Q0 3127353 754 5.498992 test
9 Q0 3123359 755 5.493726 test
9 Q0 3124488 756 5.48047 test
9 Q0 3132712 757 5.479131 test
9 Q0 3121335 758 5.478383 test
9 Q0 3125212 759 5.4697824 test
9 Q0 3131732 760 5.4661775 test
9 Q0 3131552 761 5.4505234 test
9 Q0 3122542 762 5.445412 test
9 Q0 3123644 763 5.4452357 test
9 Q0 3129317 764 5.4447446 test
9 Q0 3123553 765 5.4442873 test
9 Q0 3127297 766 5.4432316 test
9 Q0 3130988 767 5.4356074 test
9 Q0 3123878 768 5.4332604 test
9 Q0 3127844 769 5.4262586 test
9 Q0 3124237 770 5.425983 test
9 Q0 3131582 771 5.4225016 test
9 Q0 3125293 772 5.412219 test
9 Q0 3132378 773 5.400545 test
9 Q0 3131577 774 5.400061 test
9 Q0 3132482 775 5.387344 test
9 Q0 3132056 776 5.38733 test
9 Q0 3120753 777 5.3730106 test
9 Q0 3122984 778 5.3722467 test
9 Q0 3131553 779 5.3600087 test
9 Q0 3132392 780 5.3528037 test
9 Q0 3132053 781 5.350217 test
9 Q0 3129312 782 5.346871 test
9 Q0 3123255 783 5.337583 test
9 Q0 3128930 784 5.3239517 test
9 Q0 3125002 785 5.3204145 test
9 Q0 3120847 786 5.3191667 test
9 Q0 3130582 787 5.3179746 test
9 Q0 3125035 788 5.3164244 test
9 Q0 3131557 789 5.3163085 test
9 Q0 3130057 790 5.3155756 test
9 Q0 3123362 791 5.313891 test
9 Q0 3124716 792 5.302247 test
9 Q0 3132126 793 5.301389 test
9 Q0 3125408 794 5.298063 test
9 Q0 3130378 795 5.28989 test
9 Q0 3131723 796 5.287413 test
9 Q0 3127105 797 5.286413 test
9 Q0 3125658 798 5.283268 test
9 Q0 3123324 799 5.280638 test
9 Q0 3123520 800 5.2804003 test
9 Q0 3120836 801 5.2754 test
9 Q0 3121683 802 5.2736135 test
9 Q0 3132277 803 5.2655897 test
9 Q0 3121753 804 5.2649508 test
9 Q0 3129773 805 5.264713 test
9 Q0 3132375 806 5.263918 test
9 Q0 3127350 807 5.2638044 test
9 Q0 3126719 808 5.262488 test
9 Q0 3128861 809 5.2611694 test
9 Q0 3132500 810 5.2497582 test
9 Q0 3129956 811 5.249757 test
9 Q0 3121227 812 5.2491446 test
9 Q0 3131712 813 5.2481284 test
9 Q0 3132239 814 5.24776 test
9 Q0 3124543 815 5.2458415 test
9 Q0 3127998 816 5.2444897 test
9 Q0 3130680 817 5.22704 test
9 Q0 3123575 818 5.222007 test
9 Q0 3130709 819 5.2208934 test
9 Q0 3129966 820 5.219728 test
9 Q0 3131193 821 5.2119875 test
9 Q0 3127799 822 5.2101593 test
9 Q0 3120716 823 5.20158 test
9 Q0 3132615 824 5.189301 test
9 Q0 3131524 825 5.184268 test
9 Q0 3129100 826 5.183179 test
9 Q0 3130681 827 5.181845 test
9 Q0 3123907 828 5.1707306 test
9 Q0 3125254 829 5.1621423 test
9 Q0 3121773 830 5.1617436 test
9 Q0 3125304 831 5.1613116 test
9 Q0 3132090 832 5.1559095 test
9 Q0 3120694 833 5.1527762 test
9 Q0 3122091 834 5.140843 test
9 Q0 3125364 835 5.1394444 test
9 Q0 3131986 836 5.134742 test
9 Q0 3121083 837 5.1335726 test
9 Q0 3132524 838 5.1333356 test
9 Q0 3132675 839 5.130636 test
9 Q0 3124647 840 5.1303344 test
9 Q0 3121776 841 5.1286616 test
9 Q0 3120822 842 5.127849 test
9 Q0 3125171 843 5.1248074 test
9 Q0 3120732 844 5.121609 test
9 Q0 3131011 845 5.121518 test
9 Q0 3129963 846 5.11049 test
9 Q0 3129943 847 5.1039624 test
9 Q0 3127785 848 5.1025743 test
9 Q0 3131288 849 5.100309 test
9 Q0 3132612 850 5.10002 test
9 Q0 3124432 851 5.0996165 test
9 Q0 3131278 852 5.097669 test
9 Q0 3131251 853 5.0975385 test
9 Q0 3121064 854 5.096988 test
9 Q0 3122560 855 5.0960584 test
9 Q0 3130995 856 5.095832 test
9 Q0 3125520 857 5.094787 test
9 Q0 3132431 858 5.092385 test
9 Q0 3125236 859 5.0885267 test
9 Q0 3130354 860 5.08203 test
9 Q0 3123547 861 5.0752306 test
9 Q0 3130204 862 5.072317 test
9 Q0 3125251 863 5.0685835 test
9 Q0 3123655 864 5.0615864 test
9 Q0 3131551 865 5.0586104 test
9 Q0 3121267 866 5.0583067 test
9 Q0 3120747 867 5.053477 test
9 Q0 3124726 868 5.046631 test
9 Q0 3130744 869 5.0456386 test
9 Q0 3129315 870 5.033958 test
9 Q0 3130189 871 5.0308704 test
9 Q0 3121769 872 5.027859 test
9 Q0 3125272 873 5.027859 test
9 Q0 3124394 874 5.024057 test
9 Q0 3122051 875 5.023879 test
9 Q0 3122339 876 5.023848 test
9 Q0 3128736 877 5.022798 test
9 Q0 3125960 878 5.022159 test
9 Q0 3124645 879 5.0217957 test
9 Q0 3128084 880 5.020134 test
9 Q0 3121254 881 5.019165 test
9 Q0 3122372 882 5.0170274 test
9 Q0 3123577 883 5.011543 test
9 Q0 3127108 884 4.9891143 test
9 Q0 3130768 885 4.985226 test
9 Q0 3131302 886 4.9842854 test
9 Q0 3132691 887 4.9839664 test
9 Q0 3124723 888 4.983208 test
9 Q0 3130524 889 4.980847 test
9 Q0 3130467 890 4.9747066 test
9 Q0 3127817 891 4.9741936 test
9 Q0 3128863 892 4.9722385 test
9 Q0 3121379 893 4.967748 test
9 Q0 3131562 894 4.964864 test
9 Q0 3131754 895 4.9641747 test
9 Q0 3120736 896 4.9631023 test
9 Q0 3131985 897 4.9627934 test
9 Q0 3125227 898 4.961614 test
9 Q0 3130493 899 4.9580383 test
9 Q0 3130673 900 4.946827 test
9 Q0 3126844 901 4.943135 test
9 Q0 3125114 902 4.943 test
9 Q0 3130927 903 4.9412203 test
9 Q0 3132742 904 4.940253 test
9 Q0 3129959 905 4.9374175 test
9 Q0 3123212 906 4.9372087 test
9 Q0 3128263 907 4.93548 test
9 Q0 3121602 908 4.9319963 test
9 Q0 3123593 909 4.929456 test
9 Q0 3128020 910 4.9286895 test
9 Q0 3123205 911 4.9248133 test
9 Q0 3128043 912 4.9240727 test
9 Q0 3124269 913 4.920674 test
9 Q0 3127783 914 4.9173145 test
9 Q0 3132521 915 4.916047 test
9 Q0 3125956 916 4.914451 test
9 Q0 3129582 917 4.9053755 test
9 Q0 3124108 918 4.9029536 test
9 Q0 3128748 919 4.899073 test
9 Q0 3120745 920 4.89309 test
9 Q0 3121767 921 4.8843327 test
9 Q0 3121637 922 4.8811464 test
9 Q0 3120756 923 4.871282 test
9 Q0 3129754 924 4.8649025 test
9 Q0 3126746 925 4.8610096 test
9 Q0 3124838 926 4.8476005 test
9 Q0 3125010 927 4.841815 test
9 Q0 3122990 928 4.8418145 test
9 Q0 3132694 929 4.838696 test
9 Q0 3123326 930 4.8359203 test
9 Q0 3130006 931 4.829551 test
9 Q0 3127978 932 4.8239694 test
9 Q0 3125653 933 4.8160343 test
9 Q0 3124875 934 4.813502 test
9 Q0 3132758 935 4.810066 test
9 Q0 3130050 936 4.8067365 test
9 Q0 3130639 937 4.8065886 test
9 Q0 3126784 938 4.801319 test
9 Q0 3121747 939 4.8012156 test
9 Q0 3132178 940 4.785957 test
9 Q0 3128070 941 4.7818317 test
9 Q0 3131118 942 4.7771816 test
9 Q0 3121797 943 4.7751784 test
9 Q0 3123201 944 4.7724824 test
9 Q0 3130586 945 4.769758 test
9 Q0 3126778 946 4.768938 test
9 Q0 3129071 947 4.766421 test
9 Q0 3125223 948 4.7657585 test
9 Q0 3132710 949 4.7640576 test
9 Q0 3132018 950 4.761797 test
9 Q0 3120989 951 4.751967 test
9 Q0 3120879 952 4.742594 test
9 Q0 3125145 953 4.7425156 test
9 Q0 3130574 954 4.736923 test
9 Q0 3125344 955 4.7317123 test
9 Q0 3125476 956 4.7227 test
9 Q0 3130688 957 4.721077 test
9 Q0 3130800 958 4.7136536 test
9 Q0 3131611 959 4.7119803 test
9 Q0 3120702 960 4.7118382 test
9 Q0 3128017 961 4.699337 test
9 Q0 3132290 962 4.696215 test
9 Q0 3120965 963 4.692463 test
9 Q0 3130471 964 4.6909695 test
9 Q0 3130770 965 4.6907964 test
9 Q0 3125012 966 4.6891913 test
9 Q0 3121088 967 4.6891913 test
9 Q0 3132661 968 4.6891904 test
9 Q0 3123597 969 4.6886506 test
9 Q0 3126824 970 4.688243 test
9 Q0 3129974 971 4.687113 test
9 Q0 3123614 972 4.685152 test
9 Q0 3128601 973 4.683489 test
9 Q0 3129755 974 4.6815686 test
9 Q0 3130772 975 4.676758 test
9 Q0 3121423 976 4.676165 test
9 Q0 3124144 977 4.674647 test
9 Q0 3122163 978 4.6676445 test
9 Q0 3129013 979 4.6662226 test
9 Q0 3124460 980 4.664979 test
9 Q0 3131273 981 4.6648974 test
9 Q0 3129081 982 4.6470776 test
9 Q0 3122070 983 4.6428447 test
9 Q0 3131395 984 4.6294613 test
9 Q0 3124854 985 4.621726 test
9 Q0 3126820 986 4.619634 test
9 Q0 3128457 987 4.6193132 test
9 Q0 3120851 988 4.6190505 test
9 Q0 3127836 989 4.618613 test
9 Q0 3131431 990 4.6155143 test
9 Q0 3128752 991 4.6128907 test
9 Q0 3125959 992 4.6075854 test
9 Q0 3132157 993 4.6051035 test
9 Q0 3124667 994 4.604079 test
9 Q0 3132231 995 4.6020904 test
9 Q0 3121603 996 4.6013694 test
9 Q0 3123466 997 4.5872173 test
9 Q0 3130956 998 4.584565 test
9 Q0 3132017 999 4.583854 test
9 Q0 3120857 1000 4.5791917 test
10 Q0 3128254 1 29.268993 test
10 Q0 3131766 2 26.124872 test
10 Q0 3122596 3 25.95494 test
10 Q0 3132693 4 24.815117 test
10 Q0 3129087 5 24.636168 test
10 Q0 3132690 6 23.486555 test
10 Q0 3126719 7 22.855358 test
10 Q0 3130973 8 22.267555 test
10 Q0 3123907 9 22.145142 test
10 Q0 3130578 10 22.133356 test
10 Q0 3125337 11 22.041685 test
10 Q0 3121094 12 21.671616 test
10 Q0 3129103 13 21.51881 test
10 Q0 3124275 14 20.825657 test
10 Q0 3131987 15 20.662725 test
10 Q0 3132696 16 20.544628 test
10 Q0 3120792 17 20.502598 test
10 Q0 3121584 18 20.354574 test
10 Q0 3132749 19 20.327446 test
10 Q0 3123558 20 20.221825 test
10 Q0 3122092 21 20.208643 test
10 Q0 3130977 22 20.181786 test
10 Q0 3127315 23 20.038284 test
10 Q0 3131758 24 20.021347 test
10 Q0 3123650 25 19.980047 test
10 Q0 3127321 26 19.895798 test
10 Q0 3130466 27 19.86406 test
10 Q0 3128818 28 19.500408 test
10 Q0 3125584 29 19.368315 test
10 Q0 3128819 30 19.262688 test
10 Q0 3130969 31 19.234682 test
10 Q0 3124232 32 19.216263 test
10 Q0 3125363 33 19.207575 test
10 Q0 3125385 34 19.1868 test
10 Q0 3124397 35 18.99853 test
10 Q0 3130439 36 18.90332 test
10 Q0 3127325 37 18.90005 test
10 Q0 3121095 38 18.838423 test
10 Q0 3121755 39 18.820154 test
10 Q0 3123515 40 18.696852 test
10 Q0 3132130 41 18.687698 test
10 Q0 3131243 42 18.638878 test
10 Q0 3123513 43 18.564522 test
10 Q0 3120727 44 18.559608 test
10 Q0 3127304 45 18.39305 test
10 Q0 3127493 46 18.313793 test
10 Q0 3125360 47 18.294853 test
10 Q0 3126991 48 18.268057 test
10 Q0 3132699 49 18.264786 test
10 Q0 3124413 50 18.19042 test
10 Q0 3125005 51 18.163197 test
10 Q0 3121730 52 18.011116 test
10 Q0 3132698 53 17.947262 test
10 Q0 3124465 54 17.887478 test
10 Q0 3123649 55 17.842997 test
10 Q0 3130373 56 17.549875 test
10 Q0 3124153 57 17.537323 test
10 Q0 3132177 58 17.528643 test
10 Q0 3127842 59 17.451242 test
10 Q0 3129533 60 17.33787 test
10 Q0 3130457 61 17.24352 test
10 Q0 3130464 62 17.218052 test
10 Q0 3123010 63 17.123741 test
10 Q0 3123183 64 17.080254 test
10 Q0 3124137 65 17.06409 test
10 Q0 3127317 66 16.919657 test
10 Q0 3132700 67 16.885107 test
10 Q0 3132368 68 16.864365 test
10 Q0 3128826 69 16.830244 test
10 Q0 3125115 70 16.797165 test
10 Q0 3130173 71 16.795864 test
10 Q0 3132369 72 16.765507 test
10 Q0 3123818 73 16.762373 test
10 Q0 3123204 74 16.747414 test
10 Q0 3126768 75 16.682411 test
10 Q0 3125239 76 16.58219 test
10 Q0 3127495 77 16.48507 test
10 Q0 3132376 78 16.453304 test
10 Q0 3124326 79 16.444147 test
10 Q0 3130440 80 16.333559 test
10 Q0 3132329 81 16.326815 test
10 Q0 3130494 82 16.256536 test
10 Q0 3131711 83 16.160248 test
10 Q0 3124464 84 16.055004 test
10 Q0 3132713 85 16.040274 test
10 Q0 3129013 86 16.006477 test
10 Q0 3129069 87 15.906327 test
10 Q0 3132720 88 15.801797 test
10 Q0 3129957 89 15.759681 test
10 Q0 3130682 90 15.759217 test
10 Q0 3124135 91 15.753335 test
10 Q0 3132334 92 15.736565 test
10 Q0 3123282 93 15.698069 test
10 Q0 3123640 94 15.617482 test
10 Q0 3127496 95 15.5502 test
10 Q0 3125062 96 15.542425 test
10 Q0 3122091 97 15.409973 test
10 Q0 3126759 98 15.401443 test
10 Q0 3132056 99 15.359211 test
10 Q0 3128722 100 15.351263 test
10 Q0 3130920 101 15.3428545 test
10 Q0 3123269 102 15.2193 test
10 Q0 3127834 103 15.215688 test
10 Q0 3127009 104 15.19914 test
10 Q0 3123852 105 15.130224 test
10 Q0 3132610 106 15.106766 test
10 Q0 3130493 107 15.042863 test
10 Q0 3128111 108 15.020052 test
10 Q0 3121732 109 15.011359 test
10 Q0 3129352 110 14.97215 test
10 Q0 3131716 111 14.954027 test
10 Q0 3131751 112 14.911933 test
10 Q0 3127357 113 14.870883 test
10 Q0 3128816 114 14.868036 test
10 Q0 3125277 115 14.823475 test
10 Q0 3132366 116 14.820259 test
10 Q0 3125074 117 14.806223 test
10 Q0 3130982 118 14.774175 test
10 Q0 3125011 119 14.76938 test
10 Q0 3129776 120 14.768596 test
10 Q0 3127492 121 14.65916 test
10 Q0 3132695 122 14.637908 test
10 Q0 3132365 123 14.602014 test
10 Q0 3132237 124 14.577994 test
10 Q0 3123632 125 14.515573 test
10 Q0 3124463 126 14.499492 test
10 Q0 3123589 127 14.472993 test
10 Q0 3129016 128 14.470611 test
10 Q0 3121751 129 14.461318 test
10 Q0 3132338 130 14.459563 test
10 Q0 3127318 131 14.439051 test
10 Q0 3127151 132 14.427958 test
10 Q0 3125108 133 14.398446 test
10 Q0 3130031 134 14.3603735 test
10 Q0 3122500 135 14.358803 test
10 Q0 3124454 136 14.334795 test
10 Q0 3132681 137 14.308692 test
10 Q0 3130040 138 14.306804 test
10 Q0 3128842 139 14.300067 test
10 Q0 3121231 140 14.297604 test
10 Q0 3124248 141 14.266331 test
10 Q0 3121582 142 14.236978 test
10 Q0 3127310 143 14.2156 test
10 Q0 3121964 144 14.207342 test
10 Q0 3129344 145 14.200779 test
10 Q0 3130997 146 14.179202 test
10 Q0 3123250 147 14.16246 test
10 Q0 3128854 148 14.150812 test
10 Q0 3130486 149 14.112789 test
10 Q0 3126789 150 14.109166 test
10 Q0 3120677 151 14.093028 test
10 Q0 3124886 152 14.09057 test
10 Q0 3130929 153 14.085264 test
10 Q0 3130468 154 14.043173 test
10 Q0 3122068 155 14.033087 test
10 Q0 3131546 156 14.003007 test
10 Q0 3127781 157 14.002836 test
10 Q0 3129114 158 13.99524 test
10 Q0 3121639 159 13.982104 test
10 Q0 3127326 160 13.964277 test
10 Q0 3125041 161 13.961026 test
10 Q0 3123550 162 13.918006 test
10 Q0 3121673 163 13.917104 test
10 Q0 3132483 164 13.907029 test
10 Q0 3123700 165 13.869508 test
10 Q0 3130903 166 13.818874 test
10 Q0 3124458 167 13.808759 test
10 Q0 3131697 168 13.791205 test
10 Q0 3131384 169 13.776604 test
10 Q0 3128129 170 13.758639 test
10 Q0 3132689 171 13.627237 test
10 Q0 3122987 172 13.609317 test
10 Q0 3132121 173 13.606557 test
10 Q0 3127016 174 13.582798 test
10 Q0 3129060 175 13.570325 test
10 Q0 3129090 176 13.561841 test
10 Q0 3123512 177 13.558803 test
10 Q0 3132670 178 13.549472 test
10 Q0 3125151 179 13.517598 test
10 Q0 3127383 180 13.489287 test
10 Q0 3129662 181 13.48873 test
10 Q0 3132697 182 13.453156 test
10 Q0 3125165 183 13.445647 test
10 Q0 3121956 184 13.400935 test
10 Q0 3130677 185 13.36895 test
10 Q0 3123618 186 13.362677 test
10 Q0 3124411 187 13.35762 test
10 Q0 3129763 188 13.343445 test
10 Q0 3132318 189 13.324279 test
10 Q0 3129104 190 13.30238 test
10 Q0 3129082 191 13.286406 test
10 Q0 3126742 192 13.270939 test
10 Q0 3120808 193 13.259314 test
10 Q0 3121091 194 13.254993 test
10 Q0 3127497 195 13.254203 test
10 Q0 3130728 196 13.175581 test
10 Q0 3130672 197 13.166707 test
10 Q0 3130893 198 13.158018 test
10 Q0 3129577 199 13.140955 test
10 Q0 3131545 200 13.125895 test
10 Q0 3126711 201 13.120092 test
10 Q0 3129312 202 13.109222 test
10 Q0 3130104 203 13.08948 test
10 Q0 3126734 204 13.070548 test
10 Q0 3124051 205 13.05282 test
10 Q0 3132709 206 13.044307 test
10 Q0 3120733 207 13.023471 test
10 Q0 3123222 208 12.986491 test
10 Q0 3126760 209 12.977228 test
10 Q0 3130697 210 12.966174 test
10 Q0 3123546 211 12.945091 test
10 Q0 3122584 212 12.941035 test
10 Q0 3127291 213 12.928139 test
10 Q0 3125233 214 12.923783 test
10 Q0 3128064 215 12.9171295 test
10 Q0 3132235 216 12.904293 test
10 Q0 3124226 217 12.900816 test
10 Q0 3132330 218 12.893481 test
10 Q0 3121129 219 12.892624 test
10 Q0 3127500 220 12.887584 test
10 Q0 3124455 221 12.879377 test
10 Q0 3128360 222 12.857848 test
10 Q0 3125033 223 12.84508 test
10 Q0 3128264 224 12.780915 test
10 Q0 3132439 225 12.77243 test
10 Q0 3123302 226 12.76084 test
10 Q0 3127739 227 12.759323 test
10 Q0 3125063 228 12.748108 test
10 Q0 3123623 229 12.743622 test
10 Q0 3126780 230 12.73756 test
10 Q0 3126825 231 12.737071 test
10 Q0 3127308 232 12.730153 test
10 Q0 3124497 233 12.715101 test
10 Q0 3131715 234 12.691632 test
10 Q0 3129068 235 12.654552 test
10 Q0 3132660 236 12.645749 test
10 Q0 3124933 237 12.62876 test
10 Q0 3132364 238 12.619702 test
10 Q0 3131558 239 12.607207 test
10 Q0 3129759 240 12.606272 test
10 Q0 3121093 241 12.591743 test
10 Q0 3123935 242 12.554496 test
10 Q0 3121637 243 12.53641 test
10 Q0 3127789 244 12.522592 test
10 Q0 3124320 245 12.5222 test
10 Q0 3126755 246 12.516889 test
10 Q0 3123279 247 12.489333 test
10 Q0 3125361 248 12.488468 test
10 Q0 3123648 249 12.486865 test
10 Q0 3125205 250 12.463952 test
10 Q0 3130359 251 12.462592 test
10 Q0 3123249 252 12.413615 test
10 Q0 3127311 253 12.397584 test
10 Q0 3128123 254 12.376659 test
10 Q0 3123284 255 12.36486 test
10 Q0 3128267 256 12.35673 test
10 Q0 3123467 257 12.355049 test
10 Q0 3127293 258 12.344535 test
10 Q0 3130566 259 12.340232 test
10 Q0 3120758 260 12.335132 test
10 Q0 3125340 261 12.288411 test
10 Q0 3121680 262 12.288215 test
10 Q0 3126771 263 12.250542 test
10 Q0 3130023 264 12.2492695 test
10 Q0 3124408 265 12.241524 test
10 Q0 3124461 266 12.228126 test
10 Q0 3127313 267 12.218727 test
10 Q0 3131714 268 12.21579 test
10 Q0 3131710 269 12.202868 test
10 Q0 3125031 270 12.193868 test
10 Q0 3121092 271 12.175592 test
10 Q0 3130667 272 12.174855 test
10 Q0 3124992 273 12.15385 test
10 Q0 3120982 274 12.152047 test
10 Q0 3126764 275 12.128758 test
10 Q0 3131519 276 12.113911 test
10 Q0 3125350 277 12.097899 test
10 Q0 3122996 278 12.084474 test
10 Q0 3128031 279 12.067499 test
10 Q0 3129101 280 12.059234 test
10 Q0 3126721 281 12.046217 test
10 Q0 3123909 282 12.032668 test
10 Q0 3125659 283 12.032515 test
10 Q0 3132200 284 12.031116 test
10 Q0 3128936 285 12.027462 test
10 Q0 3132706 286 12.023576 test
10 Q0 3120793 287 12.013051 test
10 Q0 3122051 288 12.002027 test
10 Q0 3125329 289 11.983739 test
10 Q0 3125274 290 11.981776 test
10 Q0 3123934 291 11.971902 test
10 Q0 3121672 292 11.963565 test
10 Q0 3125374 293 11.935989 test
10 Q0 3125065 294 11.930052 test
10 Q0 3120769 295 11.929075 test
10 Q0 3127778 296 11.904394 test
10 Q0 3123517 297 11.897416 test
10 Q0 3124831 298 11.887645 test
10 Q0 3121718 299 11.877566 test
10 Q0 3124345 300 11.87168 test
10 Q0 3127743 301 11.870159 test
10 Q0 3132161 302 11.86305 test
10 Q0 3132493 303 11.85736 test
10 Q0 3132331 304 11.8451605 test
10 Q0 3125351 305 11.821809 test
10 Q0 3132157 306 11.817632 test
10 Q0 3124482 307 11.78983 test
10 Q0 3125263 308 11.783795 test
10 Q0 3121749 309 11.775237 test
10 Q0 3129758 310 11.772186 test
10 Q0 3131792 311 11.736795 test
10 Q0 3123303 312 11.702065 test
10 Q0 3132024 313 11.691359 test
10 Q0 3123657 314 11.689695 test
10 Q0 3131680 315 11.686943 test
10 Q0 3123554 316 11.677364 test
10 Q0 3127995 317 11.656921 test
10 Q0 3120716 318 11.644723 test
10 Q0 3120766 319 11.641108 test
10 Q0 3132363 320 11.618414 test
10 Q0 3130278 321 11.614592 test
10 Q0 3132469 322 11.613962 test
10 Q0 3121596 323 11.606993 test
10 Q0 3125324 324 11.57841 test
10 Q0 3123188 325 11.568765 test
10 Q0 3128243 326 11.568193 test
10 Q0 3130956 327 11.567083 test
10 Q0 3128247 328 11.538198 test
10 Q0 3123176 329 11.523625 test
10 Q0 3122073 330 11.522592 test
10 Q0 3125174 331 11.515181 test
10 Q0 3128723 332 11.483597 test
10 Q0 3128701 333 11.472362 test
10 Q0 3130925 334 11.466584 test
10 Q0 3127744 335 11.459864 test
10 Q0 3121291 336 11.445748 test
10 Q0 3124460 337 11.423947 test
10 Q0 3128740 338 11.422568 test
10 Q0 3130288 339 11.422515 test
10 Q0 3120778 340 11.413171 test
10 Q0 3132702 341 11.41106 test
10 Q0 3124991 342 11.408928 test
10 Q0 3124123 343 11.402777 test
10 Q0 3121665 344 11.398597 test
10 Q0 3132635 345 11.386063 test
10 Q0 3131189 346 11.385973 test
10 Q0 3127498 347 11.385748 test
10 Q0 3127785 348 11.374474 test
10 Q0 3127828 349 11.3559065 test
10 Q0 3125027 350 11.355575 test
10 Q0 3123642 351 11.323296 test
10 Q0 3122545 352 11.310654 test
10 Q0 3123967 353 11.296306 test
10 Q0 3121782 354 11.275023 test
10 Q0 3123968 355 11.274127 test
10 Q0 3130185 356 11.272637 test
10 Q0 3128071 357 11.271759 test
10 Q0 3130360 358 11.262791 test
10 Q0 3127850 359 11.254516 test
10 Q0 3125246 360 11.246912 test
10 Q0 3122118 361 11.243326 test
10 Q0 3128010 362 11.2253 test
10 Q0 3121422 363 11.208059 test
10 Q0 3123846 364 11.19092 test
10 Q0 3120836 365 11.17827 test
10 Q0 3127749 366 11.16707 test
10 Q0 3124403 367 11.161369 test
10 Q0 3123615 368 11.152654 test
10 Q0 3124500 369 11.143527 test
10 Q0 3121430 370 11.143454 test
10 Q0 3121000 371 11.143409 test
10 Q0 3120835 372 11.136076 test
10 Q0 3120994 373 11.12939 test
10 Q0 3125124 374 11.123235 test
10 Q0 3123658 375 11.102444 test
10 Q0 3123285 376 11.098637 test
10 Q0 3123261 377 11.096428 test
10 Q0 3124670 378 11.096239 test
10 Q0 3128042 379 11.091301 test
10 Q0 3126826 380 11.08597 test
10 Q0 3123000 381 11.071527 test
10 Q0 3121613 382 11.070957 test
10 Q0 3132240 383 11.063209 test
10 Q0 3126773 384 11.056981 test
10 Q0 3128597 385 11.0481615 test
10 Q0 3125527 386 11.041448 test
10 Q0 3126776 387 11.035857 test
10 Q0 3121726 388 11.029584 test
10 Q0 3129299 389 11.021526 test
10 Q0 3132497 390 11.005562 test
10 Q0 3132091 391 10.994082 test
10 Q0 3120819 392 10.992814 test
10 Q0 3123190 393 10.974802 test
10 Q0 3123194 394 10.964194 test
10 Q0 3123206 395 10.963089 test
10 Q0 3126778 396 10.958394 test
10 Q0 3125323 397 10.956282 test
10 Q0 3122670 398 10.941573 test
10 Q0 3128261 399 10.941444 test
10 Q0 3121120 400 10.91675 test
10 Q0 3124546 401 10.905307 test
10 Q0 3121774 402 10.903382 test
10 Q0 3132354 403 10.892001 test
10 Q0 3123542 404 10.886899 test
10 Q0 3124514 405 10.884905 test
10 Q0 3127815 406 10.863705 test
10 Q0 3130480 407 10.859958 test
10 Q0 3123171 408 10.856988 test
10 Q0 3125248 409 10.844643 test
10 Q0 3132327 410 10.825606 test
10 Q0 3130744 411 10.802837 test
10 Q0 3128015 412 10.799567 test
10 Q0 3122497 413 10.796208 test
10 Q0 3132528 414 10.786572 test
10 Q0 3120678 415 10.785063 test
10 Q0 3126997 416 10.753204 test
10 Q0 3130651 417 10.751493 test
10 Q0 3121760 418 10.746838 test
10 Q0 3128929 419 10.7454815 test
10 Q0 3127002 420 10.729094 test
10 Q0 3130043 421 10.707249 test
10 Q0 3120871 422 10.69841 test
10 Q0 3126763 423 10.662079 test
10 Q0 3132717 424 10.660364 test
10 Q0 3130719 425 10.637254 test
10 Q0 3120761 426 10.635044 test
10 Q0 3128934 427 10.622028 test
10 Q0 3128036 428 10.61785 test
10 Q0 3130664 429 10.616711 test
10 Q0 3132751 430 10.607631 test
10 Q0 3124254 431 10.605489 test
10 Q0 3123162 432 10.603392 test
10 Q0 3124136 433 10.588108 test
10 Q0 3129667 434 10.584213 test
10 Q0 3128244 435 10.58395 test
10 Q0 3121130 436 10.579856 test
10 Q0 3129318 437 10.575869 test
10 Q0 3132216 438 10.572884 test
10 Q0 3130037 439 10.563605 test
10 Q0 3128090 440 10.561917 test
10 Q0 3121958 441 10.551279 test
10 Q0 3131507 442 10.540696 test
10 Q0 3132097 443 10.540206 test
10 Q0 3120965 444 10.538901 test
10 Q0 3132199 445 10.5373745 test
10 Q0 3120807 446 10.536169 test
10 Q0 3122041 447 10.533588 test
10 Q0 3130143 448 10.532279 test
10 Q0 3132692 449 10.5299015 test
10 Q0 3130462 450 10.523878 test
10 Q0 3132229 451 10.522386 test
10 Q0 3131281 452 10.522039 test
10 Q0 3124316 453 10.520479 test
10 Q0 3127020 454 10.520398 test
10 Q0 3123599 455 10.513483 test
10 Q0 3125181 456 10.506644 test
10 Q0 3132377 457 10.49755 test
10 Q0 3132276 458 10.4859495 test
10 Q0 3121626 459 10.483592 test
10 Q0 3130805 460 10.481848 test
10 Q0 3131526 461 10.475115 test
10 Q0 3126977 462 10.47335 test
10 Q0 3124944 463 10.472511 test
10 Q0 3123701 464 10.470984 test
10 Q0 3127844 465 10.470805 test
10 Q0 3128058 466 10.470284 test
10 Q0 3121951 467 10.46676 test
10 Q0 3128001 468 10.462918 test
10 Q0 3125773 469 10.461582 test
10 Q0 3125511 470 10.4506445 test
10 Q0 3125281 471 10.428683 test
10 Q0 3127449 472 10.425582 test
10 Q0 3127319 473 10.421559 test
10 Q0 3122511 474 10.411905 test
10 Q0 3132691 475 10.401874 test
10 Q0 3123845 476 10.397998 test
10 Q0 3127825 477 10.39644 test
10 Q0 3129320 478 10.396062 test
10 Q0 3125701 479 10.387665 test
10 Q0 3126714 480 10.382768 test
10 Q0 3120855 481 10.377623 test
10 Q0 3121661 482 10.36891 test
10 Q0 3128851 483 10.343198 test
10 Q0 3123568 484 10.33944 test
10 Q0 3125215 485 10.325391 test
10 Q0 3125211 486 10.324321 test
10 Q0 3130715 487 10.317657 test
10 Q0 3122181 488 10.317404 test
10 Q0 3128116 489 10.316735 test
10 Q0 3126708 490 10.309359 test
10 Q0 3131270 491 10.290773 test
10 Q0 3126713 492 10.289573 test
10 Q0 3132053 493 10.285336 test
10 Q0 3128054 494 10.277463 test
10 Q0 3125387 495 10.276586 test
10 Q0 3132125 496 10.273502 test
10 Q0 3126703 497 10.26423 test
10 Q0 3121016 498 10.258807 test
10 Q0 3122958 499 10.256298 test
10 Q0 3122507 500 10.254976 test
10 Q0 3131713 501 10.253488 test
10 Q0 3123169 502 10.253424 test
10 Q0 3125220 503 10.242791 test
10 Q0 3128028 504 10.240993 test
10 Q0 3128748 505 10.240184 test
10 Q0 3120773 506 10.239858 test
10 Q0 3127309 507 10.239074 test
10 Q0 3120728 508 10.2330885 test
10 Q0 3123705 509 10.22938 test
10 Q0 3129059 510 10.22929 test
10 Q0 3127678 511 10.227643 test
10 Q0 3120781 512 10.222422 test
10 Q0 3125362 513 10.222242 test
10 Q0 3129762 514 10.214542 test
10 Q0 3128084 515 10.213045 test
10 Q0 3132373 516 10.211567 test
10 Q0 3127004 517 10.207185 test
10 Q0 3131289 518 10.199124 test
10 Q0 3130709 519 10.194697 test
10 Q0 3120689 520 10.194647 test
10 Q0 3120968 521 10.19066 test
10 Q0 3129319 522 10.188391 test
10 Q0 3132044 523 10.1650915 test
10 Q0 3125750 524 10.164396 test
10 Q0 3128598 525 10.155235 test
10 Q0 3120998 526 10.153679 test
10 Q0 3127324 527 10.151184 test
10 Q0 3130175 528 10.144238 test
10 Q0 3125308 529 10.141176 test
10 Q0 3130720 530 10.140048 test
10 Q0 3124438 531 10.138339 test
10 Q0 3123442 532 10.131595 test
10 Q0 3122339 533 10.122914 test
10 Q0 3128859 534 10.121437 test
10 Q0 3122055 535 10.1209135 test
10 Q0 3126803 536 10.120298 test
10 Q0 3121059 537 10.120275 test
10 Q0 3126823 538 10.100632 test
10 Q0 3121716 539 10.09013 test
10 Q0 3128041 540 10.088824 test
10 Q0 3132018 541 10.077151 test
10 Q0 3123639 542 10.072633 test
10 Q0 3131981 543 10.071412 test
10 Q0 3131718 544 10.065202 test
10 Q0 3125960 545 10.06134 test
10 Q0 3126777 546 10.054795 test
10 Q0 3130958 547 10.045373 test
10 Q0 3123240 548 10.042284 test
10 Q0 3124360 549 10.035726 test
10 Q0 3129520 550 10.03005 test
10 Q0 3121703 551 10.028469 test
10 Q0 3130636 552 10.0276165 test
10 Q0 3124437 553 10.021113 test
10 Q0 3132123 554 10.019605 test
10 Q0 3124874 555 10.019296 test
10 Q0 3122058 556 10.012839 test
10 Q0 3122334 557 10.00859 test
10 Q0 3120732 558 10.006037 test
10 Q0 3121757 559 10.004043 test
10 Q0 3121758 560 9.994074 test
10 Q0 3127738 561 9.990836 test
10 Q0 3124447 562 9.989013 test
10 Q0 3129536 563 9.986262 test
10 Q0 3124646 564 9.98619 test
10 Q0 3131791 565 9.983752 test
10 Q0 3127454 566 9.975467 test
10 Q0 3124682 567 9.968927 test
10 Q0 3123173 568 9.965496 test
10 Q0 3122499 569 9.963876 test
10 Q0 3132672 570 9.962905 test
10 Q0 3124970 571 9.960695 test
10 Q0 3130577 572 9.960354 test
10 Q0 3125253 573 9.959528 test
10 Q0 3131759 574 9.956148 test
10 Q0 3128256 575 9.952118 test
10 Q0 3127960 576 9.94832 test
10 Q0 3132541 577 9.947603 test
10 Q0 3130469 578 9.942955 test
10 Q0 3124994 579 9.937563 test
10 Q0 3121616 580 9.937338 test
10 Q0 3125297 581 9.922912 test
10 Q0 3132049 582 9.922859 test
10 Q0 3123520 583 9.899646 test
10 Q0 3123906 584 9.89296 test
10 Q0 3123744 585 9.885081 test
10 Q0 3127803 586 9.87928 test
10 Q0 3127406 587 9.872763 test
10 Q0 3120745 588 9.872182 test
10 Q0 3130362 589 9.871725 test
10 Q0 3128607 590 9.867344 test
10 Q0 3127991 591 9.866396 test
10 Q0 3132032 592 9.848607 test
10 Q0 3130287 593 9.847333 test
10 Q0 3122077 594 9.844693 test
10 Q0 3126787 595 9.834607 test
10 Q0 3121945 596 9.8314295 test
10 Q0 3131984 597 9.8246155 test
10 Q0 3129757 598 9.823906 test
10 Q0 3125159 599 9.811632 test
10 Q0 3128127 600 9.808333 test
10 Q0 3132633 601 9.808238 test
10 Q0 3124269 602 9.799421 test
10 Q0 3125101 603 9.796317 test
10 Q0 3130665 604 9.792143 test
10 Q0 3125379 605 9.783041 test
10 Q0 3124753 606 9.780793 test
10 Q0 3120971 607 9.777835 test
10 Q0 3128135 608 9.758719 test
10 Q0 3125666 609 9.75601 test
10 Q0 3130924 610 9.755225 test
10 Q0 3131241 611 9.754484 test
10 Q0 3122599 612 9.750219 test
10 Q0 3125302 613 9.741834 test
10 Q0 3124838 614 9.734433 test
10 Q0 3130021 615 9.7247505 test
10 Q0 3124975 616 9.718785 test
10 Q0 3125532 617 9.708503 test
10 Q0 3131280 618 9.707779 test
10 Q0 3128051 619 9.701789 test
10 Q0 3130691 620 9.701371 test
10 Q0 3125736 621 9.699857 test
10 Q0 3128045 622 9.694713 test
10 Q0 3128613 623 9.688133 test
10 Q0 3127765 624 9.678589 test
10 Q0 3123257 625 9.678546 test
10 Q0 3121441 626 9.67663 test
10 Q0 3128846 627 9.676258 test
10 Q0 3125644 628 9.66311 test
10 Q0 3123243 629 9.659424 test
10 Q0 3131242 630 9.6572275 test
10 Q0 3132117 631 9.656955 test
10 Q0 3125058 632 9.655629 test
10 Q0 3130276 633 9.654904 test
10 Q0 3128121 634 9.653166 test
10 Q0 3132119 635 9.652816 test
10 Q0 3132480 636 9.64934 test
10 Q0 3130984 637 9.649322 test
10 Q0 3132729 638 9.648731 test
10 Q0 3125347 639 9.641383 test
10 Q0 3130648 640 9.641143 test
10 Q0 3124470 641 9.634535 test
10 Q0 3132336 642 9.624246 test
10 Q0 3121586 643 9.616711 test
10 Q0 3126792 644 9.613291 test
10 Q0 3120735 645 9.609255 test
10 Q0 3129579 646 9.608644 test
10 Q0 3124990 647 9.6061535 test
10 Q0 3121955 648 9.599212 test
10 Q0 3132739 649 9.588141 test
10 Q0 3129775 650 9.580441 test
10 Q0 3120695 651 9.578147 test
10 Q0 3121756 652 9.5567255 test
10 Q0 3129305 653 9.545826 test
10 Q0 3123586 654 9.5350485 test
10 Q0 3123278 655 9.53248 test
10 Q0 3130463 656 9.529652 test
10 Q0 3127499 657 9.528086 test
10 Q0 3128896 658 9.499461 test
10 Q0 3125344 659 9.499157 test
10 Q0 3126802 660 9.493295 test
10 Q0 3122984 661 9.489726 test
10 Q0 3129580 662 9.486061 test
10 Q0 3122510 663 9.483042 test
10 Q0 3128937 664 9.477533 test
10 Q0 3128082 665 9.471533 test
10 Q0 3132736 666 9.471083 test
10 Q0 3124241 667 9.470107 test
10 Q0 3129666 668 9.468274 test
10 Q0 3132521 669 9.46444 test
10 Q0 3121736 670 9.463668 test
10 Q0 3128727 671 9.461824 test
10 Q0 3127841 672 9.458078 test
10 Q0 3120709 673 9.4538 test
10 Q0 3128239 674 9.4458475 test
10 Q0 3123628 675 9.443018 test
10 Q0 3124173 676 9.439691 test
10 Q0 3130044 677 9.4370775 test
10 Q0 3127947 678 9.427402 test
10 Q0 3125508 679 9.409491 test
10 Q0 3128827 680 9.396608 test
10 Q0 3124059 681 9.395105 test
10 Q0 3126722 682 9.392532 test
10 Q0 3126799 683 9.390441 test
10 Q0 3124304 684 9.380587 test
10 Q0 3128610 685 9.37955 test
10 Q0 3130792 686 9.379201 test
10 Q0 3128570 687 9.377596 test
10 Q0 3120885 688 9.373728 test
10 Q0 3124237 689 9.373677 test
10 Q0 3125667 690 9.370241 test
10 Q0 3123544 691 9.365164 test
10 Q0 3123327 692 9.36118 test
10 Q0 3121248 693 9.356936 test
10 Q0 3123191 694 9.351276 test
10 Q0 3121432 695 9.350926 test
10 Q0 3123566 696 9.350271 test
10 Q0 3124731 697 9.343094 test
10 Q0 3128118 698 9.339066 test
10 Q0 3127829 699 9.335774 test
10 Q0 3121067 700 9.33381 test
10 Q0 3130894 701 9.33004 test
10 Q0 3120722 702 9.328831 test
10 Q0 3132375 703 9.322652 test
10 Q0 3132663 704 9.318324 test
10 Q0 3124468 705 9.318047 test
10 Q0 3121714 706 9.314846 test
10 Q0 3131525 707 9.3091135 test
10 Q0 3123207 708 9.307628 test
10 Q0 3125376 709 9.299678 test
10 Q0 3120976 710 9.291281 test
10 Q0 3132198 711 9.289702 test
10 Q0 3132594 712 9.281988 test
10 Q0 3132360 713 9.276508 test
10 Q0 3128864 714 9.271886 test
10 Q0 3123268 715 9.266026 test
10 Q0 3124448 716 9.263632 test
10 Q0 3121800 717 9.258001 test
10 Q0 3130032 718 9.254351 test
10 Q0 3129088 719 9.24875 test
10 Q0 3125064 720 9.2476845 test
10 Q0 3120749 721 9.246683 test
10 Q0 3131802 722 9.2452 test
10 Q0 3130708 723 9.242331 test
10 Q0 3130660 724 9.234629 test
10 Q0 3125221 725 9.223693 test
10 Q0 3129029 726 9.222403 test
10 Q0 3127303 727 9.207011 test
10 Q0 3125036 728 9.205555 test
10 Q0 3128034 729 9.203666 test
10 Q0 3128068 730 9.200745 test
10 Q0 3123607 731 9.198763 test
10 Q0 3126707 732 9.192841 test
10 Q0 3127813 733 9.190991 test
10 Q0 3123643 734 9.189001 test
10 Q0 3124529 735 9.188775 test
10 Q0 3123466 736 9.187031 test
10 Q0 3130700 737 9.185152 test
10 Q0 3129974 738 9.181015 test
10 Q0 3126796 739 9.177804 test
10 Q0 3128612 740 9.176227 test
10 Q0 3128105 741 9.17261 test
10 Q0 3125223 742 9.171484 test
10 Q0 3130474 743 9.166783 test
10 Q0 3131246 744 9.157103 test
10 Q0 3123540 745 9.151448 test
10 Q0 3123570 746 9.144398 test
10 Q0 3130459 747 9.143087 test
10 Q0 3132671 748 9.142005 test
10 Q0 3122380 749 9.138162 test
10 Q0 3130785 750 9.1362915 test
10 Q0 3125516 751 9.135437 test
10 Q0 3121135 752 9.1340685 test
10 Q0 3122060 753 9.133415 test
10 Q0 3125204 754 9.132885 test
10 Q0 3129298 755 9.131508 test
10 Q0 3120743 756 9.130771 test
10 Q0 3128997 757 9.128 test
10 Q0 3121268 758 9.126911 test
10 Q0 3125148 759 9.126462 test
10 Q0 3121674 760 9.121009 test
10 Q0 3131278 761 9.120997 test
10 Q0 3132730 762 9.1201 test
10 Q0 3127786 763 9.111822 test
10 Q0 3132349 764 9.094476 test
10 Q0 3125393 765 9.094443 test
10 Q0 3125509 766 9.094164 test
10 Q0 3131535 767 9.087613 test
10 Q0 3130781 768 9.084197 test
10 Q0 3129353 769 9.078035 test
10 Q0 3130182 770 9.063342 test
10 Q0 3125252 771 9.062888 test
10 Q0 3123205 772 9.06123 test
10 Q0 3131011 773 9.061037 test
10 Q0 3129770 774 9.054995 test
10 Q0 3122992 775 9.0536585 test
10 Q0 3121086 776 9.05353 test
10 Q0 3127758 777 9.052955 test
10 Q0 3124323 778 9.05123 test
10 Q0 3129328 779 9.049505 test
10 Q0 3123340 780 9.044562 test
10 Q0 3131272 781 9.038364 test
10 Q0 3132588 782 9.037468 test
10 Q0 3125530 783 9.034207 test
10 Q0 3128260 784 9.0298815 test
10 Q0 3130176 785 9.029424 test
10 Q0 3132236 786 9.023989 test
10 Q0 3123995 787 9.022625 test
10 Q0 3130561 788 9.016056 test
10 Q0 3123611 789 9.005918 test
10 Q0 3125268 790 9.0049925 test
10 Q0 3125304 791 9.003401 test
10 Q0 3125377 792 9.000301 test
10 Q0 3132217 793 8.995628 test
10 Q0 3128856 794 8.994181 test
10 Q0 3129124 795 8.981722 test
10 Q0 3121643 796 8.973316 test
10 Q0 3123168 797 8.96439 test
10 Q0 3124725 798 8.963466 test
10 Q0 3123654 799 8.963425 test
10 Q0 3120830 800 8.959496 test
10 Q0 3123241 801 8.957973 test
10 Q0 3126739 802 8.957341 test
10 Q0 3127836 803 8.957128 test
10 Q0 3131010 804 8.952979 test
10 Q0 3121683 805 8.9492445 test
10 Q0 3128675 806 8.942332 test
10 Q0 3124727 807 8.940983 test
10 Q0 3127801 808 8.937139 test
10 Q0 3130674 809 8.934507 test
10 Q0 3130746 810 8.928547 test
10 Q0 3130780 811 8.927992 test
10 Q0 3130635 812 8.9262705 test
10 Q0 3124483 813 8.924961 test
10 Q0 3126712 814 8.916796 test
10 Q0 3125654 815 8.912762 test
10 Q0 3125195 816 8.911322 test
10 Q0 3131599 817 8.910251 test
10 Q0 3124440 818 8.907821 test
10 Q0 3132513 819 8.906481 test
10 Q0 3127830 820 8.905373 test
10 Q0 3124543 821 8.904426 test
10 Q0 3123882 822 8.904333 test
10 Q0 3125542 823 8.902686 test
10 Q0 3121304 824 8.899525 test
10 Q0 3120725 825 8.896584 test
10 Q0 3121635 826 8.894654 test
10 Q0 3132321 827 8.891043 test
10 Q0 3132316 828 8.886466 test
10 Q0 3125957 829 8.881685 test
10 Q0 3128584 830 8.8694 test
10 Q0 3132722 831 8.864976 test
10 Q0 3132539 832 8.860049 test
10 Q0 3121110 833 8.855792 test
10 Q0 3125772 834 8.851864 test
10 Q0 3123220 835 8.846952 test
10 Q0 3130492 836 8.840617 test
10 Q0 3125367 837 8.832246 test
10 Q0 3128815 838 8.830008 test
10 Q0 3124965 839 8.823383 test
10 Q0 3130473 840 8.818989 test
10 Q0 3124253 841 8.817177 test
10 Q0 3121267 842 8.81663 test
10 Q0 3123463 843 8.81114 test
10 Q0 3125502 844 8.808598 test
10 Q0 3120724 845 8.806781 test
10 Q0 3124495 846 8.803888 test
10 Q0 3129756 847 8.792472 test
10 Q0 3131266 848 8.791648 test
10 Q0 3123266 849 8.7913685 test
10 Q0 3130650 850 8.787547 test
10 Q0 3128067 851 8.786733 test
10 Q0 3129760 852 8.786614 test
10 Q0 3131117 853 8.785612 test
10 Q0 3124289 854 8.783282 test
10 Q0 3128857 855 8.777246 test
10 Q0 3131508 856 8.776813 test
10 Q0 3121660 857 8.776227 test
10 Q0 3127827 858 8.775331 test
10 Q0 3132287 859 8.773844 test
10 Q0 3121588 860 8.762542 test
10 Q0 3132680 861 8.758131 test
10 Q0 3130266 862 8.755353 test
10 Q0 3127751 863 8.754171 test
10 Q0 3122997 864 8.750907 test
10 Q0 3127017 865 8.748726 test
10 Q0 3124432 866 8.748547 test
10 Q0 3125392 867 8.743617 test
10 Q0 3127849 868 8.742449 test
10 Q0 3128895 869 8.741624 test
10 Q0 3131736 870 8.739547 test
10 Q0 3123557 871 8.73939 test
10 Q0 3120796 872 8.737811 test
10 Q0 3130769 873 8.735448 test
10 Q0 3132379 874 8.729129 test
10 Q0 3121620 875 8.724012 test
10 Q0 3120676 876 8.722276 test
10 Q0 3129356 877 8.7214575 test
10 Q0 3125341 878 8.72064 test
10 Q0 3130647 879 8.719412 test
10 Q0 3125461 880 8.711808 test
10 Q0 3121595 881 8.7021885 test
10 Q0 3120764 882 8.702145 test
10 Q0 3124430 883 8.700131 test
10 Q0 3124046 884 8.699268 test
10 Q0 3126700 885 8.695124 test
10 Q0 3123203 886 8.693066 test
10 Q0 3123315 887 8.687744 test
10 Q0 3120770 888 8.684845 test
10 Q0 3131249 889 8.678756 test
10 Q0 3124494 890 8.670744 test
10 Q0 3132352 891 8.665586 test
10 Q0 3126781 892 8.659366 test
10 Q0 3125269 893 8.658446 test
10 Q0 3123238 894 8.654826 test
10 Q0 3125729 895 8.647994 test
10 Q0 3125769 896 8.647878 test
10 Q0 3127977 897 8.638557 test
10 Q0 3130657 898 8.629585 test
10 Q0 3127946 899 8.627329 test
10 Q0 3127108 900 8.624285 test
10 Q0 3123210 901 8.623332 test
10 Q0 3131570 902 8.622621 test
10 Q0 3121738 903 8.622076 test
10 Q0 3132122 904 8.617392 test
10 Q0 3132059 905 8.617388 test
10 Q0 3125004 906 8.615191 test
10 Q0 3124922 907 8.614584 test
10 Q0 3125066 908 8.614099 test
10 Q0 3129133 909 8.614 test
10 Q0 3127804 910 8.612245 test
10 Q0 3127322 911 8.605254 test
10 Q0 3130427 912 8.603982 test
10 Q0 3128814 913 8.59787 test
10 Q0 3121884 914 8.59507 test
10 Q0 3127846 915 8.593774 test
10 Q0 3122894 916 8.587086 test
10 Q0 3126757 917 8.581169 test
10 Q0 3122986 918 8.576004 test
10 Q0 3123164 919 8.575667 test
10 Q0 3124044 920 8.572071 test
10 Q0 3129113 921 8.565034 test
10 Q0 3131038 922 8.563294 test
10 Q0 3121087 923 8.562956 test
10 Q0 3122057 924 8.561537 test
10 Q0 3125279 925 8.560232 test
10 Q0 3123184 926 8.540368 test
10 Q0 3125657 927 8.537334 test
10 Q0 3132642 928 8.537304 test
10 Q0 3121002 929 8.536734 test
10 Q0 3131290 930 8.530444 test
10 Q0 3130692 931 8.528356 test
10 Q0 3128057 932 8.528292 test
10 Q0 3120775 933 8.520709 test
10 Q0 3124673 934 8.513795 test
10 Q0 3129969 935 8.51174 test
10 Q0 3130265 936 8.510441 test
10 Q0 3131399 937 8.509813 test
10 Q0 3121682 938 8.508947 test
10 Q0 3120967 939 8.505611 test
10 Q0 3129761 940 8.504389 test
10 Q0 3129065 941 8.499404 test
10 Q0 3127578 942 8.497996 test
10 Q0 3129330 943 8.49786 test
10 Q0 3130041 944 8.495687 test
10 Q0 3130909 945 8.491677 test
10 Q0 3124642 946 8.490956 test
10 Q0 3125309 947 8.486866 test
10 Q0 3130581 948 8.482333 test
10 Q0 3122508 949 8.47668 test
10 Q0 3121748 950 8.476069 test
10 Q0 3125649 951 8.475825 test
10 Q0 3128593 952 8.470221 test
10 Q0 3121880 953 8.469922 test
10 Q0 3123002 954 8.469378 test
10 Q0 3128930 955 8.465832 test
10 Q0 3130280 956 8.464039 test
10 Q0 3130051 957 8.46339 test
10 Q0 3130771 958 8.462865 test
10 Q0 3123769 959 8.461362 test
10 Q0 3124330 960 8.458675 test
10 Q0 3130663 961 8.458016 test
10 Q0 3132694 962 8.457277 test
10 Q0 3121075 963 8.451738 test
10 Q0 3131398 964 8.45076 test
10 Q0 3121089 965 8.45031 test
10 Q0 3121652 966 8.448406 test
10 Q0 3120776 967 8.437196 test
10 Q0 3131394 968 8.433602 test
10 Q0 3127316 969 8.428939 test
10 Q0 3132518 970 8.42809 test
10 Q0 3124982 971 8.423174 test
10 Q0 3124475 972 8.422344 test
10 Q0 3127103 973 8.418824 test
10 Q0 3132440 974 8.418223 test
10 Q0 3124488 975 8.416244 test
10 Q0 3124672 976 8.415821 test
10 Q0 3132095 977 8.414018 test
10 Q0 3124261 978 8.410911 test
10 Q0 3128601 979 8.409986 test
10 Q0 3122589 980 8.408421 test
10 Q0 3124993 981 8.406627 test
10 Q0 3128866 982 8.4010315 test
10 Q0 3121675 983 8.398442 test
10 Q0 3131150 984 8.398191 test
10 Q0 3127769 985 8.396513 test
10 Q0 3131566 986 8.39528 test
10 Q0 3126710 987 8.391166 test
10 Q0 3127963 988 8.389737 test
10 Q0 3125247 989 8.388297 test
10 Q0 3127520 990 8.388003 test
10 Q0 3120669 991 8.387976 test
10 Q0 3124885 992 8.38655 test
10 Q0 3125176 993 8.3825035 test
10 Q0 3120736 994 8.374897 test
10 Q0 3132325 995 8.3746 test
10 Q0 3124442 996 8.374214 test
10 Q0 3126281 997 8.373163 test
10 Q0 3125023 998 8.367777 test
10 Q0 3121607 999 8.367678 test
10 Q0 3120857 1000 8.366579 test
11 Q0 3129533 1 34.309566 test
11 Q0 3129090 2 31.78012 test
11 Q0 3125115 3 30.40008 test
11 Q0 3127492 4 30.153265 test
11 Q0 3124275 5 29.847576 test
11 Q0 3122545 6 29.070097 test
11 Q0 3124465 7 26.404392 test
11 Q0 3131546 8 26.066656 test
11 Q0 3128041 9 25.657694 test
11 Q0 3129059 10 25.647894 test
11 Q0 3121661 11 25.537376 test
11 Q0 3131766 12 25.442421 test
11 Q0 3130893 13 25.098097 test
11 Q0 3129114 14 24.650522 test
11 Q0 3122987 15 24.602367 test
11 Q0 3132663 16 24.272713 test
11 Q0 3122958 17 24.215914 test
11 Q0 3132374 18 24.199718 test
11 Q0 3128129 19 23.967484 test
11 Q0 3132035 20 23.856524 test
11 Q0 3129759 21 23.348616 test
11 Q0 3129070 22 23.32234 test
11 Q0 3127497 23 23.256845 test
11 Q0 3121956 24 23.16198 test
11 Q0 3131792 25 23.03713 test
11 Q0 3127308 26 22.797192 test
11 Q0 3130466 27 22.794115 test
11 Q0 3125360 28 22.738832 test
11 Q0 3132331 29 22.244425 test
11 Q0 3123340 30 22.085985 test
11 Q0 3130462 31 22.043932 test
11 Q0 3127319 32 21.9153 test
11 Q0 3120735 33 21.576523 test
11 Q0 3124140 34 21.572899 test
11 Q0 3126787 35 21.47594 test
11 Q0 3127738 36 21.393023 test
11 Q0 3130715 37 21.341604 test
11 Q0 3132053 38 21.314978 test
11 Q0 3129103 39 21.041689 test
11 Q0 3121608 40 20.85438 test
11 Q0 3123562 41 20.853497 test
11 Q0 3132325 42 20.807947 test
11 Q0 3127842 43 20.799938 test
11 Q0 3123560 44 20.69179 test
11 Q0 3123294 45 20.68379 test
11 Q0 3130494 46 20.560207 test
11 Q0 3120681 47 20.560118 test
11 Q0 3130894 48 20.317852 test
11 Q0 3131758 49 20.303295 test
11 Q0 3129095 50 20.1866 test
11 Q0 3123700 51 20.135881 test
11 Q0 3132121 52 19.95625 test
11 Q0 3132377 53 19.954039 test
11 Q0 3129776 54 19.952877 test
11 Q0 3123852 55 19.872995 test
11 Q0 3127305 56 19.733322 test
11 Q0 3127493 57 19.703384 test
11 Q0 3132235 58 19.697605 test
11 Q0 3123597 59 19.629646 test
11 Q0 3120793 60 19.614588 test
11 Q0 3121584 61 19.57365 test
11 Q0 3123250 62 19.5446 test
11 Q0 3123003 63 19.54012 test
11 Q0 3122500 64 19.52082 test
11 Q0 3121094 65 19.391844 test
11 Q0 3132237 66 19.37677 test
11 Q0 3125361 67 19.171913 test
11 Q0 3126997 68 19.167906 test
11 Q0 3122379 69 19.098759 test
11 Q0 3121736 70 19.073235 test
11 Q0 3125376 71 19.065096 test
11 Q0 3121139 72 19.004236 test
11 Q0 3124266 73 18.98746 test
11 Q0 3130933 74 18.975863 test
11 Q0 3132483 75 18.965773 test
11 Q0 3132700 76 18.914831 test
11 Q0 3123554 77 18.828661 test
11 Q0 3125520 78 18.779339 test
11 Q0 3123183 79 18.745176 test
11 Q0 3131716 80 18.716389 test
11 Q0 3120792 81 18.710646 test
11 Q0 3132091 82 18.67986 test
11 Q0 3127108 83 18.674099 test
11 Q0 3129069 84 18.637402 test
11 Q0 3128826 85 18.597565 test
11 Q0 3132336 86 18.57125 test
11 Q0 3122584 87 18.518276 test
11 Q0 3132365 88 18.495588 test
11 Q0 3132123 89 18.465778 test
11 Q0 3131001 90 18.27234 test
11 Q0 3124965 91 18.2664 test
11 Q0 3125239 92 18.155994 test
11 Q0 3121685 93 18.021496 test
11 Q0 3125324 94 17.99876 test
11 Q0 3121660 95 17.969175 test
11 Q0 3126760 96 17.953453 test
11 Q0 3130473 97 17.880924 test
11 Q0 3126742 98 17.849548 test
11 Q0 3132698 99 17.791178 test
11 Q0 3124241 100 17.749357 test
11 Q0 3132521 101 17.64789 test
11 Q0 3132742 102 17.606758 test
11 Q0 3125279 103 17.60341 test
11 Q0 3130976 104 17.527521 test
11 Q0 3132318 105 17.520939 test
11 Q0 3125062 106 17.507616 test
11 Q0 3132375 107 17.431486 test
11 Q0 3130782 108 17.332623 test
11 Q0 3130358 109 17.329426 test
11 Q0 3131543 110 17.299303 test
11 Q0 3132201 111 17.28144 test
11 Q0 3125389 112 17.264694 test
11 Q0 3132276 113 17.186995 test
11 Q0 3123818 114 17.138874 test
11 Q0 3127740 115 17.093786 test
11 Q0 3123513 116 17.06698 test
11 Q0 3131525 117 17.052525 test
11 Q0 3123001 118 17.006401 test
11 Q0 3132706 119 16.966242 test
11 Q0 3125005 120 16.941233 test
11 Q0 3127759 121 16.93276 test
11 Q0 3130920 122 16.924042 test
11 Q0 3124318 123 16.864178 test
11 Q0 3126991 124 16.822124 test
11 Q0 3123907 125 16.813917 test
11 Q0 3127806 126 16.80772 test
11 Q0 3124933 127 16.806229 test
11 Q0 3124886 128 16.803652 test
11 Q0 3127315 129 16.758896 test
11 Q0 3129104 130 16.751463 test
11 Q0 3122380 131 16.747358 test
11 Q0 3121755 132 16.72148 test
11 Q0 3122596 133 16.717596 test
11 Q0 3129079 134 16.701572 test
11 Q0 3132379 135 16.693422 test
11 Q0 3123169 136 16.5887 test
11 Q0 3120994 137 16.58131 test
11 Q0 3129082 138 16.579956 test
11 Q0 3132205 139 16.53664 test
11 Q0 3130360 140 16.519897 test
11 Q0 3126720 141 16.51178 test
11 Q0 3126708 142 16.510626 test
11 Q0 3123207 143 16.502392 test
11 Q0 3132542 144 16.501478 test
11 Q0 3131117 145 16.44916 test
11 Q0 3121091 146 16.441648 test
11 Q0 3128029 147 16.425465 test
11 Q0 3127834 148 16.424482 test
11 Q0 3125002 149 16.394444 test
11 Q0 3124495 150 16.37469 test
11 Q0 3123249 151 16.340975 test
11 Q0 3130929 152 16.31965 test
11 Q0 3130636 153 16.270226 test
11 Q0 3132368 154 16.267847 test
11 Q0 3129068 155 16.265642 test
11 Q0 3130578 156 16.262741 test
11 Q0 3120755 157 16.202345 test
11 Q0 3121000 158 16.163235 test
11 Q0 3130373 159 16.161076 test
11 Q0 3128846 160 16.134516 test
11 Q0 3129763 161 16.108807 test
11 Q0 3129957 162 16.097319 test
11 Q0 3127836 163 16.091997 test
11 Q0 3127496 164 16.026768 test
11 Q0 3124135 165 15.981659 test
11 Q0 3122510 166 15.957014 test
11 Q0 3121265 167 15.951201 test
11 Q0 3130930 168 15.93898 test
11 Q0 3127310 169 15.896701 test
11 Q0 3130464 170 15.865197 test
11 Q0 3124122 171 15.818417 test
11 Q0 3125169 172 15.817718 test
11 Q0 3132045 173 15.8010645 test
11 Q0 3129618 174 15.714282 test
11 Q0 3124463 175 15.70064 test
11 Q0 3125215 176 15.698732 test
11 Q0 3128842 177 15.681864 test
11 Q0 3121340 178 15.620821 test
11 Q0 3130919 179 15.547492 test
11 Q0 3123565 180 15.530242 test
11 Q0 3131125 181 15.523374 test
11 Q0 3121093 182 15.49952 test
11 Q0 3125253 183 15.476673 test
11 Q0 3130672 184 15.475878 test
11 Q0 3122096 185 15.469675 test
11 Q0 3129113 186 15.361282 test
11 Q0 3132130 187 15.355802 test
11 Q0 3129962 188 15.336747 test
11 Q0 3127324 189 15.313443 test
11 Q0 3125036 190 15.264733 test
11 Q0 3125098 191 15.249686 test
11 Q0 3124261 192 15.192428 test
11 Q0 3132443 193 15.181525 test
11 Q0 3130667 194 15.168109 test
11 Q0 3123194 195 15.136573 test
11 Q0 3132376 196 15.126751 test
11 Q0 3124732 197 15.124864 test
11 Q0 3132015 198 15.114798 test
11 Q0 3124016 199 15.098378 test
11 Q0 3132096 200 15.053143 test
11 Q0 3132354 201 14.929998 test
11 Q0 3126780 202 14.924093 test
11 Q0 3124725 203 14.918793 test
11 Q0 3127758 204 14.906219 test
11 Q0 3132200 205 14.905122 test
11 Q0 3129951 206 14.891101 test
11 Q0 3132681 207 14.880525 test
11 Q0 3129761 208 14.850423 test
11 Q0 3124301 209 14.849009 test
11 Q0 3125645 210 14.810104 test
11 Q0 3128014 211 14.749667 test
11 Q0 3130493 212 14.723653 test
11 Q0 3126989 213 14.706268 test
11 Q0 3123615 214 14.679113 test
11 Q0 3127956 215 14.678292 test
11 Q0 3132635 216 14.609841 test
11 Q0 3131384 217 14.556633 test
11 Q0 3121880 218 14.556116 test
11 Q0 3122984 219 14.548686 test
11 Q0 3129305 220 14.529223 test
11 Q0 3127500 221 14.514396 test
11 Q0 3127318 222 14.457836 test
11 Q0 3132693 223 14.446986 test
11 Q0 3124461 224 14.444754 test
11 Q0 3130610 225 14.412287 test
11 Q0 3130457 226 14.386996 test
11 Q0 3127020 227 14.366814 test
11 Q0 3128254 228 14.360664 test
11 Q0 3121248 229 14.331429 test
11 Q0 3130468 230 14.317807 test
11 Q0 3121582 231 14.3177805 test
11 Q0 3131759 232 14.291007 test
11 Q0 3125354 233 14.25348 test
11 Q0 3121610 234 14.190594 test
11 Q0 3124860 235 14.146193 test
11 Q0 3126719 236 14.130261 test
11 Q0 3132373 237 14.125266 test
11 Q0 3123934 238 14.116824 test
11 Q0 3122071 239 14.097508 test
11 Q0 3130982 240 14.058507 test
11 Q0 3120678 241 14.048017 test
11 Q0 3124838 242 14.042429 test
11 Q0 3126735 243 14.028373 test
11 Q0 3124286 244 14.021291 test
11 Q0 3132670 245 14.013069 test
11 Q0 3121059 246 13.979973 test
11 Q0 3127151 247 13.96461 test
11 Q0 3130728 248 13.943312 test
11 Q0 3127995 249 13.937279 test
11 Q0 3129355 250 13.905888 test
11 Q0 3121686 251 13.894942 test
11 Q0 3128854 252 13.860022 test
11 Q0 3130717 253 13.821897 test
11 Q0 3127314 254 13.820715 test
11 Q0 3125736 255 13.813099 test
11 Q0 3125504 256 13.804396 test
11 Q0 3130670 257 13.759613 test
11 Q0 3126762 258 13.75869 test
11 Q0 3128896 259 13.741515 test
11 Q0 3127317 260 13.741175 test
11 Q0 3131030 261 13.722372 test
11 Q0 3124458 262 13.707865 test
11 Q0 3123159 263 13.697884 test
11 Q0 3132097 264 13.691498 test
11 Q0 3121698 265 13.691457 test
11 Q0 3121673 266 13.690614 test
11 Q0 3124481 267 13.681398 test
11 Q0 3125362 268 13.672008 test
11 Q0 3124728 269 13.65063 test
11 Q0 3130996 270 13.648063 test
11 Q0 3120752 271 13.645495 test
11 Q0 3124992 272 13.620919 test
11 Q0 3132497 273 13.620074 test
11 Q0 3130690 274 13.6010475 test
11 Q0 3127774 275 13.558017 test
11 Q0 3124345 276 13.556376 test
11 Q0 3122040 277 13.547028 test
11 Q0 3124193 278 13.543574 test
11 Q0 3121964 279 13.525725 test
11 Q0 3124993 280 13.524796 test
11 Q0 3131116 281 13.506677 test
11 Q0 3125296 282 13.505902 test
11 Q0 3126695 283 13.498716 test
11 Q0 3131509 284 13.49094 test
11 Q0 3122366 285 13.475094 test
11 Q0 3129312 286 13.466867 test
11 Q0 3125393 287 13.455507 test
11 Q0 3120749 288 13.455395 test
11 Q0 3128858 289 13.452034 test
11 Q0 3129083 290 13.452022 test
11 Q0 3122091 291 13.441896 test
11 Q0 3123589 292 13.437724 test
11 Q0 3131522 293 13.383189 test
11 Q0 3126764 294 13.366125 test
11 Q0 3121466 295 13.364662 test
11 Q0 3125384 296 13.347917 test
11 Q0 3126711 297 13.338799 test
11 Q0 3128735 298 13.332943 test
11 Q0 3121129 299 13.324031 test
11 Q0 3125063 300 13.308551 test
11 Q0 3120722 301 13.3056135 test
11 Q0 3122511 302 13.303335 test
11 Q0 3127344 303 13.294339 test
11 Q0 3132032 304 13.284492 test
11 Q0 3121056 305 13.252063 test
11 Q0 3120709 306 13.241235 test
11 Q0 3126840 307 13.231732 test
11 Q0 3128388 308 13.22549 test
11 Q0 3120834 309 13.214456 test
11 Q0 3123550 310 13.190216 test
11 Q0 3123991 311 13.182575 test
11 Q0 3120685 312 13.163534 test
11 Q0 3129077 313 13.108859 test
11 Q0 3127794 314 13.09104 test
11 Q0 3130997 315 13.052527 test
11 Q0 3120773 316 13.050305 test
11 Q0 3128930 317 13.04897 test
11 Q0 3123515 318 13.038151 test
11 Q0 3132352 319 13.019983 test
11 Q0 3124325 320 13.006263 test
11 Q0 3123279 321 12.982968 test
11 Q0 3127808 322 12.972571 test
11 Q0 3121580 323 12.966258 test
11 Q0 3125720 324 12.939901 test
11 Q0 3130480 325 12.915698 test
11 Q0 3132118 326 12.906199 test
11 Q0 3132162 327 12.870578 test
11 Q0 3128601 328 12.858634 test
11 Q0 3122505 329 12.85782 test
11 Q0 3123241 330 12.821969 test
11 Q0 3127807 331 12.815616 test
11 Q0 3127976 332 12.811964 test
11 Q0 3131284 333 12.777809 test
11 Q0 3121609 334 12.777012 test
11 Q0 3132093 335 12.757142 test
11 Q0 3124830 336 12.735098 test
11 Q0 3129060 337 12.730739 test
11 Q0 3124324 338 12.727159 test
11 Q0 3132702 339 12.708479 test
11 Q0 3132739 340 12.704946 test
11 Q0 3127678 341 12.699166 test
11 Q0 3132232 342 12.697012 test
11 Q0 3130440 343 12.691614 test
11 Q0 3127292 344 12.6912155 test
11 Q0 3121751 345 12.661118 test
11 Q0 3120818 346 12.659132 test
11 Q0 3125337 347 12.656211 test
11 Q0 3123546 348 12.646737 test
11 Q0 3123637 349 12.621646 test
11 Q0 3127782 350 12.6149025 test
11 Q0 3125500 351 12.608628 test
11 Q0 3130647 352 12.59413 test
11 Q0 3125656 353 12.585846 test
11 Q0 3132720 354 12.562197 test
11 Q0 3122553 355 12.556106 test
11 Q0 3125031 356 12.550577 test
11 Q0 3121268 357 12.508002 test
11 Q0 3129061 358 12.502544 test
11 Q0 3132708 359 12.5017605 test
11 Q0 3126763 360 12.501177 test
11 Q0 3126827 361 12.4997425 test
11 Q0 3125006 362 12.498843 test
11 Q0 3132353 363 12.482366 test
11 Q0 3130679 364 12.467506 test
11 Q0 3127801 365 12.454236 test
11 Q0 3123332 366 12.419844 test
11 Q0 3129353 367 12.413919 test
11 Q0 3126845 368 12.374128 test
11 Q0 3120727 369 12.357209 test
11 Q0 3130719 370 12.346091 test
11 Q0 3132122 371 12.344201 test
11 Q0 3125363 372 12.3119 test
11 Q0 3125308 373 12.2945795 test
11 Q0 3131725 374 12.287183 test
11 Q0 3127398 375 12.279954 test
11 Q0 3132366 376 12.267862 test
11 Q0 3124320 377 12.265555 test
11 Q0 3125064 378 12.244217 test
11 Q0 3126771 379 12.19781 test
11 Q0 3129086 380 12.182729 test
11 Q0 3122181 381 12.181482 test
11 Q0 3132338 382 12.180195 test
11 Q0 3130682 383 12.175251 test
11 Q0 3123816 384 12.174789 test
11 Q0 3124731 385 12.146115 test
11 Q0 3126784 386 12.128326 test
11 Q0 3126341 387 12.126149 test
11 Q0 3121650 388 12.086005 test
11 Q0 3124550 389 12.079772 test
11 Q0 3130956 390 12.060773 test
11 Q0 3132722 391 12.059885 test
11 Q0 3120715 392 12.05971 test
11 Q0 3129769 393 12.0543995 test
11 Q0 3122497 394 12.022831 test
11 Q0 3125387 395 12.016677 test
11 Q0 3128599 396 12.014741 test
11 Q0 3122103 397 12.006976 test
11 Q0 3125309 398 12.002089 test
11 Q0 3121732 399 11.981181 test
11 Q0 3124316 400 11.976299 test
11 Q0 3125108 401 11.973429 test
11 Q0 3125647 402 11.9699955 test
11 Q0 3126714 403 11.944597 test
11 Q0 3123614 404 11.901151 test
11 Q0 3125235 405 11.872071 test
11 Q0 3129535 406 11.870274 test
11 Q0 3132493 407 11.849271 test
11 Q0 3125649 408 11.830851 test
11 Q0 3127578 409 11.824094 test
11 Q0 3123228 410 11.821619 test
11 Q0 3121756 411 11.818766 test
11 Q0 3132690 412 11.81641 test
11 Q0 3127750 413 11.812528 test
11 Q0 3128054 414 11.809094 test
11 Q0 3123586 415 11.780193 test
11 Q0 3128902 416 11.772434 test
11 Q0 3121652 417 11.73441 test
11 Q0 3121291 418 11.721262 test
11 Q0 3125342 419 11.710711 test
11 Q0 3124723 420 11.709099 test
11 Q0 3123162 421 11.704331 test
11 Q0 3131981 422 11.666248 test
11 Q0 3120968 423 11.664994 test
11 Q0 3120778 424 11.6395235 test
11 Q0 3121659 425 11.626568 test
11 Q0 3124545 426 11.584512 test
11 Q0 3124044 427 11.581019 test
11 Q0 3128736 428 11.576655 test
11 Q0 3123646 429 11.5588665 test
11 Q0 3126790 430 11.551147 test
11 Q0 3130632 431 11.548136 test
11 Q0 3123195 432 11.548056 test
11 Q0 3127804 433 11.542982 test
11 Q0 3126700 434 11.534177 test
11 Q0 3123208 435 11.525894 test
11 Q0 3129356 436 11.500841 test
11 Q0 3125124 437 11.486518 test
11 Q0 3128002 438 11.457481 test
11 Q0 3127296 439 11.452736 test
11 Q0 3123211 440 11.448534 test
11 Q0 3130567 441 11.434938 test
11 Q0 3127322 442 11.426613 test
11 Q0 3124123 443 11.423611 test
11 Q0 3125161 444 11.394535 test
11 Q0 3127982 445 11.388222 test
11 Q0 3123639 446 11.378129 test
11 Q0 3121335 447 11.37804 test
11 Q0 3128722 448 11.351894 test
11 Q0 3132364 449 11.347044 test
11 Q0 3129673 450 11.342766 test
11 Q0 3120883 451 11.333626 test
11 Q0 3131558 452 11.315075 test
11 Q0 3130010 453 11.299186 test
11 Q0 3121630 454 11.280469 test
11 Q0 3124023 455 11.278658 test
11 Q0 3124259 456 11.268699 test
11 Q0 3125292 457 11.243977 test
11 Q0 3121675 458 11.20938 test
11 Q0 3121588 459 11.198915 test
11 Q0 3123544 460 11.195309 test
11 Q0 3123222 461 11.192768 test
11 Q0 3132370 462 11.184242 test
11 Q0 3124248 463 11.184117 test
11 Q0 3131987 464 11.182322 test
11 Q0 3124455 465 11.176393 test
11 Q0 3124253 466 11.165417 test
11 Q0 3129762 467 11.161286 test
11 Q0 3132509 468 11.098091 test
11 Q0 3130014 469 11.068613 test
11 Q0 3130362 470 11.067412 test
11 Q0 3125011 471 11.063422 test
11 Q0 3128271 472 11.059048 test
11 Q0 3123008 473 11.052934 test
11 Q0 3130439 474 11.049713 test
11 Q0 3126694 475 11.042687 test
11 Q0 3123701 476 11.029563 test
11 Q0 3132120 477 11.013099 test
11 Q0 3127311 478 11.013099 test
11 Q0 3121674 479 10.991307 test
11 Q0 3130922 480 10.984177 test
11 Q0 3132476 481 10.975847 test
11 Q0 3124644 482 10.947154 test
11 Q0 3132229 483 10.94032 test
11 Q0 3132371 484 10.923313 test
11 Q0 3127983 485 10.9231 test
11 Q0 3129058 486 10.918315 test
11 Q0 3123567 487 10.897187 test
11 Q0 3124541 488 10.8736925 test
11 Q0 3132285 489 10.866165 test
11 Q0 3123769 490 10.8406925 test
11 Q0 3132026 491 10.824609 test
11 Q0 3128705 492 10.822369 test
11 Q0 3126768 493 10.820039 test
11 Q0 3132117 494 10.797889 test
11 Q0 3124944 495 10.795585 test
11 Q0 3123302 496 10.790569 test
11 Q0 3121130 497 10.786824 test
11 Q0 3121267 498 10.760856 test
11 Q0 3132236 499 10.760414 test
11 Q0 3125277 500 10.755629 test
11 Q0 3120745 501 10.755495 test
11 Q0 3121716 502 10.745121 test
11 Q0 3127969 503 10.742885 test
11 Q0 3130720 504 10.736963 test
11 Q0 3120776 505 10.707997 test
11 Q0 3124449 506 10.704621 test
11 Q0 3127323 507 10.70186 test
11 Q0 3130584 508 10.693925 test
11 Q0 3124127 509 10.688769 test
11 Q0 3129775 510 10.686665 test
11 Q0 3132064 511 10.682921 test
11 Q0 3123461 512 10.682547 test
11 Q0 3127967 513 10.681844 test
11 Q0 3132119 514 10.66939 test
11 Q0 3122502 515 10.655472 test
11 Q0 3128105 516 10.6332655 test
11 Q0 3129022 517 10.625479 test
11 Q0 3124484 518 10.6171255 test
11 Q0 3129693 519 10.610092 test
11 Q0 3124322 520 10.606805 test
11 Q0 3132372 521 10.595993 test
11 Q0 3129344 522 10.5940075 test
11 Q0 3120998 523 10.5705805 test
11 Q0 3120839 524 10.56545 test
11 Q0 3123632 525 10.558375 test
11 Q0 3124837 526 10.506089 test
11 Q0 3131038 527 10.504925 test
11 Q0 3130631 528 10.498912 test
11 Q0 3125959 529 10.494232 test
11 Q0 3131036 530 10.491578 test
11 Q0 3124454 531 10.4807625 test
11 Q0 3123714 532 10.467974 test
11 Q0 3125729 533 10.4641075 test
11 Q0 3129966 534 10.455333 test
11 Q0 3121800 535 10.454542 test
11 Q0 3125216 536 10.451348 test
11 Q0 3127143 537 10.447593 test
11 Q0 3121680 538 10.441656 test
11 Q0 3123282 539 10.441062 test
11 Q0 3127744 540 10.436385 test
11 Q0 3122045 541 10.414737 test
11 Q0 3124447 542 10.391124 test
11 Q0 3132046 543 10.391028 test
11 Q0 3125661 544 10.376634 test
11 Q0 3126707 545 10.371948 test
11 Q0 3129774 546 10.371314 test
11 Q0 3130185 547 10.359272 test
11 Q0 3121583 548 10.340434 test
11 Q0 3123164 549 10.334956 test
11 Q0 3125660 550 10.3344345 test
11 Q0 3125065 551 10.332165 test
11 Q0 3125655 552 10.325003 test
11 Q0 3132418 553 10.319962 test
11 Q0 3124991 554 10.317692 test
11 Q0 3122980 555 10.315367 test
11 Q0 3127316 556 10.30653 test
11 Q0 3120835 557 10.298448 test
11 Q0 3127798 558 10.284707 test
11 Q0 3132369 559 10.279912 test
11 Q0 3125000 560 10.275242 test
11 Q0 3126709 561 10.25484 test
11 Q0 3128045 562 10.240828 test
11 Q0 3130492 563 10.22818 test
11 Q0 3127303 564 10.222822 test
11 Q0 3124982 565 10.219689 test
11 Q0 3124548 566 10.215418 test
11 Q0 3125664 567 10.210745 test
11 Q0 3130912 568 10.206368 test
11 Q0 3126789 569 10.205486 test
11 Q0 3123258 570 10.2039995 test
11 Q0 3130148 571 10.201734 test
11 Q0 3131234 572 10.191952 test
11 Q0 3132751 573 10.176371 test
11 Q0 3129757 574 10.168726 test
11 Q0 3123658 575 10.164096 test
11 Q0 3122996 576 10.127386 test
11 Q0 3129087 577 10.125905 test
11 Q0 3128700 578 10.114061 test
11 Q0 3128127 579 10.111269 test
11 Q0 3129065 580 10.110947 test
11 Q0 3124412 581 10.110017 test
11 Q0 3130281 582 10.104429 test
11 Q0 3130472 583 10.100576 test
11 Q0 3125666 584 10.096551 test
11 Q0 3132721 585 10.087289 test
11 Q0 3126870 586 10.083088 test
11 Q0 3130697 587 10.081298 test
11 Q0 3130267 588 10.077691 test
11 Q0 3130973 589 10.065579 test
11 Q0 3131249 590 10.061108 test
11 Q0 3126766 591 10.057781 test
11 Q0 3124543 592 10.045694 test
11 Q0 3124730 593 10.041542 test
11 Q0 3129756 594 10.0369 test
11 Q0 3123696 595 10.032398 test
11 Q0 3123642 596 10.0251665 test
11 Q0 3130361 597 10.001331 test
11 Q0 3123004 598 10.000447 test
11 Q0 3120827 599 9.995937 test
11 Q0 3132334 600 9.995392 test
11 Q0 3124289 601 9.987874 test
11 Q0 3129576 602 9.982517 test
11 Q0 3127854 603 9.981261 test
11 Q0 3125344 604 9.979121 test
11 Q0 3123911 605 9.978834 test
11 Q0 3129183 606 9.973378 test
11 Q0 3127978 607 9.968409 test
11 Q0 3127765 608 9.967647 test
11 Q0 3123648 609 9.964224 test
11 Q0 3123000 610 9.961762 test
11 Q0 3124724 611 9.95318 test
11 Q0 3121641 612 9.944818 test
11 Q0 3129941 613 9.942443 test
11 Q0 3125651 614 9.933323 test
11 Q0 3129671 615 9.924424 test
11 Q0 3127950 616 9.9235115 test
11 Q0 3132466 617 9.922005 test
11 Q0 3125730 618 9.915845 test
11 Q0 3124448 619 9.9153 test
11 Q0 3127520 620 9.904823 test
11 Q0 3121261 621 9.900731 test
11 Q0 3132283 622 9.895385 test
11 Q0 3132309 623 9.894529 test
11 Q0 3132231 624 9.892233 test
11 Q0 3127499 625 9.890073 test
11 Q0 3123210 626 9.881627 test
11 Q0 3125350 627 9.86988 test
11 Q0 3123209 628 9.864919 test
11 Q0 3124303 629 9.842675 test
11 Q0 3129301 630 9.8395605 test
11 Q0 3127760 631 9.831861 test
11 Q0 3132490 632 9.826521 test
11 Q0 3128723 633 9.811678 test
11 Q0 3124861 634 9.807268 test
11 Q0 3121604 635 9.801441 test
11 Q0 3126782 636 9.790945 test
11 Q0 3120791 637 9.784042 test
11 Q0 3128242 638 9.773526 test
11 Q0 3125657 639 9.759428 test
11 Q0 3125351 640 9.755003 test
11 Q0 3120699 641 9.752968 test
11 Q0 3122544 642 9.752453 test
11 Q0 3128247 643 9.749849 test
11 Q0 3123285 644 9.744295 test
11 Q0 3123271 645 9.741801 test
11 Q0 3128058 646 9.741536 test
11 Q0 3128412 647 9.731969 test
11 Q0 3132709 648 9.711101 test
11 Q0 3131514 649 9.703876 test
11 Q0 3125205 650 9.684309 test
11 Q0 3121667 651 9.677254 test
11 Q0 3130724 652 9.6759405 test
11 Q0 3130559 653 9.675808 test
11 Q0 3130475 654 9.66616 test
11 Q0 3128260 655 9.664116 test
11 Q0 3127805 656 9.65489 test
11 Q0 3128859 657 9.653917 test
11 Q0 3131526 658 9.619324 test
11 Q0 3129007 659 9.617879 test
11 Q0 3124391 660 9.604688 test
11 Q0 3131393 661 9.602545 test
11 Q0 3123191 662 9.58848 test
11 Q0 3129678 663 9.583767 test
11 Q0 3127495 664 9.550036 test
11 Q0 3132697 665 9.540214 test
11 Q0 3132198 666 9.539806 test
11 Q0 3125495 667 9.5301485 test
11 Q0 3128732 668 9.526888 test
11 Q0 3121951 669 9.526086 test
11 Q0 3130730 670 9.523461 test
11 Q0 3123204 671 9.518078 test
11 Q0 3123012 672 9.510239 test
11 Q0 3129770 673 9.506768 test
11 Q0 3129964 674 9.491458 test
11 Q0 3130709 675 9.488892 test
11 Q0 3121095 676 9.475428 test
11 Q0 3123467 677 9.470603 test
11 Q0 3128702 678 9.468398 test
11 Q0 3124124 679 9.459308 test
11 Q0 3130927 680 9.459308 test
11 Q0 3120802 681 9.457777 test
11 Q0 3125265 682 9.454923 test
11 Q0 3124832 683 9.445917 test
11 Q0 3127841 684 9.443867 test
11 Q0 3122986 685 9.438447 test
11 Q0 3132090 686 9.42428 test
11 Q0 3127328 687 9.406504 test
11 Q0 3124269 688 9.406115 test
11 Q0 3124330 689 9.406111 test
11 Q0 3130791 690 9.403839 test
11 Q0 3132343 691 9.4007635 test
11 Q0 3120733 692 9.388337 test
11 Q0 3125187 693 9.383385 test
11 Q0 3124459 694 9.376154 test
11 Q0 3130635 695 9.374202 test
11 Q0 3121623 696 9.370146 test
11 Q0 3129345 697 9.365598 test
11 Q0 3132367 698 9.364778 test
11 Q0 3129534 699 9.360268 test
11 Q0 3132125 700 9.3573265 test
11 Q0 3132501 701 9.353924 test
11 Q0 3132240 702 9.350957 test
11 Q0 3122099 703 9.34811 test
11 Q0 3130149 704 9.331924 test
11 Q0 3126703 705 9.3243475 test
11 Q0 3120756 706 9.317176 test
11 Q0 3132689 707 9.314187 test
11 Q0 3132160 708 9.304088 test
11 Q0 3128028 709 9.302295 test
11 Q0 3123259 710 9.29206 test
11 Q0 3124983 711 9.290686 test
11 Q0 3132730 712 9.287067 test
11 Q0 3130903 713 9.284985 test
11 Q0 3132217 714 9.284509 test
11 Q0 3130057 715 9.27562 test
11 Q0 3132161 716 9.254735 test
11 Q0 3124494 717 9.2486105 test
11 Q0 3124063 718 9.236719 test
11 Q0 3130677 719 9.236368 test
11 Q0 3125404 720 9.235748 test
11 Q0 3123268 721 9.2212715 test
11 Q0 3125958 722 9.217341 test
11 Q0 3131615 723 9.210632 test
11 Q0 3123549 724 9.197065 test
11 Q0 3123743 725 9.1847105 test
11 Q0 3121075 726 9.183886 test
11 Q0 3121092 727 9.179651 test
11 Q0 3122530 728 9.171207 test
11 Q0 3127002 729 9.166805 test
11 Q0 3132333 730 9.164249 test
11 Q0 3127346 731 9.160105 test
11 Q0 3124476 732 9.15833 test
11 Q0 3124875 733 9.153947 test
11 Q0 3120855 734 9.1455 test
11 Q0 3131287 735 9.141338 test
11 Q0 3125643 736 9.140314 test
11 Q0 3123240 737 9.139327 test
11 Q0 3121263 738 9.132876 test
11 Q0 3124027 739 9.126442 test
11 Q0 3132024 740 9.1221695 test
11 Q0 3132363 741 9.121226 test
11 Q0 3124984 742 9.118725 test
11 Q0 3123203 743 9.118136 test
11 Q0 3123822 744 9.117024 test
11 Q0 3123255 745 9.113684 test
11 Q0 3132329 746 9.093633 test
11 Q0 3121137 747 9.090223 test
11 Q0 3121001 748 9.0837345 test
11 Q0 3125347 749 9.083071 test
11 Q0 3130911 750 9.079325 test
11 Q0 3127291 751 9.066753 test
11 Q0 3131748 752 9.06542 test
11 Q0 3122118 753 9.051872 test
11 Q0 3120763 754 9.05167 test
11 Q0 3125659 755 9.040706 test
11 Q0 3131388 756 9.035876 test
11 Q0 3120704 757 9.027606 test
11 Q0 3130961 758 9.020054 test
11 Q0 3132056 759 9.016539 test
11 Q0 3127852 760 9.010992 test
11 Q0 3126759 761 8.997573 test
11 Q0 3129943 762 8.997558 test
11 Q0 3125667 763 8.996549 test
11 Q0 3125270 764 8.980591 test
11 Q0 3125058 765 8.977486 test
11 Q0 3132494 766 8.969301 test
11 Q0 3123344 767 8.966917 test
11 Q0 3125798 768 8.965551 test
11 Q0 3125312 769 8.954986 test
11 Q0 3125033 770 8.953658 test
11 Q0 3125508 771 8.951415 test
11 Q0 3130040 772 8.946458 test
11 Q0 3130254 773 8.942917 test
11 Q0 3130463 774 8.935648 test
11 Q0 3128895 775 8.9226055 test
11 Q0 3132677 776 8.916427 test
11 Q0 3132049 777 8.913285 test
11 Q0 3132157 778 8.905162 test
11 Q0 3130138 779 8.900346 test
11 Q0 3127857 780 8.897116 test
11 Q0 3122589 781 8.893166 test
11 Q0 3127420 782 8.891203 test
11 Q0 3130770 783 8.885402 test
11 Q0 3129963 784 8.882172 test
11 Q0 3125757 785 8.880069 test
11 Q0 3130691 786 8.877792 test
11 Q0 3126744 787 8.875434 test
11 Q0 3121646 788 8.868659 test
11 Q0 3131517 789 8.867551 test
11 Q0 3126799 790 8.865032 test
11 Q0 3126745 791 8.855688 test
11 Q0 3127000 792 8.849969 test
11 Q0 3125417 793 8.846321 test
11 Q0 3124831 794 8.842287 test
11 Q0 3123618 795 8.833329 test
11 Q0 3121108 796 8.820418 test
11 Q0 3125287 797 8.806118 test
11 Q0 3126786 798 8.77601 test
11 Q0 3128050 799 8.775396 test
11 Q0 3124413 800 8.774319 test
11 Q0 3125646 801 8.765235 test
11 Q0 3126792 802 8.757444 test
11 Q0 3126734 803 8.744586 test
11 Q0 3121656 804 8.742115 test
11 Q0 3127301 805 8.736006 test
11 Q0 3121653 806 8.734063 test
11 Q0 3130650 807 8.732738 test
11 Q0 3123607 808 8.727659 test
11 Q0 3123185 809 8.714955 test
11 Q0 3130469 810 8.693501 test
11 Q0 3121746 811 8.688308 test
11 Q0 3120809 812 8.687374 test
11 Q0 3120830 813 8.68335 test
11 Q0 3126983 814 8.682742 test
11 Q0 3132536 815 8.671807 test
11 Q0 3126772 816 8.658849 test
11 Q0 3132419 817 8.654835 test
11 Q0 3127999 818 8.650344 test
11 Q0 3125330 819 8.650227 test
11 Q0 3130651 820 8.64296 test
11 Q0 3120986 821 8.6374235 test
11 Q0 3127835 822 8.629539 test
11 Q0 3124829 823 8.62768 test
11 Q0 3127312 824 8.625058 test
11 Q0 3127743 825 8.624118 test
11 Q0 3129342 826 8.62253 test
11 Q0 3125061 827 8.616741 test
11 Q0 3128071 828 8.601828 test
11 Q0 3123235 829 8.595696 test
11 Q0 3129967 830 8.587287 test
11 Q0 3124717 831 8.584719 test
11 Q0 3123261 832 8.579604 test
11 Q0 3122373 833 8.578321 test
11 Q0 3129213 834 8.566382 test
11 Q0 3125182 835 8.565883 test
11 Q0 3132170 836 8.541083 test
11 Q0 3132362 837 8.539134 test
11 Q0 3130566 838 8.521663 test
11 Q0 3130657 839 8.519689 test
11 Q0 3126856 840 8.515182 test
11 Q0 3122997 841 8.510811 test
11 Q0 3132437 842 8.509991 test
11 Q0 3121607 843 8.509318 test
11 Q0 3131512 844 8.508924 test
11 Q0 3120694 845 8.50377 test
11 Q0 3130998 846 8.503231 test
11 Q0 3126839 847 8.502118 test
11 Q0 3130379 848 8.494294 test
11 Q0 3130914 849 8.493347 test
11 Q0 3123706 850 8.480227 test
11 Q0 3121681 851 8.479566 test
11 Q0 3124302 852 8.475414 test
11 Q0 3121612 853 8.475332 test
11 Q0 3123188 854 8.470435 test
11 Q0 3125244 855 8.467257 test
11 Q0 3129755 856 8.466347 test
11 Q0 3121731 857 8.460935 test
11 Q0 3120725 858 8.45754 test
11 Q0 3130043 859 8.453959 test
11 Q0 3125767 860 8.4532995 test
11 Q0 3122086 861 8.441923 test
11 Q0 3127739 862 8.440636 test
11 Q0 3125248 863 8.438642 test
11 Q0 3132127 864 8.437934 test
11 Q0 3127449 865 8.428856 test
11 Q0 3123657 866 8.425864 test
11 Q0 3125291 867 8.424993 test
11 Q0 3123628 868 8.418657 test
11 Q0 3130669 869 8.417908 test
11 Q0 3122101 870 8.405412 test
11 Q0 3121601 871 8.405327 test
11 Q0 3132528 872 8.404486 test
11 Q0 3129163 873 8.395238 test
11 Q0 3130255 874 8.393666 test
11 Q0 3125374 875 8.384727 test
11 Q0 3132442 876 8.373141 test
11 Q0 3124225 877 8.370023 test
11 Q0 3130257 878 8.364994 test
11 Q0 3126755 879 8.354916 test
11 Q0 3127381 880 8.345373 test
11 Q0 3128608 881 8.340208 test
11 Q0 3126788 882 8.338422 test
11 Q0 3129092 883 8.331724 test
11 Q0 3122507 884 8.329236 test
11 Q0 3128934 885 8.32563 test
11 Q0 3124698 886 8.323924 test
11 Q0 3125099 887 8.320843 test
11 Q0 3130744 888 8.3109 test
11 Q0 3127004 889 8.308843 test
11 Q0 3120769 890 8.305415 test
11 Q0 3122092 891 8.302675 test
11 Q0 3131712 892 8.295093 test
11 Q0 3130561 893 8.289569 test
11 Q0 3126977 894 8.286541 test
11 Q0 3120781 895 8.284879 test
11 Q0 3121120 896 8.28484 test
11 Q0 3121585 897 8.280427 test
11 Q0 3131711 898 8.28025 test
11 Q0 3131305 899 8.272772 test
11 Q0 3125663 900 8.269401 test
11 Q0 3127964 901 8.257827 test
11 Q0 3124360 902 8.253246 test
11 Q0 3127813 903 8.252737 test
11 Q0 3123157 904 8.247658 test
11 Q0 3126743 905 8.2355385 test
11 Q0 3123269 906 8.220908 test
11 Q0 3128746 907 8.212168 test
11 Q0 3121730 908 8.20426 test
11 Q0 3124953 909 8.1998415 test
11 Q0 3132355 910 8.197466 test
11 Q0 3129115 911 8.194265 test
11 Q0 3131191 912 8.192872 test
11 Q0 3124411 913 8.187543 test
11 Q0 3128857 914 8.168935 test
11 Q0 3120836 915 8.16674 test
11 Q0 3124323 916 8.162856 test
11 Q0 3121666 917 8.135622 test
11 Q0 3123558 918 8.122051 test
11 Q0 3121626 919 8.111375 test
11 Q0 3125516 920 8.107162 test
11 Q0 3125349 921 8.096467 test
11 Q0 3130674 922 8.09595 test
11 Q0 3124948 923 8.087553 test
11 Q0 3128894 924 8.080028 test
11 Q0 3130589 925 8.067795 test
11 Q0 3126804 926 8.06769 test
11 Q0 3122593 927 8.065916 test
11 Q0 3121596 928 8.063265 test
11 Q0 3127383 929 8.059011 test
11 Q0 3131265 930 8.057125 test
11 Q0 3130485 931 8.056318 test
11 Q0 3130479 932 8.05494 test
11 Q0 3130044 933 8.053456 test
11 Q0 3128593 934 8.044993 test
11 Q0 3124464 935 8.044878 test
11 Q0 3121230 936 8.036954 test
11 Q0 3124254 937 8.035029 test
11 Q0 3124125 938 8.033383 test
11 Q0 3132464 939 8.028426 test
11 Q0 3127742 940 8.028193 test
11 Q0 3131386 941 8.026194 test
11 Q0 3128264 942 8.023164 test
11 Q0 3120758 943 8.013256 test
11 Q0 3122077 944 8.012117 test
11 Q0 3124544 945 8.004718 test
11 Q0 3124436 946 8.002363 test
11 Q0 3129062 947 8.000652 test
11 Q0 3131791 948 7.996706 test
11 Q0 3130182 949 7.970675 test
11 Q0 3132682 950 7.9641786 test
11 Q0 3121276 951 7.9610615 test
11 Q0 3130887 952 7.9578705 test
11 Q0 3131751 953 7.955468 test
11 Q0 3129641 954 7.9445467 test
11 Q0 3132361 955 7.943314 test
11 Q0 3130924 956 7.9413466 test
11 Q0 3124935 957 7.9387 test
11 Q0 3131238 958 7.927749 test
11 Q0 3125220 959 7.9268546 test
11 Q0 3127382 960 7.9260755 test
11 Q0 3132392 961 7.924501 test
11 Q0 3125718 962 7.9180098 test
11 Q0 3125448 963 7.9165974 test
11 Q0 3131281 964 7.911335 test
11 Q0 3123351 965 7.9103446 test
11 Q0 3124026 966 7.9073954 test
11 Q0 3129591 967 7.905655 test
11 Q0 3120878 968 7.9004307 test
11 Q0 3125762 969 7.883487 test
11 Q0 3129013 970 7.8822083 test
11 Q0 3129758 971 7.8799314 test
11 Q0 3127009 972 7.8763437 test
11 Q0 3132661 973 7.876297 test
11 Q0 3128024 974 7.8643317 test
11 Q0 3128001 975 7.864108 test
11 Q0 3122548 976 7.856056 test
11 Q0 3121581 977 7.8543677 test
11 Q0 3128744 978 7.8449607 test
11 Q0 3129063 979 7.829904 test
11 Q0 3125461 980 7.829104 test
11 Q0 3129577 981 7.8237514 test
11 Q0 3131760 982 7.8177686 test
11 Q0 3128701 983 7.816937 test
11 Q0 3120976 984 7.811179 test
11 Q0 3132094 985 7.810697 test
11 Q0 3121069 986 7.792611 test
11 Q0 3121304 987 7.7898216 test
11 Q0 3130765 988 7.78793 test
11 Q0 3120982 989 7.7871113 test
11 Q0 3131984 990 7.786312 test
11 Q0 3127390 991 7.779773 test
11 Q0 3129123 992 7.778538 test
11 Q0 3123563 993 7.774329 test
11 Q0 3130575 994 7.774328 test
11 Q0 3128067 995 7.7714543 test
11 Q0 3132345 996 7.762972 test
11 Q0 3123540 997 7.749365 test
11 Q0 3127387 998 7.7477527 test
11 Q0 3121002 999 7.7462187 test
11 Q0 3125307 1000 7.737655 test
12 Q0 3121440 1 18.903164 test
12 Q0 3123279 2 17.936604 test
12 Q0 3125194 3 16.193926 test
12 Q0 3129120 4 15.83165 test
12 Q0 3126840 5 15.387193 test
12 Q0 3130494 6 14.799505 test
12 Q0 3126695 7 14.791969 test
12 Q0 3129129 8 14.704756 test
12 Q0 3126841 9 14.678069 test
12 Q0 3131509 10 14.537138 test
12 Q0 3125115 11 13.84761 test
12 Q0 3130146 12 13.815957 test
12 Q0 3120733 13 13.713458 test
12 Q0 3129124 14 13.595689 test
12 Q0 3129667 15 13.565849 test
12 Q0 3121001 16 13.512886 test
12 Q0 3124448 17 13.097619 test
12 Q0 3121623 18 13.045098 test
12 Q0 3131800 19 12.8280525 test
12 Q0 3127415 20 12.537767 test
12 Q0 3127500 21 12.44243 test
12 Q0 3132049 22 12.429214 test
12 Q0 3132338 23 12.321491 test
12 Q0 3128896 24 12.28653 test
12 Q0 3121674 25 12.194555 test
12 Q0 3131192 26 12.157832 test
12 Q0 3120792 27 12.119174 test
12 Q0 3123644 28 12.111597 test
12 Q0 3120965 29 11.976155 test
12 Q0 3126713 30 11.87689 test
12 Q0 3121000 31 11.830382 test
12 Q0 3121715 32 11.773414 test
12 Q0 3125360 33 11.709245 test
12 Q0 3130791 34 11.663175 test
12 Q0 3128700 35 11.524017 test
12 Q0 3121964 36 11.517518 test
12 Q0 3132411 37 11.456063 test
12 Q0 3129126 38 11.365127 test
12 Q0 3131791 39 11.3077345 test
12 Q0 3127497 40 11.304277 test
12 Q0 3123461 41 11.299523 test
12 Q0 3126997 42 11.195177 test
12 Q0 3121603 43 11.126205 test
12 Q0 3123626 44 11.117987 test
12 Q0 3129082 45 11.078666 test
12 Q0 3124728 46 11.071918 test
12 Q0 3132670 47 11.052124 test
12 Q0 3123700 48 11.006865 test
12 Q0 3123624 49 10.986542 test
12 Q0 3130672 50 10.9075985 test
12 Q0 3131716 51 10.885758 test
12 Q0 3124505 52 10.874016 test
12 Q0 3122958 53 10.848175 test
12 Q0 3123169 54 10.8446245 test
12 Q0 3123261 55 10.838864 test
12 Q0 3131560 56 10.793679 test
12 Q0 3130709 57 10.7340145 test
12 Q0 3132446 58 10.690984 test
12 Q0 3126760 59 10.652036 test
12 Q0 3127355 60 10.641672 test
12 Q0 3129305 61 10.628703 test
12 Q0 3131302 62 10.621544 test
12 Q0 3122510 63 10.617303 test
12 Q0 3125002 64 10.530475 test
12 Q0 3126985 65 10.494261 test
12 Q0 3127745 66 10.489813 test
12 Q0 3131542 67 10.473408 test
12 Q0 3123586 68 10.438804 test
12 Q0 3125720 69 10.264049 test
12 Q0 3127975 70 10.227121 test
12 Q0 3131766 71 10.2155695 test
12 Q0 3126989 72 10.208176 test
12 Q0 3124455 73 10.181927 test
12 Q0 3121091 74 10.134419 test
12 Q0 3132318 75 10.117312 test
12 Q0 3121627 76 10.110542 test
12 Q0 3124886 77 10.086781 test
12 Q0 3130193 78 10.083017 test
12 Q0 3123161 79 10.060328 test
12 Q0 3124465 80 10.044811 test
12 Q0 3132706 81 9.987161 test
12 Q0 3126712 82 9.985073 test
12 Q0 3127492 83 9.965248 test
12 Q0 3130578 84 9.9319 test
12 Q0 3123164 85 9.880882 test
12 Q0 3127496 86 9.879408 test
12 Q0 3122100 87 9.83633 test
12 Q0 3121421 88 9.80971 test
12 Q0 3130908 89 9.783458 test
12 Q0 3129130 90 9.776077 test
12 Q0 3128041 91 9.763955 test
12 Q0 3128133 92 9.734962 test
12 Q0 3123597 93 9.719873 test
12 Q0 3125960 94 9.714419 test
12 Q0 3123560 95 9.696738 test
12 Q0 3129125 96 9.662731 test
12 Q0 3125273 97 9.657418 test
12 Q0 3129123 98 9.64974 test
12 Q0 3129118 99 9.646303 test
12 Q0 3129759 100 9.496818 test
12 Q0 3132693 101 9.481367 test
12 Q0 3122597 102 9.480799 test
12 Q0 3129119 103 9.443755 test
12 Q0 3129533 104 9.4426155 test
12 Q0 3129313 105 9.435848 test
12 Q0 3121635 106 9.42275 test
12 Q0 3126849 107 9.413691 test
12 Q0 3131434 108 9.4017 test
12 Q0 3120851 109 9.3765135 test
12 Q0 3128054 110 9.347313 test
12 Q0 3129116 111 9.293502 test
12 Q0 3122987 112 9.292006 test
12 Q0 3124888 113 9.278728 test
12 Q0 3129582 114 9.277462 test
12 Q0 3125011 115 9.2732525 test
12 Q0 3132276 116 9.260825 test
12 Q0 3129117 117 9.253735 test
12 Q0 3120749 118 9.23606 test
12 Q0 3127297 119 9.2047 test
12 Q0 3132157 120 9.196636 test
12 Q0 3126796 121 9.159148 test
12 Q0 3130647 122 9.155395 test
12 Q0 3123744 123 9.15343 test
12 Q0 3121437 124 9.14154 test
12 Q0 3127834 125 9.114619 test
12 Q0 3125252 126 9.1127 test
12 Q0 3124461 127 9.085201 test
12 Q0 3132123 128 9.071738 test
12 Q0 3129109 129 9.068236 test
12 Q0 3127322 130 9.068177 test
12 Q0 3132747 131 9.0572 test
12 Q0 3121248 132 9.046514 test
12 Q0 3131715 133 9.037893 test
12 Q0 3124838 134 9.036809 test
12 Q0 3129122 135 9.028507 test
12 Q0 3124123 136 9.024212 test
12 Q0 3122544 137 9.014364 test
12 Q0 3127308 138 9.01319 test
12 Q0 3126780 139 9.011341 test
12 Q0 3123355 140 9.007704 test
12 Q0 3125216 141 8.9969015 test
12 Q0 3131265 142 8.995494 test
12 Q0 3122898 143 8.993659 test
12 Q0 3129132 144 8.98026 test
12 Q0 3129127 145 8.978649 test
12 Q0 3126707 146 8.975258 test
12 Q0 3123296 147 8.974177 test
12 Q0 3129574 148 8.9724655 test
12 Q0 3127109 149 8.95243 test
12 Q0 3127493 150 8.941413 test
12 Q0 3123540 151 8.93435 test
12 Q0 3130717 152 8.906553 test
12 Q0 3128826 153 8.836578 test
12 Q0 3129131 154 8.83178 test
12 Q0 3125108 155 8.829236 test
12 Q0 3124140 156 8.818045 test
12 Q0 3131125 157 8.76282 test
12 Q0 3125236 158 8.739455 test
12 Q0 3120846 159 8.732473 test
12 Q0 3129069 160 8.717492 test
12 Q0 3123286 161 8.714908 test
12 Q0 3132493 162 8.706333 test
12 Q0 3121767 163 8.705798 test
12 Q0 3125279 164 8.678418 test
12 Q0 3131727 165 8.662889 test
12 Q0 3123585 166 8.660739 test
12 Q0 3125254 167 8.654288 test
12 Q0 3127763 168 8.628126 test
12 Q0 3121443 169 8.6278925 test
12 Q0 3132162 170 8.627056 test
12 Q0 3130256 171 8.625191 test
12 Q0 3123184 172 8.608169 test
12 Q0 3125223 173 8.590629 test
12 Q0 3124193 174 8.590595 test
12 Q0 3125362 175 8.542785 test
12 Q0 3132538 176 8.534332 test
12 Q0 3120817 177 8.509747 test
12 Q0 3131981 178 8.48661 test
12 Q0 3130168 179 8.481025 test
12 Q0 3121093 180 8.472266 test
12 Q0 3130670 181 8.441009 test
12 Q0 3130010 182 8.422658 test
12 Q0 3129500 183 8.415197 test
12 Q0 3123207 184 8.410318 test
12 Q0 3130466 185 8.403374 test
12 Q0 3122507 186 8.388159 test
12 Q0 3132168 187 8.381116 test
12 Q0 3122584 188 8.377972 test
12 Q0 3130029 189 8.340398 test
12 Q0 3132483 190 8.340238 test
12 Q0 3131797 191 8.323099 test
12 Q0 3120753 192 8.3202 test
12 Q0 3127744 193 8.319772 test
12 Q0 3128598 194 8.318026 test
12 Q0 3120812 195 8.306918 test
12 Q0 3129096 196 8.303945 test
12 Q0 3120770 197 8.280327 test
12 Q0 3121944 198 8.260275 test
12 Q0 3123705 199 8.258482 test
12 Q0 3131758 200 8.230751 test
12 Q0 3126757 201 8.230577 test
12 Q0 3121291 202 8.227701 test
12 Q0 3129318 203 8.226892 test
12 Q0 3123359 204 8.224982 test
12 Q0 3132236 205 8.210585 test
12 Q0 3124144 206 8.205082 test
12 Q0 3122500 207 8.200693 test
12 Q0 3122307 208 8.172042 test
12 Q0 3129579 209 8.170136 test
12 Q0 3132465 210 8.161193 test
12 Q0 3123702 211 8.15894 test
12 Q0 3130040 212 8.14578 test
12 Q0 3123352 213 8.139864 test
12 Q0 3124298 214 8.132113 test
12 Q0 3130682 215 8.127849 test
12 Q0 3123589 216 8.113186 test
12 Q0 3121280 217 8.107459 test
12 Q0 3123513 218 8.092893 test
12 Q0 3127020 219 8.089659 test
12 Q0 3129344 220 8.088298 test
12 Q0 3125363 221 8.073458 test
12 Q0 3129957 222 8.06439 test
12 Q0 3125325 223 8.044099 test
12 Q0 3123183 224 8.04138 test
12 Q0 3128365 225 8.036275 test
12 Q0 3121956 226 8.034753 test
12 Q0 3124965 227 8.030075 test
12 Q0 3121951 228 8.029853 test
12 Q0 3130929 229 8.028443 test
12 Q0 3125461 230 8.027383 test
12 Q0 3128030 231 8.021871 test
12 Q0 3129114 232 8.016244 test
12 Q0 3125058 233 8.013484 test
12 Q0 3131235 234 7.9938793 test
12 Q0 3130057 235 7.98333 test
12 Q0 3121130 236 7.9810357 test
12 Q0 3124427 237 7.9737735 test
12 Q0 3126818 238 7.933269 test
12 Q0 3131546 239 7.9330997 test
12 Q0 3132494 240 7.9303565 test
12 Q0 3121873 241 7.925922 test
12 Q0 3124644 242 7.922909 test
12 Q0 3127002 243 7.9153643 test
12 Q0 3123282 244 7.9000893 test
12 Q0 3124643 245 7.8991714 test
12 Q0 3126991 246 7.8989506 test
12 Q0 3130644 247 7.8944545 test
12 Q0 3131295 248 7.8912406 test
12 Q0 3128903 249 7.8878407 test
12 Q0 3132130 250 7.8804955 test
12 Q0 3127251 251 7.8666964 test
12 Q0 3120741 252 7.8651714 test
12 Q0 3125308 253 7.8584037 test
12 Q0 3128585 254 7.8452845 test
12 Q0 3120781 255 7.8340364 test
12 Q0 3132053 256 7.8332424 test
12 Q0 3130050 257 7.8245535 test
12 Q0 3121424 258 7.8238716 test
12 Q0 3121254 259 7.820295 test
12 Q0 3124266 260 7.7956266 test
12 Q0 3130577 261 7.7950983 test
12 Q0 3131251 262 7.7921915 test
12 Q0 3130636 263 7.7878876 test
12 Q0 3131798 264 7.7853475 test
12 Q0 3132229 265 7.782586 test
12 Q0 3131124 266 7.774111 test
12 Q0 3131724 267 7.7714105 test
12 Q0 3129128 268 7.7619677 test
12 Q0 3128014 269 7.7517147 test
12 Q0 3126771 270 7.7462673 test
12 Q0 3127311 271 7.7439713 test
12 Q0 3128825 272 7.7388663 test
12 Q0 3127310 273 7.7352386 test
12 Q0 3127842 274 7.729312 test
12 Q0 3129012 275 7.728235 test
12 Q0 3132237 276 7.714032 test
12 Q0 3132121 277 7.7046614 test
12 Q0 3132365 278 7.7036433 test
12 Q0 3124860 279 7.6574044 test
12 Q0 3131601 280 7.6546917 test
12 Q0 3123818 281 7.6428866 test
12 Q0 3125120 282 7.637527 test
12 Q0 3124501 283 7.6246347 test
12 Q0 3120751 284 7.6081257 test
12 Q0 3123852 285 7.605573 test
12 Q0 3129104 286 7.598614 test
12 Q0 3132327 287 7.5967693 test
12 Q0 3121334 288 7.595921 test
12 Q0 3124319 289 7.5909333 test
12 Q0 3124421 290 7.5898304 test
12 Q0 3132235 291 7.5819516 test
12 Q0 3125062 292 7.5796995 test
12 Q0 3121788 293 7.572922 test
12 Q0 3130911 294 7.548146 test
12 Q0 3130060 295 7.5459633 test
12 Q0 3121586 296 7.5457983 test
12 Q0 3124524 297 7.5277743 test
12 Q0 3131269 298 7.525547 test
12 Q0 3127821 299 7.524032 test
12 Q0 3128129 300 7.515079 test
12 Q0 3120968 301 7.5083585 test
12 Q0 3124391 302 7.5067315 test
12 Q0 3130464 303 7.486854 test
12 Q0 3120836 304 7.4789815 test
12 Q0 3122497 305 7.4750247 test
12 Q0 3130995 306 7.473148 test
12 Q0 3125065 307 7.464394 test
12 Q0 3131246 308 7.461808 test
12 Q0 3121761 309 7.460188 test
12 Q0 3127838 310 7.4386454 test
12 Q0 3120823 311 7.438532 test
12 Q0 3121629 312 7.4157567 test
12 Q0 3125349 313 7.413816 test
12 Q0 3121673 314 7.4107685 test
12 Q0 3121436 315 7.40364 test
12 Q0 3125209 316 7.389874 test
12 Q0 3130253 317 7.3821115 test
12 Q0 3127835 318 7.374896 test
12 Q0 3128097 319 7.3646097 test
12 Q0 3128028 320 7.3637743 test
12 Q0 3123550 321 7.361075 test
12 Q0 3127137 322 7.3606343 test
12 Q0 3129023 323 7.3550477 test
12 Q0 3130721 324 7.3428297 test
12 Q0 3127305 325 7.3384204 test
12 Q0 3130731 326 7.338369 test
12 Q0 3130172 327 7.3377194 test
12 Q0 3125361 328 7.330994 test
12 Q0 3132323 329 7.319243 test
12 Q0 3129966 330 7.315843 test
12 Q0 3123646 331 7.3069253 test
12 Q0 3130989 332 7.301371 test
12 Q0 3131776 333 7.2995934 test
12 Q0 3122096 334 7.295953 test
12 Q0 3130927 335 7.2917304 test
12 Q0 3132663 336 7.2915525 test
12 Q0 3123173 337 7.2840886 test
12 Q0 3132462 338 7.282602 test
12 Q0 3132543 339 7.2799063 test
12 Q0 3125031 340 7.278338 test
12 Q0 3125955 341 7.272291 test
12 Q0 3126836 342 7.26979 test
12 Q0 3121630 343 7.264114 test
12 Q0 3125036 344 7.2626204 test
12 Q0 3123703 345 7.2585745 test
12 Q0 3131306 346 7.258318 test
12 Q0 3124454 347 7.2581964 test
12 Q0 3121680 348 7.254311 test
12 Q0 3124690 349 7.2450867 test
12 Q0 3130153 350 7.2425146 test
12 Q0 3129038 351 7.2383986 test
12 Q0 3127956 352 7.2230954 test
12 Q0 3130439 353 7.201046 test
12 Q0 3130637 354 7.1974726 test
12 Q0 3121719 355 7.1944094 test
12 Q0 3130276 356 7.1795425 test
12 Q0 3131984 357 7.1781898 test
12 Q0 3132610 358 7.1744986 test
12 Q0 3131255 359 7.1713843 test
12 Q0 3121728 360 7.166609 test
12 Q0 3124967 361 7.163466 test
12 Q0 3124392 362 7.15933 test
12 Q0 3129312 363 7.148763 test
12 Q0 3128247 364 7.145754 test
12 Q0 3132156 365 7.143353 test
12 Q0 3124723 366 7.1389437 test
12 Q0 3129121 367 7.1324463 test
12 Q0 3129753 368 7.132425 test
12 Q0 3126768 369 7.127565 test
12 Q0 3131588 370 7.1235023 test
12 Q0 3122122 371 7.1162534 test
12 Q0 3125211 372 7.1135645 test
12 Q0 3121718 373 7.1111937 test
12 Q0 3131512 374 7.093319 test
12 Q0 3123158 375 7.086744 test
12 Q0 3121439 376 7.086169 test
12 Q0 3120722 377 7.0858145 test
12 Q0 3130668 378 7.0849705 test
12 Q0 3125204 379 7.0838213 test
12 Q0 3132217 380 7.0834823 test
12 Q0 3129769 381 7.0792556 test
12 Q0 3131294 382 7.070263 test
12 Q0 3127017 383 7.0624523 test
12 Q0 3128254 384 7.0614247 test
12 Q0 3132700 385 7.059601 test
12 Q0 3128842 386 7.0579476 test
12 Q0 3128841 387 7.055923 test
12 Q0 3124487 388 7.0537815 test
12 Q0 3130997 389 7.0529346 test
12 Q0 3123280 390 7.05219 test
12 Q0 3127795 391 7.045722 test
12 Q0 3128016 392 7.0450287 test
12 Q0 3129090 393 7.035713 test
12 Q0 3129763 394 7.0327864 test
12 Q0 3132377 395 7.0319963 test
12 Q0 3130734 396 7.0263553 test
12 Q0 3129068 397 7.0252004 test
12 Q0 3131756 398 7.020798 test
12 Q0 3125276 399 7.005824 test
12 Q0 3130192 400 6.999138 test
12 Q0 3122163 401 6.9981694 test
12 Q0 3125373 402 6.9914403 test
12 Q0 3132166 403 6.9910717 test
12 Q0 3129776 404 6.989056 test
12 Q0 3122992 405 6.979283 test
12 Q0 3124855 406 6.9693522 test
12 Q0 3124261 407 6.9679203 test
12 Q0 3120964 408 6.9667397 test
12 Q0 3127988 409 6.9500847 test
12 Q0 3128243 410 6.940657 test
12 Q0 3132343 411 6.932874 test
12 Q0 3128105 412 6.9218254 test
12 Q0 3121946 413 6.9203663 test
12 Q0 3122509 414 6.8899393 test
12 Q0 3121787 415 6.8839564 test
12 Q0 3132216 416 6.8833346 test
12 Q0 3128905 417 6.8826942 test
12 Q0 3129356 418 6.8788843 test
12 Q0 3121955 419 6.8774624 test
12 Q0 3127140 420 6.876319 test
12 Q0 3123595 421 6.8713746 test
12 Q0 3121420 422 6.8529325 test
12 Q0 3124275 423 6.850608 test
12 Q0 3132129 424 6.8379416 test
12 Q0 3130785 425 6.8332286 test
12 Q0 3131270 426 6.83079 test
12 Q0 3130975 427 6.8257213 test
12 Q0 3124891 428 6.810906 test
12 Q0 3123907 429 6.8105884 test
12 Q0 3130675 430 6.805618 test
12 Q0 3125179 431 6.795121 test
12 Q0 3129061 432 6.7921824 test
12 Q0 3121129 433 6.7806673 test
12 Q0 3126755 434 6.7790823 test
12 Q0 3128857 435 6.7695317 test
12 Q0 3130176 436 6.764485 test
12 Q0 3125227 437 6.762131 test
12 Q0 3129424 438 6.7575903 test
12 Q0 3130173 439 6.7570615 test
12 Q0 3131575 440 6.7563257 test
12 Q0 3128930 441 6.7530637 test
12 Q0 3131599 442 6.7528706 test
12 Q0 3123706 443 6.7516804 test
12 Q0 3127317 444 6.745372 test
12 Q0 3123639 445 6.743261 test
12 Q0 3124345 446 6.7419515 test
12 Q0 3121652 447 6.733449 test
12 Q0 3126852 448 6.723075 test
12 Q0 3128263 449 6.7061505 test
12 Q0 3130728 450 6.7007313 test
12 Q0 3125239 451 6.6945095 test
12 Q0 3125158 452 6.6876187 test
12 Q0 3123649 453 6.678957 test
12 Q0 3122499 454 6.6681967 test
12 Q0 3130473 455 6.659679 test
12 Q0 3128573 456 6.6545234 test
12 Q0 3130257 457 6.639941 test
12 Q0 3127292 458 6.6396737 test
12 Q0 3131680 459 6.6313386 test
12 Q0 3124237 460 6.6223173 test
12 Q0 3125269 461 6.621377 test
12 Q0 3130976 462 6.617971 test
12 Q0 3121528 463 6.6122932 test
12 Q0 3128032 464 6.608991 test
12 Q0 3123642 465 6.6074996 test
12 Q0 3126980 466 6.605606 test
12 Q0 3123277 467 6.5989795 test
12 Q0 3130893 468 6.5963683 test
12 Q0 3132405 469 6.594069 test
12 Q0 3124862 470 6.5822678 test
12 Q0 3122893 471 6.574795 test
12 Q0 3130974 472 6.5685186 test
12 Q0 3124016 473 6.5652924 test
12 Q0 3126829 474 6.564554 test
12 Q0 3123298 475 6.5607505 test
12 Q0 3131122 476 6.5592623 test
12 Q0 3127960 477 6.557309 test
12 Q0 3130894 478 6.54141 test
12 Q0 3121094 479 6.5413017 test
12 Q0 3121245 480 6.5403967 test
12 Q0 3132721 481 6.5316596 test
12 Q0 3132286 482 6.5281577 test
12 Q0 3131674 483 6.526788 test
12 Q0 3120808 484 6.526323 test
12 Q0 3123611 485 6.5165586 test
12 Q0 3125329 486 6.5160694 test
12 Q0 3124672 487 6.502703 test
12 Q0 3122538 488 6.5018306 test
12 Q0 3123629 489 6.4992003 test
12 Q0 3124722 490 6.4927735 test
12 Q0 3121954 491 6.491218 test
12 Q0 3124325 492 6.4878535 test
12 Q0 3132094 493 6.4862742 test
12 Q0 3125326 494 6.4749393 test
12 Q0 3128854 495 6.4703555 test
12 Q0 3130704 496 6.468834 test
12 Q0 3123515 497 6.4685707 test
12 Q0 3131748 498 6.4681187 test
12 Q0 3132097 499 6.4637675 test
12 Q0 3123882 500 6.462427 test
12 Q0 3130928 501 6.458687 test
12 Q0 3122548 502 6.448026 test
12 Q0 3123657 503 6.4450326 test
12 Q0 3130164 504 6.444812 test
12 Q0 3128020 505 6.4436073 test
12 Q0 3125278 506 6.440608 test
12 Q0 3124210 507 6.434596 test
12 Q0 3120853 508 6.428503 test
12 Q0 3132063 509 6.4269953 test
12 Q0 3127104 510 6.410046 test
12 Q0 3124458 511 6.4011717 test
12 Q0 3132698 512 6.3879933 test
12 Q0 3130667 513 6.3832307 test
12 Q0 3128599 514 6.3726315 test
12 Q0 3120752 515 6.3664937 test
12 Q0 3121086 516 6.363567 test
12 Q0 3125224 517 6.359931 test
12 Q0 3129955 518 6.353564 test
12 Q0 3125005 519 6.3456097 test
12 Q0 3128079 520 6.344588 test
12 Q0 3122599 521 6.337532 test
12 Q0 3121609 522 6.327177 test
12 Q0 3130733 523 6.32682 test
12 Q0 3120986 524 6.318739 test
12 Q0 3127997 525 6.3175607 test
12 Q0 3123813 526 6.3144298 test
12 Q0 3131284 527 6.312511 test
12 Q0 3127385 528 6.30706 test
12 Q0 3130031 529 6.3056717 test
12 Q0 3125495 530 6.3055267 test
12 Q0 3130044 531 6.2976294 test
12 Q0 3128325 532 6.296663 test
12 Q0 3121948 533 6.296432 test
12 Q0 3129345 534 6.287872 test
12 Q0 3130730 535 6.27303 test
12 Q0 3129537 536 6.2684064 test
12 Q0 3120996 537 6.2668595 test
12 Q0 3123241 538 6.26471 test
12 Q0 3121432 539 6.264278 test
12 Q0 3131115 540 6.2633543 test
12 Q0 3125004 541 6.2570577 test
12 Q0 3123640 542 6.2442436 test
12 Q0 3123294 543 6.2400312 test
12 Q0 3132024 544 6.234304 test
12 Q0 3132048 545 6.233095 test
12 Q0 3130291 546 6.230413 test
12 Q0 3123622 547 6.2287993 test
12 Q0 3124788 548 6.2275076 test
12 Q0 3120803 549 6.225816 test
12 Q0 3124397 550 6.223694 test
12 Q0 3131563 551 6.2189374 test
12 Q0 3121085 552 6.217674 test
12 Q0 3125321 553 6.2151937 test
12 Q0 3132722 554 6.2140417 test
12 Q0 3130635 555 6.211885 test
12 Q0 3132642 556 6.2094235 test
12 Q0 3123736 557 6.20745 test
12 Q0 3127403 558 6.2062936 test
12 Q0 3124462 559 6.2060385 test
12 Q0 3125507 560 6.204191 test
12 Q0 3130681 561 6.1971498 test
12 Q0 3124416 562 6.1923933 test
12 Q0 3121797 563 6.1842065 test
12 Q0 3130292 564 6.1745214 test
12 Q0 3131290 565 6.1689677 test
12 Q0 3124491 566 6.1689034 test
12 Q0 3130920 567 6.1646457 test
12 Q0 3127849 568 6.1611605 test
12 Q0 3123373 569 6.1584616 test
12 Q0 3124259 570 6.158111 test
12 Q0 3130265 571 6.1568933 test
12 Q0 3124135 572 6.153581 test
12 Q0 3127848 573 6.149915 test
12 Q0 3125275 574 6.1456537 test
12 Q0 3123265 575 6.144545 test
12 Q0 3128083 576 6.1432347 test
12 Q0 3121793 577 6.142894 test
12 Q0 3120790 578 6.133948 test
12 Q0 3132150 579 6.1337514 test
12 Q0 3131786 580 6.1298943 test
12 Q0 3122091 581 6.1298623 test
12 Q0 3131614 582 6.128509 test
12 Q0 3131613 583 6.126532 test
12 Q0 3130589 584 6.1224976 test
12 Q0 3129352 585 6.1212993 test
12 Q0 3129095 586 6.1140013 test
12 Q0 3129056 587 6.1053443 test
12 Q0 3120865 588 6.105044 test
12 Q0 3123555 589 6.0986757 test
12 Q0 3130666 590 6.097365 test
12 Q0 3123329 591 6.095453 test
12 Q0 3125140 592 6.0953345 test
12 Q0 3132521 593 6.0951033 test
12 Q0 3126759 594 6.0942574 test
12 Q0 3130998 595 6.092709 test
12 Q0 3130182 596 6.076333 test
12 Q0 3127996 597 6.0758414 test
12 Q0 3123212 598 6.0749354 test
12 Q0 3131987 599 6.07149 test
12 Q0 3123593 600 6.0700173 test
12 Q0 3128593 601 6.068039 test
12 Q0 3130662 602 6.060279 test
12 Q0 3123168 603 6.055921 test
12 Q0 3130710 604 6.052962 test
12 Q0 3131000 605 6.0497727 test
12 Q0 3121600 606 6.0368285 test
12 Q0 3130694 607 6.0301666 test
12 Q0 3132460 608 6.022292 test
12 Q0 3123175 609 6.0176353 test
12 Q0 3124931 610 6.0125613 test
12 Q0 3130959 611 6.00574 test
12 Q0 3122596 612 6.005374 test
12 Q0 3123517 613 6.000542 test
12 Q0 3120726 614 5.9969316 test
12 Q0 3121782 615 5.9904146 test
12 Q0 3127801 616 5.989041 test
12 Q0 3126710 617 5.9888344 test
12 Q0 3122589 618 5.988428 test
12 Q0 3129291 619 5.982978 test
12 Q0 3120764 620 5.979618 test
12 Q0 3132178 621 5.978944 test
12 Q0 3124550 622 5.9777255 test
12 Q0 3128076 623 5.9734755 test
12 Q0 3132537 624 5.971122 test
12 Q0 3128862 625 5.970316 test
12 Q0 3132476 626 5.9702907 test
12 Q0 3130149 627 5.9694147 test
12 Q0 3127506 628 5.9652405 test
12 Q0 3125247 629 5.9629297 test
12 Q0 3122060 630 5.956677 test
12 Q0 3132015 631 5.955283 test
12 Q0 3128581 632 5.9489546 test
12 Q0 3130264 633 5.9419127 test
12 Q0 3124431 634 5.941375 test
12 Q0 3123462 635 5.9409575 test
12 Q0 3132368 636 5.9394116 test
12 Q0 3126790 637 5.938758 test
12 Q0 3124687 638 5.9362516 test
12 Q0 3126714 639 5.930974 test
12 Q0 3128735 640 5.9293594 test
12 Q0 3130013 641 5.9291005 test
12 Q0 3132370 642 5.9278398 test
12 Q0 3127995 643 5.9144692 test
12 Q0 3130488 644 5.9115205 test
12 Q0 3123215 645 5.9045463 test
12 Q0 3127968 646 5.9023395 test
12 Q0 3132418 647 5.9015627 test
12 Q0 3122094 648 5.899546 test
12 Q0 3128614 649 5.8968496 test
12 Q0 3128933 650 5.89616 test
12 Q0 3132020 651 5.894434 test
12 Q0 3124321 652 5.8915625 test
12 Q0 3124551 653 5.8858724 test
12 Q0 3125954 654 5.87568 test
12 Q0 3125313 655 5.873633 test
12 Q0 3132719 656 5.872318 test
12 Q0 3128085 657 5.870869 test
12 Q0 3122560 658 5.869413 test
12 Q0 3121584 659 5.868312 test
12 Q0 3129086 660 5.8594856 test
12 Q0 3125341 661 5.8580527 test
12 Q0 3132588 662 5.854769 test
12 Q0 3130790 663 5.853525 test
12 Q0 3121675 664 5.851417 test
12 Q0 3126858 665 5.847235 test
12 Q0 3124386 666 5.8459854 test
12 Q0 3130006 667 5.843934 test
12 Q0 3130800 668 5.840642 test
12 Q0 3127495 669 5.8406262 test
12 Q0 3130638 670 5.840148 test
12 Q0 3124861 671 5.8401117 test
12 Q0 3123350 672 5.8332376 test
12 Q0 3128050 673 5.830967 test
12 Q0 3126999 674 5.819364 test
12 Q0 3121423 675 5.812685 test
12 Q0 3126742 676 5.810173 test
12 Q0 3123239 677 5.798925 test
12 Q0 3121379 678 5.7988005 test
12 Q0 3121067 679 5.7978253 test
12 Q0 3127799 680 5.7973332 test
12 Q0 3124063 681 5.7951946 test
12 Q0 3124874 682 5.791682 test
12 Q0 3124693 683 5.790313 test
12 Q0 3132708 684 5.785468 test
12 Q0 3129589 685 5.782919 test
12 Q0 3130343 686 5.777025 test
12 Q0 3129648 687 5.7705035 test
12 Q0 3122305 688 5.761803 test
12 Q0 3130846 689 5.760581 test
12 Q0 3123221 690 5.759621 test
12 Q0 3128610 691 5.7581863 test
12 Q0 3120674 692 5.7548532 test
12 Q0 3124417 693 5.753979 test
12 Q0 3124520 694 5.750323 test
12 Q0 3129299 695 5.7480874 test
12 Q0 3132325 696 5.74796 test
12 Q0 3128122 697 5.743533 test
12 Q0 3130723 698 5.7426395 test
12 Q0 3121136 699 5.7414565 test
12 Q0 3125191 700 5.740564 test
12 Q0 3122984 701 5.736494 test
12 Q0 3123249 702 5.734683 test
12 Q0 3127969 703 5.7306757 test
12 Q0 3127388 704 5.7228627 test
12 Q0 3128059 705 5.714938 test
12 Q0 3122114 706 5.7137723 test
12 Q0 3121640 707 5.7129407 test
12 Q0 3127764 708 5.71059 test
12 Q0 3120758 709 5.708714 test
12 Q0 3129317 710 5.707211 test
12 Q0 3132032 711 5.701476 test
12 Q0 3125193 712 5.701266 test
12 Q0 3125699 713 5.6926117 test
12 Q0 3125667 714 5.691468 test
12 Q0 3125238 715 5.682237 test
12 Q0 3125225 716 5.680212 test
12 Q0 3124059 717 5.6761374 test
12 Q0 3132393 718 5.6713142 test
12 Q0 3130749 719 5.6710157 test
12 Q0 3123351 720 5.6561856 test
12 Q0 3128859 721 5.6543336 test
12 Q0 3127314 722 5.652665 test
12 Q0 3123250 723 5.6499195 test
12 Q0 3132200 724 5.6448283 test
12 Q0 3130679 725 5.6394567 test
12 Q0 3132349 726 5.63796 test
12 Q0 3123991 727 5.6324396 test
12 Q0 3121069 728 5.6309476 test
12 Q0 3121916 729 5.6296115 test
12 Q0 3127973 730 5.6228557 test
12 Q0 3123833 731 5.619289 test
12 Q0 3121960 732 5.6189327 test
12 Q0 3124549 733 5.6180916 test
12 Q0 3132390 734 5.61759 test
12 Q0 3130912 735 5.613309 test
12 Q0 3122058 736 5.6014533 test
12 Q0 3124125 737 5.600728 test
12 Q0 3123935 738 5.598043 test
12 Q0 3120712 739 5.597763 test
12 Q0 3129298 740 5.591843 test
12 Q0 3132376 741 5.5886817 test
12 Q0 3130746 742 5.5871997 test
12 Q0 3132591 743 5.5818043 test
12 Q0 3125417 744 5.581255 test
12 Q0 3126514 745 5.5810666 test
12 Q0 3129953 746 5.5760145 test
12 Q0 3127750 747 5.562876 test
12 Q0 3129587 748 5.559438 test
12 Q0 3120820 749 5.5591183 test
12 Q0 3127794 750 5.556422 test
12 Q0 3128002 751 5.556377 test
12 Q0 3124265 752 5.556249 test
12 Q0 3124241 753 5.5560517 test
12 Q0 3132238 754 5.5543575 test
12 Q0 3126751 755 5.551944 test
12 Q0 3128367 756 5.548531 test
12 Q0 3122056 757 5.5458097 test
12 Q0 3124470 758 5.539846 test
12 Q0 3130964 759 5.5394278 test
12 Q0 3132054 760 5.5332713 test
12 Q0 3126817 761 5.528584 test
12 Q0 3127987 762 5.52511 test
12 Q0 3120888 763 5.5219493 test
12 Q0 3127110 764 5.5196342 test
12 Q0 3121756 765 5.5106716 test
12 Q0 3124326 766 5.509017 test
12 Q0 3121722 767 5.508411 test
12 Q0 3132500 768 5.5077925 test
12 Q0 3131281 769 5.50758 test
12 Q0 3122990 770 5.5058117 test
12 Q0 3127686 771 5.4993973 test
12 Q0 3132128 772 5.4987035 test
12 Q0 3122117 773 5.4954033 test
12 Q0 3128740 774 5.4937077 test
12 Q0 3128012 775 5.4903674 test
12 Q0 3128751 776 5.4867735 test
12 Q0 3130166 777 5.48333 test
12 Q0 3125334 778 5.482077 test
12 Q0 3129575 779 5.474674 test
12 Q0 3127739 780 5.474509 test
12 Q0 3132607 781 5.4734697 test
12 Q0 3124430 782 5.472587 test
12 Q0 3121752 783 5.4718256 test
12 Q0 3129098 784 5.471149 test
12 Q0 3125331 785 5.464546 test
12 Q0 3124005 786 5.4641147 test
12 Q0 3120866 787 5.4626493 test
12 Q0 3130914 788 5.4586916 test
12 Q0 3123259 789 5.4538965 test
12 Q0 3128620 790 5.4442334 test
12 Q0 3124497 791 5.4364185 test
12 Q0 3127122 792 5.4277997 test
12 Q0 3129296 793 5.4274173 test
12 Q0 3129183 794 5.4269156 test
12 Q0 3128464 795 5.4265227 test
12 Q0 3128895 796 5.4261703 test
12 Q0 3132281 797 5.4228373 test
12 Q0 3123005 798 5.4212947 test
12 Q0 3128612 799 5.420528 test
12 Q0 3120834 800 5.412731 test
12 Q0 3132018 801 5.401611 test
12 Q0 3131243 802 5.4008207 test
12 Q0 3131400 803 5.3998766 test
12 Q0 3130183 804 5.3974032 test
12 Q0 3128591 805 5.39463 test
12 Q0 3130163 806 5.394592 test
12 Q0 3128001 807 5.392082 test
12 Q0 3131026 808 5.39171 test
12 Q0 3120742 809 5.388996 test
12 Q0 3123210 810 5.3888865 test
12 Q0 3120785 811 5.386916 test
12 Q0 3130288 812 5.3816843 test
12 Q0 3127660 813 5.381353 test
12 Q0 3131395 814 5.378325 test
12 Q0 3132720 815 5.373609 test
12 Q0 3130178 816 5.3628345 test
12 Q0 3120688 817 5.352406 test
12 Q0 3121741 818 5.3519373 test
12 Q0 3130051 819 5.350882 test
12 Q0 3126792 820 5.3407645 test
12 Q0 3126711 821 5.333622 test
12 Q0 3132332 822 5.3331842 test
12 Q0 3132176 823 5.3319077 test
12 Q0 3125169 824 5.331001 test
12 Q0 3127350 825 5.329121 test
12 Q0 3122380 826 5.3290505 test
12 Q0 3129292 827 5.3276434 test
12 Q0 3128601 828 5.321878 test
12 Q0 3127417 829 5.3206573 test
12 Q0 3131252 830 5.320024 test
12 Q0 3123227 831 5.3164744 test
12 Q0 3123557 832 5.308325 test
12 Q0 3127318 833 5.303694 test
12 Q0 3121619 834 5.303233 test
12 Q0 3129017 835 5.2973614 test
12 Q0 3125348 836 5.292813 test
12 Q0 3122051 837 5.2891097 test
12 Q0 3132695 838 5.2880974 test
12 Q0 3122055 839 5.279514 test
12 Q0 3123293 840 5.276775 test
12 Q0 3124669 841 5.2743196 test
12 Q0 3121428 842 5.271022 test
12 Q0 3125297 843 5.268209 test
12 Q0 3128814 844 5.263557 test
12 Q0 3125253 845 5.2620034 test
12 Q0 3125006 846 5.25824 test
12 Q0 3128259 847 5.255303 test
12 Q0 3130479 848 5.244937 test
12 Q0 3128865 849 5.2432995 test
12 Q0 3127751 850 5.2414584 test
12 Q0 3124729 851 5.240765 test
12 Q0 3129641 852 5.2342944 test
12 Q0 3125261 853 5.2316065 test
12 Q0 3127732 854 5.2313623 test
12 Q0 3120973 855 5.2255173 test
12 Q0 3121763 856 5.2239485 test
12 Q0 3120763 857 5.223327 test
12 Q0 3120696 858 5.2231274 test
12 Q0 3123262 859 5.217919 test
12 Q0 3131731 860 5.2101765 test
12 Q0 3128010 861 5.2060633 test
12 Q0 3121622 862 5.2025256 test
12 Q0 3124724 863 5.2000732 test
12 Q0 3127768 864 5.1957808 test
12 Q0 3122123 865 5.191336 test
12 Q0 3122593 866 5.18708 test
12 Q0 3125190 867 5.1847386 test
12 Q0 3120693 868 5.1762066 test
12 Q0 3124875 869 5.173316 test
12 Q0 3127420 870 5.1725845 test
12 Q0 3120862 871 5.164756 test
12 Q0 3122715 872 5.164046 test
12 Q0 3125266 873 5.162877 test
12 Q0 3124514 874 5.1623673 test
12 Q0 3125234 875 5.159352 test
12 Q0 3124484 876 5.1571074 test
12 Q0 3131723 877 5.1543536 test
12 Q0 3128061 878 5.1517954 test
12 Q0 3129013 879 5.145473 test
12 Q0 3129025 880 5.1368303 test
12 Q0 3132544 881 5.133149 test
12 Q0 3131515 882 5.131866 test
12 Q0 3127780 883 5.129552 test
12 Q0 3126808 884 5.126374 test
12 Q0 3123202 885 5.12612 test
12 Q0 3129774 886 5.124862 test
12 Q0 3124479 887 5.119798 test
12 Q0 3129330 888 5.1193047 test
12 Q0 3130028 889 5.1135187 test
12 Q0 3124419 890 5.1126227 test
12 Q0 3126750 891 5.1105857 test
12 Q0 3130373 892 5.107008 test
12 Q0 3131508 893 5.105032 test
12 Q0 3123651 894 5.1049 test
12 Q0 3131799 895 5.104846 test
12 Q0 3123612 896 5.091712 test
12 Q0 3121705 897 5.089042 test
12 Q0 3121585 898 5.079244 test
12 Q0 3126224 899 5.0754857 test
12 Q0 3127132 900 5.074831 test
12 Q0 3125518 901 5.06578 test
12 Q0 3131785 902 5.062472 test
12 Q0 3132633 903 5.0552645 test
12 Q0 3128072 904 5.048417 test
12 Q0 3121610 905 5.047175 test
12 Q0 3123321 906 5.043949 test
12 Q0 3131506 907 5.04155 test
12 Q0 3123549 908 5.039656 test
12 Q0 3129289 909 5.035156 test
12 Q0 3131618 910 5.032464 test
12 Q0 3126983 911 5.0323 test
12 Q0 3126789 912 5.030922 test
12 Q0 3130037 913 5.030898 test
12 Q0 3132730 914 5.029758 test
12 Q0 3129591 915 5.028313 test
12 Q0 3130023 916 5.0230007 test
12 Q0 3125163 917 5.0132236 test
12 Q0 3131801 918 5.0092525 test
12 Q0 3127422 919 5.009163 test
12 Q0 3127018 920 5.0077085 test
12 Q0 3132027 921 5.0050545 test
12 Q0 3132198 922 4.9933267 test
12 Q0 3131511 923 4.9931674 test
12 Q0 3131777 924 4.9894123 test
12 Q0 3132655 925 4.9786115 test
12 Q0 3132468 926 4.9774156 test
12 Q0 3132602 927 4.975092 test
12 Q0 3132047 928 4.974795 test
12 Q0 3128242 929 4.96513 test
12 Q0 3128060 930 4.9627676 test
12 Q0 3127976 931 4.959349 test
12 Q0 3123992 932 4.95658 test
12 Q0 3132119 933 4.953329 test
12 Q0 3127111 934 4.950711 test
12 Q0 3120849 935 4.94858 test
12 Q0 3125102 936 4.946558 test
12 Q0 3123258 937 4.9454703 test
12 Q0 3131191 938 4.939474 test
12 Q0 3121599 939 4.9367537 test
12 Q0 3126806 940 4.934492 test
12 Q0 3130180 941 4.93049 test
12 Q0 3120855 942 4.930485 test
12 Q0 3131027 943 4.930249 test
12 Q0 3122901 944 4.9244857 test
12 Q0 3120795 945 4.9205422 test
12 Q0 3130254 946 4.918125 test
12 Q0 3130465 947 4.9066286 test
12 Q0 3127855 948 4.89882 test
12 Q0 3122988 949 4.8987923 test
12 Q0 3120731 950 4.8948693 test
12 Q0 3132091 951 4.8917613 test
12 Q0 3121615 952 4.888908 test
12 Q0 3130524 953 4.88569 test
12 Q0 3131244 954 4.8843904 test
12 Q0 3130279 955 4.8819404 test
12 Q0 3125277 956 4.880496 test
12 Q0 3125510 957 4.878685 test
12 Q0 3121748 958 4.8782115 test
12 Q0 3128607 959 4.8746552 test
12 Q0 3124068 960 4.873303 test
12 Q0 3122231 961 4.8693743 test
12 Q0 3124526 962 4.8673835 test
12 Q0 3132035 963 4.8653803 test
12 Q0 3121249 964 4.8643637 test
12 Q0 3123226 965 4.862862 test
12 Q0 3129761 966 4.8620505 test
12 Q0 3120735 967 4.859087 test
12 Q0 3131234 968 4.858632 test
12 Q0 3123632 969 4.8585978 test
12 Q0 3132240 970 4.8575487 test
12 Q0 3122151 971 4.853812 test
12 Q0 3128939 972 4.852556 test
12 Q0 3125514 973 4.8463755 test
12 Q0 3121268 974 4.842857 test
12 Q0 3126770 975 4.842514 test
12 Q0 3127391 976 4.8390813 test
12 Q0 3130179 977 4.8361244 test
12 Q0 3132407 978 4.8361015 test
12 Q0 3122043 979 4.8347235 test
12 Q0 3121945 980 4.8333464 test
12 Q0 3130278 981 4.8319445 test
12 Q0 3121665 982 4.8290896 test
12 Q0 3125270 983 4.827376 test
12 Q0 3124691 984 4.824753 test
12 Q0 3129535 985 4.82305 test
12 Q0 3131287 986 4.8216457 test
12 Q0 3121693 987 4.8202558 test
12 Q0 3125322 988 4.8128824 test
12 Q0 3121659 989 4.810591 test
12 Q0 3121422 990 4.8090677 test
12 Q0 3120815 991 4.804653 test
12 Q0 3124439 992 4.801797 test
12 Q0 3124403 993 4.7993135 test
12 Q0 3125173 994 4.796938 test
12 Q0 3125698 995 4.7969217 test
12 Q0 3121007 996 4.7932124 test
12 Q0 3129754 997 4.7925987 test
12 Q0 3123306 998 4.7899814 test
12 Q0 3120882 999 4.7896104 test
12 Q0 3132214 1000 4.789325 test
13 Q0 3126719 1 24.398867 test
13 Q0 3125362 2 23.85731 test
13 Q0 3132706 3 23.245647 test
13 Q0 3132162 4 21.355446 test
13 Q0 3131758 5 19.93968 test
13 Q0 3132375 6 19.913973 test
13 Q0 3128896 7 19.686316 test
13 Q0 3130647 8 19.203938 test
13 Q0 3132236 9 18.22322 test
13 Q0 3131766 10 17.450628 test
13 Q0 3127496 11 17.281261 test
13 Q0 3124326 12 17.15965 test
13 Q0 3124193 13 17.104734 test
13 Q0 3130744 14 16.566395 test
13 Q0 3121669 15 16.511261 test
13 Q0 3126744 16 16.187351 test
13 Q0 3130911 17 15.718068 test
13 Q0 3132364 18 15.560714 test
13 Q0 3129060 19 15.476454 test
13 Q0 3123513 20 15.353029 test
13 Q0 3124431 21 15.214358 test
13 Q0 3127319 22 15.124239 test
13 Q0 3132698 23 15.118842 test
13 Q0 3128036 24 14.999104 test
13 Q0 3124325 25 14.8917465 test
13 Q0 3123212 26 14.849579 test
13 Q0 3132331 27 14.596879 test
13 Q0 3128740 28 14.494464 test
13 Q0 3127153 29 14.438545 test
13 Q0 3122509 30 14.430042 test
13 Q0 3131284 31 14.4047165 test
13 Q0 3131777 32 14.2796955 test
13 Q0 3121964 33 14.212317 test
13 Q0 3125277 34 14.075046 test
13 Q0 3129133 35 13.864112 test
13 Q0 3131716 36 13.6495905 test
13 Q0 3131753 37 13.624864 test
13 Q0 3126749 38 13.6165905 test
13 Q0 3129957 39 13.575249 test
13 Q0 3120684 40 13.478285 test
13 Q0 3125283 41 13.443293 test
13 Q0 3125330 42 13.4329 test
13 Q0 3132325 43 13.429687 test
13 Q0 3126760 44 13.391002 test
13 Q0 3123323 45 13.389625 test
13 Q0 3130959 46 13.377157 test
13 Q0 3121698 47 13.373224 test
13 Q0 3130362 48 13.328586 test
13 Q0 3126789 49 13.256912 test
13 Q0 3127293 50 13.213574 test
13 Q0 3127497 51 13.17026 test
13 Q0 3129079 52 13.158609 test
13 Q0 3123279 53 12.978914 test
13 Q0 3126759 54 12.973262 test
13 Q0 3125360 55 12.918475 test
13 Q0 3123169 56 12.884516 test
13 Q0 3125364 57 12.875168 test
13 Q0 3131243 58 12.716306 test
13 Q0 3125115 59 12.60079 test
13 Q0 3131987 60 12.55105 test
13 Q0 3129114 61 12.544662 test
13 Q0 3121279 62 12.508126 test
13 Q0 3127796 63 12.485338 test
13 Q0 3132376 64 12.476947 test
13 Q0 3132722 65 12.415426 test
13 Q0 3127755 66 12.392194 test
13 Q0 3123818 67 12.384956 test
13 Q0 3127310 68 12.261179 test
13 Q0 3130672 69 12.121122 test
13 Q0 3120727 70 12.08858 test
13 Q0 3126980 71 12.020657 test
13 Q0 3132095 72 11.997974 test
13 Q0 3123286 73 11.991528 test
13 Q0 3128263 74 11.971317 test
13 Q0 3127492 75 11.969477 test
13 Q0 3121304 76 11.925259 test
13 Q0 3121616 77 11.897956 test
13 Q0 3126997 78 11.80081 test
13 Q0 3129533 79 11.781992 test
13 Q0 3123282 80 11.769314 test
13 Q0 3132370 81 11.722662 test
13 Q0 3120718 82 11.693693 test
13 Q0 3130734 83 11.653736 test
13 Q0 3131759 84 11.62275 test
13 Q0 3124454 85 11.599245 test
13 Q0 3132693 86 11.592997 test
13 Q0 3131509 87 11.549618 test
13 Q0 3127338 88 11.522985 test
13 Q0 3132716 89 11.483148 test
13 Q0 3129077 90 11.445575 test
13 Q0 3132720 91 11.423708 test
13 Q0 3125033 92 11.413197 test
13 Q0 3130317 93 11.38842 test
13 Q0 3120669 94 11.375306 test
13 Q0 3123249 95 11.359589 test
13 Q0 3121788 96 11.356554 test
13 Q0 3120781 97 11.354684 test
13 Q0 3131545 98 11.297989 test
13 Q0 3130894 99 11.283116 test
13 Q0 3127493 100 11.241622 test
13 Q0 3121282 101 11.228897 test
13 Q0 3120733 102 11.166411 test
13 Q0 3127778 103 11.164775 test
13 Q0 3132501 104 11.159248 test
13 Q0 3132318 105 11.154604 test
13 Q0 3129754 106 11.138045 test
13 Q0 3120820 107 11.100044 test
13 Q0 3132235 108 11.096752 test
13 Q0 3120792 109 11.067257 test
13 Q0 3120996 110 11.056151 test
13 Q0 3129310 111 11.034202 test
13 Q0 3121652 112 10.96962 test
13 Q0 3128017 113 10.968949 test
13 Q0 3129096 114 10.959145 test
13 Q0 3120822 115 10.958678 test
13 Q0 3125392 116 10.93448 test
13 Q0 3128925 117 10.92474 test
13 Q0 3130929 118 10.9061 test
13 Q0 3127781 119 10.894774 test
13 Q0 3131981 120 10.887802 test
13 Q0 3124463 121 10.869144 test
13 Q0 3132232 122 10.868824 test
13 Q0 3129752 123 10.866857 test
13 Q0 3122507 124 10.825831 test
13 Q0 3121137 125 10.80594 test
13 Q0 3131748 126 10.805911 test
13 Q0 3128600 127 10.804188 test
13 Q0 3126745 128 10.758354 test
13 Q0 3125363 129 10.692929 test
13 Q0 3127500 130 10.66071 test
13 Q0 3121715 131 10.657929 test
13 Q0 3122548 132 10.640683 test
13 Q0 3123241 133 10.633055 test
13 Q0 3123325 134 10.632419 test
13 Q0 3122545 135 10.626069 test
13 Q0 3128903 136 10.610099 test
13 Q0 3128058 137 10.603784 test
13 Q0 3132365 138 10.580959 test
13 Q0 3130037 139 10.564521 test
13 Q0 3123558 140 10.522554 test
13 Q0 3121092 141 10.515011 test
13 Q0 3132466 142 10.47698 test
13 Q0 3123852 143 10.473656 test
13 Q0 3121094 144 10.462836 test
13 Q0 3120871 145 10.459904 test
13 Q0 3130703 146 10.431083 test
13 Q0 3122096 147 10.428017 test
13 Q0 3122499 148 10.416275 test
13 Q0 3124285 149 10.393885 test
13 Q0 3124126 150 10.38381 test
13 Q0 3128841 151 10.363768 test
13 Q0 3131242 152 10.341165 test
13 Q0 3124423 153 10.326305 test
13 Q0 3120882 154 10.324227 test
13 Q0 3126768 155 10.32165 test
13 Q0 3125334 156 10.320596 test
13 Q0 3124965 157 10.312599 test
13 Q0 3124016 158 10.305703 test
13 Q0 3130169 159 10.290434 test
13 Q0 3120764 160 10.280891 test
13 Q0 3123589 161 10.278699 test
13 Q0 3121091 162 10.269897 test
13 Q0 3124528 163 10.257337 test
13 Q0 3125239 164 10.255033 test
13 Q0 3123700 165 10.237121 test
13 Q0 3131270 166 10.236182 test
13 Q0 3129960 167 10.198989 test
13 Q0 3132130 168 10.188274 test
13 Q0 3121733 169 10.122746 test
13 Q0 3124391 170 10.121065 test
13 Q0 3132483 171 10.099897 test
13 Q0 3124322 172 10.078247 test
13 Q0 3129763 173 10.0524845 test
13 Q0 3121782 174 10.048 test
13 Q0 3123572 175 10.0448885 test
13 Q0 3131130 176 10.023565 test
13 Q0 3125189 177 9.958782 test
13 Q0 3123597 178 9.947708 test
13 Q0 3121673 179 9.9262 test
13 Q0 3130486 180 9.891866 test
13 Q0 3121879 181 9.854919 test
13 Q0 3126713 182 9.849701 test
13 Q0 3121674 183 9.843224 test
13 Q0 3120758 184 9.841182 test
13 Q0 3122500 185 9.834376 test
13 Q0 3126796 186 9.826751 test
13 Q0 3130464 187 9.821435 test
13 Q0 3127956 188 9.8044815 test
13 Q0 3129104 189 9.79513 test
13 Q0 3123183 190 9.784255 test
13 Q0 3126694 191 9.78308 test
13 Q0 3121956 192 9.7499695 test
13 Q0 3123261 193 9.74974 test
13 Q0 3130995 194 9.7319975 test
13 Q0 3122584 195 9.722604 test
13 Q0 3130893 196 9.7189 test
13 Q0 3120735 197 9.697316 test
13 Q0 3123269 198 9.685278 test
13 Q0 3122958 199 9.674783 test
13 Q0 3123657 200 9.638259 test
13 Q0 3130151 201 9.62329 test
13 Q0 3132140 202 9.59925 test
13 Q0 3126771 203 9.579864 test
13 Q0 3127318 204 9.57896 test
13 Q0 3124275 205 9.542555 test
13 Q0 3128014 206 9.535645 test
13 Q0 3132700 207 9.521589 test
13 Q0 3123467 208 9.518574 test
13 Q0 3124886 209 9.504378 test
13 Q0 3123250 210 9.485925 test
13 Q0 3130682 211 9.464577 test
13 Q0 3127842 212 9.453302 test
13 Q0 3132493 213 9.441057 test
13 Q0 3125062 214 9.427295 test
13 Q0 3129120 215 9.423221 test
13 Q0 3128054 216 9.4195385 test
13 Q0 3120745 217 9.418796 test
13 Q0 3132229 218 9.4070425 test
13 Q0 3128585 219 9.404461 test
13 Q0 3120689 220 9.402851 test
13 Q0 3121130 221 9.39236 test
13 Q0 3131983 222 9.390113 test
13 Q0 3132043 223 9.38831 test
13 Q0 3122058 224 9.388286 test
13 Q0 3131128 225 9.380827 test
13 Q0 3129090 226 9.37315 test
13 Q0 3131278 227 9.3728695 test
13 Q0 3130914 228 9.368495 test
13 Q0 3123708 229 9.346625 test
13 Q0 3130685 230 9.345867 test
13 Q0 3130636 231 9.337428 test
13 Q0 3130667 232 9.317038 test
13 Q0 3132374 233 9.31466 test
13 Q0 3121276 234 9.312267 test
13 Q0 3126991 235 9.252987 test
13 Q0 3123878 236 9.248531 test
13 Q0 3120965 237 9.24225 test
13 Q0 3121581 238 9.2269335 test
13 Q0 3120855 239 9.220192 test
13 Q0 3122497 240 9.215063 test
13 Q0 3131546 241 9.2009115 test
13 Q0 3132237 242 9.176614 test
13 Q0 3131773 243 9.166232 test
13 Q0 3132205 244 9.156974 test
13 Q0 3129305 245 9.146367 test
13 Q0 3127320 246 9.127711 test
13 Q0 3130706 247 9.12259 test
13 Q0 3130050 248 9.116759 test
13 Q0 3128722 249 9.103243 test
13 Q0 3130997 250 9.062668 test
13 Q0 3125654 251 9.062402 test
13 Q0 3122062 252 9.058888 test
13 Q0 3121291 253 9.040025 test
13 Q0 3126792 254 9.032201 test
13 Q0 3132610 255 9.015771 test
13 Q0 3132540 256 9.002928 test
13 Q0 3127306 257 8.994353 test
13 Q0 3125036 258 8.98761 test
13 Q0 3130578 259 8.973146 test
13 Q0 3124525 260 8.963697 test
13 Q0 3120834 261 8.949092 test
13 Q0 3124552 262 8.932833 test
13 Q0 3129013 263 8.905662 test
13 Q0 3121958 264 8.9054165 test
13 Q0 3121428 265 8.902456 test
13 Q0 3128254 266 8.9005165 test
13 Q0 3130670 267 8.897736 test
13 Q0 3124421 268 8.886941 test
13 Q0 3128826 269 8.873673 test
13 Q0 3122894 270 8.871371 test
13 Q0 3130265 271 8.860634 test
13 Q0 3127303 272 8.841867 test
13 Q0 3127002 273 8.835973 test
13 Q0 3122599 274 8.824944 test
13 Q0 3127969 275 8.822404 test
13 Q0 3123158 276 8.79685 test
13 Q0 3127304 277 8.785573 test
13 Q0 3122125 278 8.77026 test
13 Q0 3121680 279 8.768236 test
13 Q0 3127835 280 8.764677 test
13 Q0 3128129 281 8.740643 test
13 Q0 3124448 282 8.708328 test
13 Q0 3124461 283 8.707769 test
13 Q0 3127313 284 8.702269 test
13 Q0 3123586 285 8.679299 test
13 Q0 3128267 286 8.67595 test
13 Q0 3123618 287 8.663032 test
13 Q0 3122992 288 8.65467 test
13 Q0 3132359 289 8.647315 test
13 Q0 3127317 290 8.640203 test
13 Q0 3132278 291 8.639764 test
13 Q0 3122380 292 8.628303 test
13 Q0 3126742 293 8.627771 test
13 Q0 3130031 294 8.624325 test
13 Q0 3124891 295 8.623695 test
13 Q0 3126708 296 8.61099 test
13 Q0 3120747 297 8.59586 test
13 Q0 3131599 298 8.593397 test
13 Q0 3129356 299 8.58348 test
13 Q0 3123653 300 8.579034 test
13 Q0 3129022 301 8.536361 test
13 Q0 3124144 302 8.533742 test
13 Q0 3126714 303 8.526522 test
13 Q0 3132018 304 8.512859 test
13 Q0 3121432 305 8.503369 test
13 Q0 3123629 306 8.500792 test
13 Q0 3122121 307 8.496198 test
13 Q0 3125342 308 8.483772 test
13 Q0 3132713 309 8.482906 test
13 Q0 3122339 310 8.466565 test
13 Q0 3121620 311 8.46514 test
13 Q0 3130466 312 8.429349 test
13 Q0 3123614 313 8.425572 test
13 Q0 3127578 314 8.419438 test
13 Q0 3129758 315 8.417325 test
13 Q0 3122993 316 8.410757 test
13 Q0 3125169 317 8.4058895 test
13 Q0 3129082 318 8.390814 test
13 Q0 3125529 319 8.387948 test
13 Q0 3131542 320 8.367364 test
13 Q0 3130360 321 8.359811 test
13 Q0 3123194 322 8.358112 test
13 Q0 3132744 323 8.349248 test
13 Q0 3131984 324 8.347031 test
13 Q0 3130920 325 8.343737 test
13 Q0 3124455 326 8.341816 test
13 Q0 3125011 327 8.337736 test
13 Q0 3131116 328 8.329373 test
13 Q0 3124465 329 8.325666 test
13 Q0 3130709 330 8.307155 test
13 Q0 3130494 331 8.301348 test
13 Q0 3123576 332 8.277427 test
13 Q0 3124731 333 8.2764435 test
13 Q0 3127770 334 8.276029 test
13 Q0 3121610 335 8.276017 test
13 Q0 3130996 336 8.265229 test
13 Q0 3125005 337 8.2574 test
13 Q0 3126755 338 8.2561655 test
13 Q0 3126989 339 8.252055 test
13 Q0 3127311 340 8.2451105 test
13 Q0 3127808 341 8.243688 test
13 Q0 3125063 342 8.237202 test
13 Q0 3129344 343 8.227966 test
13 Q0 3120776 344 8.221706 test
13 Q0 3123545 345 8.205116 test
13 Q0 3132547 346 8.202996 test
13 Q0 3131712 347 8.196497 test
13 Q0 3127499 348 8.189167 test
13 Q0 3131259 349 8.1814785 test
13 Q0 3131235 350 8.177643 test
13 Q0 3127020 351 8.175636 test
13 Q0 3129759 352 8.170875 test
13 Q0 3121129 353 8.157222 test
13 Q0 3130664 354 8.155255 test
13 Q0 3130440 355 8.149502 test
13 Q0 3124051 356 8.131711 test
13 Q0 3122987 357 8.125423 test
13 Q0 3125309 358 8.124187 test
13 Q0 3128075 359 8.115725 test
13 Q0 3131574 360 8.112943 test
13 Q0 3127126 361 8.112734 test
13 Q0 3124948 362 8.102663 test
13 Q0 3129289 363 8.095343 test
13 Q0 3127794 364 8.092595 test
13 Q0 3121609 365 8.072479 test
13 Q0 3132316 366 8.055541 test
13 Q0 3130439 367 8.046634 test
13 Q0 3129068 368 8.022086 test
13 Q0 3132372 369 8.010812 test
13 Q0 3125205 370 8.003578 test
13 Q0 3131514 371 7.9930806 test
13 Q0 3128749 372 7.9855623 test
13 Q0 3124226 373 7.974132 test
13 Q0 3124530 374 7.971002 test
13 Q0 3124225 375 7.960643 test
13 Q0 3125302 376 7.9573216 test
13 Q0 3124259 377 7.9534597 test
13 Q0 3129066 378 7.9521437 test
13 Q0 3120835 379 7.950707 test
13 Q0 3126705 380 7.9424624 test
13 Q0 3132363 381 7.937769 test
13 Q0 3120880 382 7.9368033 test
13 Q0 3121284 383 7.9334784 test
13 Q0 3132670 384 7.9285517 test
13 Q0 3123815 385 7.9257545 test
13 Q0 3123359 386 7.9172416 test
13 Q0 3131680 387 7.913036 test
13 Q0 3127009 388 7.9112687 test
13 Q0 3121675 389 7.90786 test
13 Q0 3121661 390 7.904457 test
13 Q0 3127491 391 7.9015074 test
13 Q0 3121586 392 7.8911805 test
13 Q0 3128030 393 7.886078 test
13 Q0 3132056 394 7.885652 test
13 Q0 3124266 395 7.8839984 test
13 Q0 3132129 396 7.8802943 test
13 Q0 3122117 397 7.8649054 test
13 Q0 3125254 398 7.858466 test
13 Q0 3126841 399 7.853247 test
13 Q0 3123208 400 7.8419175 test
13 Q0 3122124 401 7.8375273 test
13 Q0 3123207 402 7.8350058 test
13 Q0 3124447 403 7.828202 test
13 Q0 3121880 404 7.82809 test
13 Q0 3132729 405 7.8268065 test
13 Q0 3120793 406 7.8129396 test
13 Q0 3121607 407 7.8108435 test
13 Q0 3128096 408 7.808143 test
13 Q0 3123512 409 7.8033175 test
13 Q0 3128072 410 7.7971106 test
13 Q0 3129110 411 7.796626 test
13 Q0 3132335 412 7.7940407 test
13 Q0 3130457 413 7.7927647 test
13 Q0 3126846 414 7.78808 test
13 Q0 3132710 415 7.786488 test
13 Q0 3123204 416 7.784681 test
13 Q0 3122511 417 7.779336 test
13 Q0 3127146 418 7.7720923 test
13 Q0 3121951 419 7.7706966 test
13 Q0 3128363 420 7.7678876 test
13 Q0 3128247 421 7.732942 test
13 Q0 3123639 422 7.725338 test
13 Q0 3122060 423 7.7192616 test
13 Q0 3123189 424 7.7106223 test
13 Q0 3130715 425 7.7052703 test
13 Q0 3123963 426 7.6993365 test
13 Q0 3129345 427 7.694006 test
13 Q0 3130788 428 7.6854525 test
13 Q0 3123343 429 7.6851068 test
13 Q0 3124860 430 7.6846323 test
13 Q0 3130690 431 7.6698356 test
13 Q0 3131791 432 7.663086 test
13 Q0 3129776 433 7.661583 test
13 Q0 3130493 434 7.660016 test
13 Q0 3132358 435 7.656698 test
13 Q0 3125027 436 7.6534104 test
13 Q0 3124495 437 7.650397 test
13 Q0 3132338 438 7.646649 test
13 Q0 3124458 439 7.644096 test
13 Q0 3129967 440 7.6421447 test
13 Q0 3131125 441 7.6415 test
13 Q0 3124396 442 7.6262584 test
13 Q0 3128838 443 7.6253643 test
13 Q0 3124123 444 7.6058455 test
13 Q0 3123259 445 7.598596 test
13 Q0 3126812 446 7.5943265 test
13 Q0 3131512 447 7.5933666 test
13 Q0 3127834 448 7.5885077 test
13 Q0 3132704 449 7.5766177 test
13 Q0 3121093 450 7.5690074 test
13 Q0 3122379 451 7.5680866 test
13 Q0 3121955 452 7.5671444 test
13 Q0 3123649 453 7.5666733 test
13 Q0 3125279 454 7.557643 test
13 Q0 3130668 455 7.5441456 test
13 Q0 3128264 456 7.541567 test
13 Q0 3121757 457 7.536478 test
13 Q0 3121443 458 7.5281987 test
13 Q0 3126712 459 7.5260143 test
13 Q0 3124232 460 7.524157 test
13 Q0 3125389 461 7.5224504 test
13 Q0 3130658 462 7.520074 test
13 Q0 3120993 463 7.5076656 test
13 Q0 3124473 464 7.494227 test
13 Q0 3132696 465 7.490254 test
13 Q0 3121963 466 7.4829307 test
13 Q0 3129069 467 7.481874 test
13 Q0 3127750 468 7.4781513 test
13 Q0 3120997 469 7.474466 test
13 Q0 3120752 470 7.471413 test
13 Q0 3130666 471 7.4711046 test
13 Q0 3125023 472 7.4660535 test
13 Q0 3131302 473 7.4510136 test
13 Q0 3125584 474 7.4476905 test
13 Q0 3130189 475 7.440848 test
13 Q0 3123557 476 7.4367433 test
13 Q0 3124298 477 7.4360523 test
13 Q0 3121723 478 7.432143 test
13 Q0 3123350 479 7.4292817 test
13 Q0 3124237 480 7.4286723 test
13 Q0 3126736 481 7.419604 test
13 Q0 3132687 482 7.4132013 test
13 Q0 3132097 483 7.411971 test
13 Q0 3123340 484 7.4053445 test
13 Q0 3130192 485 7.4010324 test
13 Q0 3131674 486 7.396951 test
13 Q0 3125382 487 7.381558 test
13 Q0 3129354 488 7.380986 test
13 Q0 3124125 489 7.3807993 test
13 Q0 3120756 490 7.379786 test
13 Q0 3124417 491 7.365476 test
13 Q0 3120989 492 7.3638983 test
13 Q0 3125961 493 7.3584895 test
13 Q0 3120732 494 7.3575053 test
13 Q0 3129129 495 7.354905 test
13 Q0 3124888 496 7.345536 test
13 Q0 3132699 497 7.3396597 test
13 Q0 3130632 498 7.3388186 test
13 Q0 3130148 499 7.3371444 test
13 Q0 3132094 500 7.326785 test
13 Q0 3129769 501 7.311181 test
13 Q0 3132164 502 7.300445 test
13 Q0 3130040 503 7.284885 test
13 Q0 3121007 504 7.284093 test
13 Q0 3122093 505 7.2798033 test
13 Q0 3132327 506 7.2790594 test
13 Q0 3125701 507 7.267038 test
13 Q0 3125194 508 7.256113 test
13 Q0 3126710 509 7.2478576 test
13 Q0 3127297 510 7.241996 test
13 Q0 3132121 511 7.233926 test
13 Q0 3123907 512 7.2333384 test
13 Q0 3132048 513 7.2315865 test
13 Q0 3127376 514 7.2292213 test
13 Q0 3121248 515 7.2289367 test
13 Q0 3124692 516 7.2284613 test
13 Q0 3132377 517 7.2271385 test
13 Q0 3125346 518 7.225596 test
13 Q0 3132093 519 7.224789 test
13 Q0 3132161 520 7.2201056 test
13 Q0 3123635 521 7.2193303 test
13 Q0 3128052 522 7.1957297 test
13 Q0 3129355 523 7.19202 test
13 Q0 3127322 524 7.186737 test
13 Q0 3124432 525 7.1789017 test
13 Q0 3125006 526 7.178053 test
13 Q0 3120808 527 7.174851 test
13 Q0 3126790 528 7.1619143 test
13 Q0 3128016 529 7.155779 test
13 Q0 3124838 530 7.1551704 test
13 Q0 3124484 531 7.153103 test
13 Q0 3121119 532 7.1529403 test
13 Q0 3121787 533 7.1514435 test
13 Q0 3128020 534 7.150141 test
13 Q0 3120968 535 7.149532 test
13 Q0 3125513 536 7.1493897 test
13 Q0 3129353 537 7.1453457 test
13 Q0 3130912 538 7.1440105 test
13 Q0 3127995 539 7.1321383 test
13 Q0 3129348 540 7.1307154 test
13 Q0 3128842 541 7.122163 test
13 Q0 3132217 542 7.1166496 test
13 Q0 3129972 543 7.116107 test
13 Q0 3127495 544 7.116051 test
13 Q0 3125031 545 7.114308 test
13 Q0 3132695 546 7.110584 test
13 Q0 3129958 547 7.1081333 test
13 Q0 3124154 548 7.1024737 test
13 Q0 3122510 549 7.101893 test
13 Q0 3127309 550 7.099707 test
13 Q0 3121439 551 7.0968804 test
13 Q0 3124483 552 7.0926633 test
13 Q0 3127308 553 7.090545 test
13 Q0 3121630 554 7.087624 test
13 Q0 3130333 555 7.084564 test
13 Q0 3129775 556 7.0788274 test
13 Q0 3129307 557 7.073452 test
13 Q0 3131287 558 7.061154 test
13 Q0 3129794 559 7.0610023 test
13 Q0 3123546 560 7.06033 test
13 Q0 3130908 561 7.053329 test
13 Q0 3130359 562 7.0510416 test
13 Q0 3131384 563 7.044808 test
13 Q0 3123566 564 7.044547 test
13 Q0 3121000 565 7.0368576 test
13 Q0 3128060 566 7.0342484 test
13 Q0 3129101 567 7.031326 test
13 Q0 3124241 568 7.0284963 test
13 Q0 3124140 569 7.0280333 test
13 Q0 3125028 570 7.028005 test
13 Q0 3121627 571 7.0264792 test
13 Q0 3122066 572 7.0250626 test
13 Q0 3120869 573 7.0248427 test
13 Q0 3131251 574 7.023738 test
13 Q0 3127982 575 7.0204053 test
13 Q0 3126805 576 7.0178337 test
13 Q0 3132015 577 7.017094 test
13 Q0 3124729 578 7.0142198 test
13 Q0 3132032 579 7.0090837 test
13 Q0 3122596 580 7.0057697 test
13 Q0 3124295 581 7.0023103 test
13 Q0 3121087 582 6.997392 test
13 Q0 3132128 583 6.995002 test
13 Q0 3123934 584 6.982144 test
13 Q0 3129095 585 6.977727 test
13 Q0 3123656 586 6.9725437 test
13 Q0 3127771 587 6.9725075 test
13 Q0 3132177 588 6.952807 test
13 Q0 3124470 589 6.9496436 test
13 Q0 3123646 590 6.9346166 test
13 Q0 3131188 591 6.932632 test
13 Q0 3124994 592 6.918575 test
13 Q0 3125313 593 6.9165564 test
13 Q0 3123644 594 6.9164715 test
13 Q0 3121067 595 6.9140573 test
13 Q0 3124727 596 6.9131665 test
13 Q0 3127000 597 6.907944 test
13 Q0 3129946 598 6.9073334 test
13 Q0 3126690 599 6.8962355 test
13 Q0 3122057 600 6.8942327 test
13 Q0 3120686 601 6.890019 test
13 Q0 3121116 602 6.880164 test
13 Q0 3124544 603 6.878426 test
13 Q0 3123550 604 6.8740396 test
13 Q0 3128022 605 6.869266 test
13 Q0 3123659 606 6.8608336 test
13 Q0 3128892 607 6.858855 test
13 Q0 3123833 608 6.858817 test
13 Q0 3123462 609 6.8554316 test
13 Q0 3128625 610 6.853178 test
13 Q0 3122893 611 6.852428 test
13 Q0 3123280 612 6.8454695 test
13 Q0 3123229 613 6.8325152 test
13 Q0 3120680 614 6.825416 test
13 Q0 3125730 615 6.8199844 test
13 Q0 3131232 616 6.8182 test
13 Q0 3123705 617 6.813355 test
13 Q0 3130918 618 6.802404 test
13 Q0 3129956 619 6.801762 test
13 Q0 3127329 620 6.7958155 test
13 Q0 3128359 621 6.7895756 test
13 Q0 3132160 622 6.783137 test
13 Q0 3129762 623 6.7814364 test
13 Q0 3125337 624 6.774707 test
13 Q0 3121285 625 6.7734375 test
13 Q0 3129500 626 6.773018 test
13 Q0 3129105 627 6.7720656 test
13 Q0 3125003 628 6.766114 test
13 Q0 3131715 629 6.7624307 test
13 Q0 3130713 630 6.7560606 test
13 Q0 3130681 631 6.753227 test
13 Q0 3127739 632 6.7524676 test
13 Q0 3126999 633 6.7519984 test
13 Q0 3128852 634 6.7516384 test
13 Q0 3128863 635 6.750104 test
13 Q0 3123174 636 6.747637 test
13 Q0 3130781 637 6.7364006 test
13 Q0 3132046 638 6.730328 test
13 Q0 3129059 639 6.729639 test
13 Q0 3123296 640 6.726514 test
13 Q0 3129590 641 6.7248755 test
13 Q0 3125204 642 6.7184944 test
13 Q0 3123368 643 6.706748 test
13 Q0 3125137 644 6.705881 test
13 Q0 3131588 645 6.7025876 test
13 Q0 3131751 646 6.6996565 test
13 Q0 3125284 647 6.6973176 test
13 Q0 3128746 648 6.697137 test
13 Q0 3124453 649 6.697028 test
13 Q0 3129312 650 6.696715 test
13 Q0 3128602 651 6.6939516 test
13 Q0 3127967 652 6.693827 test
13 Q0 3131434 653 6.6936193 test
13 Q0 3120978 654 6.6843576 test
13 Q0 3124303 655 6.6802883 test
13 Q0 3128614 656 6.6792336 test
13 Q0 3132123 657 6.677115 test
13 Q0 3123270 658 6.6759963 test
13 Q0 3121726 659 6.671265 test
13 Q0 3123770 660 6.6694107 test
13 Q0 3120726 661 6.665169 test
13 Q0 3123303 662 6.6624804 test
13 Q0 3127315 663 6.641161 test
13 Q0 3130553 664 6.639108 test
13 Q0 3130020 665 6.6371937 test
13 Q0 3132351 666 6.6365 test
13 Q0 3126756 667 6.633518 test
13 Q0 3123578 668 6.6270137 test
13 Q0 3120848 669 6.626911 test
13 Q0 3127824 670 6.623329 test
13 Q0 3128360 671 6.620994 test
13 Q0 3121109 672 6.612845 test
13 Q0 3130641 673 6.6085443 test
13 Q0 3132726 674 6.6078496 test
13 Q0 3129757 675 6.6010776 test
13 Q0 3120865 676 6.594888 test
13 Q0 3130922 677 6.590806 test
13 Q0 3123681 678 6.5905023 test
13 Q0 3127321 679 6.589695 test
13 Q0 3123965 680 6.5854745 test
13 Q0 3125372 681 6.581555 test
13 Q0 3132283 682 6.579617 test
13 Q0 3124053 683 6.575672 test
13 Q0 3123294 684 6.5729036 test
13 Q0 3126701 685 6.5719047 test
13 Q0 3125211 686 6.5684943 test
13 Q0 3121793 687 6.56785 test
13 Q0 3132392 688 6.5647764 test
13 Q0 3121656 689 6.56456 test
13 Q0 3128591 690 6.5613894 test
13 Q0 3132681 691 6.557936 test
13 Q0 3128367 692 6.5493484 test
13 Q0 3123845 693 6.5478015 test
13 Q0 3124639 694 6.5431576 test
13 Q0 3126780 695 6.5410566 test
13 Q0 3124159 696 6.5374465 test
13 Q0 3130631 697 6.5324016 test
13 Q0 3127836 698 6.531883 test
13 Q0 3130182 699 6.526754 test
13 Q0 3130771 700 6.5241203 test
13 Q0 3124487 701 6.5229177 test
13 Q0 3132157 702 6.5186768 test
13 Q0 3125329 703 6.512961 test
13 Q0 3120790 704 6.5076013 test
13 Q0 3125255 705 6.5054307 test
13 Q0 3126778 706 6.5041256 test
13 Q0 3130976 707 6.4928055 test
13 Q0 3130717 708 6.479543 test
13 Q0 3125058 709 6.478898 test
13 Q0 3128464 710 6.4757843 test
13 Q0 3129318 711 6.4705334 test
13 Q0 3125520 712 6.468063 test
13 Q0 3131797 713 6.466678 test
13 Q0 3123706 714 6.462616 test
13 Q0 3121421 715 6.4613776 test
13 Q0 3131757 716 6.45848 test
13 Q0 3125356 717 6.455383 test
13 Q0 3132588 718 6.451695 test
13 Q0 3127378 719 6.431767 test
13 Q0 3132240 720 6.431659 test
13 Q0 3131295 721 6.427565 test
13 Q0 3120688 722 6.4201374 test
13 Q0 3128817 723 6.420012 test
13 Q0 3132200 724 6.419692 test
13 Q0 3123701 725 6.4173403 test
13 Q0 3132285 726 6.413928 test
13 Q0 3131394 727 6.407316 test
13 Q0 3130635 728 6.3926463 test
13 Q0 3123615 729 6.391483 test
13 Q0 3130675 730 6.386832 test
13 Q0 3129306 731 6.385523 test
13 Q0 3124725 732 6.3835425 test
13 Q0 3132518 733 6.3798003 test
13 Q0 3123008 734 6.379428 test
13 Q0 3127150 735 6.374269 test
13 Q0 3126854 736 6.371006 test
13 Q0 3131401 737 6.3653183 test
13 Q0 3132120 738 6.365186 test
13 Q0 3120875 739 6.3637466 test
13 Q0 3131431 740 6.3598495 test
13 Q0 3130927 741 6.342393 test
13 Q0 3128041 742 6.3358555 test
13 Q0 3127840 743 6.334387 test
13 Q0 3129103 744 6.3335896 test
13 Q0 3123563 745 6.331348 test
13 Q0 3124128 746 6.3304887 test
13 Q0 3121629 747 6.3294554 test
13 Q0 3132542 748 6.3280144 test
13 Q0 3130567 749 6.320836 test
13 Q0 3125305 750 6.3118234 test
13 Q0 3123197 751 6.307247 test
13 Q0 3120821 752 6.301037 test
13 Q0 3123173 753 6.3009157 test
13 Q0 3126813 754 6.288588 test
13 Q0 3128045 755 6.2843876 test
13 Q0 3128593 756 6.282504 test
13 Q0 3124410 757 6.2785554 test
13 Q0 3120817 758 6.2783823 test
13 Q0 3123909 759 6.2776175 test
13 Q0 3120846 760 6.276023 test
13 Q0 3120986 761 6.2758574 test
13 Q0 3131263 762 6.2756004 test
13 Q0 3130485 763 6.272451 test
13 Q0 3124321 764 6.269527 test
13 Q0 3120681 765 6.2664595 test
13 Q0 3121268 766 6.262191 test
13 Q0 3123966 767 6.261498 test
13 Q0 3128242 768 6.260478 test
13 Q0 3125956 769 6.2589965 test
13 Q0 3126982 770 6.2524858 test
13 Q0 3126826 771 6.2472057 test
13 Q0 3127759 772 6.245208 test
13 Q0 3126722 773 6.244806 test
13 Q0 3123206 774 6.241923 test
13 Q0 3127966 775 6.2383156 test
13 Q0 3129581 776 6.225345 test
13 Q0 3127960 777 6.224357 test
13 Q0 3129575 778 6.223844 test
13 Q0 3122372 779 6.222697 test
13 Q0 3123562 780 6.220141 test
13 Q0 3131026 781 6.2192564 test
13 Q0 3131265 782 6.218527 test
13 Q0 3128843 783 6.2162795 test
13 Q0 3126828 784 6.2160506 test
13 Q0 3130577 785 6.216017 test
13 Q0 3130998 786 6.2147512 test
13 Q0 3123745 787 6.2142196 test
13 Q0 3132682 788 6.212558 test
13 Q0 3125657 789 6.207206 test
13 Q0 3121440 790 6.2061415 test
13 Q0 3132379 791 6.2055445 test
13 Q0 3130791 792 6.2053413 test
13 Q0 3130060 793 6.2022557 test
13 Q0 3130790 794 6.195206 test
13 Q0 3124122 795 6.1950846 test
13 Q0 3128011 796 6.194503 test
13 Q0 3124397 797 6.1935067 test
13 Q0 3127018 798 6.1836963 test
13 Q0 3126699 799 6.179719 test
13 Q0 3123255 800 6.17648 test
13 Q0 3130036 801 6.1704717 test
13 Q0 3130166 802 6.169341 test
13 Q0 3130480 803 6.168737 test
13 Q0 3129325 804 6.1630673 test
13 Q0 3128860 805 6.158918 test
13 Q0 3129942 806 6.1534295 test
13 Q0 3127968 807 6.150498 test
13 Q0 3131798 808 6.1493487 test
13 Q0 3127854 809 6.1442275 test
13 Q0 3127958 810 6.141308 test
13 Q0 3128087 811 6.137696 test
13 Q0 3128244 812 6.136999 test
13 Q0 3123176 813 6.1350217 test
13 Q0 3128861 814 6.132514 test
13 Q0 3128570 815 6.128849 test
13 Q0 3128897 816 6.1218185 test
13 Q0 3120677 817 6.117332 test
13 Q0 3121074 818 6.1073184 test
13 Q0 3123469 819 6.10706 test
13 Q0 3132143 820 6.1053762 test
13 Q0 3125324 821 6.1028123 test
13 Q0 3128849 822 6.1026 test
13 Q0 3132753 823 6.095187 test
13 Q0 3132334 824 6.0941515 test
13 Q0 3131697 825 6.0933914 test
13 Q0 3132163 826 6.0890937 test
13 Q0 3128556 827 6.088188 test
13 Q0 3127749 828 6.08237 test
13 Q0 3127357 829 6.070606 test
13 Q0 3130488 830 6.0662084 test
13 Q0 3125417 831 6.0625577 test
13 Q0 3121714 832 6.0610228 test
13 Q0 3123191 833 6.0568895 test
13 Q0 3125340 834 6.0516815 test
13 Q0 3128726 835 6.050578 test
13 Q0 3132373 836 6.044146 test
13 Q0 3132014 837 6.0435767 test
13 Q0 3132612 838 6.038305 test
13 Q0 3120812 839 6.0371876 test
13 Q0 3121603 840 6.0294976 test
13 Q0 3125227 841 6.0253963 test
13 Q0 3129322 842 6.020329 test
13 Q0 3124526 843 6.016131 test
13 Q0 3125502 844 6.0142527 test
13 Q0 3121762 845 6.0141935 test
13 Q0 3125181 846 6.011799 test
13 Q0 3131615 847 6.0100775 test
13 Q0 3121755 848 6.008661 test
13 Q0 3130907 849 6.0067925 test
13 Q0 3127828 850 6.0060043 test
13 Q0 3121727 851 6.0031037 test
13 Q0 3121789 852 6.0010724 test
13 Q0 3121334 853 5.999057 test
13 Q0 3127981 854 5.9970665 test
13 Q0 3123658 855 5.993102 test
13 Q0 3130185 856 5.9926834 test
13 Q0 3131418 857 5.9913874 test
13 Q0 3128048 858 5.980142 test
13 Q0 3123276 859 5.97214 test
13 Q0 3121941 860 5.9703584 test
13 Q0 3121658 861 5.9623156 test
13 Q0 3126784 862 5.9623103 test
13 Q0 3127380 863 5.9609714 test
13 Q0 3127346 864 5.952428 test
13 Q0 3126563 865 5.951641 test
13 Q0 3121217 866 5.9488072 test
13 Q0 3131121 867 5.9470496 test
13 Q0 3123847 868 5.9463034 test
13 Q0 3126844 869 5.9424286 test
13 Q0 3125643 870 5.940985 test
13 Q0 3121429 871 5.937292 test
13 Q0 3126762 872 5.93551 test
13 Q0 3127305 873 5.934496 test
13 Q0 3122086 874 5.931083 test
13 Q0 3131799 875 5.930999 test
13 Q0 3128946 876 5.9228334 test
13 Q0 3120675 877 5.9199715 test
13 Q0 3125702 878 5.9175897 test
13 Q0 3132214 879 5.9163723 test
13 Q0 3120679 880 5.9137173 test
13 Q0 3121265 881 5.913655 test
13 Q0 3123702 882 5.911595 test
13 Q0 3130043 883 5.911559 test
13 Q0 3131517 884 5.905399 test
13 Q0 3121275 885 5.905037 test
13 Q0 3125503 886 5.901664 test
13 Q0 3127385 887 5.8997426 test
13 Q0 3130702 888 5.8971906 test
13 Q0 3126764 889 5.8903384 test
13 Q0 3131732 890 5.8899107 test
13 Q0 3123247 891 5.889301 test
13 Q0 3124723 892 5.8878527 test
13 Q0 3123328 893 5.8862934 test
13 Q0 3132730 894 5.882615 test
13 Q0 3127978 895 5.881525 test
13 Q0 3131986 896 5.88104 test
13 Q0 3126843 897 5.879001 test
13 Q0 3132747 898 5.878699 test
13 Q0 3131526 899 5.878428 test
13 Q0 3129089 900 5.8767977 test
13 Q0 3121954 901 5.87588 test
13 Q0 3130923 902 5.8750334 test
13 Q0 3131613 903 5.8706164 test
13 Q0 3121127 904 5.8668613 test
13 Q0 3123637 905 5.864593 test
13 Q0 3127415 906 5.8623924 test
13 Q0 3125958 907 5.8606873 test
13 Q0 3130164 908 5.858226 test
13 Q0 3121638 909 5.8416386 test
13 Q0 3132697 910 5.839691 test
13 Q0 3123257 911 5.839402 test
13 Q0 3131980 912 5.8386354 test
13 Q0 3124548 913 5.835819 test
13 Q0 3131560 914 5.8332477 test
13 Q0 3131800 915 5.831192 test
13 Q0 3128931 916 5.825611 test
13 Q0 3127498 917 5.8253074 test
13 Q0 3121287 918 5.8195252 test
13 Q0 3130933 919 5.818085 test
13 Q0 3127761 920 5.81733 test
13 Q0 3120736 921 5.816724 test
13 Q0 3128859 922 5.815869 test
13 Q0 3132734 923 5.813713 test
13 Q0 3130468 924 5.811222 test
13 Q0 3125242 925 5.810488 test
13 Q0 3124242 926 5.8030066 test
13 Q0 3124254 927 5.7914834 test
13 Q0 3121423 928 5.7906184 test
13 Q0 3132390 929 5.7892704 test
13 Q0 3128928 930 5.7859464 test
13 Q0 3123214 931 5.782113 test
13 Q0 3128856 932 5.7817845 test
13 Q0 3123744 933 5.781061 test
13 Q0 3127350 934 5.7740073 test
13 Q0 3130489 935 5.76978 test
13 Q0 3127852 936 5.769231 test
13 Q0 3130181 937 5.7650685 test
13 Q0 3132446 938 5.7615113 test
13 Q0 3129020 939 5.7564664 test
13 Q0 3125655 940 5.75536 test
13 Q0 3123703 941 5.748816 test
13 Q0 3121080 942 5.7482514 test
13 Q0 3132176 943 5.747433 test
13 Q0 3132774 944 5.745808 test
13 Q0 3127312 945 5.745059 test
13 Q0 3128243 946 5.744192 test
13 Q0 3125013 947 5.7434053 test
13 Q0 3122587 948 5.7429986 test
13 Q0 3121747 949 5.742713 test
13 Q0 3124933 950 5.74141 test
13 Q0 3123935 951 5.741215 test
13 Q0 3132719 952 5.741125 test
13 Q0 3132721 953 5.737172 test
13 Q0 3129092 954 5.730329 test
13 Q0 3123830 955 5.7271776 test
13 Q0 3121001 956 5.7268167 test
13 Q0 3126829 957 5.7255983 test
13 Q0 3127806 958 5.7229443 test
13 Q0 3124479 959 5.7227073 test
13 Q0 3130975 960 5.720528 test
13 Q0 3128270 961 5.7176743 test
13 Q0 3125000 962 5.7155547 test
13 Q0 3131522 963 5.7153482 test
13 Q0 3130467 964 5.711654 test
13 Q0 3131115 965 5.705385 test
13 Q0 3130184 966 5.6970797 test
13 Q0 3122905 967 5.6953244 test
13 Q0 3127383 968 5.6911774 test
13 Q0 3127744 969 5.686512 test
13 Q0 3121061 970 5.68602 test
13 Q0 3121059 971 5.6815577 test
13 Q0 3121739 972 5.6812706 test
13 Q0 3126849 973 5.678732 test
13 Q0 3121945 974 5.6758246 test
13 Q0 3121600 975 5.674987 test
13 Q0 3129300 976 5.672926 test
13 Q0 3123352 977 5.668934 test
13 Q0 3121338 978 5.665551 test
13 Q0 3127381 979 5.664983 test
13 Q0 3126733 980 5.6626334 test
13 Q0 3130982 981 5.6625094 test
13 Q0 3127977 982 5.6623874 test
13 Q0 3128105 983 5.6616054 test
13 Q0 3125203 984 5.660531 test
13 Q0 3129076 985 5.659729 test
13 Q0 3128612 986 5.654513 test
13 Q0 3121584 987 5.6542645 test
13 Q0 3131705 988 5.6533546 test
13 Q0 3129078 989 5.651081 test
13 Q0 3124951 990 5.6501236 test
13 Q0 3129123 991 5.6463594 test
13 Q0 3125376 992 5.643952 test
13 Q0 3130728 993 5.6438947 test
13 Q0 3121667 994 5.642765 test
13 Q0 3123242 995 5.641522 test
13 Q0 3124153 996 5.6390147 test
13 Q0 3128084 997 5.6349025 test
13 Q0 3128595 998 5.6343203 test
13 Q0 3127330 999 5.629273 test
13 Q0 3129058 1000 5.6206284 test
14 Q0 3122984 1 27.267696 test
14 Q0 3125115 2 25.780945 test
14 Q0 3121590 3 24.071096 test
14 Q0 3122380 4 22.676 test
14 Q0 3129113 5 21.60257 test
14 Q0 3121659 6 21.153498 test
14 Q0 3132316 7 20.61841 test
14 Q0 3131792 8 20.602262 test
14 Q0 3125542 9 20.061716 test
14 Q0 3128026 10 19.272472 test
14 Q0 3124326 11 19.23585 test
14 Q0 3132235 12 19.198761 test
14 Q0 3129069 13 19.175495 test
14 Q0 3127976 14 18.878756 test
14 Q0 3125654 15 18.739193 test
14 Q0 3123298 16 17.82917 test
14 Q0 3124992 17 17.745459 test
14 Q0 3128268 18 17.528364 test
14 Q0 3130715 19 17.397936 test
14 Q0 3126753 20 17.36838 test
14 Q0 3120994 21 17.367853 test
14 Q0 3126997 22 17.34183 test
14 Q0 3128930 23 17.29649 test
14 Q0 3129666 24 17.130096 test
14 Q0 3120792 25 17.120474 test
14 Q0 3127357 26 17.084356 test
14 Q0 3132377 27 16.957855 test
14 Q0 3120750 28 16.889772 test
14 Q0 3132681 29 16.866718 test
14 Q0 3127020 30 16.828625 test
14 Q0 3125027 31 16.695211 test
14 Q0 3124423 32 16.41749 test
14 Q0 3123250 33 16.313139 test
14 Q0 3124981 34 16.248026 test
14 Q0 3123255 35 16.169811 test
14 Q0 3131766 36 16.147463 test
14 Q0 3127769 37 16.14241 test
14 Q0 3125028 38 16.025658 test
14 Q0 3121964 39 16.005533 test
14 Q0 3123707 40 15.906612 test
14 Q0 3131036 41 15.887471 test
14 Q0 3125362 42 15.851601 test
14 Q0 3121277 43 15.803753 test
14 Q0 3128826 44 15.607764 test
14 Q0 3127854 45 15.596665 test
14 Q0 3132706 46 15.564432 test
14 Q0 3123178 47 15.460983 test
14 Q0 3132703 48 15.458967 test
14 Q0 3127405 49 15.3675375 test
14 Q0 3121130 50 15.216158 test
14 Q0 3132720 51 15.112859 test
14 Q0 3127116 52 15.051626 test
14 Q0 3130492 53 15.012074 test
14 Q0 3124390 54 14.970797 test
14 Q0 3124753 55 14.880569 test
14 Q0 3121607 56 14.86368 test
14 Q0 3123779 57 14.712809 test
14 Q0 3132335 58 14.704233 test
14 Q0 3132539 59 14.663869 test
14 Q0 3124320 60 14.538779 test
14 Q0 3132237 61 14.45364 test
14 Q0 3125215 62 14.446442 test
14 Q0 3131514 63 14.417045 test
14 Q0 3131545 64 14.402655 test
14 Q0 3124875 65 14.368545 test
14 Q0 3129103 66 14.310144 test
14 Q0 3122544 67 14.285313 test
14 Q0 3130457 68 14.277367 test
14 Q0 3124730 69 14.27314 test
14 Q0 3125145 70 14.258659 test
14 Q0 3132164 71 14.236697 test
14 Q0 3125231 72 14.229904 test
14 Q0 3125277 73 14.223609 test
14 Q0 3122596 74 14.1061325 test
14 Q0 3132392 75 14.087574 test
14 Q0 3127799 76 13.999348 test
14 Q0 3121656 77 13.98762 test
14 Q0 3125138 78 13.987556 test
14 Q0 3125961 79 13.961626 test
14 Q0 3127738 80 13.949592 test
14 Q0 3123744 81 13.94124 test
14 Q0 3120681 82 13.898683 test
14 Q0 3120820 83 13.873775 test
14 Q0 3121231 84 13.814544 test
14 Q0 3126708 85 13.775465 test
14 Q0 3125062 86 13.762164 test
14 Q0 3130479 87 13.742408 test
14 Q0 3130440 88 13.722105 test
14 Q0 3132281 89 13.705829 test
14 Q0 3121075 90 13.700943 test
14 Q0 3128018 91 13.669583 test
14 Q0 3130178 92 13.66706 test
14 Q0 3123584 93 13.6128 test
14 Q0 3127290 94 13.607581 test
14 Q0 3127310 95 13.593743 test
14 Q0 3130672 96 13.575144 test
14 Q0 3121609 97 13.568828 test
14 Q0 3130043 98 13.563969 test
14 Q0 3121588 99 13.508261 test
14 Q0 3124432 100 13.49933 test
14 Q0 3125220 101 13.493992 test
14 Q0 3121438 102 13.49398 test
14 Q0 3129330 103 13.464114 test
14 Q0 3131393 104 13.3755045 test
14 Q0 3124323 105 13.367238 test
14 Q0 3127844 106 13.364782 test
14 Q0 3124722 107 13.364776 test
14 Q0 3124049 108 13.355967 test
14 Q0 3121276 109 13.314729 test
14 Q0 3129093 110 13.309572 test
14 Q0 3130192 111 13.263833 test
14 Q0 3125376 112 13.255885 test
14 Q0 3124257 113 13.198891 test
14 Q0 3122077 114 13.182899 test
14 Q0 3125364 115 13.178057 test
14 Q0 3129942 116 13.15972 test
14 Q0 3124648 117 13.149723 test
14 Q0 3121698 118 13.133456 test
14 Q0 3132670 119 13.114282 test
14 Q0 3132660 120 13.102347 test
14 Q0 3122092 121 13.10142 test
14 Q0 3123169 122 13.09449 test
14 Q0 3132540 123 13.086157 test
14 Q0 3124530 124 13.074761 test
14 Q0 3125393 125 13.063158 test
14 Q0 3121275 126 13.061653 test
14 Q0 3132120 127 13.020328 test
14 Q0 3131259 128 13.015939 test
14 Q0 3129305 129 13.004588 test
14 Q0 3126743 130 13.001878 test
14 Q0 3123194 131 12.962626 test
14 Q0 3128597 132 12.952578 test
14 Q0 3124248 133 12.943836 test
14 Q0 3126983 134 12.936664 test
14 Q0 3124330 135 12.933541 test
14 Q0 3120875 136 12.924162 test
14 Q0 3130050 137 12.921089 test
14 Q0 3121726 138 12.902146 test
14 Q0 3127491 139 12.90178 test
14 Q0 3132315 140 12.886661 test
14 Q0 3128254 141 12.872211 test
14 Q0 3125030 142 12.853945 test
14 Q0 3124546 143 12.8465185 test
14 Q0 3122071 144 12.815557 test
14 Q0 3123546 145 12.805427 test
14 Q0 3121610 146 12.732702 test
14 Q0 3130894 147 12.719284 test
14 Q0 3123466 148 12.7143345 test
14 Q0 3132161 149 12.706995 test
14 Q0 3128012 150 12.676449 test
14 Q0 3125194 151 12.676368 test
14 Q0 3132429 152 12.629007 test
14 Q0 3129114 153 12.613041 test
14 Q0 3132217 154 12.603177 test
14 Q0 3124322 155 12.596914 test
14 Q0 3132325 156 12.595278 test
14 Q0 3128722 157 12.511816 test
14 Q0 3124670 158 12.496572 test
14 Q0 3130658 159 12.484523 test
14 Q0 3121426 160 12.483266 test
14 Q0 3132674 161 12.431716 test
14 Q0 3124016 162 12.391307 test
14 Q0 3126789 163 12.383913 test
14 Q0 3121094 164 12.364797 test
14 Q0 3125736 165 12.35228 test
14 Q0 3126711 166 12.333798 test
14 Q0 3124508 167 12.310225 test
14 Q0 3130908 168 12.286209 test
14 Q0 3129112 169 12.277709 test
14 Q0 3120822 170 12.263347 test
14 Q0 3122896 171 12.253586 test
14 Q0 3125329 172 12.231699 test
14 Q0 3132234 173 12.226302 test
14 Q0 3121755 174 12.205926 test
14 Q0 3123700 175 12.20002 test
14 Q0 3128847 176 12.185078 test
14 Q0 3123199 177 12.178603 test
14 Q0 3132680 178 12.166346 test
14 Q0 3124287 179 12.138294 test
14 Q0 3128016 180 12.112104 test
14 Q0 3127306 181 12.076261 test
14 Q0 3125366 182 12.0739765 test
14 Q0 3129075 183 12.06212 test
14 Q0 3132239 184 12.032195 test
14 Q0 3132726 185 12.031069 test
14 Q0 3128066 186 12.014395 test
14 Q0 3121737 187 12.011795 test
14 Q0 3127969 188 12.0090065 test
14 Q0 3124729 189 11.99153 test
14 Q0 3124966 190 11.965672 test
14 Q0 3121774 191 11.951889 test
14 Q0 3131718 192 11.951818 test
14 Q0 3124431 193 11.9384165 test
14 Q0 3132710 194 11.937052 test
14 Q0 3128817 195 11.926265 test
14 Q0 3121422 196 11.914712 test
14 Q0 3124858 197 11.882464 test
14 Q0 3125233 198 11.873547 test
14 Q0 3128623 199 11.853204 test
14 Q0 3120683 200 11.8494005 test
14 Q0 3130360 201 11.842855 test
14 Q0 3128020 202 11.839972 test
14 Q0 3126760 203 11.83422 test
14 Q0 3125205 204 11.828715 test
14 Q0 3132367 205 11.824717 test
14 Q0 3125049 206 11.806643 test
14 Q0 3121627 207 11.799437 test
14 Q0 3122986 208 11.796035 test
14 Q0 3124829 209 11.778016 test
14 Q0 3132679 210 11.756388 test
14 Q0 3128412 211 11.735126 test
14 Q0 3128028 212 11.721596 test
14 Q0 3125361 213 11.719028 test
14 Q0 3128896 214 11.714535 test
14 Q0 3124321 215 11.712336 test
14 Q0 3124391 216 11.704057 test
14 Q0 3120733 217 11.702701 test
14 Q0 3132043 218 11.682392 test
14 Q0 3126999 219 11.667504 test
14 Q0 3125212 220 11.661171 test
14 Q0 3123964 221 11.655111 test
14 Q0 3123369 222 11.652623 test
14 Q0 3128851 223 11.649535 test
14 Q0 3120747 224 11.6437645 test
14 Q0 3132357 225 11.642794 test
14 Q0 3127744 226 11.620697 test
14 Q0 3130670 227 11.617245 test
14 Q0 3124732 228 11.608704 test
14 Q0 3127386 229 11.592852 test
14 Q0 3125524 230 11.57148 test
14 Q0 3122548 231 11.570596 test
14 Q0 3130169 232 11.569186 test
14 Q0 3120871 233 11.563312 test
14 Q0 3121128 234 11.555722 test
14 Q0 3124292 235 11.555518 test
14 Q0 3121435 236 11.537707 test
14 Q0 3123589 237 11.526095 test
14 Q0 3130907 238 11.525054 test
14 Q0 3123912 239 11.520151 test
14 Q0 3121960 240 11.5005865 test
14 Q0 3132097 241 11.494382 test
14 Q0 3132683 242 11.492898 test
14 Q0 3125239 243 11.490488 test
14 Q0 3128022 244 11.487409 test
14 Q0 3121425 245 11.474822 test
14 Q0 3121339 246 11.465158 test
14 Q0 3123590 247 11.462719 test
14 Q0 3125003 248 11.461832 test
14 Q0 3130556 249 11.432161 test
14 Q0 3132128 250 11.392735 test
14 Q0 3132214 251 11.365098 test
14 Q0 3129041 252 11.355109 test
14 Q0 3127353 253 11.3490715 test
14 Q0 3130182 254 11.327607 test
14 Q0 3132368 255 11.321163 test
14 Q0 3125773 256 11.314549 test
14 Q0 3128033 257 11.292676 test
14 Q0 3127324 258 11.286816 test
14 Q0 3129038 259 11.278066 test
14 Q0 3124731 260 11.277208 test
14 Q0 3125958 261 11.275962 test
14 Q0 3123659 262 11.245638 test
14 Q0 3127319 263 11.243732 test
14 Q0 3127999 264 11.234728 test
14 Q0 3125011 265 11.229856 test
14 Q0 3129353 266 11.228275 test
14 Q0 3132371 267 11.221556 test
14 Q0 3131149 268 11.205511 test
14 Q0 3127132 269 11.201472 test
14 Q0 3126714 270 11.198393 test
14 Q0 3127421 271 11.195877 test
14 Q0 3127758 272 11.178393 test
14 Q0 3131540 273 11.172401 test
14 Q0 3124645 274 11.165072 test
14 Q0 3132276 275 11.164745 test
14 Q0 3132444 276 11.146659 test
14 Q0 3127510 277 11.145739 test
14 Q0 3131250 278 11.129645 test
14 Q0 3122339 279 11.125083 test
14 Q0 3129352 280 11.119033 test
14 Q0 3124005 281 11.099292 test
14 Q0 3125502 282 11.097776 test
14 Q0 3126978 283 11.084929 test
14 Q0 3129017 284 11.083733 test
14 Q0 3128049 285 11.03825 test
14 Q0 3132354 286 11.03614 test
14 Q0 3129298 287 11.033888 test
14 Q0 3124490 288 11.031264 test
14 Q0 3124453 289 11.03059 test
14 Q0 3131754 290 11.020347 test
14 Q0 3126825 291 11.018011 test
14 Q0 3123963 292 11.017702 test
14 Q0 3130477 293 11.006005 test
14 Q0 3127827 294 11.005673 test
14 Q0 3130635 295 10.999948 test
14 Q0 3124931 296 10.998477 test
14 Q0 3125355 297 10.97874 test
14 Q0 3124123 298 10.967719 test
14 Q0 3123166 299 10.963569 test
14 Q0 3130709 300 10.956813 test
14 Q0 3132329 301 10.955218 test
14 Q0 3123207 302 10.926497 test
14 Q0 3124386 303 10.923323 test
14 Q0 3132238 304 10.921063 test
14 Q0 3125227 305 10.901756 test
14 Q0 3123000 306 10.883468 test
14 Q0 3124855 307 10.882955 test
14 Q0 3123823 308 10.868148 test
14 Q0 3125143 309 10.861798 test
14 Q0 3121428 310 10.851388 test
14 Q0 3129117 311 10.844247 test
14 Q0 3132275 312 10.838598 test
14 Q0 3127750 313 10.827145 test
14 Q0 3123249 314 10.814353 test
14 Q0 3121665 315 10.812175 test
14 Q0 3132233 316 10.804648 test
14 Q0 3127385 317 10.801535 test
14 Q0 3130746 318 10.798377 test
14 Q0 3130675 319 10.794593 test
14 Q0 3123906 320 10.78239 test
14 Q0 3126772 321 10.780888 test
14 Q0 3124469 322 10.763673 test
14 Q0 3123545 323 10.743891 test
14 Q0 3128017 324 10.727458 test
14 Q0 3127002 325 10.711742 test
14 Q0 3126707 326 10.7098875 test
14 Q0 3131717 327 10.704431 test
14 Q0 3124643 328 10.693914 test
14 Q0 3129121 329 10.691025 test
14 Q0 3125335 330 10.689479 test
14 Q0 3124412 331 10.67251 test
14 Q0 3129331 332 10.655674 test
14 Q0 3129131 333 10.651 test
14 Q0 3127977 334 10.649132 test
14 Q0 3125394 335 10.648751 test
14 Q0 3131579 336 10.639163 test
14 Q0 3130032 337 10.638441 test
14 Q0 3127329 338 10.636699 test
14 Q0 3124285 339 10.634348 test
14 Q0 3124447 340 10.630181 test
14 Q0 3127406 341 10.61933 test
14 Q0 3129325 342 10.612308 test
14 Q0 3121129 343 10.59842 test
14 Q0 3131983 344 10.598007 test
14 Q0 3127983 345 10.582331 test
14 Q0 3132693 346 10.57968 test
14 Q0 3132610 347 10.56341 test
14 Q0 3124046 348 10.545035 test
14 Q0 3127311 349 10.544562 test
14 Q0 3128265 350 10.541214 test
14 Q0 3121692 351 10.538703 test
14 Q0 3131130 352 10.53279 test
14 Q0 3132049 353 10.530934 test
14 Q0 3128854 354 10.518626 test
14 Q0 3121673 355 10.495138 test
14 Q0 3130468 356 10.479661 test
14 Q0 3121252 357 10.469318 test
14 Q0 3131595 358 10.468326 test
14 Q0 3128946 359 10.462394 test
14 Q0 3122985 360 10.460143 test
14 Q0 3126749 361 10.459268 test
14 Q0 3125150 362 10.457043 test
14 Q0 3128054 363 10.442048 test
14 Q0 3127515 364 10.436717 test
14 Q0 3130919 365 10.4335 test
14 Q0 3126812 366 10.431522 test
14 Q0 3130036 367 10.413916 test
14 Q0 3124048 368 10.407775 test
14 Q0 3128746 369 10.404114 test
14 Q0 3131243 370 10.38945 test
14 Q0 3128266 371 10.381497 test
14 Q0 3122997 372 10.365687 test
14 Q0 3131980 373 10.362869 test
14 Q0 3127755 374 10.345719 test
14 Q0 3126980 375 10.33993 test
14 Q0 3126757 376 10.334885 test
14 Q0 3128123 377 10.330491 test
14 Q0 3121603 378 10.324942 test
14 Q0 3121061 379 10.293356 test
14 Q0 3132200 380 10.292409 test
14 Q0 3129354 381 10.284642 test
14 Q0 3129758 382 10.28454 test
14 Q0 3125232 383 10.28439 test
14 Q0 3124951 384 10.280657 test
14 Q0 3123967 385 10.272367 test
14 Q0 3123736 386 10.263966 test
14 Q0 3128087 387 10.263731 test
14 Q0 3131012 388 10.251106 test
14 Q0 3124318 389 10.248476 test
14 Q0 3131023 390 10.2467575 test
14 Q0 3121253 391 10.2353525 test
14 Q0 3127743 392 10.23262 test
14 Q0 3127801 393 10.232281 test
14 Q0 3126835 394 10.230102 test
14 Q0 3121139 395 10.2290125 test
14 Q0 3121265 396 10.225891 test
14 Q0 3123587 397 10.224176 test
14 Q0 3122560 398 10.221788 test
14 Q0 3123208 399 10.213109 test
14 Q0 3123829 400 10.201684 test
14 Q0 3122044 401 10.197557 test
14 Q0 3120742 402 10.196296 test
14 Q0 3127420 403 10.190194 test
14 Q0 3120975 404 10.177328 test
14 Q0 3123642 405 10.174483 test
14 Q0 3123821 406 10.156898 test
14 Q0 3120816 407 10.156785 test
14 Q0 3130918 408 10.123609 test
14 Q0 3127761 409 10.104973 test
14 Q0 3129534 410 10.1 test
14 Q0 3120757 411 10.080343 test
14 Q0 3132366 412 10.078856 test
14 Q0 3124639 413 10.072563 test
14 Q0 3121711 414 10.059413 test
14 Q0 3132042 415 10.051195 test
14 Q0 3129292 416 10.041617 test
14 Q0 3126989 417 10.034262 test
14 Q0 3127833 418 10.030986 test
14 Q0 3125380 419 10.018168 test
14 Q0 3123212 420 10.017293 test
14 Q0 3129961 421 10.0137005 test
14 Q0 3132446 422 9.9854965 test
14 Q0 3131723 423 9.983272 test
14 Q0 3127849 424 9.972138 test
14 Q0 3128941 425 9.956456 test
14 Q0 3127861 426 9.954512 test
14 Q0 3125369 427 9.94419 test
14 Q0 3127415 428 9.936536 test
14 Q0 3129588 429 9.935977 test
14 Q0 3122545 430 9.933851 test
14 Q0 3125508 431 9.931139 test
14 Q0 3124050 432 9.922805 test
14 Q0 3130787 433 9.922725 test
14 Q0 3132488 434 9.910103 test
14 Q0 3130139 435 9.897868 test
14 Q0 3121254 436 9.872858 test
14 Q0 3123266 437 9.858698 test
14 Q0 3130641 438 9.836727 test
14 Q0 3121072 439 9.823947 test
14 Q0 3121291 440 9.819249 test
14 Q0 3126762 441 9.801956 test
14 Q0 3125520 442 9.801884 test
14 Q0 3127423 443 9.797432 test
14 Q0 3132331 444 9.797162 test
14 Q0 3132336 445 9.788755 test
14 Q0 3123290 446 9.779201 test
14 Q0 3131022 447 9.7724495 test
14 Q0 3123588 448 9.764953 test
14 Q0 3128244 449 9.759301 test
14 Q0 3130922 450 9.750877 test
14 Q0 3127970 451 9.746446 test
14 Q0 3128079 452 9.746183 test
14 Q0 3124303 453 9.741801 test
14 Q0 3132702 454 9.738739 test
14 Q0 3132334 455 9.7384615 test
14 Q0 3130698 456 9.7367115 test
14 Q0 3121599 457 9.733212 test
14 Q0 3120693 458 9.732683 test
14 Q0 3124725 459 9.730455 test
14 Q0 3125536 460 9.708859 test
14 Q0 3131726 461 9.703791 test
14 Q0 3121652 462 9.70092 test
14 Q0 3132635 463 9.690188 test
14 Q0 3130690 464 9.673192 test
14 Q0 3130679 465 9.667605 test
14 Q0 3123355 466 9.666904 test
14 Q0 3131027 467 9.6664505 test
14 Q0 3125382 468 9.65836 test
14 Q0 3132682 469 9.64983 test
14 Q0 3123456 470 9.645177 test
14 Q0 3127749 471 9.628603 test
14 Q0 3128135 472 9.627548 test
14 Q0 3132095 473 9.621321 test
14 Q0 3129100 474 9.613812 test
14 Q0 3125240 475 9.613375 test
14 Q0 3132332 476 9.611319 test
14 Q0 3124954 477 9.6103525 test
14 Q0 3129951 478 9.602007 test
14 Q0 3131791 479 9.598138 test
14 Q0 3128818 480 9.591314 test
14 Q0 3127955 481 9.585664 test
14 Q0 3131598 482 9.580402 test
14 Q0 3132774 483 9.575936 test
14 Q0 3121248 484 9.575575 test
14 Q0 3132229 485 9.574118 test
14 Q0 3129963 486 9.570516 test
14 Q0 3127806 487 9.5703945 test
14 Q0 3125193 488 9.56232 test
14 Q0 3121335 489 9.560358 test
14 Q0 3130647 490 9.5526905 test
14 Q0 3125059 491 9.551589 test
14 Q0 3129583 492 9.550858 test
14 Q0 3132343 493 9.538664 test
14 Q0 3128842 494 9.536474 test
14 Q0 3129308 495 9.53546 test
14 Q0 3127851 496 9.532426 test
14 Q0 3121118 497 9.529809 test
14 Q0 3125337 498 9.5243635 test
14 Q0 3121651 499 9.514885 test
14 Q0 3130933 500 9.51383 test
14 Q0 3132290 501 9.512397 test
14 Q0 3120721 502 9.510154 test
14 Q0 3123745 503 9.508829 test
14 Q0 3123513 504 9.502838 test
14 Q0 3120727 505 9.498842 test
14 Q0 3123279 506 9.495038 test
14 Q0 3123602 507 9.489185 test
14 Q0 3123183 508 9.488481 test
14 Q0 3127765 509 9.485109 test
14 Q0 3132170 510 9.48486 test
14 Q0 3120968 511 9.480696 test
14 Q0 3130490 512 9.475475 test
14 Q0 3120825 513 9.468737 test
14 Q0 3121941 514 9.461522 test
14 Q0 3127952 515 9.454331 test
14 Q0 3129344 516 9.44783 test
14 Q0 3131116 517 9.440305 test
14 Q0 3127291 518 9.437303 test
14 Q0 3124408 519 9.430238 test
14 Q0 3124135 520 9.418389 test
14 Q0 3129668 521 9.418224 test
14 Q0 3128071 522 9.414464 test
14 Q0 3132704 523 9.409191 test
14 Q0 3128611 524 9.408056 test
14 Q0 3125341 525 9.396673 test
14 Q0 3122091 526 9.395952 test
14 Q0 3121629 527 9.394397 test
14 Q0 3131522 528 9.384206 test
14 Q0 3123282 529 9.380442 test
14 Q0 3125290 530 9.375991 test
14 Q0 3130633 531 9.375557 test
14 Q0 3122508 532 9.372236 test
14 Q0 3129754 533 9.369619 test
14 Q0 3130982 534 9.348948 test
14 Q0 3132695 535 9.344406 test
14 Q0 3128902 536 9.340884 test
14 Q0 3124550 537 9.318952 test
14 Q0 3125114 538 9.315786 test
14 Q0 3123628 539 9.309006 test
14 Q0 3125289 540 9.306437 test
14 Q0 3128701 541 9.303597 test
14 Q0 3127376 542 9.297945 test
14 Q0 3125954 543 9.288521 test
14 Q0 3132122 544 9.287033 test
14 Q0 3123617 545 9.283995 test
14 Q0 3123518 546 9.283472 test
14 Q0 3132616 547 9.280664 test
14 Q0 3123845 548 9.272585 test
14 Q0 3132318 549 9.25487 test
14 Q0 3131418 550 9.250879 test
14 Q0 3130724 551 9.249069 test
14 Q0 3124398 552 9.231059 test
14 Q0 3132384 553 9.230675 test
14 Q0 3130695 554 9.226193 test
14 Q0 3121608 555 9.223271 test
14 Q0 3123332 556 9.209789 test
14 Q0 3129068 557 9.207764 test
14 Q0 3130824 558 9.193325 test
14 Q0 3129302 559 9.193171 test
14 Q0 3127828 560 9.191486 test
14 Q0 3123214 561 9.191003 test
14 Q0 3131583 562 9.1907425 test
14 Q0 3124933 563 9.188577 test
14 Q0 3132518 564 9.181955 test
14 Q0 3130786 565 9.171932 test
14 Q0 3131265 566 9.169662 test
14 Q0 3124682 567 9.168753 test
14 Q0 3130681 568 9.160455 test
14 Q0 3122348 569 9.132992 test
14 Q0 3122101 570 9.13023 test
14 Q0 3132373 571 9.129993 test
14 Q0 3121675 572 9.121199 test
14 Q0 3120884 573 9.119748 test
14 Q0 3121768 574 9.119386 test
14 Q0 3131560 575 9.115573 test
14 Q0 3124838 576 9.109515 test
14 Q0 3127015 577 9.103903 test
14 Q0 3129096 578 9.092524 test
14 Q0 3130956 579 9.088223 test
14 Q0 3128590 580 9.08393 test
14 Q0 3125778 581 9.068215 test
14 Q0 3126379 582 9.062408 test
14 Q0 3128036 583 9.054264 test
14 Q0 3131192 584 9.05134 test
14 Q0 3132370 585 9.043713 test
14 Q0 3130995 586 9.039722 test
14 Q0 3131981 587 9.034844 test
14 Q0 3123638 588 9.032097 test
14 Q0 3125375 589 9.031804 test
14 Q0 3121429 590 9.025283 test
14 Q0 3127495 591 9.023107 test
14 Q0 3128856 592 9.020597 test
14 Q0 3130485 593 9.013856 test
14 Q0 3132724 594 9.007167 test
14 Q0 3131705 595 9.006036 test
14 Q0 3131270 596 9.000517 test
14 Q0 3129345 597 8.999724 test
14 Q0 3126712 598 8.997708 test
14 Q0 3130171 599 8.994364 test
14 Q0 3130733 600 8.992465 test
14 Q0 3123995 601 8.991306 test
14 Q0 3123204 602 8.984905 test
14 Q0 3121131 603 8.977992 test
14 Q0 3127808 604 8.974316 test
14 Q0 3131509 605 8.969221 test
14 Q0 3121682 606 8.968853 test
14 Q0 3125504 607 8.962864 test
14 Q0 3132041 608 8.956827 test
14 Q0 3130480 609 8.9550085 test
14 Q0 3129316 610 8.936337 test
14 Q0 3127802 611 8.936196 test
14 Q0 3127494 612 8.934042 test
14 Q0 3129304 613 8.929495 test
14 Q0 3122554 614 8.9275675 test
14 Q0 3123003 615 8.923294 test
14 Q0 3124275 616 8.922069 test
14 Q0 3130460 617 8.920249 test
14 Q0 3126744 618 8.918507 test
14 Q0 3123271 619 8.913126 test
14 Q0 3132240 620 8.905213 test
14 Q0 3121582 621 8.897842 test
14 Q0 3129077 622 8.897101 test
14 Q0 3128938 623 8.896031 test
14 Q0 3127767 624 8.885147 test
14 Q0 3123830 625 8.884643 test
14 Q0 3128997 626 8.875852 test
14 Q0 3129648 627 8.875442 test
14 Q0 3130358 628 8.8727255 test
14 Q0 3121787 629 8.872263 test
14 Q0 3125513 630 8.866764 test
14 Q0 3121583 631 8.859866 test
14 Q0 3130493 632 8.859701 test
14 Q0 3123576 633 8.858731 test
14 Q0 3125196 634 8.858288 test
14 Q0 3130267 635 8.853322 test
14 Q0 3122114 636 8.849355 test
14 Q0 3130011 637 8.847859 test
14 Q0 3124527 638 8.847142 test
14 Q0 3132338 639 8.824008 test
14 Q0 3122728 640 8.822801 test
14 Q0 3132737 641 8.816063 test
14 Q0 3127960 642 8.810528 test
14 Q0 3124274 643 8.809691 test
14 Q0 3121273 644 8.807883 test
14 Q0 3130713 645 8.803571 test
14 Q0 3126829 646 8.802721 test
14 Q0 3121661 647 8.795467 test
14 Q0 3127499 648 8.794693 test
14 Q0 3123636 649 8.793921 test
14 Q0 3125021 650 8.790933 test
14 Q0 3121720 651 8.786688 test
14 Q0 3123248 652 8.784897 test
14 Q0 3121653 653 8.783928 test
14 Q0 3123644 654 8.778191 test
14 Q0 3126798 655 8.776734 test
14 Q0 3123005 656 8.776304 test
14 Q0 3130789 657 8.7619095 test
14 Q0 3126695 658 8.7570915 test
14 Q0 3128907 659 8.750651 test
14 Q0 3126769 660 8.750518 test
14 Q0 3123852 661 8.75013 test
14 Q0 3127498 662 8.7434635 test
14 Q0 3123629 663 8.740963 test
14 Q0 3131678 664 8.740156 test
14 Q0 3132205 665 8.735426 test
14 Q0 3128863 666 8.7212305 test
14 Q0 3123701 667 8.716844 test
14 Q0 3127303 668 8.713372 test
14 Q0 3127994 669 8.701819 test
14 Q0 3120762 670 8.69517 test
14 Q0 3127314 671 8.692555 test
14 Q0 3125188 672 8.69046 test
14 Q0 3125254 673 8.686209 test
14 Q0 3123358 674 8.679193 test
14 Q0 3121732 675 8.672597 test
14 Q0 3132486 676 8.671945 test
14 Q0 3126736 677 8.666052 test
14 Q0 3123368 678 8.659508 test
14 Q0 3123554 679 8.655697 test
14 Q0 3128128 680 8.641637 test
14 Q0 3121667 681 8.638486 test
14 Q0 3125725 682 8.636336 test
14 Q0 3128905 683 8.6268215 test
14 Q0 3124316 684 8.62249 test
14 Q0 3132536 685 8.622297 test
14 Q0 3130031 686 8.621898 test
14 Q0 3130687 687 8.620536 test
14 Q0 3121127 688 8.619385 test
14 Q0 3127312 689 8.614501 test
14 Q0 3121884 690 8.612359 test
14 Q0 3130708 691 8.609437 test
14 Q0 3124324 692 8.606999 test
14 Q0 3127358 693 8.605237 test
14 Q0 3127790 694 8.600201 test
14 Q0 3123833 695 8.595267 test
14 Q0 3129537 696 8.592619 test
14 Q0 3125342 697 8.58817 test
14 Q0 3123814 698 8.586783 test
14 Q0 3120821 699 8.586428 test
14 Q0 3120830 700 8.575731 test
14 Q0 3132418 701 8.5744505 test
14 Q0 3121604 702 8.567998 test
14 Q0 3125181 703 8.56529 test
14 Q0 3125222 704 8.563572 test
14 Q0 3127981 705 8.561976 test
14 Q0 3132405 706 8.556849 test
14 Q0 3121421 707 8.556802 test
14 Q0 3123618 708 8.555545 test
14 Q0 3130464 709 8.549037 test
14 Q0 3121945 710 8.541432 test
14 Q0 3130362 711 8.535511 test
14 Q0 3120991 712 8.525264 test
14 Q0 3129146 713 8.521438 test
14 Q0 3130010 714 8.517329 test
14 Q0 3123831 715 8.517097 test
14 Q0 3131014 716 8.505928 test
14 Q0 3128075 717 8.504368 test
14 Q0 3120970 718 8.500913 test
14 Q0 3132323 719 8.499402 test
14 Q0 3122999 720 8.498598 test
14 Q0 3125058 721 8.496933 test
14 Q0 3132123 722 8.489317 test
14 Q0 3121271 723 8.48267 test
14 Q0 3125036 724 8.479496 test
14 Q0 3123190 725 8.473293 test
14 Q0 3132743 726 8.469871 test
14 Q0 3127449 727 8.455976 test
14 Q0 3120776 728 8.454322 test
14 Q0 3125753 729 8.451878 test
14 Q0 3132431 730 8.448882 test
14 Q0 3129759 731 8.442093 test
14 Q0 3127958 732 8.440154 test
14 Q0 3123562 733 8.429018 test
14 Q0 3127982 734 8.427769 test
14 Q0 3122334 735 8.42559 test
14 Q0 3128700 736 8.422772 test
14 Q0 3131295 737 8.422499 test
14 Q0 3130486 738 8.408309 test
14 Q0 3124424 739 8.402441 test
14 Q0 3126991 740 8.399774 test
14 Q0 3130189 741 8.386588 test
14 Q0 3129061 742 8.378073 test
14 Q0 3131009 743 8.375415 test
14 Q0 3121680 744 8.372679 test
14 Q0 3122416 745 8.371844 test
14 Q0 3128042 746 8.365644 test
14 Q0 3120869 747 8.358196 test
14 Q0 3131716 748 8.346542 test
14 Q0 3120755 749 8.336203 test
14 Q0 3120680 750 8.33568 test
14 Q0 3121618 751 8.335558 test
14 Q0 3120766 752 8.332464 test
14 Q0 3127148 753 8.329828 test
14 Q0 3121064 754 8.326687 test
14 Q0 3121284 755 8.323538 test
14 Q0 3120835 756 8.322769 test
14 Q0 3131115 757 8.320299 test
14 Q0 3121440 758 8.319514 test
14 Q0 3125373 759 8.3096895 test
14 Q0 3120789 760 8.307901 test
14 Q0 3123540 761 8.302258 test
14 Q0 3124544 762 8.301845 test
14 Q0 3128602 763 8.291892 test
14 Q0 3124836 764 8.291155 test
14 Q0 3126733 765 8.284506 test
14 Q0 3130750 766 8.282201 test
14 Q0 3123962 767 8.276194 test
14 Q0 3123615 768 8.275159 test
14 Q0 3121602 769 8.2747755 test
14 Q0 3130373 770 8.2703 test
14 Q0 3124501 771 8.26165 test
14 Q0 3130736 772 8.260835 test
14 Q0 3121074 773 8.251297 test
14 Q0 3126795 774 8.251009 test
14 Q0 3130029 775 8.246729 test
14 Q0 3129957 776 8.246252 test
14 Q0 3131771 777 8.242512 test
14 Q0 3125103 778 8.230584 test
14 Q0 3126715 779 8.229675 test
14 Q0 3121736 780 8.223658 test
14 Q0 3129295 781 8.222904 test
14 Q0 3129289 782 8.222774 test
14 Q0 3123965 783 8.219414 test
14 Q0 3121251 784 8.218926 test
14 Q0 3123239 785 8.217621 test
14 Q0 3123340 786 8.216643 test
14 Q0 3122163 787 8.213063 test
14 Q0 3122118 788 8.202266 test
14 Q0 3130794 789 8.201217 test
14 Q0 3128978 790 8.200631 test
14 Q0 3132118 791 8.199706 test
14 Q0 3125802 792 8.198671 test
14 Q0 3127841 793 8.197352 test
14 Q0 3124460 794 8.196796 test
14 Q0 3125279 795 8.1960535 test
14 Q0 3130293 796 8.185133 test
14 Q0 3121782 797 8.182948 test
14 Q0 3131748 798 8.177824 test
14 Q0 3124894 799 8.177568 test
14 Q0 3124964 800 8.175811 test
14 Q0 3126843 801 8.172849 test
14 Q0 3123243 802 8.170266 test
14 Q0 3120781 803 8.170155 test
14 Q0 3130288 804 8.166011 test
14 Q0 3131050 805 8.161624 test
14 Q0 3124409 806 8.161218 test
14 Q0 3124492 807 8.156692 test
14 Q0 3126281 808 8.155423 test
14 Q0 3125768 809 8.154176 test
14 Q0 3129577 810 8.154067 test
14 Q0 3125334 811 8.153967 test
14 Q0 3124549 812 8.153012 test
14 Q0 3131117 813 8.151281 test
14 Q0 3126502 814 8.151037 test
14 Q0 3123657 815 8.132526 test
14 Q0 3123280 816 8.129499 test
14 Q0 3129293 817 8.121422 test
14 Q0 3131537 818 8.119172 test
14 Q0 3120993 819 8.114262 test
14 Q0 3121796 820 8.11343 test
14 Q0 3123257 821 8.108066 test
14 Q0 3124692 822 8.101499 test
14 Q0 3122117 823 8.101383 test
14 Q0 3120877 824 8.099629 test
14 Q0 3131735 825 8.096264 test
14 Q0 3120866 826 8.094829 test
14 Q0 3125226 827 8.089083 test
14 Q0 3123552 828 8.089039 test
14 Q0 3128593 829 8.088445 test
14 Q0 3124724 830 8.088184 test
14 Q0 3130261 831 8.087316 test
14 Q0 3121065 832 8.081345 test
14 Q0 3121268 833 8.079107 test
14 Q0 3123819 834 8.078205 test
14 Q0 3125511 835 8.073254 test
14 Q0 3123966 836 8.072017 test
14 Q0 3127007 837 8.071985 test
14 Q0 3126694 838 8.065599 test
14 Q0 3125032 839 8.063563 test
14 Q0 3130049 840 8.06292 test
14 Q0 3123458 841 8.0587225 test
14 Q0 3126987 842 8.049372 test
14 Q0 3132091 843 8.049113 test
14 Q0 3120793 844 8.0477295 test
14 Q0 3122958 845 8.047153 test
14 Q0 3120738 846 8.046622 test
14 Q0 3128058 847 8.040337 test
14 Q0 3128034 848 8.034783 test
14 Q0 3132729 849 8.0327425 test
14 Q0 3123607 850 8.032016 test
14 Q0 3131798 851 8.026695 test
14 Q0 3131037 852 8.021228 test
14 Q0 3132287 853 8.021082 test
14 Q0 3120887 854 8.018756 test
14 Q0 3123220 855 8.014729 test
14 Q0 3124130 856 8.007155 test
14 Q0 3131802 857 8.006075 test
14 Q0 3120805 858 7.998448 test
14 Q0 3132440 859 7.9975595 test
14 Q0 3125660 860 7.9974666 test
14 Q0 3123549 861 7.9927197 test
14 Q0 3131725 862 7.991442 test
14 Q0 3131674 863 7.9837914 test
14 Q0 3123297 864 7.9798174 test
14 Q0 3131777 865 7.9783034 test
14 Q0 3120731 866 7.9737744 test
14 Q0 3123012 867 7.972568 test
14 Q0 3130910 868 7.9712453 test
14 Q0 3127297 869 7.9706798 test
14 Q0 3120861 870 7.9700956 test
14 Q0 3130166 871 7.970019 test
14 Q0 3126563 872 7.9695253 test
14 Q0 3132094 873 7.9674077 test
14 Q0 3124834 874 7.966361 test
14 Q0 3130683 875 7.956614 test
14 Q0 3125269 876 7.955337 test
14 Q0 3122715 877 7.95377 test
14 Q0 3125250 878 7.9410768 test
14 Q0 3123643 879 7.933019 test
14 Q0 3124462 880 7.929364 test
14 Q0 3129310 881 7.917564 test
14 Q0 3124714 882 7.916379 test
14 Q0 3124968 883 7.9146843 test
14 Q0 3130045 884 7.9116096 test
14 Q0 3131984 885 7.9111223 test
14 Q0 3130805 886 7.907787 test
14 Q0 3130720 887 7.907456 test
14 Q0 3130379 888 7.907323 test
14 Q0 3121671 889 7.9063964 test
14 Q0 3121657 890 7.9051123 test
14 Q0 3122509 891 7.904964 test
14 Q0 3121694 892 7.9010725 test
14 Q0 3123654 893 7.8951488 test
14 Q0 3121681 894 7.893271 test
14 Q0 3123749 895 7.8661385 test
14 Q0 3129771 896 7.8656363 test
14 Q0 3120827 897 7.864886 test
14 Q0 3123586 898 7.860431 test
14 Q0 3127796 899 7.857958 test
14 Q0 3132673 900 7.8562636 test
14 Q0 3122089 901 7.8533015 test
14 Q0 3132751 902 7.850883 test
14 Q0 3130127 903 7.85063 test
14 Q0 3123301 904 7.849498 test
14 Q0 3125063 905 7.84808 test
14 Q0 3125034 906 7.8438187 test
14 Q0 3130706 907 7.8405747 test
14 Q0 3125108 908 7.8291554 test
14 Q0 3128052 909 7.82315 test
14 Q0 3127117 910 7.821248 test
14 Q0 3126755 911 7.816631 test
14 Q0 3125266 912 7.8158813 test
14 Q0 3130976 913 7.815343 test
14 Q0 3120736 914 7.808964 test
14 Q0 3127504 915 7.802734 test
14 Q0 3132160 916 7.8006825 test
14 Q0 3130911 917 7.799936 test
14 Q0 3124543 918 7.79829 test
14 Q0 3124138 919 7.7974157 test
14 Q0 3122599 920 7.793504 test
14 Q0 3130640 921 7.789328 test
14 Q0 3121877 922 7.789231 test
14 Q0 3123286 923 7.768794 test
14 Q0 3128030 924 7.7674623 test
14 Q0 3130691 925 7.7674093 test
14 Q0 3130921 926 7.759907 test
14 Q0 3123548 927 7.7573457 test
14 Q0 3125695 928 7.7571115 test
14 Q0 3127107 929 7.7542143 test
14 Q0 3121879 930 7.751086 test
14 Q0 3129641 931 7.7435446 test
14 Q0 3124140 932 7.7376556 test
14 Q0 3120769 933 7.7344913 test
14 Q0 3126981 934 7.731318 test
14 Q0 3124465 935 7.7295456 test
14 Q0 3123563 936 7.7274594 test
14 Q0 3123585 937 7.7199025 test
14 Q0 3131302 938 7.7181077 test
14 Q0 3121518 939 7.710861 test
14 Q0 3130577 940 7.7082486 test
14 Q0 3127316 941 7.6988983 test
14 Q0 3132090 942 7.698338 test
14 Q0 3126822 943 7.6905656 test
14 Q0 3123293 944 7.6897707 test
14 Q0 3120964 945 7.687197 test
14 Q0 3127785 946 7.6864614 test
14 Q0 3123578 947 7.6857557 test
14 Q0 3127781 948 7.684431 test
14 Q0 3129059 949 7.681365 test
14 Q0 3129049 950 7.678102 test
14 Q0 3123577 951 7.6752477 test
14 Q0 3126837 952 7.674409 test
14 Q0 3127760 953 7.673254 test
14 Q0 3129328 954 7.6726737 test
14 Q0 3129116 955 7.672079 test
14 Q0 3121070 956 7.6695323 test
14 Q0 3123010 957 7.6690993 test
14 Q0 3128064 958 7.6689196 test
14 Q0 3125229 959 7.657885 test
14 Q0 3130673 960 7.6578016 test
14 Q0 3123009 961 7.6569204 test
14 Q0 3127391 962 7.656604 test
14 Q0 3130006 963 7.6484427 test
14 Q0 3120749 964 7.647375 test
14 Q0 3132430 965 7.644858 test
14 Q0 3127354 966 7.642095 test
14 Q0 3123162 967 7.636502 test
14 Q0 3127800 968 7.627577 test
14 Q0 3132029 969 7.6266794 test
14 Q0 3127764 970 7.6247683 test
14 Q0 3129324 971 7.623995 test
14 Q0 3127791 972 7.6217456 test
14 Q0 3132722 973 7.6214375 test
14 Q0 3130037 974 7.6194067 test
14 Q0 3122067 975 7.6073256 test
14 Q0 3129590 976 7.6049943 test
14 Q0 3132709 977 7.600454 test
14 Q0 3125527 978 7.600068 test
14 Q0 3131715 979 7.595947 test
14 Q0 3128750 980 7.5738096 test
14 Q0 3122505 981 7.566405 test
14 Q0 3132500 982 7.564337 test
14 Q0 3128744 983 7.564274 test
14 Q0 3125004 984 7.562349 test
14 Q0 3127843 985 7.561207 test
14 Q0 3126839 986 7.5603323 test
14 Q0 3132026 987 7.55436 test
14 Q0 3122903 988 7.537954 test
14 Q0 3123161 989 7.534456 test
14 Q0 3125956 990 7.5336456 test
14 Q0 3130846 991 7.5331573 test
14 Q0 3123818 992 7.5233164 test
14 Q0 3127822 993 7.520826 test
14 Q0 3128898 994 7.520288 test
14 Q0 3121600 995 7.5195775 test
14 Q0 3131289 996 7.49648 test
14 Q0 3120817 997 7.4960485 test
14 Q0 3124387 998 7.49521 test
14 Q0 3131150 999 7.4929338 test
14 Q0 3120971 1000 7.4928293 test
15 Q0 3123823 1 31.060728 test
15 Q0 3122500 2 29.108736 test
15 Q0 3129104 3 24.164366 test
15 Q0 3124345 4 22.005592 test
15 Q0 3125362 5 21.98214 test
15 Q0 3132483 6 21.912464 test
15 Q0 3127500 7 21.696875 test
15 Q0 3123852 8 21.430042 test
15 Q0 3132385 9 21.133873 test
15 Q0 3125000 10 20.525894 test
15 Q0 3127493 11 20.456213 test
15 Q0 3124301 12 20.44122 test
15 Q0 3122507 13 20.373455 test
15 Q0 3132373 14 20.261835 test
15 Q0 3121000 15 20.156368 test
15 Q0 3130473 16 19.673323 test
15 Q0 3129114 17 19.34876 test
15 Q0 3132236 18 19.279371 test
15 Q0 3124318 19 18.909164 test
15 Q0 3123296 20 18.355797 test
15 Q0 3128264 21 18.163498 test
15 Q0 3123010 22 17.959827 test
15 Q0 3121093 23 17.793627 test
15 Q0 3131287 24 17.756727 test
15 Q0 3132122 25 17.695642 test
15 Q0 3125360 26 17.63023 test
15 Q0 3125062 27 17.510271 test
15 Q0 3131766 28 17.131454 test
15 Q0 3126768 29 17.111084 test
15 Q0 3132123 30 17.007835 test
15 Q0 3125663 31 16.983128 test
15 Q0 3132318 32 16.821539 test
15 Q0 3129122 33 16.795912 test
15 Q0 3123906 34 16.522078 test
15 Q0 3132493 35 16.496754 test
15 Q0 3125316 36 16.412733 test
15 Q0 3125657 37 16.409866 test
15 Q0 3123310 38 16.388222 test
15 Q0 3129774 39 16.370016 test
15 Q0 3124991 40 16.252056 test
15 Q0 3124426 41 16.197744 test
15 Q0 3129356 42 15.950656 test
15 Q0 3124455 43 15.77946 test
15 Q0 3130682 44 15.521006 test
15 Q0 3129129 45 15.498152 test
15 Q0 3127841 46 15.460374 test
15 Q0 3123744 47 15.344366 test
15 Q0 3132130 48 15.319155 test
15 Q0 3123611 49 15.310761 test
15 Q0 3125065 50 15.2738905 test
15 Q0 3131284 51 15.259522 test
15 Q0 3120749 52 15.160988 test
15 Q0 3123967 53 15.14635 test
15 Q0 3130475 54 15.016195 test
15 Q0 3129082 55 14.990013 test
15 Q0 3124319 56 14.928296 test
15 Q0 3132725 57 14.914513 test
15 Q0 3129060 58 14.905083 test
15 Q0 3125005 59 14.768778 test
15 Q0 3126905 60 14.706057 test
15 Q0 3130672 61 14.703209 test
15 Q0 3121614 62 14.698874 test
15 Q0 3120803 63 14.657234 test
15 Q0 3126760 64 14.570644 test
15 Q0 3128129 65 14.516866 test
15 Q0 3127834 66 14.50795 test
15 Q0 3121715 67 14.417779 test
15 Q0 3128254 68 14.395028 test
15 Q0 3130037 69 14.37437 test
15 Q0 3132476 70 14.200252 test
15 Q0 3122497 71 14.088496 test
15 Q0 3122593 72 13.956313 test
15 Q0 3125012 73 13.921778 test
15 Q0 3125031 74 13.906966 test
15 Q0 3125646 75 13.832125 test
15 Q0 3124326 76 13.830314 test
15 Q0 3120993 77 13.723227 test
15 Q0 3125001 78 13.694546 test
15 Q0 3124871 79 13.619862 test
15 Q0 3127806 80 13.616738 test
15 Q0 3132376 81 13.592305 test
15 Q0 3130976 82 13.585666 test
15 Q0 3121800 83 13.581065 test
15 Q0 3123241 84 13.542846 test
15 Q0 3125004 85 13.475603 test
15 Q0 3130636 86 13.464738 test
15 Q0 3132390 87 13.405084 test
15 Q0 3124855 88 13.367943 test
15 Q0 3132202 89 13.360401 test
15 Q0 3127994 90 13.295253 test
15 Q0 3121608 91 13.254543 test
15 Q0 3120750 92 13.243281 test
15 Q0 3131758 93 13.18492 test
15 Q0 3124241 94 13.183246 test
15 Q0 3120987 95 13.162397 test
15 Q0 3132700 96 13.158048 test
15 Q0 3124729 97 13.149296 test
15 Q0 3124248 98 13.032072 test
15 Q0 3127769 99 12.922974 test
15 Q0 3129577 100 12.752791 test
15 Q0 3127492 101 12.6861925 test
15 Q0 3124475 102 12.625133 test
15 Q0 3123467 103 12.623706 test
15 Q0 3124992 104 12.595922 test
15 Q0 3129069 105 12.407692 test
15 Q0 3125063 106 12.381275 test
15 Q0 3131509 107 12.355896 test
15 Q0 3131295 108 12.233586 test
15 Q0 3125319 109 12.135882 test
15 Q0 3125654 110 12.0449 test
15 Q0 3121094 111 12.017987 test
15 Q0 3121279 112 12.004878 test
15 Q0 3126822 113 11.9931555 test
15 Q0 3125279 114 11.940923 test
15 Q0 3127020 115 11.85402 test
15 Q0 3132370 116 11.83617 test
15 Q0 3132125 117 11.828064 test
15 Q0 3132035 118 11.798767 test
15 Q0 3122509 119 11.795638 test
15 Q0 3129081 120 11.795637 test
15 Q0 3123171 121 11.776289 test
15 Q0 3129039 122 11.71928 test
15 Q0 3130481 123 11.6985235 test
15 Q0 3130469 124 11.599642 test
15 Q0 3125335 125 11.578218 test
15 Q0 3123964 126 11.577252 test
15 Q0 3132368 127 11.561319 test
15 Q0 3126711 128 11.527986 test
15 Q0 3122987 129 11.477544 test
15 Q0 3132379 130 11.452231 test
15 Q0 3128259 131 11.439583 test
15 Q0 3122584 132 11.42591 test
15 Q0 3124135 133 11.396846 test
15 Q0 3121623 134 11.370283 test
15 Q0 3122958 135 11.318396 test
15 Q0 3127779 136 11.301857 test
15 Q0 3127292 137 11.288986 test
15 Q0 3121676 138 11.271192 test
15 Q0 3130746 139 11.240976 test
15 Q0 3123569 140 11.217173 test
15 Q0 3131278 141 11.199329 test
15 Q0 3127822 142 11.183508 test
15 Q0 3129012 143 11.170511 test
15 Q0 3128735 144 11.138748 test
15 Q0 3129961 145 11.138516 test
15 Q0 3131716 146 11.135179 test
15 Q0 3127809 147 11.132299 test
15 Q0 3131732 148 11.124226 test
15 Q0 3128727 149 11.113837 test
15 Q0 3123269 150 11.107861 test
15 Q0 3131725 151 11.09856 test
15 Q0 3122589 152 11.058212 test
15 Q0 3125115 153 11.03467 test
15 Q0 3129587 154 11.032417 test
15 Q0 3123197 155 10.9909 test
15 Q0 3120839 156 10.988916 test
15 Q0 3131797 157 10.96614 test
15 Q0 3121674 158 10.885909 test
15 Q0 3124477 159 10.874825 test
15 Q0 3130998 160 10.868077 test
15 Q0 3121681 161 10.864281 test
15 Q0 3123554 162 10.854409 test
15 Q0 3125351 163 10.753644 test
15 Q0 3126809 164 10.744947 test
15 Q0 3124489 165 10.706634 test
15 Q0 3132235 166 10.704287 test
15 Q0 3130373 167 10.701807 test
15 Q0 3130894 168 10.671119 test
15 Q0 3132237 169 10.655428 test
15 Q0 3132030 170 10.630025 test
15 Q0 3125643 171 10.626023 test
15 Q0 3131760 172 10.61307 test
15 Q0 3132239 173 10.600113 test
15 Q0 3128041 174 10.584942 test
15 Q0 3126706 175 10.544594 test
15 Q0 3124965 176 10.535732 test
15 Q0 3131512 177 10.489059 test
15 Q0 3125037 178 10.474291 test
15 Q0 3125239 179 10.47271 test
15 Q0 3125061 180 10.455043 test
15 Q0 3129061 181 10.420286 test
15 Q0 3124932 182 10.415136 test
15 Q0 3121716 183 10.386154 test
15 Q0 3124522 184 10.372893 test
15 Q0 3130770 185 10.361718 test
15 Q0 3130059 186 10.338244 test
15 Q0 3125648 187 10.306441 test
15 Q0 3125025 188 10.23542 test
15 Q0 3125666 189 10.214266 test
15 Q0 3120986 190 10.154382 test
15 Q0 3120792 191 10.150525 test
15 Q0 3129120 192 10.135927 test
15 Q0 3123288 193 10.1231165 test
15 Q0 3124886 194 10.115508 test
15 Q0 3132706 195 10.085658 test
15 Q0 3121091 196 10.074955 test
15 Q0 3126714 197 10.072592 test
15 Q0 3123546 198 10.056012 test
15 Q0 3125659 199 10.05359 test
15 Q0 3127018 200 10.023109 test
15 Q0 3120822 201 9.987214 test
15 Q0 3127842 202 9.972847 test
15 Q0 3129307 203 9.96654 test
15 Q0 3132229 204 9.956752 test
15 Q0 3125365 205 9.944785 test
15 Q0 3121680 206 9.943652 test
15 Q0 3126780 207 9.925089 test
15 Q0 3128622 208 9.92278 test
15 Q0 3132118 209 9.921551 test
15 Q0 3132660 210 9.917739 test
15 Q0 3123714 211 9.912126 test
15 Q0 3120830 212 9.906861 test
15 Q0 3120745 213 9.903174 test
15 Q0 3132334 214 9.870289 test
15 Q0 3124272 215 9.856202 test
15 Q0 3123775 216 9.845994 test
15 Q0 3126858 217 9.841043 test
15 Q0 3130635 218 9.801908 test
15 Q0 3125039 219 9.740498 test
15 Q0 3129040 220 9.738157 test
15 Q0 3132226 221 9.730408 test
15 Q0 3126821 222 9.709687 test
15 Q0 3123207 223 9.708117 test
15 Q0 3129125 224 9.645694 test
15 Q0 3128936 225 9.639919 test
15 Q0 3126751 226 9.616217 test
15 Q0 3125312 227 9.607832 test
15 Q0 3130466 228 9.584853 test
15 Q0 3127510 229 9.572306 test
15 Q0 3125337 230 9.563107 test
15 Q0 3131713 231 9.552828 test
15 Q0 3132695 232 9.551674 test
15 Q0 3125022 233 9.540089 test
15 Q0 3128585 234 9.50971 test
15 Q0 3121964 235 9.503058 test
15 Q0 3126766 236 9.477165 test
15 Q0 3132709 237 9.459924 test
15 Q0 3123169 238 9.454101 test
15 Q0 3130578 239 9.447217 test
15 Q0 3127995 240 9.439992 test
15 Q0 3132419 241 9.4390335 test
15 Q0 3121796 242 9.428058 test
15 Q0 3120781 243 9.426968 test
15 Q0 3120695 244 9.421373 test
15 Q0 3125363 245 9.419885 test
15 Q0 3129957 246 9.417011 test
15 Q0 3124269 247 9.407182 test
15 Q0 3123909 248 9.405001 test
15 Q0 3132409 249 9.382721 test
15 Q0 3130494 250 9.348188 test
15 Q0 3123250 251 9.347068 test
15 Q0 3127418 252 9.345476 test
15 Q0 3125164 253 9.329899 test
15 Q0 3124275 254 9.320734 test
15 Q0 3123573 255 9.316145 test
15 Q0 3125064 256 9.3158865 test
15 Q0 3130771 257 9.308976 test
15 Q0 3126514 258 9.302746 test
15 Q0 3131064 259 9.287541 test
15 Q0 3125034 260 9.263452 test
15 Q0 3127791 261 9.249484 test
15 Q0 3125645 262 9.242731 test
15 Q0 3132026 263 9.22918 test
15 Q0 3125148 264 9.217613 test
15 Q0 3122499 265 9.21742 test
15 Q0 3126767 266 9.189776 test
15 Q0 3123249 267 9.179996 test
15 Q0 3124454 268 9.179392 test
15 Q0 3132446 269 9.148154 test
15 Q0 3129763 270 9.136841 test
15 Q0 3123934 271 9.113868 test
15 Q0 3123818 272 9.112354 test
15 Q0 3128740 273 9.092149 test
15 Q0 3124400 274 9.09166 test
15 Q0 3131755 275 9.088605 test
15 Q0 3131539 276 9.084932 test
15 Q0 3121291 277 9.084212 test
15 Q0 3132526 278 9.083328 test
15 Q0 3123600 279 9.069658 test
15 Q0 3121586 280 9.06706 test
15 Q0 3129090 281 9.066681 test
15 Q0 3131599 282 9.060939 test
15 Q0 3126771 283 9.056131 test
15 Q0 3131235 284 9.0552435 test
15 Q0 3130997 285 9.045349 test
15 Q0 3124448 286 9.04472 test
15 Q0 3127765 287 9.032383 test
15 Q0 3123218 288 9.0209465 test
15 Q0 3128613 289 9.008726 test
15 Q0 3122334 290 9.006511 test
15 Q0 3124468 291 8.999343 test
15 Q0 3124888 292 8.992882 test
15 Q0 3132758 293 8.9724 test
15 Q0 3121130 294 8.966249 test
15 Q0 3132443 295 8.963238 test
15 Q0 3123332 296 8.962028 test
15 Q0 3125214 297 8.961585 test
15 Q0 3129087 298 8.956499 test
15 Q0 3124016 299 8.941303 test
15 Q0 3132723 300 8.938194 test
15 Q0 3131390 301 8.928856 test
15 Q0 3126749 302 8.926837 test
15 Q0 3131303 303 8.910518 test
15 Q0 3124725 304 8.909035 test
15 Q0 3132053 305 8.901684 test
15 Q0 3128093 306 8.90114 test
15 Q0 3127789 307 8.886363 test
15 Q0 3127136 308 8.881088 test
15 Q0 3122092 309 8.869747 test
15 Q0 3124261 310 8.862283 test
15 Q0 3120733 311 8.860602 test
15 Q0 3121956 312 8.853717 test
15 Q0 3130464 313 8.8511 test
15 Q0 3129068 314 8.828266 test
15 Q0 3132127 315 8.823395 test
15 Q0 3131987 316 8.822303 test
15 Q0 3123613 317 8.812908 test
15 Q0 3128896 318 8.807143 test
15 Q0 3125308 319 8.797677 test
15 Q0 3131736 320 8.795554 test
15 Q0 3132697 321 8.782084 test
15 Q0 3124320 322 8.77314 test
15 Q0 3132518 323 8.76622 test
15 Q0 3123261 324 8.765529 test
15 Q0 3120709 325 8.763182 test
15 Q0 3131734 326 8.743748 test
15 Q0 3123646 327 8.738193 test
15 Q0 3121652 328 8.735507 test
15 Q0 3127406 329 8.728109 test
15 Q0 3123589 330 8.724478 test
15 Q0 3124858 331 8.71563 test
15 Q0 3125168 332 8.691986 test
15 Q0 3124672 333 8.682281 test
15 Q0 3132439 334 8.67998 test
15 Q0 3121675 335 8.663493 test
15 Q0 3124140 336 8.650937 test
15 Q0 3130668 337 8.650637 test
15 Q0 3128843 338 8.6449375 test
15 Q0 3123162 339 8.636607 test
15 Q0 3124832 340 8.620907 test
15 Q0 3128859 341 8.58619 test
15 Q0 3129305 342 8.571126 test
15 Q0 3131754 343 8.551353 test
15 Q0 3123700 344 8.551133 test
15 Q0 3130911 345 8.54674 test
15 Q0 3123816 346 8.542305 test
15 Q0 3130113 347 8.540457 test
15 Q0 3131265 348 8.540195 test
15 Q0 3128326 349 8.522303 test
15 Q0 3126742 350 8.519469 test
15 Q0 3129073 351 8.513541 test
15 Q0 3131748 352 8.50832 test
15 Q0 3127745 353 8.4954815 test
15 Q0 3130995 354 8.49277 test
15 Q0 3126563 355 8.492675 test
15 Q0 3125649 356 8.49086 test
15 Q0 3125736 357 8.4694195 test
15 Q0 3128266 358 8.466832 test
15 Q0 3131250 359 8.443063 test
15 Q0 3130929 360 8.433625 test
15 Q0 3120732 361 8.427482 test
15 Q0 3125309 362 8.423867 test
15 Q0 3124465 363 8.418032 test
15 Q0 3128605 364 8.40007 test
15 Q0 3120855 365 8.396324 test
15 Q0 3131148 366 8.390521 test
15 Q0 3132277 367 8.385609 test
15 Q0 3124027 368 8.383145 test
15 Q0 3121732 369 8.362088 test
15 Q0 3132698 370 8.328342 test
15 Q0 3129344 371 8.327501 test
15 Q0 3130824 372 8.326399 test
15 Q0 3124391 373 8.326269 test
15 Q0 3127810 374 8.319577 test
15 Q0 3121776 375 8.317305 test
15 Q0 3130709 376 8.304628 test
15 Q0 3128700 377 8.283525 test
15 Q0 3130571 378 8.274711 test
15 Q0 3123256 379 8.27318 test
15 Q0 3131615 380 8.264059 test
15 Q0 3123602 381 8.260384 test
15 Q0 3124125 382 8.253744 test
15 Q0 3128258 383 8.238623 test
15 Q0 3126991 384 8.231021 test
15 Q0 3120809 385 8.227804 test
15 Q0 3125205 386 8.227567 test
15 Q0 3121762 387 8.219537 test
15 Q0 3132128 388 8.216189 test
15 Q0 3132129 389 8.211842 test
15 Q0 3129533 390 8.207644 test
15 Q0 3132119 391 8.196305 test
15 Q0 3123279 392 8.190054 test
15 Q0 3125367 393 8.185731 test
15 Q0 3124266 394 8.181465 test
15 Q0 3127314 395 8.178807 test
15 Q0 3131118 396 8.174651 test
15 Q0 3120849 397 8.152487 test
15 Q0 3129308 398 8.149395 test
15 Q0 3128054 399 8.132169 test
15 Q0 3131719 400 8.118217 test
15 Q0 3132162 401 8.1159935 test
15 Q0 3124193 402 8.092269 test
15 Q0 3123821 403 8.090912 test
15 Q0 3123512 404 8.078792 test
15 Q0 3131384 405 8.074624 test
15 Q0 3130460 406 8.065828 test
15 Q0 3121251 407 8.0585985 test
15 Q0 3121741 408 8.047473 test
15 Q0 3126999 409 8.025908 test
15 Q0 3130647 410 8.011428 test
15 Q0 3123544 411 7.9933476 test
15 Q0 3121080 412 7.992988 test
15 Q0 3120756 413 7.986646 test
15 Q0 3129124 414 7.975198 test
15 Q0 3123657 415 7.9597173 test
15 Q0 3132375 416 7.9546213 test
15 Q0 3130378 417 7.9453497 test
15 Q0 3122986 418 7.9442935 test
15 Q0 3132776 419 7.9428577 test
15 Q0 3126997 420 7.9320354 test
15 Q0 3129169 421 7.9133677 test
15 Q0 3130973 422 7.910837 test
15 Q0 3129585 423 7.899899 test
15 Q0 3122120 424 7.8929334 test
15 Q0 3124237 425 7.8908505 test
15 Q0 3129641 426 7.8901267 test
15 Q0 3132338 427 7.8899846 test
15 Q0 3123319 428 7.8878493 test
15 Q0 3122097 429 7.8822126 test
15 Q0 3123183 430 7.8714333 test
15 Q0 3129761 431 7.8685317 test
15 Q0 3126796 432 7.8473835 test
15 Q0 3130258 433 7.8442407 test
15 Q0 3130670 434 7.836279 test
15 Q0 3122599 435 7.829895 test
15 Q0 3126126 436 7.8149137 test
15 Q0 3132681 437 7.808819 test
15 Q0 3130007 438 7.800435 test
15 Q0 3131541 439 7.795778 test
15 Q0 3128119 440 7.793368 test
15 Q0 3131733 441 7.790247 test
15 Q0 3123562 442 7.7898064 test
15 Q0 3127496 443 7.783013 test
15 Q0 3125522 444 7.7642193 test
15 Q0 3123541 445 7.7619896 test
15 Q0 3132521 446 7.760601 test
15 Q0 3122548 447 7.7576528 test
15 Q0 3121944 448 7.7434864 test
15 Q0 3124387 449 7.7399116 test
15 Q0 3121466 450 7.7393937 test
15 Q0 3123649 451 7.7388077 test
15 Q0 3128581 452 7.724674 test
15 Q0 3123701 453 7.723987 test
15 Q0 3128903 454 7.714029 test
15 Q0 3127397 455 7.713976 test
15 Q0 3132588 456 7.707953 test
15 Q0 3122994 457 7.707289 test
15 Q0 3132402 458 7.675399 test
15 Q0 3132024 459 7.674761 test
15 Q0 3128608 460 7.672672 test
15 Q0 3128860 461 7.6715746 test
15 Q0 3130977 462 7.6660247 test
15 Q0 3128976 463 7.658177 test
15 Q0 3132366 464 7.6547976 test
15 Q0 3132529 465 7.630119 test
15 Q0 3125224 466 7.624772 test
15 Q0 3123513 467 7.616888 test
15 Q0 3132377 468 7.612249 test
15 Q0 3132091 469 7.586169 test
15 Q0 3124484 470 7.5721807 test
15 Q0 3125658 471 7.567161 test
15 Q0 3120834 472 7.552117 test
15 Q0 3130439 473 7.549944 test
15 Q0 3123882 474 7.5365834 test
15 Q0 3132362 475 7.5287347 test
15 Q0 3132279 476 7.5179024 test
15 Q0 3121742 477 7.5107017 test
15 Q0 3131026 478 7.509266 test
15 Q0 3127002 479 7.5090423 test
15 Q0 3127835 480 7.4892373 test
15 Q0 3125270 481 7.485421 test
15 Q0 3131546 482 7.483544 test
15 Q0 3124041 483 7.479269 test
15 Q0 3130667 484 7.477261 test
15 Q0 3125417 485 7.467371 test
15 Q0 3129322 486 7.464704 test
15 Q0 3126989 487 7.458213 test
15 Q0 3126176 488 7.437837 test
15 Q0 3130006 489 7.4344873 test
15 Q0 3124421 490 7.4338045 test
15 Q0 3125161 491 7.4236617 test
15 Q0 3129952 492 7.4142165 test
15 Q0 3126840 493 7.41413 test
15 Q0 3130590 494 7.4140396 test
15 Q0 3120968 495 7.4138603 test
15 Q0 3132690 496 7.4116354 test
15 Q0 3129103 497 7.406059 test
15 Q0 3132032 498 7.3959684 test
15 Q0 3127788 499 7.3908715 test
15 Q0 3129667 500 7.364458 test
15 Q0 3132161 501 7.361776 test
15 Q0 3127768 502 7.361541 test
15 Q0 3122073 503 7.357308 test
15 Q0 3124196 504 7.352553 test
15 Q0 3123340 505 7.3445497 test
15 Q0 3120763 506 7.339827 test
15 Q0 3127315 507 7.332363 test
15 Q0 3126755 508 7.3216476 test
15 Q0 3123639 509 7.3083515 test
15 Q0 3121334 510 7.305006 test
15 Q0 3128826 511 7.3024936 test
15 Q0 3129662 512 7.2894216 test
15 Q0 3132722 513 7.284137 test
15 Q0 3127308 514 7.2770658 test
15 Q0 3127310 515 7.2657056 test
15 Q0 3131524 516 7.2453227 test
15 Q0 3124458 517 7.2348995 test
15 Q0 3127808 518 7.2348466 test
15 Q0 3129759 519 7.22934 test
15 Q0 3125036 520 7.2268047 test
15 Q0 3129581 521 7.22507 test
15 Q0 3124259 522 7.2166357 test
15 Q0 3121630 523 7.2141576 test
15 Q0 3132608 524 7.2070117 test
15 Q0 3131188 525 7.1993976 test
15 Q0 3124325 526 7.198912 test
15 Q0 3123515 527 7.1982236 test
15 Q0 3127415 528 7.194952 test
15 Q0 3124473 529 7.1929865 test
15 Q0 3130193 530 7.1858706 test
15 Q0 3125223 531 7.1823606 test
15 Q0 3126756 532 7.179922 test
15 Q0 3123911 533 7.178737 test
15 Q0 3129108 534 7.177969 test
15 Q0 3132121 535 7.1778965 test
15 Q0 3131981 536 7.170535 test
15 Q0 3122502 537 7.1668324 test
15 Q0 3128088 538 7.1665826 test
15 Q0 3124158 539 7.1639724 test
15 Q0 3129056 540 7.1638975 test
15 Q0 3123817 541 7.1595254 test
15 Q0 3126993 542 7.1594405 test
15 Q0 3131233 543 7.157114 test
15 Q0 3122096 544 7.1524615 test
15 Q0 3127322 545 7.151197 test
15 Q0 3132329 546 7.148587 test
15 Q0 3121745 547 7.1392226 test
15 Q0 3123643 548 7.1311817 test
15 Q0 3124892 549 7.1306567 test
15 Q0 3127317 550 7.1243258 test
15 Q0 3132696 551 7.1127887 test
15 Q0 3130610 552 7.109115 test
15 Q0 3127750 553 7.1073875 test
15 Q0 3123192 554 7.106649 test
15 Q0 3125254 555 7.093999 test
15 Q0 3123287 556 7.093172 test
15 Q0 3132693 557 7.090111 test
15 Q0 3122094 558 7.08173 test
15 Q0 3127318 559 7.081511 test
15 Q0 3124506 560 7.0727963 test
15 Q0 3128098 561 7.0696983 test
15 Q0 3128842 562 7.0623837 test
15 Q0 3122728 563 7.0607066 test
15 Q0 3132497 564 7.059387 test
15 Q0 3132327 565 7.0466027 test
15 Q0 3132488 566 7.030098 test
15 Q0 3125386 567 7.019001 test
15 Q0 3128000 568 7.0174117 test
15 Q0 3124834 569 7.016376 test
15 Q0 3125720 570 7.014812 test
15 Q0 3125289 571 7.010536 test
15 Q0 3124432 572 7.0080557 test
15 Q0 3125108 573 7.0063987 test
15 Q0 3129776 574 7.001221 test
15 Q0 3124512 575 6.985792 test
15 Q0 3123585 576 6.9823794 test
15 Q0 3124860 577 6.9779844 test
15 Q0 3127319 578 6.961531 test
15 Q0 3130291 579 6.9575105 test
15 Q0 3126497 580 6.950655 test
15 Q0 3130703 581 6.944692 test
15 Q0 3130169 582 6.9438095 test
15 Q0 3130912 583 6.931031 test
15 Q0 3129769 584 6.929285 test
15 Q0 3122992 585 6.927977 test
15 Q0 3123907 586 6.92383 test
15 Q0 3131124 587 6.922293 test
15 Q0 3130805 588 6.9071503 test
15 Q0 3127984 589 6.906114 test
15 Q0 3120758 590 6.905836 test
15 Q0 3120681 591 6.9003544 test
15 Q0 3129345 592 6.898992 test
15 Q0 3129013 593 6.8981004 test
15 Q0 3131519 594 6.8961744 test
15 Q0 3123303 595 6.889929 test
15 Q0 3120773 596 6.889153 test
15 Q0 3120704 597 6.8866735 test
15 Q0 3123282 598 6.8827996 test
15 Q0 3124948 599 6.881035 test
15 Q0 3124486 600 6.8806844 test
15 Q0 3132512 601 6.8798265 test
15 Q0 3129764 602 6.8756423 test
15 Q0 3127956 603 6.873873 test
15 Q0 3126805 604 6.8683295 test
15 Q0 3127497 605 6.8638673 test
15 Q0 3128582 606 6.857312 test
15 Q0 3132176 607 6.8556323 test
15 Q0 3128120 608 6.8548183 test
15 Q0 3123581 609 6.836734 test
15 Q0 3130575 610 6.834512 test
15 Q0 3120760 611 6.8337345 test
15 Q0 3131542 612 6.8257556 test
15 Q0 3131769 613 6.825322 test
15 Q0 3131986 614 6.8189516 test
15 Q0 3129312 615 6.8133135 test
15 Q0 3127296 616 6.8054786 test
15 Q0 3124439 617 6.805147 test
15 Q0 3121782 618 6.805094 test
15 Q0 3129943 619 6.7996416 test
15 Q0 3132674 620 6.795492 test
15 Q0 3123658 621 6.789528 test
15 Q0 3130926 622 6.7846527 test
15 Q0 3132536 623 6.7818956 test
15 Q0 3131032 624 6.779851 test
15 Q0 3127311 625 6.7725625 test
15 Q0 3126817 626 6.7658935 test
15 Q0 3129589 627 6.764808 test
15 Q0 3130570 628 6.764175 test
15 Q0 3130893 629 6.760138 test
15 Q0 3123607 630 6.7599154 test
15 Q0 3127130 631 6.755975 test
15 Q0 3130676 632 6.7549677 test
15 Q0 3124461 633 6.7516713 test
15 Q0 3124819 634 6.751596 test
15 Q0 3132691 635 6.744069 test
15 Q0 3131237 636 6.743849 test
15 Q0 3120748 637 6.7424297 test
15 Q0 3123820 638 6.7393208 test
15 Q0 3130982 639 6.71362 test
15 Q0 3132411 640 6.7119513 test
15 Q0 3126701 641 6.7035093 test
15 Q0 3131771 642 6.6872725 test
15 Q0 3131128 643 6.670543 test
15 Q0 3120722 644 6.6683893 test
15 Q0 3124431 645 6.659052 test
15 Q0 3132333 646 6.637597 test
15 Q0 3121799 647 6.637577 test
15 Q0 3126802 648 6.630781 test
15 Q0 3121125 649 6.627067 test
15 Q0 3127969 650 6.6044493 test
15 Q0 3125253 651 6.601731 test
15 Q0 3132350 652 6.6008167 test
15 Q0 3131022 653 6.593485 test
15 Q0 3121267 654 6.592783 test
15 Q0 3130920 655 6.5872197 test
15 Q0 3126814 656 6.5658684 test
15 Q0 3124922 657 6.552879 test
15 Q0 3131791 658 6.5424185 test
15 Q0 3132745 659 6.5384603 test
15 Q0 3128047 660 6.5337844 test
15 Q0 3130517 661 6.527203 test
15 Q0 3121954 662 6.520252 test
15 Q0 3129966 663 6.5199776 test
15 Q0 3130572 664 6.519358 test
15 Q0 3123626 665 6.514159 test
15 Q0 3123194 666 6.5104136 test
15 Q0 3132751 667 6.5104003 test
15 Q0 3123550 668 6.5015264 test
15 Q0 3121436 669 6.497602 test
15 Q0 3132240 670 6.4967303 test
15 Q0 3125170 671 6.4949713 test
15 Q0 3125310 672 6.4918556 test
15 Q0 3124398 673 6.4861674 test
15 Q0 3126745 674 6.4718966 test
15 Q0 3129794 675 6.4708996 test
15 Q0 3132050 676 6.461456 test
15 Q0 3127801 677 6.4530225 test
15 Q0 3126759 678 6.44769 test
15 Q0 3127766 679 6.4467444 test
15 Q0 3125509 680 6.4466915 test
15 Q0 3124123 681 6.4466734 test
15 Q0 3132170 682 6.4396114 test
15 Q0 3129673 683 6.4375052 test
15 Q0 3129574 684 6.4374785 test
15 Q0 3128051 685 6.4374623 test
15 Q0 3123266 686 6.426459 test
15 Q0 3126998 687 6.4199953 test
15 Q0 3130959 688 6.410118 test
15 Q0 3132670 689 6.3965545 test
15 Q0 3125381 690 6.3937416 test
15 Q0 3125283 691 6.3885407 test
15 Q0 3125264 692 6.3880625 test
15 Q0 3125662 693 6.3867884 test
15 Q0 3132325 694 6.379649 test
15 Q0 3129077 695 6.3649797 test
15 Q0 3123359 696 6.358045 test
15 Q0 3131243 697 6.3545775 test
15 Q0 3126738 698 6.343899 test
15 Q0 3126844 699 6.337963 test
15 Q0 3132342 700 6.3360343 test
15 Q0 3132341 701 6.3321795 test
15 Q0 3131592 702 6.3304853 test
15 Q0 3123614 703 6.330387 test
15 Q0 3131735 704 6.3294353 test
15 Q0 3127770 705 6.325436 test
15 Q0 3123577 706 6.3217463 test
15 Q0 3130183 707 6.3203273 test
15 Q0 3125375 708 6.3194404 test
15 Q0 3132663 709 6.3117824 test
15 Q0 3130276 710 6.3112707 test
15 Q0 3130767 711 6.3053517 test
15 Q0 3123656 712 6.2974744 test
15 Q0 3128854 713 6.2928476 test
15 Q0 3131125 714 6.290793 test
15 Q0 3131259 715 6.2898374 test
15 Q0 3121955 716 6.284379 test
15 Q0 3120816 717 6.283021 test
15 Q0 3131598 718 6.279071 test
15 Q0 3132467 719 6.2771983 test
15 Q0 3125189 720 6.2765274 test
15 Q0 3123273 721 6.273746 test
15 Q0 3124954 722 6.2735047 test
15 Q0 3130656 723 6.267736 test
15 Q0 3121726 724 6.2607965 test
15 Q0 3130663 725 6.2601924 test
15 Q0 3125512 726 6.259496 test
15 Q0 3121673 727 6.2583513 test
15 Q0 3121129 728 6.2573295 test
15 Q0 3131150 729 6.2450957 test
15 Q0 3132500 730 6.244993 test
15 Q0 3132707 731 6.2390604 test
15 Q0 3123297 732 6.2355967 test
15 Q0 3123159 733 6.2152963 test
15 Q0 3130139 734 6.2092843 test
15 Q0 3123846 735 6.208273 test
15 Q0 3131727 736 6.207064 test
15 Q0 3126713 737 6.2036424 test
15 Q0 3124933 738 6.2004266 test
15 Q0 3126816 739 6.1981564 test
15 Q0 3120882 740 6.1959333 test
15 Q0 3123200 741 6.1909046 test
15 Q0 3128247 742 6.189597 test
15 Q0 3124497 743 6.188203 test
15 Q0 3125660 744 6.1776166 test
15 Q0 3126792 745 6.1757174 test
15 Q0 3120685 746 6.1718273 test
15 Q0 3127744 747 6.1713853 test
15 Q0 3122416 748 6.167974 test
15 Q0 3128624 749 6.164284 test
15 Q0 3120854 750 6.162585 test
15 Q0 3132412 751 6.1606836 test
15 Q0 3124030 752 6.1599407 test
15 Q0 3120808 753 6.157455 test
15 Q0 3125695 754 6.1471906 test
15 Q0 3121120 755 6.1381702 test
15 Q0 3123566 756 6.134293 test
15 Q0 3120869 757 6.1274133 test
15 Q0 3120692 758 6.1234035 test
15 Q0 3126852 759 6.1217265 test
15 Q0 3132634 760 6.120824 test
15 Q0 3126799 761 6.114425 test
15 Q0 3126700 762 6.1062784 test
15 Q0 3128262 763 6.09916 test
15 Q0 3130788 764 6.098378 test
15 Q0 3131027 765 6.0907435 test
15 Q0 3132736 766 6.089998 test
15 Q0 3120878 767 6.0882306 test
15 Q0 3121607 768 6.087533 test
15 Q0 3124721 769 6.0827613 test
15 Q0 3130044 770 6.0778913 test
15 Q0 3125141 771 6.073051 test
15 Q0 3130289 772 6.069218 test
15 Q0 3132092 773 6.0631595 test
15 Q0 3120710 774 6.054308 test
15 Q0 3130569 775 6.05369 test
15 Q0 3123572 776 6.053051 test
15 Q0 3128941 777 6.05085 test
15 Q0 3121797 778 6.0496955 test
15 Q0 3128845 779 6.0478997 test
15 Q0 3130137 780 6.0465255 test
15 Q0 3125248 781 6.037208 test
15 Q0 3120823 782 6.0353403 test
15 Q0 3132602 783 6.0335097 test
15 Q0 3120731 784 6.0314507 test
15 Q0 3130050 785 6.025327 test
15 Q0 3127973 786 6.02521 test
15 Q0 3129292 787 6.0233397 test
15 Q0 3124543 788 6.015827 test
15 Q0 3128065 789 6.011431 test
15 Q0 3130699 790 6.002786 test
15 Q0 3130022 791 6.002182 test
15 Q0 3130650 792 6.000413 test
15 Q0 3121937 793 5.999166 test
15 Q0 3121798 794 5.996236 test
15 Q0 3126765 795 5.9946175 test
15 Q0 3123176 796 5.987392 test
15 Q0 3125793 797 5.9844604 test
15 Q0 3125305 798 5.978655 test
15 Q0 3123240 799 5.9771905 test
15 Q0 3129947 800 5.9759088 test
15 Q0 3127019 801 5.9729934 test
15 Q0 3127111 802 5.972984 test
15 Q0 3130787 803 5.970128 test
15 Q0 3122544 804 5.969182 test
15 Q0 3132155 805 5.966738 test
15 Q0 3125958 806 5.96251 test
15 Q0 3120877 807 5.957062 test
15 Q0 3126849 808 5.9562774 test
15 Q0 3129016 809 5.9551907 test
15 Q0 3125317 810 5.954147 test
15 Q0 3129755 811 5.943727 test
15 Q0 3129355 812 5.9366703 test
15 Q0 3123173 813 5.926513 test
15 Q0 3121743 814 5.9254546 test
15 Q0 3127297 815 5.923655 test
15 Q0 3126779 816 5.9225397 test
15 Q0 3132156 817 5.918801 test
15 Q0 3121430 818 5.9176283 test
15 Q0 3132028 819 5.9157147 test
15 Q0 3125207 820 5.9125633 test
15 Q0 3125582 821 5.9107103 test
15 Q0 3128828 822 5.908565 test
15 Q0 3120827 823 5.9070807 test
15 Q0 3129079 824 5.9068065 test
15 Q0 3128017 825 5.9064918 test
15 Q0 3123224 826 5.8998947 test
15 Q0 3121793 827 5.8996205 test
15 Q0 3130153 828 5.899514 test
15 Q0 3124478 829 5.8972073 test
15 Q0 3129290 830 5.8921766 test
15 Q0 3121136 831 5.892121 test
15 Q0 3130966 832 5.8912325 test
15 Q0 3130729 833 5.888612 test
15 Q0 3127782 834 5.887749 test
15 Q0 3124491 835 5.8781075 test
15 Q0 3127732 836 5.876716 test
15 Q0 3130023 837 5.873972 test
15 Q0 3121439 838 5.8660116 test
15 Q0 3120810 839 5.8659406 test
15 Q0 3120965 840 5.8528867 test
15 Q0 3131126 841 5.850392 test
15 Q0 3123638 842 5.850138 test
15 Q0 3130493 843 5.84763 test
15 Q0 3131514 844 5.842713 test
15 Q0 3123311 845 5.842207 test
15 Q0 3132036 846 5.840787 test
15 Q0 3131130 847 5.8402915 test
15 Q0 3120862 848 5.8395205 test
15 Q0 3123833 849 5.8348784 test
15 Q0 3128584 850 5.831348 test
15 Q0 3128013 851 5.8297405 test
15 Q0 3125404 852 5.8253865 test
15 Q0 3126744 853 5.8185573 test
15 Q0 3123290 854 5.8144913 test
15 Q0 3123596 855 5.811891 test
15 Q0 3130662 856 5.808008 test
15 Q0 3127104 857 5.794953 test
15 Q0 3131025 858 5.785703 test
15 Q0 3127420 859 5.7835875 test
15 Q0 3123586 860 5.7784815 test
15 Q0 3121584 861 5.775535 test
15 Q0 3131020 862 5.771225 test
15 Q0 3132015 863 5.7710967 test
15 Q0 3123242 864 5.7694783 test
15 Q0 3130638 865 5.768163 test
15 Q0 3124717 866 5.7536798 test
15 Q0 3127762 867 5.749589 test
15 Q0 3130185 868 5.7491293 test
15 Q0 3129029 869 5.7453084 test
15 Q0 3121248 870 5.737892 test
15 Q0 3126980 871 5.7363114 test
15 Q0 3127859 872 5.72565 test
15 Q0 3130698 873 5.725009 test
15 Q0 3127350 874 5.7179227 test
15 Q0 3128866 875 5.7102118 test
15 Q0 3125258 876 5.710044 test
15 Q0 3123965 877 5.708195 test
15 Q0 3131386 878 5.703335 test
15 Q0 3121617 879 5.699283 test
15 Q0 3131280 880 5.699122 test
15 Q0 3121137 881 5.696817 test
15 Q0 3130486 882 5.693664 test
15 Q0 3125524 883 5.6924143 test
15 Q0 3130182 884 5.6903434 test
15 Q0 3120675 885 5.6882353 test
15 Q0 3129289 886 5.6863465 test
15 Q0 3126282 887 5.684893 test
15 Q0 3128072 888 5.6835804 test
15 Q0 3123549 889 5.680311 test
15 Q0 3121748 890 5.675425 test
15 Q0 3130566 891 5.6681185 test
15 Q0 3123813 892 5.6610465 test
15 Q0 3131582 893 5.660893 test
15 Q0 3125800 894 5.6588726 test
15 Q0 3123161 895 5.6561713 test
15 Q0 3131555 896 5.6556263 test
15 Q0 3127753 897 5.647768 test
15 Q0 3125291 898 5.635283 test
15 Q0 3127989 899 5.6293664 test
15 Q0 3123285 900 5.6233363 test
15 Q0 3124480 901 5.616216 test
15 Q0 3123214 902 5.6148405 test
15 Q0 3124884 903 5.611667 test
15 Q0 3121727 904 5.597002 test
15 Q0 3127778 905 5.5947976 test
15 Q0 3127135 906 5.5930033 test
15 Q0 3122070 907 5.5918484 test
15 Q0 3132679 908 5.5858355 test
15 Q0 3132214 909 5.584356 test
15 Q0 3128707 910 5.5805197 test
15 Q0 3132613 911 5.578651 test
15 Q0 3128035 912 5.5781255 test
15 Q0 3125216 913 5.572449 test
15 Q0 3125794 914 5.5693145 test
15 Q0 3123301 915 5.568446 test
15 Q0 3131515 916 5.5623055 test
15 Q0 3130288 917 5.560553 test
15 Q0 3124550 918 5.5583863 test
15 Q0 3121649 919 5.5530953 test
15 Q0 3124893 920 5.5454698 test
15 Q0 3130744 921 5.5358214 test
15 Q0 3127855 922 5.534892 test
15 Q0 3121635 923 5.534807 test
15 Q0 3127718 924 5.533838 test
15 Q0 3127837 925 5.524422 test
15 Q0 3125197 926 5.5243077 test
15 Q0 3129328 927 5.5228 test
15 Q0 3131037 928 5.5223494 test
15 Q0 3122068 929 5.5203996 test
15 Q0 3130903 930 5.5137606 test
15 Q0 3125204 931 5.510526 test
15 Q0 3132666 932 5.5073977 test
15 Q0 3126736 933 5.5050287 test
15 Q0 3131281 934 5.495482 test
15 Q0 3121618 935 5.4930625 test
15 Q0 3131731 936 5.4926558 test
15 Q0 3131717 937 5.487326 test
15 Q0 3130482 938 5.4807076 test
15 Q0 3125701 939 5.479676 test
15 Q0 3120876 940 5.4781675 test
15 Q0 3121610 941 5.47516 test
15 Q0 3130582 942 5.4749346 test
15 Q0 3123312 943 5.4695134 test
15 Q0 3121728 944 5.46169 test
15 Q0 3125246 945 5.4516315 test
15 Q0 3128050 946 5.44996 test
15 Q0 3123963 947 5.448602 test
15 Q0 3120818 948 5.4477706 test
15 Q0 3130010 949 5.447374 test
15 Q0 3130765 950 5.442904 test
15 Q0 3128742 951 5.4425006 test
15 Q0 3125359 952 5.44241 test
15 Q0 3129008 953 5.440946 test
15 Q0 3125274 954 5.4387507 test
15 Q0 3131561 955 5.4353724 test
15 Q0 3128412 956 5.4223557 test
15 Q0 3120726 957 5.4210324 test
15 Q0 3130792 958 5.420196 test
15 Q0 3124931 959 5.418298 test
15 Q0 3131772 960 5.4086046 test
15 Q0 3130747 961 5.40695 test
15 Q0 3132513 962 5.4046307 test
15 Q0 3125290 963 5.404136 test
15 Q0 3124481 964 5.3971624 test
15 Q0 3121876 965 5.395705 test
15 Q0 3125729 966 5.395018 test
15 Q0 3128619 967 5.3948784 test
15 Q0 3124731 968 5.3861575 test
15 Q0 3129958 969 5.385496 test
15 Q0 3124153 970 5.385402 test
15 Q0 3125299 971 5.373447 test
15 Q0 3126824 972 5.3702974 test
15 Q0 3121694 973 5.367979 test
15 Q0 3124258 974 5.3673873 test
15 Q0 3125356 975 5.3654075 test
15 Q0 3132531 976 5.3636746 test
15 Q0 3128993 977 5.3621435 test
15 Q0 3124130 978 5.3532467 test
15 Q0 3129963 979 5.3515315 test
15 Q0 3127417 980 5.3488946 test
15 Q0 3127966 981 5.3479233 test
15 Q0 3124435 982 5.3459387 test
15 Q0 3126788 983 5.343974 test
15 Q0 3127761 984 5.3431983 test
15 Q0 3129294 985 5.3422422 test
15 Q0 3127290 986 5.3419642 test
15 Q0 3128556 987 5.3411937 test
15 Q0 3128931 988 5.3350987 test
15 Q0 3121421 989 5.332217 test
15 Q0 3123745 990 5.3241496 test
15 Q0 3126772 991 5.318344 test
15 Q0 3130181 992 5.317959 test
15 Q0 3130588 993 5.3174477 test
15 Q0 3126845 994 5.3143125 test
15 Q0 3128007 995 5.309033 test
15 Q0 3127986 996 5.3057475 test
15 Q0 3125235 997 5.302945 test
15 Q0 3127087 998 5.2997117 test
15 Q0 3130043 999 5.297024 test
15 Q0 3124998 1000 5.296855 test
16 Q0 3129533 1 52.256664 test
16 Q0 3132325 2 35.3558 test
16 Q0 3125361 3 33.924194 test
16 Q0 3131766 4 33.3806 test
16 Q0 3131546 5 33.305965 test
16 Q0 3130930 6 32.153507 test
16 Q0 3120681 7 31.734314 test
16 Q0 3124275 8 31.282661 test
16 Q0 3127311 9 31.122684 test
16 Q0 3131536 10 30.822178 test
16 Q0 3123294 11 30.800343 test
16 Q0 3127305 12 30.00889 test
16 Q0 3125150 13 29.861065 test
16 Q0 3122958 14 29.788494 test
16 Q0 3125389 15 29.668415 test
16 Q0 3123597 16 29.038597 test
16 Q0 3129090 17 28.766691 test
16 Q0 3123183 18 28.572348 test
16 Q0 3130358 19 28.449306 test
16 Q0 3132663 20 28.314476 test
16 Q0 3121661 21 27.806526 test
16 Q0 3123554 22 27.38369 test
16 Q0 3124122 23 27.343472 test
16 Q0 3132053 24 27.332146 test
16 Q0 3123340 25 27.260138 test
16 Q0 3123549 26 27.041805 test
16 Q0 3128735 27 26.960512 test
16 Q0 3130983 28 26.630684 test
16 Q0 3131543 29 26.557583 test
16 Q0 3127497 30 26.529373 test
16 Q0 3123562 31 26.416006 test
16 Q0 3132742 32 26.118414 test
16 Q0 3129114 33 26.026316 test
16 Q0 3129962 34 25.861483 test
16 Q0 3125278 35 25.755922 test
16 Q0 3127806 36 25.707714 test
16 Q0 3129083 37 25.698732 test
16 Q0 3121610 38 25.344318 test
16 Q0 3120755 39 25.343714 test
16 Q0 3130919 40 25.195686 test
16 Q0 3128029 41 25.072004 test
16 Q0 3122379 42 24.907799 test
16 Q0 3121880 43 24.884418 test
16 Q0 3130976 44 24.82408 test
16 Q0 3131116 45 24.652122 test
16 Q0 3130724 46 24.56305 test
16 Q0 3124495 47 24.521994 test
16 Q0 3124141 48 24.494576 test
16 Q0 3132035 49 24.387297 test
16 Q0 3125011 50 24.314194 test
16 Q0 3125326 51 24.179651 test
16 Q0 3130893 52 24.145817 test
16 Q0 3126787 53 24.114828 test
16 Q0 3125115 54 24.107828 test
16 Q0 3123208 55 24.099556 test
16 Q0 3127759 56 24.086283 test
16 Q0 3130715 57 24.01004 test
16 Q0 3132205 58 24.000029 test
16 Q0 3130480 59 23.980764 test
16 Q0 3127967 60 23.967234 test
16 Q0 3125058 61 23.966085 test
16 Q0 3122040 62 23.886263 test
16 Q0 3125169 63 23.872646 test
16 Q0 3132374 64 23.815386 test
16 Q0 3128014 65 23.751188 test
16 Q0 3126735 66 23.66384 test
16 Q0 3121584 67 23.63341 test
16 Q0 3132201 68 23.586351 test
16 Q0 3123001 69 23.55346 test
16 Q0 3123005 70 23.423029 test
16 Q0 3124481 71 23.418766 test
16 Q0 3131725 72 23.41187 test
16 Q0 3123209 73 23.382942 test
16 Q0 3132093 74 23.302237 test
16 Q0 3127836 75 23.273794 test
16 Q0 3130462 76 23.257109 test
16 Q0 3128388 77 23.245138 test
16 Q0 3131117 78 23.198671 test
16 Q0 3130463 79 23.115421 test
16 Q0 3121609 80 23.114609 test
16 Q0 3122071 81 23.029562 test
16 Q0 3129059 82 23.023197 test
16 Q0 3127738 83 22.765759 test
16 Q0 3128129 84 22.75019 test
16 Q0 3126694 85 22.72386 test
16 Q0 3132012 86 22.711695 test
16 Q0 3132276 87 22.704866 test
16 Q0 3125520 88 22.674511 test
16 Q0 3131001 89 22.620438 test
16 Q0 3127492 90 22.508976 test
16 Q0 3130782 91 22.490198 test
16 Q0 3128045 92 22.433533 test
16 Q0 3129095 93 22.346428 test
16 Q0 3130138 94 22.344637 test
16 Q0 3121736 95 22.048931 test
16 Q0 3124838 96 21.968203 test
16 Q0 3121731 97 21.922201 test
16 Q0 3132681 98 21.84984 test
16 Q0 3121608 99 21.840298 test
16 Q0 3124484 100 21.724009 test
16 Q0 3124266 101 21.61189 test
16 Q0 3127108 102 21.601526 test
16 Q0 3130690 103 21.588425 test
16 Q0 3121942 104 21.519035 test
16 Q0 3129618 105 21.508379 test
16 Q0 3121139 106 21.39954 test
16 Q0 3125324 107 21.360764 test
16 Q0 3120994 108 21.350634 test
16 Q0 3126720 109 21.336906 test
16 Q0 3120685 110 21.328808 test
16 Q0 3120752 111 21.303164 test
16 Q0 3125536 112 21.284092 test
16 Q0 3127808 113 21.256937 test
16 Q0 3124993 114 21.21665 test
16 Q0 3121580 115 21.16988 test
16 Q0 3124253 116 21.13162 test
16 Q0 3122545 117 21.05575 test
16 Q0 3131792 118 21.045086 test
16 Q0 3126708 119 21.03005 test
16 Q0 3123615 120 20.98571 test
16 Q0 3126743 121 20.933868 test
16 Q0 3131295 122 20.793524 test
16 Q0 3126790 123 20.780643 test
16 Q0 3130894 124 20.777178 test
16 Q0 3124933 125 20.766462 test
16 Q0 3129061 126 20.75168 test
16 Q0 3126784 127 20.699368 test
16 Q0 3124548 128 20.605145 test
16 Q0 3131558 129 20.571781 test
16 Q0 3127760 130 20.537914 test
16 Q0 3122366 131 20.497131 test
16 Q0 3130933 132 20.410978 test
16 Q0 3123658 133 20.333778 test
16 Q0 3127774 134 20.306282 test
16 Q0 3121685 135 20.272741 test
16 Q0 3121265 136 20.247921 test
16 Q0 3124286 137 20.241726 test
16 Q0 3124837 138 20.235027 test
16 Q0 3124965 139 20.163328 test
16 Q0 3123907 140 20.100637 test
16 Q0 3126762 141 20.076189 test
16 Q0 3121698 142 20.039806 test
16 Q0 3132708 143 20.032108 test
16 Q0 3121071 144 20.02561 test
16 Q0 3124732 145 20.007795 test
16 Q0 3123637 146 19.97988 test
16 Q0 3130670 147 19.856829 test
16 Q0 3130610 148 19.702217 test
16 Q0 3120793 149 19.621632 test
16 Q0 3124730 150 19.607857 test
16 Q0 3130996 151 19.492376 test
16 Q0 3132702 152 19.45186 test
16 Q0 3125124 153 19.348223 test
16 Q0 3123008 154 19.346077 test
16 Q0 3129042 155 19.345066 test
16 Q0 3120776 156 19.309357 test
16 Q0 3127950 157 19.249136 test
16 Q0 3128041 158 19.206457 test
16 Q0 3130148 159 19.199083 test
16 Q0 3132739 160 19.136135 test
16 Q0 3121582 161 19.118265 test
16 Q0 3124303 162 19.055721 test
16 Q0 3123560 163 19.045755 test
16 Q0 3124728 164 19.033672 test
16 Q0 3123169 165 19.02292 test
16 Q0 3123003 166 18.947645 test
16 Q0 3123565 167 18.94365 test
16 Q0 3123159 168 18.941494 test
16 Q0 3125279 169 18.908865 test
16 Q0 3129060 170 18.87321 test
16 Q0 3126719 171 18.862114 test
16 Q0 3125667 172 18.783527 test
16 Q0 3120735 173 18.696053 test
16 Q0 3121091 174 18.661943 test
16 Q0 3129301 175 18.657639 test
16 Q0 3132096 176 18.650251 test
16 Q0 3125655 177 18.582115 test
16 Q0 3127398 178 18.578966 test
16 Q0 3130669 179 18.57305 test
16 Q0 3125098 180 18.538687 test
16 Q0 3132542 181 18.516245 test
16 Q0 3123462 182 18.468277 test
16 Q0 3120756 183 18.457535 test
16 Q0 3130584 184 18.447515 test
16 Q0 3122181 185 18.445631 test
16 Q0 3124480 186 18.393326 test
16 Q0 3130578 187 18.38627 test
16 Q0 3125006 188 18.372158 test
16 Q0 3121656 189 18.360186 test
16 Q0 3132091 190 18.349817 test
16 Q0 3129693 191 18.324959 test
16 Q0 3121056 192 18.299438 test
16 Q0 3132494 193 18.230179 test
16 Q0 3123845 194 18.225376 test
16 Q0 3127794 195 18.17175 test
16 Q0 3123769 196 18.083395 test
16 Q0 3126695 197 18.080927 test
16 Q0 3124023 198 18.067423 test
16 Q0 3122373 199 18.06143 test
16 Q0 3126972 200 18.006947 test
16 Q0 3132127 201 17.958847 test
16 Q0 3126989 202 17.946693 test
16 Q0 3126827 203 17.926342 test
16 Q0 3132090 204 17.880125 test
16 Q0 3130631 205 17.863438 test
16 Q0 3131397 206 17.854176 test
16 Q0 3125255 207 17.840864 test
16 Q0 3124644 208 17.804062 test
16 Q0 3127314 209 17.762184 test
16 Q0 3132635 210 17.74013 test
16 Q0 3128930 211 17.730104 test
16 Q0 3124449 212 17.729212 test
16 Q0 3123706 213 17.706717 test
16 Q0 3123696 214 17.704466 test
16 Q0 3132200 215 17.69345 test
16 Q0 3124731 216 17.681236 test
16 Q0 3132232 217 17.6597 test
16 Q0 3130373 218 17.627726 test
16 Q0 3125730 219 17.609356 test
16 Q0 3127324 220 17.589775 test
16 Q0 3130697 221 17.587954 test
16 Q0 3123249 222 17.580292 test
16 Q0 3127857 223 17.579412 test
16 Q0 3132418 224 17.551586 test
16 Q0 3130360 225 17.547777 test
16 Q0 3121094 226 17.546125 test
16 Q0 3128002 227 17.545166 test
16 Q0 3132283 228 17.535652 test
16 Q0 3128242 229 17.535608 test
16 Q0 3132365 230 17.492954 test
16 Q0 3120749 231 17.484766 test
16 Q0 3130464 232 17.444107 test
16 Q0 3128271 233 17.432732 test
16 Q0 3132466 234 17.40868 test
16 Q0 3120715 235 17.374834 test
16 Q0 3127740 236 17.343658 test
16 Q0 3123211 237 17.2371 test
16 Q0 3124465 238 17.2053 test
16 Q0 3132336 239 17.190733 test
16 Q0 3131722 240 17.170265 test
16 Q0 3120792 241 17.165464 test
16 Q0 3125387 242 17.153994 test
16 Q0 3130632 243 17.150078 test
16 Q0 3130457 244 17.149403 test
16 Q0 3126760 245 17.111122 test
16 Q0 3132097 246 17.088552 test
16 Q0 3123002 247 17.006964 test
16 Q0 3124123 248 17.00453 test
16 Q0 3123548 249 16.986118 test
16 Q0 3121650 250 16.953638 test
16 Q0 3125654 251 16.940369 test
16 Q0 3127315 252 16.90661 test
16 Q0 3121630 253 16.879173 test
16 Q0 3128105 254 16.868912 test
16 Q0 3124463 255 16.84498 test
16 Q0 3130717 256 16.844019 test
16 Q0 3121686 257 16.828272 test
16 Q0 3125504 258 16.815826 test
16 Q0 3124319 259 16.786856 test
16 Q0 3131984 260 16.773182 test
16 Q0 3126856 261 16.758612 test
16 Q0 3132443 262 16.692465 test
16 Q0 3127982 263 16.651655 test
16 Q0 3128599 264 16.62367 test
16 Q0 3124875 265 16.617588 test
16 Q0 3123250 266 16.609144 test
16 Q0 3124544 267 16.603148 test
16 Q0 3130730 268 16.586012 test
16 Q0 3129678 269 16.56567 test
16 Q0 3127308 270 16.529808 test
16 Q0 3132045 271 16.526936 test
16 Q0 3125296 272 16.514938 test
16 Q0 3128744 273 16.4989 test
16 Q0 3120745 274 16.493235 test
16 Q0 3125360 275 16.441912 test
16 Q0 3129759 276 16.41422 test
16 Q0 3130333 277 16.396235 test
16 Q0 3125651 278 16.363628 test
16 Q0 3126763 279 16.350626 test
16 Q0 3128896 280 16.336218 test
16 Q0 3120732 281 16.309454 test
16 Q0 3122505 282 16.29914 test
16 Q0 3130149 283 16.2956 test
16 Q0 3123934 284 16.294474 test
16 Q0 3129535 285 16.281311 test
16 Q0 3121967 286 16.216793 test
16 Q0 3132661 287 16.21196 test
16 Q0 3123162 288 16.201006 test
16 Q0 3131393 289 16.195736 test
16 Q0 3124254 290 16.156017 test
16 Q0 3130473 291 16.12528 test
16 Q0 3131514 292 16.091066 test
16 Q0 3120709 293 16.083502 test
16 Q0 3125194 294 16.064108 test
16 Q0 3128859 295 16.058374 test
16 Q0 3122096 296 16.047915 test
16 Q0 3132331 297 16.0296 test
16 Q0 3132721 298 16.003305 test
16 Q0 3131522 299 15.985795 test
16 Q0 3132117 300 15.965527 test
16 Q0 3131733 301 15.949465 test
16 Q0 3124264 302 15.9440775 test
16 Q0 3132670 303 15.942481 test
16 Q0 3131284 304 15.914463 test
16 Q0 3127977 305 15.87037 test
16 Q0 3121466 306 15.85913 test
16 Q0 3131791 307 15.843139 test
16 Q0 3131036 308 15.843026 test
16 Q0 3123311 309 15.807828 test
16 Q0 3132309 310 15.748666 test
16 Q0 3127761 311 15.748658 test
16 Q0 3132281 312 15.74323 test
16 Q0 3130957 313 15.725265 test
16 Q0 3121263 314 15.7094345 test
16 Q0 3127763 315 15.704794 test
16 Q0 3121062 316 15.686147 test
16 Q0 3128858 317 15.662788 test
16 Q0 3125500 318 15.655097 test
16 Q0 3129183 319 15.652212 test
16 Q0 3123991 320 15.620921 test
16 Q0 3130494 321 15.601145 test
16 Q0 3123563 322 15.59743 test
16 Q0 3130680 323 15.540732 test
16 Q0 3132026 324 15.52957 test
16 Q0 3126977 325 15.506738 test
16 Q0 3131719 326 15.506261 test
16 Q0 3124316 327 15.481017 test
16 Q0 3131384 328 15.45366 test
16 Q0 3128846 329 15.442086 test
16 Q0 3130468 330 15.411841 test
16 Q0 3120818 331 15.392379 test
16 Q0 3122088 332 15.385994 test
16 Q0 3128054 333 15.369485 test
16 Q0 3121604 334 15.33717 test
16 Q0 3132345 335 15.280418 test
16 Q0 3132285 336 15.242136 test
16 Q0 3131305 337 15.216299 test
16 Q0 3122103 338 15.215124 test
16 Q0 3121059 339 15.205474 test
16 Q0 3130567 340 15.17559 test
16 Q0 3127807 341 15.1260605 test
16 Q0 3130920 342 15.105905 test
16 Q0 3123852 343 15.087359 test
16 Q0 3122054 344 15.08126 test
16 Q0 3121751 345 15.067962 test
16 Q0 3128826 346 15.061104 test
16 Q0 3131748 347 15.042237 test
16 Q0 3125337 348 14.99989 test
16 Q0 3124320 349 14.997683 test
16 Q0 3130982 350 14.990666 test
16 Q0 3123344 351 14.981119 test
16 Q0 3125292 352 14.977736 test
16 Q0 3127758 353 14.975912 test
16 Q0 3132371 354 14.97461 test
16 Q0 3120727 355 14.969612 test
16 Q0 3129761 356 14.95909 test
16 Q0 3123614 357 14.952011 test
16 Q0 3126705 358 14.949207 test
16 Q0 3132497 359 14.918977 test
16 Q0 3124301 360 14.893352 test
16 Q0 3132121 361 14.883746 test
16 Q0 3123647 362 14.875971 test
16 Q0 3126997 363 14.8698435 test
16 Q0 3132706 364 14.848247 test
16 Q0 3127969 365 14.834711 test
16 Q0 3131985 366 14.801608 test
16 Q0 3121755 367 14.792384 test
16 Q0 3131517 368 14.768236 test
16 Q0 3125063 369 14.753427 test
16 Q0 3121964 370 14.73598 test
16 Q0 3120677 371 14.716147 test
16 Q0 3121659 372 14.701538 test
16 Q0 3129355 373 14.692875 test
16 Q0 3130010 374 14.670194 test
16 Q0 3127782 375 14.654419 test
16 Q0 3127804 376 14.6505 test
16 Q0 3126714 377 14.648382 test
16 Q0 3124063 378 14.637063 test
16 Q0 3131529 379 14.625635 test
16 Q0 3120678 380 14.616613 test
16 Q0 3125376 381 14.583438 test
16 Q0 3123332 382 14.577575 test
16 Q0 3132529 383 14.5695715 test
16 Q0 3130914 384 14.537204 test
16 Q0 3123228 385 14.517183 test
16 Q0 3128854 386 14.495124 test
16 Q0 3127678 387 14.482148 test
16 Q0 3122045 388 14.459408 test
16 Q0 3122089 389 14.45146 test
16 Q0 3125342 390 14.407693 test
16 Q0 3124016 391 14.406472 test
16 Q0 3124983 392 14.400795 test
16 Q0 3130903 393 14.398027 test
16 Q0 3129534 394 14.394267 test
16 Q0 3124446 395 14.379481 test
16 Q0 3127309 396 14.373124 test
16 Q0 3126744 397 14.366416 test
16 Q0 3124984 398 14.356497 test
16 Q0 3130040 399 14.356348 test
16 Q0 3124391 400 14.345206 test
16 Q0 3121093 401 14.336068 test
16 Q0 3125657 402 14.3272505 test
16 Q0 3125187 403 14.326548 test
16 Q0 3121756 404 14.284145 test
16 Q0 3130927 405 14.275482 test
16 Q0 3129591 406 14.270909 test
16 Q0 3125768 407 14.215775 test
16 Q0 3120983 408 14.194232 test
16 Q0 3131191 409 14.18723 test
16 Q0 3123197 410 14.167376 test
16 Q0 3130037 411 14.148953 test
16 Q0 3122380 412 14.104624 test
16 Q0 3124643 413 14.101507 test
16 Q0 3121623 414 14.097211 test
16 Q0 3125720 415 14.073346 test
16 Q0 3126711 416 14.069314 test
16 Q0 3124448 417 14.05909 test
16 Q0 3121248 418 14.057556 test
16 Q0 3125227 419 14.050542 test
16 Q0 3122339 420 14.049339 test
16 Q0 3129213 421 14.029204 test
16 Q0 3121284 422 14.025815 test
16 Q0 3123966 423 14.024886 test
16 Q0 3130958 424 13.972676 test
16 Q0 3127140 425 13.966479 test
16 Q0 3132700 426 13.957063 test
16 Q0 3121644 427 13.910423 test
16 Q0 3131595 428 13.910007 test
16 Q0 3124830 429 13.898775 test
16 Q0 3129311 430 13.898377 test
16 Q0 3123255 431 13.872729 test
16 Q0 3131580 432 13.859067 test
16 Q0 3124327 433 13.856553 test
16 Q0 3126839 434 13.828112 test
16 Q0 3126870 435 13.803053 test
16 Q0 3124641 436 13.79014 test
16 Q0 3126710 437 13.755425 test
16 Q0 3132709 438 13.7522335 test
16 Q0 3132333 439 13.745771 test
16 Q0 3132390 440 13.745471 test
16 Q0 3124447 441 13.745007 test
16 Q0 3121641 442 13.739374 test
16 Q0 3120683 443 13.729729 test
16 Q0 3125358 444 13.720851 test
16 Q0 3120855 445 13.710085 test
16 Q0 3124725 446 13.704298 test
16 Q0 3132123 447 13.687307 test
16 Q0 3126764 448 13.677479 test
16 Q0 3131759 449 13.657554 test
16 Q0 3127131 450 13.64739 test
16 Q0 3132695 451 13.599207 test
16 Q0 3126734 452 13.5681715 test
16 Q0 3124330 453 13.552711 test
16 Q0 3123546 454 13.537569 test
16 Q0 3124724 455 13.537346 test
16 Q0 3125114 456 13.533114 test
16 Q0 3130997 457 13.495886 test
16 Q0 3123207 458 13.495377 test
16 Q0 3120827 459 13.435158 test
16 Q0 3130589 460 13.42494 test
16 Q0 3130254 461 13.420722 test
16 Q0 3130575 462 13.406265 test
16 Q0 3121092 463 13.382672 test
16 Q0 3129775 464 13.362772 test
16 Q0 3132720 465 13.313399 test
16 Q0 3121660 466 13.292054 test
16 Q0 3120726 467 13.280666 test
16 Q0 3131258 468 13.276965 test
16 Q0 3125664 469 13.274771 test
16 Q0 3126341 470 13.271139 test
16 Q0 3130014 471 13.26975 test
16 Q0 3132032 472 13.269215 test
16 Q0 3127000 473 13.248438 test
16 Q0 3123700 474 13.241417 test
16 Q0 3123441 475 13.239824 test
16 Q0 3125647 476 13.237061 test
16 Q0 3132476 477 13.226829 test
16 Q0 3131723 478 13.218837 test
16 Q0 3126789 479 13.21231 test
16 Q0 3125656 480 13.190537 test
16 Q0 3127781 481 13.1739 test
16 Q0 3126712 482 13.168105 test
16 Q0 3129013 483 13.153012 test
16 Q0 3130636 484 13.140292 test
16 Q0 3120781 485 13.125565 test
16 Q0 3123617 486 13.122612 test
16 Q0 3129776 487 13.119165 test
16 Q0 3124992 488 13.101271 test
16 Q0 3125369 489 13.095292 test
16 Q0 3124360 490 13.092181 test
16 Q0 3130169 491 13.083842 test
16 Q0 3125528 492 13.07829 test
16 Q0 3127834 493 13.073404 test
16 Q0 3125309 494 13.073088 test
16 Q0 3131599 495 13.016326 test
16 Q0 3125065 496 13.011304 test
16 Q0 3131249 497 12.993039 test
16 Q0 3129953 498 12.981128 test
16 Q0 3121137 499 12.969779 test
16 Q0 3125287 500 12.964848 test
16 Q0 3132375 501 12.942778 test
16 Q0 3132509 502 12.925953 test
16 Q0 3125330 503 12.867886 test
16 Q0 3123589 504 12.847625 test
16 Q0 3122997 505 12.841731 test
16 Q0 3132698 506 12.841588 test
16 Q0 3123297 507 12.82061 test
16 Q0 3124140 508 12.807929 test
16 Q0 3127383 509 12.802678 test
16 Q0 3124698 510 12.792649 test
16 Q0 3124935 511 12.782413 test
16 Q0 3127960 512 12.781925 test
16 Q0 3131208 513 12.771797 test
16 Q0 3129346 514 12.760364 test
16 Q0 3132043 515 12.742532 test
16 Q0 3129069 516 12.726207 test
16 Q0 3120733 517 12.725046 test
16 Q0 3127852 518 12.70907 test
16 Q0 3132599 519 12.705946 test
16 Q0 3130635 520 12.68832 test
16 Q0 3123194 521 12.673267 test
16 Q0 3131797 522 12.669269 test
16 Q0 3124322 523 12.658128 test
16 Q0 3121601 524 12.654951 test
16 Q0 3122589 525 12.65352 test
16 Q0 3130658 526 12.648647 test
16 Q0 3125663 527 12.645285 test
16 Q0 3132722 528 12.6434965 test
16 Q0 3121281 529 12.641098 test
16 Q0 3132729 530 12.625971 test
16 Q0 3132094 531 12.617669 test
16 Q0 3120831 532 12.609967 test
16 Q0 3127769 533 12.609166 test
16 Q0 3123631 534 12.6043415 test
16 Q0 3124248 535 12.5993185 test
16 Q0 3124049 536 12.598139 test
16 Q0 3126707 537 12.56648 test
16 Q0 3121667 538 12.546086 test
16 Q0 3129058 539 12.538842 test
16 Q0 3132501 540 12.537479 test
16 Q0 3125659 541 12.52294 test
16 Q0 3130006 542 12.507372 test
16 Q0 3129957 543 12.49315 test
16 Q0 3123513 544 12.461587 test
16 Q0 3127291 545 12.450805 test
16 Q0 3120820 546 12.442671 test
16 Q0 3123585 547 12.439069 test
16 Q0 3123831 548 12.435429 test
16 Q0 3129105 549 12.433084 test
16 Q0 3128601 550 12.427563 test
16 Q0 3120883 551 12.422565 test
16 Q0 3121337 552 12.414344 test
16 Q0 3126761 553 12.409295 test
16 Q0 3131265 554 12.4069 test
16 Q0 3132235 555 12.406142 test
16 Q0 3127493 556 12.400424 test
16 Q0 3131526 557 12.3993 test
16 Q0 3131716 558 12.380921 test
16 Q0 3120839 559 12.374428 test
16 Q0 3129576 560 12.340795 test
16 Q0 3120986 561 12.336169 test
16 Q0 3124550 562 12.331167 test
16 Q0 3130728 563 12.298469 test
16 Q0 3127317 564 12.297353 test
16 Q0 3123743 565 12.292357 test
16 Q0 3129960 566 12.290757 test
16 Q0 3128855 567 12.251084 test
16 Q0 3125250 568 12.238803 test
16 Q0 3130493 569 12.212099 test
16 Q0 3130267 570 12.200495 test
16 Q0 3124409 571 12.195666 test
16 Q0 3127952 572 12.195522 test
16 Q0 3125702 573 12.193832 test
16 Q0 3121095 574 12.16684 test
16 Q0 3125666 575 12.147515 test
16 Q0 3132343 576 12.142758 test
16 Q0 3123351 577 12.138644 test
16 Q0 3129163 578 12.125208 test
16 Q0 3132536 579 12.110638 test
16 Q0 3121611 580 12.079874 test
16 Q0 3121002 581 12.071639 test
16 Q0 3125308 582 12.069889 test
16 Q0 3129086 583 12.069155 test
16 Q0 3129122 584 12.065931 test
16 Q0 3121428 585 12.051287 test
16 Q0 3131573 586 12.041335 test
16 Q0 3121267 587 12.03708 test
16 Q0 3129068 588 12.029918 test
16 Q0 3129134 589 12.029352 test
16 Q0 3124458 590 12.011378 test
16 Q0 3132370 591 11.998248 test
16 Q0 3127842 592 11.9892235 test
16 Q0 3120765 593 11.98774 test
16 Q0 3127762 594 11.987194 test
16 Q0 3122994 595 11.9867325 test
16 Q0 3123312 596 11.983376 test
16 Q0 3126831 597 11.97678 test
16 Q0 3125311 598 11.965987 test
16 Q0 3124289 599 11.96258 test
16 Q0 3125205 600 11.93665 test
16 Q0 3124948 601 11.936364 test
16 Q0 3122500 602 11.936081 test
16 Q0 3123701 603 11.931299 test
16 Q0 3123910 604 11.904193 test
16 Q0 3120747 605 11.903943 test
16 Q0 3123829 606 11.871299 test
16 Q0 3123338 607 11.867432 test
16 Q0 3120718 608 11.8639765 test
16 Q0 3123544 609 11.84452 test
16 Q0 3126991 610 11.842404 test
16 Q0 3125064 611 11.833307 test
16 Q0 3132367 612 11.826957 test
16 Q0 3129305 613 11.819674 test
16 Q0 3125004 614 11.807641 test
16 Q0 3120706 615 11.785522 test
16 Q0 3124855 616 11.78092 test
16 Q0 3123818 617 11.780906 test
16 Q0 3126835 618 11.75798 test
16 Q0 3127859 619 11.748448 test
16 Q0 3124345 620 11.742971 test
16 Q0 3121334 621 11.732367 test
16 Q0 3132318 622 11.727688 test
16 Q0 3121425 623 11.726914 test
16 Q0 3120779 624 11.726331 test
16 Q0 3127299 625 11.725197 test
16 Q0 3128722 626 11.720111 test
16 Q0 3123816 627 11.704051 test
16 Q0 3121276 628 11.698874 test
16 Q0 3121758 629 11.691601 test
16 Q0 3131097 630 11.680044 test
16 Q0 3125215 631 11.675127 test
16 Q0 3132338 632 11.674113 test
16 Q0 3123173 633 11.673794 test
16 Q0 3124476 634 11.651276 test
16 Q0 3121088 635 11.643321 test
16 Q0 3129673 636 11.638308 test
16 Q0 3124318 637 11.633255 test
16 Q0 3132316 638 11.628423 test
16 Q0 3132377 639 11.62485 test
16 Q0 3124996 640 11.617912 test
16 Q0 3128742 641 11.615988 test
16 Q0 3130036 642 11.577654 test
16 Q0 3123553 643 11.576443 test
16 Q0 3121340 644 11.574174 test
16 Q0 3129135 645 11.574166 test
16 Q0 3132493 646 11.565698 test
16 Q0 3132129 647 11.560092 test
16 Q0 3122538 648 11.514817 test
16 Q0 3125372 649 11.514357 test
16 Q0 3128700 650 11.472338 test
16 Q0 3129762 651 11.467847 test
16 Q0 3125277 652 11.467514 test
16 Q0 3128024 653 11.449067 test
16 Q0 3128625 654 11.4272995 test
16 Q0 3124648 655 11.425627 test
16 Q0 3132120 656 11.4229555 test
16 Q0 3120694 657 11.407976 test
16 Q0 3131250 658 11.383701 test
16 Q0 3128740 659 11.377497 test
16 Q0 3124321 660 11.377252 test
16 Q0 3123195 661 11.371426 test
16 Q0 3121000 662 11.365304 test
16 Q0 3125036 663 11.359215 test
16 Q0 3122596 664 11.343693 test
16 Q0 3130956 665 11.340058 test
16 Q0 3125002 666 11.335497 test
16 Q0 3123243 667 11.325911 test
16 Q0 3125317 668 11.325684 test
16 Q0 3131509 669 11.306629 test
16 Q0 3128602 670 11.299465 test
16 Q0 3132603 671 11.294822 test
16 Q0 3125216 672 11.278491 test
16 Q0 3127744 673 11.275468 test
16 Q0 3126700 674 11.271215 test
16 Q0 3130146 675 11.270432 test
16 Q0 3126709 676 11.269936 test
16 Q0 3128746 677 11.26488 test
16 Q0 3125362 678 11.248293 test
16 Q0 3130354 679 11.24494 test
16 Q0 3132125 680 11.2362175 test
16 Q0 3124225 681 11.21607 test
16 Q0 3121291 682 11.206045 test
16 Q0 3132488 683 11.205692 test
16 Q0 3131981 684 11.202949 test
16 Q0 3121956 685 11.196102 test
16 Q0 3123545 686 11.185901 test
16 Q0 3121658 687 11.182673 test
16 Q0 3120847 688 11.170927 test
16 Q0 3123604 689 11.166883 test
16 Q0 3124982 690 11.165841 test
16 Q0 3128264 691 11.1546755 test
16 Q0 3132490 692 11.129436 test
16 Q0 3127749 693 11.127848 test
16 Q0 3132237 694 11.123218 test
16 Q0 3130959 695 11.114729 test
16 Q0 3122300 696 11.113103 test
16 Q0 3132711 697 11.111221 test
16 Q0 3124832 698 11.108074 test
16 Q0 3121612 699 11.099103 test
16 Q0 3123157 700 11.073801 test
16 Q0 3130777 701 11.07031 test
16 Q0 3129590 702 11.06254 test
16 Q0 3123567 703 11.059962 test
16 Q0 3125061 704 11.0576515 test
16 Q0 3120786 705 11.057537 test
16 Q0 3130672 706 11.038785 test
16 Q0 3122093 707 11.033335 test
16 Q0 3132693 708 11.029482 test
16 Q0 3124127 709 11.008502 test
16 Q0 3125334 710 11.005809 test
16 Q0 3131986 711 11.003268 test
16 Q0 3130709 712 10.982157 test
16 Q0 3130911 713 10.972076 test
16 Q0 3126829 714 10.960997 test
16 Q0 3132540 715 10.94271 test
16 Q0 3126988 716 10.940995 test
16 Q0 3124514 717 10.924959 test
16 Q0 3132682 718 10.91981 test
16 Q0 3125120 719 10.914363 test
16 Q0 3130904 720 10.914295 test
16 Q0 3121595 721 10.904398 test
16 Q0 3129113 722 10.900624 test
16 Q0 3131729 723 10.896502 test
16 Q0 3130719 724 10.894729 test
16 Q0 3123184 725 10.889812 test
16 Q0 3120846 726 10.888629 test
16 Q0 3132329 727 10.887915 test
16 Q0 3127495 728 10.887167 test
16 Q0 3123965 729 10.88387 test
16 Q0 3127765 730 10.86526 test
16 Q0 3125276 731 10.85393 test
16 Q0 3124434 732 10.853792 test
16 Q0 3123204 733 10.852304 test
16 Q0 3123189 734 10.844469 test
16 Q0 3126756 735 10.838431 test
16 Q0 3128270 736 10.82398 test
16 Q0 3121680 737 10.819869 test
16 Q0 3132015 738 10.8067 test
16 Q0 3128008 739 10.790113 test
16 Q0 3125700 740 10.782375 test
16 Q0 3131287 741 10.774262 test
16 Q0 3120790 742 10.771044 test
16 Q0 3127955 743 10.760258 test
16 Q0 3123259 744 10.759191 test
16 Q0 3131192 745 10.759155 test
16 Q0 3125314 746 10.726945 test
16 Q0 3120990 747 10.724172 test
16 Q0 3123174 748 10.722215 test
16 Q0 3129079 749 10.699206 test
16 Q0 3130647 750 10.692021 test
16 Q0 3125235 751 10.685488 test
16 Q0 3126722 752 10.675002 test
16 Q0 3128087 753 10.67074 test
16 Q0 3127805 754 10.664332 test
16 Q0 3129575 755 10.646636 test
16 Q0 3132050 756 10.645564 test
16 Q0 3129322 757 10.644329 test
16 Q0 3128737 758 10.643149 test
16 Q0 3128598 759 10.638477 test
16 Q0 3132354 760 10.635216 test
16 Q0 3126730 761 10.61001 test
16 Q0 3127310 762 10.609031 test
16 Q0 3122318 763 10.6073475 test
16 Q0 3123279 764 10.602898 test
16 Q0 3120728 765 10.602275 test
16 Q0 3129963 766 10.588438 test
16 Q0 3132504 767 10.586974 test
16 Q0 3129354 768 10.576299 test
16 Q0 3123269 769 10.576051 test
16 Q0 3128030 770 10.574167 test
16 Q0 3124545 771 10.57043 test
16 Q0 3131751 772 10.568269 test
16 Q0 3132691 773 10.564706 test
16 Q0 3123967 774 10.554501 test
16 Q0 3131987 775 10.548578 test
16 Q0 3132122 776 10.537652 test
16 Q0 3125736 777 10.52817 test
16 Q0 3126768 778 10.522211 test
16 Q0 3130928 779 10.519152 test
16 Q0 3126749 780 10.515168 test
16 Q0 3121626 781 10.50749 test
16 Q0 3129103 782 10.504856 test
16 Q0 3128738 783 10.503325 test
16 Q0 3127835 784 10.498496 test
16 Q0 3124931 785 10.472622 test
16 Q0 3120882 786 10.461958 test
16 Q0 3123213 787 10.458859 test
16 Q0 3129309 788 10.450892 test
16 Q0 3123642 789 10.444099 test
16 Q0 3127323 790 10.436302 test
16 Q0 3129671 791 10.423102 test
16 Q0 3120773 792 10.411457 test
16 Q0 3132481 793 10.401999 test
16 Q0 3128907 794 10.379859 test
16 Q0 3132161 795 10.368228 test
16 Q0 3125014 796 10.365817 test
16 Q0 3127342 797 10.361928 test
16 Q0 3130057 798 10.361928 test
16 Q0 3132697 799 10.360944 test
16 Q0 3127849 800 10.33929 test
16 Q0 3123166 801 10.332842 test
16 Q0 3124860 802 10.314917 test
16 Q0 3125188 803 10.303518 test
16 Q0 3123705 804 10.291291 test
16 Q0 3120809 805 10.289725 test
16 Q0 3132779 806 10.279135 test
16 Q0 3127146 807 10.275215 test
16 Q0 3132163 808 10.274971 test
16 Q0 3127829 809 10.273279 test
16 Q0 3125495 810 10.267479 test
16 Q0 3125168 811 10.256154 test
16 Q0 3132376 812 10.249745 test
16 Q0 3128723 813 10.249425 test
16 Q0 3132361 814 10.231233 test
16 Q0 3127770 815 10.209298 test
16 Q0 3127292 816 10.209151 test
16 Q0 3124026 817 10.186556 test
16 Q0 3128065 818 10.169293 test
16 Q0 3127385 819 10.166939 test
16 Q0 3127319 820 10.159477 test
16 Q0 3122560 821 10.144759 test
16 Q0 3120699 822 10.135683 test
16 Q0 3124416 823 10.135085 test
16 Q0 3130701 824 10.133912 test
16 Q0 3130922 825 10.129303 test
16 Q0 3128016 826 10.12431 test
16 Q0 3130466 827 10.116699 test
16 Q0 3121716 828 10.112859 test
16 Q0 3124829 829 10.109275 test
16 Q0 3122119 830 10.106964 test
16 Q0 3127983 831 10.104078 test
16 Q0 3124137 832 10.103391 test
16 Q0 3125393 833 10.101942 test
16 Q0 3131557 834 10.100476 test
16 Q0 3123354 835 10.098491 test
16 Q0 3121238 836 10.097688 test
16 Q0 3127755 837 10.095382 test
16 Q0 3124410 838 10.080918 test
16 Q0 3127854 839 10.075163 test
16 Q0 3120725 840 10.072112 test
16 Q0 3124970 841 10.068814 test
16 Q0 3125381 842 10.058917 test
16 Q0 3121695 843 10.050669 test
16 Q0 3131983 844 10.044313 test
16 Q0 3128123 845 10.04026 test
16 Q0 3122587 846 10.037574 test
16 Q0 3125644 847 10.036877 test
16 Q0 3132217 848 10.036667 test
16 Q0 3121673 849 10.035035 test
16 Q0 3120684 850 10.026298 test
16 Q0 3130582 851 10.022626 test
16 Q0 3126786 852 10.012855 test
16 Q0 3128844 853 10.005293 test
16 Q0 3130929 854 10.0001335 test
16 Q0 3125661 855 9.997258 test
16 Q0 3124269 856 9.971581 test
16 Q0 3128263 857 9.970555 test
16 Q0 3129124 858 9.963204 test
16 Q0 3131251 859 9.954125 test
16 Q0 3124193 860 9.9495735 test
16 Q0 3126804 861 9.945904 test
16 Q0 3120778 862 9.938123 test
16 Q0 3123908 863 9.936584 test
16 Q0 3130729 864 9.933211 test
16 Q0 3124672 865 9.93267 test
16 Q0 3132041 866 9.915012 test
16 Q0 3125034 867 9.914761 test
16 Q0 3120965 868 9.91333 test
16 Q0 3123624 869 9.912755 test
16 Q0 3130362 870 9.911674 test
16 Q0 3131560 871 9.906662 test
16 Q0 3127976 872 9.900475 test
16 Q0 3128128 873 9.8987465 test
16 Q0 3121439 874 9.895593 test
16 Q0 3127978 875 9.895241 test
16 Q0 3123586 876 9.882368 test
16 Q0 3128705 877 9.877221 test
16 Q0 3129104 878 9.87641 test
16 Q0 3128133 879 9.872399 test
16 Q0 3131537 880 9.861215 test
16 Q0 3120987 881 9.8476515 test
16 Q0 3132437 882 9.840065 test
16 Q0 3122091 883 9.838442 test
16 Q0 3131233 884 9.822865 test
16 Q0 3128736 885 9.820035 test
16 Q0 3124423 886 9.81869 test
16 Q0 3129772 887 9.803676 test
16 Q0 3130681 888 9.796107 test
16 Q0 3127813 889 9.7953 test
16 Q0 3124400 890 9.794956 test
16 Q0 3128058 891 9.793905 test
16 Q0 3128049 892 9.792144 test
16 Q0 3125802 893 9.789857 test
16 Q0 3121728 894 9.783336 test
16 Q0 3122100 895 9.780363 test
16 Q0 3123603 896 9.776903 test
16 Q0 3129964 897 9.752043 test
16 Q0 3123744 898 9.748049 test
16 Q0 3123596 899 9.733828 test
16 Q0 3124530 900 9.723029 test
16 Q0 3126845 901 9.722016 test
16 Q0 3130024 902 9.721684 test
16 Q0 3125062 903 9.715772 test
16 Q0 3130711 904 9.714875 test
16 Q0 3131270 905 9.71215 test
16 Q0 3122992 906 9.71206 test
16 Q0 3132198 907 9.700931 test
16 Q0 3122502 908 9.684327 test
16 Q0 3128254 909 9.683456 test
16 Q0 3122499 910 9.673058 test
16 Q0 3128931 911 9.668368 test
16 Q0 3130683 912 9.666768 test
16 Q0 3132733 913 9.664985 test
16 Q0 3128624 914 9.663268 test
16 Q0 3123811 915 9.660176 test
16 Q0 3123550 916 9.648743 test
16 Q0 3124124 917 9.630886 test
16 Q0 3124061 918 9.627596 test
16 Q0 3130490 919 9.623093 test
16 Q0 3130281 920 9.610324 test
16 Q0 3123290 921 9.60417 test
16 Q0 3132059 922 9.602488 test
16 Q0 3121069 923 9.582676 test
16 Q0 3121268 924 9.581028 test
16 Q0 3123009 925 9.578461 test
16 Q0 3132712 926 9.578089 test
16 Q0 3132162 927 9.567948 test
16 Q0 3125697 928 9.545888 test
16 Q0 3126738 929 9.54199 test
16 Q0 3123935 930 9.533853 test
16 Q0 3122544 931 9.532242 test
16 Q0 3121618 932 9.526852 test
16 Q0 3128827 933 9.52134 test
16 Q0 3123847 934 9.520025 test
16 Q0 3124412 935 9.515953 test
16 Q0 3132234 936 9.515918 test
16 Q0 3131588 937 9.50765 test
16 Q0 3125233 938 9.497129 test
16 Q0 3121583 939 9.495584 test
16 Q0 3132392 940 9.491734 test
16 Q0 3131545 941 9.484754 test
16 Q0 3124520 942 9.480164 test
16 Q0 3127798 943 9.478492 test
16 Q0 3124135 944 9.459267 test
16 Q0 3132730 945 9.456498 test
16 Q0 3126713 946 9.445727 test
16 Q0 3132029 947 9.441423 test
16 Q0 3123355 948 9.437758 test
16 Q0 3123514 949 9.434496 test
16 Q0 3123820 950 9.416172 test
16 Q0 3129117 951 9.412296 test
16 Q0 3132178 952 9.384798 test
16 Q0 3127111 953 9.377127 test
16 Q0 3121746 954 9.375828 test
16 Q0 3128584 955 9.375346 test
16 Q0 3126840 956 9.343076 test
16 Q0 3123656 957 9.334612 test
16 Q0 3127130 958 9.3324585 test
16 Q0 3128075 959 9.327561 test
16 Q0 3130750 960 9.324383 test
16 Q0 3128325 961 9.321228 test
16 Q0 3126782 962 9.31899 test
16 Q0 3128053 963 9.3188095 test
16 Q0 3130044 964 9.312564 test
16 Q0 3120982 965 9.30779 test
16 Q0 3131525 966 9.283213 test
16 Q0 3124055 967 9.278875 test
16 Q0 3121613 968 9.277145 test
16 Q0 3121705 969 9.276477 test
16 Q0 3127520 970 9.27107 test
16 Q0 3125105 971 9.265698 test
16 Q0 3125001 972 9.265283 test
16 Q0 3131021 973 9.2622 test
16 Q0 3125247 974 9.256479 test
16 Q0 3122987 975 9.253535 test
16 Q0 3128260 976 9.251233 test
16 Q0 3127117 977 9.249715 test
16 Q0 3130485 978 9.248262 test
16 Q0 3124411 979 9.24624 test
16 Q0 3122996 980 9.243428 test
16 Q0 3120722 981 9.242464 test
16 Q0 3123210 982 9.241085 test
16 Q0 3124861 983 9.236105 test
16 Q0 3122190 984 9.234849 test
16 Q0 3125041 985 9.226455 test
16 Q0 3132498 986 9.220592 test
16 Q0 3125229 987 9.220091 test
16 Q0 3122092 988 9.20992 test
16 Q0 3131115 989 9.208447 test
16 Q0 3123282 990 9.191399 test
16 Q0 3131520 991 9.18925 test
16 Q0 3131758 992 9.188575 test
16 Q0 3121335 993 9.187731 test
16 Q0 3132016 994 9.186361 test
16 Q0 3132393 995 9.180348 test
16 Q0 3129326 996 9.179812 test
16 Q0 3132334 997 9.175339 test
16 Q0 3129017 998 9.16458 test
16 Q0 3123632 999 9.154429 test
16 Q0 3131122 1000 9.145897 test
17 Q0 3127841 1 39.87448 test
17 Q0 3124320 2 35.52399 test
17 Q0 3122097 3 34.391415 test
17 Q0 3125360 4 33.906826 test
17 Q0 3122093 5 31.336119 test
17 Q0 3125031 6 30.734093 test
17 Q0 3126780 7 30.727478 test
17 Q0 3132316 8 30.48186 test
17 Q0 3124731 9 29.229122 test
17 Q0 3127491 10 28.729725 test
17 Q0 3125033 11 28.295694 test
17 Q0 3129061 12 27.849771 test
17 Q0 3123967 13 27.105501 test
17 Q0 3128041 14 26.535135 test
17 Q0 3130373 15 25.840378 test
17 Q0 3123643 16 25.680983 test
17 Q0 3128854 17 25.641943 test
17 Q0 3122091 18 25.585201 test
17 Q0 3123845 19 25.299015 test
17 Q0 3131766 20 25.199583 test
17 Q0 3132369 21 25.058428 test
17 Q0 3130894 22 25.02591 test
17 Q0 3124725 23 24.998583 test
17 Q0 3123852 24 24.761045 test
17 Q0 3124318 25 24.725428 test
17 Q0 3132325 26 24.71795 test
17 Q0 3132331 27 24.415535 test
17 Q0 3123820 28 23.838598 test
17 Q0 3123213 29 23.588825 test
17 Q0 3123294 30 23.488764 test
17 Q0 3130457 31 23.328453 test
17 Q0 3131759 32 23.065216 test
17 Q0 3127842 33 22.861702 test
17 Q0 3128843 34 22.761534 test
17 Q0 3123515 35 22.666693 test
17 Q0 3124225 36 22.514374 test
17 Q0 3132123 37 22.246922 test
17 Q0 3129114 38 22.181416 test
17 Q0 3128254 39 21.830265 test
17 Q0 3129082 40 21.392645 test
17 Q0 3127492 41 21.315016 test
17 Q0 3132358 42 21.200115 test
17 Q0 3132129 43 21.119354 test
17 Q0 3124326 44 20.862457 test
17 Q0 3125277 45 20.862116 test
17 Q0 3127765 46 20.829561 test
17 Q0 3132373 47 20.76883 test
17 Q0 3132318 48 20.762846 test
17 Q0 3132483 49 20.574203 test
17 Q0 3123909 50 20.487492 test
17 Q0 3130357 51 20.33366 test
17 Q0 3129352 52 20.209785 test
17 Q0 3124729 53 20.106342 test
17 Q0 3122092 54 20.003548 test
17 Q0 3121671 55 19.935324 test
17 Q0 3130982 56 19.914501 test
17 Q0 3121000 57 19.664469 test
17 Q0 3123642 58 19.601664 test
17 Q0 3127806 59 19.471447 test
17 Q0 3123821 60 19.31547 test
17 Q0 3130698 61 19.31467 test
17 Q0 3130473 62 19.243317 test
17 Q0 3123183 63 19.215929 test
17 Q0 3127306 64 19.088911 test
17 Q0 3129103 65 19.065453 test
17 Q0 3126706 66 19.000519 test
17 Q0 3132122 67 18.983864 test
17 Q0 3124135 68 18.926529 test
17 Q0 3132493 69 18.817959 test
17 Q0 3125654 70 18.792376 test
17 Q0 3132392 71 18.787924 test
17 Q0 3132119 72 18.76977 test
17 Q0 3127749 73 18.748238 test
17 Q0 3130903 74 18.719503 test
17 Q0 3127497 75 18.626911 test
17 Q0 3132120 76 18.514307 test
17 Q0 3130359 77 18.502428 test
17 Q0 3124301 78 18.107624 test
17 Q0 3132379 79 18.098333 test
17 Q0 3127495 80 18.011173 test
17 Q0 3120820 81 17.9951 test
17 Q0 3125058 82 17.918953 test
17 Q0 3132366 83 17.87869 test
17 Q0 3125039 84 17.747995 test
17 Q0 3132161 85 17.732502 test
17 Q0 3132695 86 17.702547 test
17 Q0 3131545 87 17.238781 test
17 Q0 3125036 88 17.205751 test
17 Q0 3124714 89 17.094751 test
17 Q0 3132476 90 17.058798 test
17 Q0 3121680 91 17.048582 test
17 Q0 3121061 92 17.015633 test
17 Q0 3128054 93 16.901876 test
17 Q0 3132663 94 16.760695 test
17 Q0 3120794 95 16.563118 test
17 Q0 3122086 96 16.452795 test
17 Q0 3124266 97 16.379475 test
17 Q0 3132332 98 16.363213 test
17 Q0 3130920 99 16.190166 test
17 Q0 3130681 100 16.168493 test
17 Q0 3132034 101 16.160875 test
17 Q0 3127314 102 16.148283 test
17 Q0 3131760 103 16.070671 test
17 Q0 3130922 104 16.061436 test
17 Q0 3123823 105 15.975181 test
17 Q0 3126502 106 15.965349 test
17 Q0 3124992 107 15.914693 test
17 Q0 3130126 108 15.910713 test
17 Q0 3122085 109 15.793393 test
17 Q0 3132419 110 15.764003 test
17 Q0 3132508 111 15.611099 test
17 Q0 3123554 112 15.580867 test
17 Q0 3125041 113 15.579861 test
17 Q0 3124319 114 15.5733595 test
17 Q0 3132497 115 15.534529 test
17 Q0 3127152 116 15.4893875 test
17 Q0 3121275 117 15.455869 test
17 Q0 3132335 118 15.44143 test
17 Q0 3129307 119 15.416763 test
17 Q0 3130984 120 15.27307 test
17 Q0 3132118 121 15.222275 test
17 Q0 3121681 122 15.214705 test
17 Q0 3125115 123 15.17631 test
17 Q0 3131126 124 15.168956 test
17 Q0 3130983 125 15.082792 test
17 Q0 3130635 126 15.080533 test
17 Q0 3126695 127 14.958864 test
17 Q0 3132709 128 14.954447 test
17 Q0 3125064 129 14.855236 test
17 Q0 3121091 130 14.837501 test
17 Q0 3130964 131 14.83744 test
17 Q0 3123170 132 14.821729 test
17 Q0 3124463 133 14.810904 test
17 Q0 3132334 134 14.801811 test
17 Q0 3131982 135 14.731041 test
17 Q0 3132125 136 14.699177 test
17 Q0 3123934 137 14.680072 test
17 Q0 3132121 138 14.6456785 test
17 Q0 3127493 139 14.6454935 test
17 Q0 3125024 140 14.632121 test
17 Q0 3129770 141 14.620547 test
17 Q0 3125021 142 14.56306 test
17 Q0 3132370 143 14.477172 test
17 Q0 3132091 144 14.457992 test
17 Q0 3124248 145 14.453693 test
17 Q0 3125353 146 14.452145 test
17 Q0 3132364 147 14.425734 test
17 Q0 3129533 148 14.349528 test
17 Q0 3121608 149 14.255962 test
17 Q0 3130699 150 14.22354 test
17 Q0 3124391 151 14.197851 test
17 Q0 3123010 152 14.150443 test
17 Q0 3124893 153 14.148215 test
17 Q0 3121673 154 14.100936 test
17 Q0 3130469 155 14.002409 test
17 Q0 3124991 156 14.002064 test
17 Q0 3127499 157 13.994167 test
17 Q0 3129060 158 13.982088 test
17 Q0 3121582 159 13.94824 test
17 Q0 3124732 160 13.922503 test
17 Q0 3126776 161 13.922217 test
17 Q0 3132498 162 13.918899 test
17 Q0 3132374 163 13.8982315 test
17 Q0 3130486 164 13.827332 test
17 Q0 3123906 165 13.698695 test
17 Q0 3132235 166 13.68528 test
17 Q0 3129942 167 13.606336 test
17 Q0 3127995 168 13.594383 test
17 Q0 3132500 169 13.582646 test
17 Q0 3121076 170 13.542152 test
17 Q0 3129755 171 13.511114 test
17 Q0 3123822 172 13.47661 test
17 Q0 3126694 173 13.457639 test
17 Q0 3129354 174 13.450267 test
17 Q0 3128826 175 13.427119 test
17 Q0 3120722 176 13.416077 test
17 Q0 3129951 177 13.413392 test
17 Q0 3132372 178 13.401872 test
17 Q0 3125150 179 13.338613 test
17 Q0 3122596 180 13.333568 test
17 Q0 3121094 181 13.331059 test
17 Q0 3121093 182 13.321479 test
17 Q0 3121585 183 13.315912 test
17 Q0 3132693 184 13.312062 test
17 Q0 3124855 185 13.297414 test
17 Q0 3132032 186 13.256785 test
17 Q0 3121087 187 13.225816 test
17 Q0 3121074 188 13.219334 test
17 Q0 3125011 189 13.184532 test
17 Q0 3131748 190 13.183979 test
17 Q0 3125351 191 13.1277685 test
17 Q0 3127744 192 13.057423 test
17 Q0 3129577 193 13.0536785 test
17 Q0 3126977 194 12.970034 test
17 Q0 3125361 195 12.91993 test
17 Q0 3123964 196 12.905011 test
17 Q0 3123560 197 12.883999 test
17 Q0 3129965 198 12.869781 test
17 Q0 3132045 199 12.809148 test
17 Q0 3131559 200 12.791308 test
17 Q0 3125062 201 12.70132 test
17 Q0 3132276 202 12.694498 test
17 Q0 3130702 203 12.686021 test
17 Q0 3121762 204 12.683899 test
17 Q0 3128039 205 12.6678 test
17 Q0 3121612 206 12.65678 test
17 Q0 3125002 207 12.61845 test
17 Q0 3132363 208 12.512617 test
17 Q0 3123256 209 12.50797 test
17 Q0 3129090 210 12.493315 test
17 Q0 3127350 211 12.492336 test
17 Q0 3129943 212 12.473438 test
17 Q0 3125342 213 12.470213 test
17 Q0 3132548 214 12.455394 test
17 Q0 3131751 215 12.447892 test
17 Q0 3121095 216 12.443227 test
17 Q0 3131773 217 12.395386 test
17 Q0 3122593 218 12.393695 test
17 Q0 3129067 219 12.38833 test
17 Q0 3128700 220 12.372044 test
17 Q0 3122095 221 12.369692 test
17 Q0 3128828 222 12.358999 test
17 Q0 3122994 223 12.3576975 test
17 Q0 3120999 224 12.35764 test
17 Q0 3130729 225 12.329857 test
17 Q0 3132700 226 12.292178 test
17 Q0 3122986 227 12.276542 test
17 Q0 3125663 228 12.272446 test
17 Q0 3131791 229 12.272439 test
17 Q0 3124970 230 12.265283 test
17 Q0 3127315 231 12.256496 test
17 Q0 3123513 232 12.254883 test
17 Q0 3125006 233 12.23831 test
17 Q0 3123911 234 12.20809 test
17 Q0 3132368 235 12.205727 test
17 Q0 3128817 236 12.1535635 test
17 Q0 3124977 237 12.140414 test
17 Q0 3126707 238 12.13872 test
17 Q0 3124447 239 12.12566 test
17 Q0 3130493 240 12.117109 test
17 Q0 3129345 241 12.116848 test
17 Q0 3130472 242 12.099198 test
17 Q0 3121267 243 12.0868845 test
17 Q0 3123218 244 12.0723915 test
17 Q0 3130466 245 12.06112 test
17 Q0 3127309 246 12.055951 test
17 Q0 3120786 247 12.023949 test
17 Q0 3132329 248 12.017581 test
17 Q0 3131723 249 11.998868 test
17 Q0 3129108 250 11.987999 test
17 Q0 3129068 251 11.985727 test
17 Q0 3132375 252 11.9691305 test
17 Q0 3132097 253 11.956936 test
17 Q0 3120781 254 11.949822 test
17 Q0 3127782 255 11.93822 test
17 Q0 3130928 256 11.9379015 test
17 Q0 3120730 257 11.932981 test
17 Q0 3130970 258 11.928326 test
17 Q0 3129959 259 11.910434 test
17 Q0 3121737 260 11.8969755 test
17 Q0 3121288 261 11.880351 test
17 Q0 3122619 262 11.877842 test
17 Q0 3121282 263 11.876718 test
17 Q0 3130777 264 11.839907 test
17 Q0 3125381 265 11.83194 test
17 Q0 3120745 266 11.820179 test
17 Q0 3132376 267 11.818486 test
17 Q0 3132029 268 11.817383 test
17 Q0 3129079 269 11.813879 test
17 Q0 3130481 270 11.804439 test
17 Q0 3124486 271 11.795284 test
17 Q0 3130460 272 11.785025 test
17 Q0 3121964 273 11.784688 test
17 Q0 3130463 274 11.78151 test
17 Q0 3123603 275 11.767548 test
17 Q0 3131282 276 11.754903 test
17 Q0 3129018 277 11.739477 test
17 Q0 3130482 278 11.73933 test
17 Q0 3121717 279 11.734189 test
17 Q0 3130575 280 11.712874 test
17 Q0 3122453 281 11.706584 test
17 Q0 3124123 282 11.698963 test
17 Q0 3124871 283 11.671742 test
17 Q0 3129069 284 11.654653 test
17 Q0 3123816 285 11.643758 test
17 Q0 3132448 286 11.621229 test
17 Q0 3132721 287 11.59372 test
17 Q0 3123269 288 11.584421 test
17 Q0 3131987 289 11.574082 test
17 Q0 3123312 290 11.569258 test
17 Q0 3122553 291 11.543554 test
17 Q0 3127303 292 11.517344 test
17 Q0 3124330 293 11.499913 test
17 Q0 3124241 294 11.497199 test
17 Q0 3125214 295 11.496222 test
17 Q0 3128091 296 11.4799795 test
17 Q0 3124321 297 11.4795265 test
17 Q0 3127292 298 11.459479 test
17 Q0 3123194 299 11.452856 test
17 Q0 3120809 300 11.448374 test
17 Q0 3121653 301 11.427312 test
17 Q0 3130036 302 11.423906 test
17 Q0 3122997 303 11.41296 test
17 Q0 3123000 304 11.394082 test
17 Q0 3127991 305 11.382039 test
17 Q0 3132779 306 11.363291 test
17 Q0 3129073 307 11.330365 test
17 Q0 3126997 308 11.309455 test
17 Q0 3132277 309 11.308798 test
17 Q0 3130976 310 11.284119 test
17 Q0 3126713 311 11.257932 test
17 Q0 3131716 312 11.257672 test
17 Q0 3130670 313 11.256297 test
17 Q0 3128264 314 11.246019 test
17 Q0 3131539 315 11.238487 test
17 Q0 3123586 316 11.203759 test
17 Q0 3129313 317 11.175619 test
17 Q0 3121075 318 11.170089 test
17 Q0 3121281 319 11.166409 test
17 Q0 3132350 320 11.164704 test
17 Q0 3121943 321 11.162534 test
17 Q0 3126711 322 11.160377 test
17 Q0 3132385 323 11.14978 test
17 Q0 3132326 324 11.148175 test
17 Q0 3122094 325 11.14503 test
17 Q0 3128907 326 11.140768 test
17 Q0 3130467 327 11.133045 test
17 Q0 3129667 328 11.131773 test
17 Q0 3120766 329 11.131261 test
17 Q0 3132697 330 11.107793 test
17 Q0 3125140 331 11.106248 test
17 Q0 3130805 332 11.1016035 test
17 Q0 3132043 333 11.095635 test
17 Q0 3125362 334 11.087881 test
17 Q0 3121651 335 11.078269 test
17 Q0 3131981 336 11.073898 test
17 Q0 3132024 337 11.068524 test
17 Q0 3129761 338 11.065389 test
17 Q0 3121587 339 10.9986515 test
17 Q0 3124460 340 10.984458 test
17 Q0 3127808 341 10.981325 test
17 Q0 3121715 342 10.978158 test
17 Q0 3124396 343 10.942375 test
17 Q0 3124322 344 10.9409685 test
17 Q0 3124269 345 10.936267 test
17 Q0 3124465 346 10.911071 test
17 Q0 3131130 347 10.896286 test
17 Q0 3129059 348 10.892024 test
17 Q0 3125221 349 10.891943 test
17 Q0 3132143 350 10.88642 test
17 Q0 3131713 351 10.874812 test
17 Q0 3126745 352 10.863752 test
17 Q0 3130440 353 10.8621855 test
17 Q0 3122548 354 10.857645 test
17 Q0 3127779 355 10.840028 test
17 Q0 3125666 356 10.838997 test
17 Q0 3120998 357 10.836449 test
17 Q0 3128896 358 10.828259 test
17 Q0 3126760 359 10.822745 test
17 Q0 3124345 360 10.821765 test
17 Q0 3123708 361 10.821756 test
17 Q0 3121610 362 10.820758 test
17 Q0 3130933 363 10.817506 test
17 Q0 3124459 364 10.804079 test
17 Q0 3130475 365 10.803496 test
17 Q0 3124324 366 10.793589 test
17 Q0 3132050 367 10.780986 test
17 Q0 3123199 368 10.776031 test
17 Q0 3121656 369 10.773855 test
17 Q0 3131249 370 10.772957 test
17 Q0 3124261 371 10.755156 test
17 Q0 3124016 372 10.749973 test
17 Q0 3125063 373 10.747478 test
17 Q0 3131265 374 10.736161 test
17 Q0 3126712 375 10.733861 test
17 Q0 3125061 376 10.725928 test
17 Q0 3132036 377 10.717893 test
17 Q0 3129021 378 10.717656 test
17 Q0 3125645 379 10.706833 test
17 Q0 3132367 380 10.684583 test
17 Q0 3124862 381 10.6525 test
17 Q0 3121650 382 10.644424 test
17 Q0 3129087 383 10.635869 test
17 Q0 3129778 384 10.634887 test
17 Q0 3121136 385 10.631182 test
17 Q0 3132314 386 10.625226 test
17 Q0 3127313 387 10.6092 test
17 Q0 3125194 388 10.585643 test
17 Q0 3130902 389 10.58539 test
17 Q0 3132725 390 10.5848255 test
17 Q0 3127147 391 10.58398 test
17 Q0 3132607 392 10.573458 test
17 Q0 3127498 393 10.568704 test
17 Q0 3127151 394 10.549075 test
17 Q0 3132660 395 10.548102 test
17 Q0 3131295 396 10.522846 test
17 Q0 3120996 397 10.518595 test
17 Q0 3127318 398 10.515991 test
17 Q0 3127339 399 10.484996 test
17 Q0 3132632 400 10.478337 test
17 Q0 3121614 401 10.471121 test
17 Q0 3127789 402 10.464671 test
17 Q0 3120773 403 10.458937 test
17 Q0 3123846 404 10.44449 test
17 Q0 3125337 405 10.430205 test
17 Q0 3124393 406 10.422993 test
17 Q0 3129587 407 10.418463 test
17 Q0 3125667 408 10.416113 test
17 Q0 3125065 409 10.408133 test
17 Q0 3129581 410 10.375017 test
17 Q0 3132698 411 10.373797 test
17 Q0 3124387 412 10.372048 test
17 Q0 3122334 413 10.363733 test
17 Q0 3122163 414 10.358497 test
17 Q0 3123657 415 10.351706 test
17 Q0 3128258 416 10.330236 test
17 Q0 3127135 417 10.31658 test
17 Q0 3128902 418 10.297647 test
17 Q0 3124836 419 10.295274 test
17 Q0 3132488 420 10.248969 test
17 Q0 3124982 421 10.244389 test
17 Q0 3129576 422 10.241181 test
17 Q0 3122560 423 10.218052 test
17 Q0 3128905 424 10.208646 test
17 Q0 3126840 425 10.189864 test
17 Q0 3123512 426 10.184444 test
17 Q0 3127982 427 10.16944 test
17 Q0 3124462 428 10.162085 test
17 Q0 3123640 429 10.154826 test
17 Q0 3129794 430 10.135699 test
17 Q0 3122770 431 10.132304 test
17 Q0 3122089 432 10.130045 test
17 Q0 3131797 433 10.129896 test
17 Q0 3132337 434 10.128119 test
17 Q0 3129047 435 10.125364 test
17 Q0 3123330 436 10.116707 test
17 Q0 3124839 437 10.108156 test
17 Q0 3129353 438 10.103816 test
17 Q0 3120990 439 10.079839 test
17 Q0 3124954 440 10.079177 test
17 Q0 3130709 441 10.07541 test
17 Q0 3131604 442 10.038669 test
17 Q0 3123004 443 10.032539 test
17 Q0 3126982 444 10.025638 test
17 Q0 3128052 445 10.0250435 test
17 Q0 3125230 446 10.020493 test
17 Q0 3121748 447 10.020351 test
17 Q0 3126983 448 10.011826 test
17 Q0 3131561 449 10.005153 test
17 Q0 3127854 450 10.004515 test
17 Q0 3124464 451 9.9917965 test
17 Q0 3123714 452 9.991585 test
17 Q0 3127296 453 9.980714 test
17 Q0 3128863 454 9.947659 test
17 Q0 3124448 455 9.940287 test
17 Q0 3123615 456 9.938629 test
17 Q0 3132439 457 9.936436 test
17 Q0 3121595 458 9.916582 test
17 Q0 3121063 459 9.914364 test
17 Q0 3123814 460 9.903841 test
17 Q0 3125502 461 9.895105 test
17 Q0 3130138 462 9.892218 test
17 Q0 3123009 463 9.891768 test
17 Q0 3127760 464 9.881364 test
17 Q0 3126728 465 9.878989 test
17 Q0 3123581 466 9.875303 test
17 Q0 3128053 467 9.868476 test
17 Q0 3128839 468 9.858774 test
17 Q0 3127977 469 9.854657 test
17 Q0 3122502 470 9.837495 test
17 Q0 3127999 471 9.830823 test
17 Q0 3132751 472 9.830595 test
17 Q0 3124455 473 9.829435 test
17 Q0 3127146 474 9.825789 test
17 Q0 3124027 475 9.817516 test
17 Q0 3132688 476 9.814768 test
17 Q0 3123965 477 9.812821 test
17 Q0 3132696 478 9.803466 test
17 Q0 3130356 479 9.764599 test
17 Q0 3125204 480 9.75944 test
17 Q0 3125226 481 9.755119 test
17 Q0 3120733 482 9.733646 test
17 Q0 3131390 483 9.7247095 test
17 Q0 3130969 484 9.706139 test
17 Q0 3121440 485 9.69179 test
17 Q0 3130661 486 9.689233 test
17 Q0 3125276 487 9.683888 test
17 Q0 3124491 488 9.683181 test
17 Q0 3130672 489 9.680986 test
17 Q0 3123546 490 9.679961 test
17 Q0 3132371 491 9.668984 test
17 Q0 3121430 492 9.667442 test
17 Q0 3123165 493 9.661555 test
17 Q0 3123197 494 9.658682 test
17 Q0 3129100 495 9.657136 test
17 Q0 3127293 496 9.655748 test
17 Q0 3124480 497 9.653373 test
17 Q0 3123358 498 9.645323 test
17 Q0 3120882 499 9.639774 test
17 Q0 3122958 500 9.62964 test
17 Q0 3132610 501 9.628257 test
17 Q0 3131592 502 9.6198225 test
17 Q0 3130713 503 9.612991 test
17 Q0 3130153 504 9.609908 test
17 Q0 3131189 505 9.608556 test
17 Q0 3132330 506 9.586475 test
17 Q0 3128325 507 9.569188 test
17 Q0 3124023 508 9.56799 test
17 Q0 3127758 509 9.55553 test
17 Q0 3125212 510 9.552574 test
17 Q0 3121088 511 9.54392 test
17 Q0 3123241 512 9.541242 test
17 Q0 3128845 513 9.538841 test
17 Q0 3123346 514 9.538532 test
17 Q0 3120846 515 9.533104 test
17 Q0 3132694 516 9.532342 test
17 Q0 3130023 517 9.531745 test
17 Q0 3128360 518 9.510956 test
17 Q0 3128048 519 9.50567 test
17 Q0 3129964 520 9.496887 test
17 Q0 3128593 521 9.494179 test
17 Q0 3123693 522 9.48357 test
17 Q0 3131776 523 9.482306 test
17 Q0 3123289 524 9.465567 test
17 Q0 3131252 525 9.4651575 test
17 Q0 3127764 526 9.451908 test
17 Q0 3125235 527 9.439864 test
17 Q0 3124140 528 9.432713 test
17 Q0 3127834 529 9.427407 test
17 Q0 3123694 530 9.41416 test
17 Q0 3120795 531 9.413157 test
17 Q0 3124550 532 9.40356 test
17 Q0 3126749 533 9.401624 test
17 Q0 3123219 534 9.400628 test
17 Q0 3130781 535 9.399306 test
17 Q0 3130588 536 9.379963 test
17 Q0 3130683 537 9.37643 test
17 Q0 3123556 538 9.37569 test
17 Q0 3132014 539 9.371848 test
17 Q0 3126566 540 9.356206 test
17 Q0 3125626 541 9.35575 test
17 Q0 3125329 542 9.354603 test
17 Q0 3121740 543 9.350172 test
17 Q0 3131287 544 9.341598 test
17 Q0 3127383 545 9.3398075 test
17 Q0 3129953 546 9.33828 test
17 Q0 3132343 547 9.329809 test
17 Q0 3128270 548 9.323883 test
17 Q0 3127319 549 9.312216 test
17 Q0 3131677 550 9.311081 test
17 Q0 3130485 551 9.308784 test
17 Q0 3121248 552 9.297287 test
17 Q0 3126998 553 9.294678 test
17 Q0 3128074 554 9.291478 test
17 Q0 3131394 555 9.285612 test
17 Q0 3125108 556 9.283597 test
17 Q0 3130640 557 9.283247 test
17 Q0 3129945 558 9.281678 test
17 Q0 3131123 559 9.280408 test
17 Q0 3123833 560 9.275938 test
17 Q0 3124109 561 9.275911 test
17 Q0 3123173 562 9.274188 test
17 Q0 3132279 563 9.273261 test
17 Q0 3128852 564 9.270384 test
17 Q0 3130185 565 9.268181 test
17 Q0 3130040 566 9.26267 test
17 Q0 3127020 567 9.260144 test
17 Q0 3130184 568 9.258751 test
17 Q0 3132095 569 9.248046 test
17 Q0 3131302 570 9.230182 test
17 Q0 3130045 571 9.2239 test
17 Q0 3132544 572 9.203148 test
17 Q0 3124277 573 9.202742 test
17 Q0 3127994 574 9.184171 test
17 Q0 3132772 575 9.183519 test
17 Q0 3122090 576 9.164331 test
17 Q0 3120771 577 9.153064 test
17 Q0 3126822 578 9.152428 test
17 Q0 3127515 579 9.148504 test
17 Q0 3131234 580 9.143337 test
17 Q0 3131124 581 9.141263 test
17 Q0 3121056 582 9.13766 test
17 Q0 3130362 583 9.10705 test
17 Q0 3121730 584 9.09561 test
17 Q0 3132354 585 9.089907 test
17 Q0 3131598 586 9.089592 test
17 Q0 3125516 587 9.087199 test
17 Q0 3131131 588 9.083767 test
17 Q0 3121954 589 9.080535 test
17 Q0 3129056 590 9.078933 test
17 Q0 3125142 591 9.072684 test
17 Q0 3124426 592 9.0722065 test
17 Q0 3120735 593 9.066714 test
17 Q0 3124049 594 9.060694 test
17 Q0 3130893 595 9.057576 test
17 Q0 3126817 596 9.05137 test
17 Q0 3125030 597 9.050418 test
17 Q0 3130010 598 9.049398 test
17 Q0 3130610 599 9.049053 test
17 Q0 3124505 600 9.02886 test
17 Q0 3124295 601 9.028806 test
17 Q0 3132481 602 9.027592 test
17 Q0 3132048 603 9.024025 test
17 Q0 3123831 604 9.023019 test
17 Q0 3130007 605 9.02293 test
17 Q0 3129751 606 9.0152445 test
17 Q0 3129124 607 9.010017 test
17 Q0 3127312 608 8.994766 test
17 Q0 3125352 609 8.989827 test
17 Q0 3123594 610 8.983031 test
17 Q0 3124153 611 8.975109 test
17 Q0 3128750 612 8.9662 test
17 Q0 3127990 613 8.964903 test
17 Q0 3120997 614 8.9628 test
17 Q0 3126984 615 8.959855 test
17 Q0 3120850 616 8.953452 test
17 Q0 3127298 617 8.941029 test
17 Q0 3132039 618 8.935064 test
17 Q0 3128084 619 8.934211 test
17 Q0 3131697 620 8.93352 test
17 Q0 3123008 621 8.928139 test
17 Q0 3121338 622 8.924199 test
17 Q0 3129305 623 8.910874 test
17 Q0 3127008 624 8.90342 test
17 Q0 3127769 625 8.899753 test
17 Q0 3122670 626 8.898238 test
17 Q0 3128930 627 8.891208 test
17 Q0 3124717 628 8.890422 test
17 Q0 3124512 629 8.890093 test
17 Q0 3120690 630 8.882257 test
17 Q0 3123466 631 8.877535 test
17 Q0 3121760 632 8.87729 test
17 Q0 3125729 633 8.870078 test
17 Q0 3121002 634 8.868995 test
17 Q0 3128603 635 8.866536 test
17 Q0 3131678 636 8.866137 test
17 Q0 3132440 637 8.86407 test
17 Q0 3124264 638 8.855328 test
17 Q0 3128361 639 8.855187 test
17 Q0 3122530 640 8.853304 test
17 Q0 3121598 641 8.850072 test
17 Q0 3126775 642 8.846961 test
17 Q0 3125339 643 8.840043 test
17 Q0 3122269 644 8.831708 test
17 Q0 3130029 645 8.826331 test
17 Q0 3124933 646 8.809599 test
17 Q0 3124522 647 8.803695 test
17 Q0 3128120 648 8.800641 test
17 Q0 3120742 649 8.771105 test
17 Q0 3128099 650 8.759893 test
17 Q0 3128619 651 8.750741 test
17 Q0 3121732 652 8.749325 test
17 Q0 3131118 653 8.747984 test
17 Q0 3121693 654 8.746155 test
17 Q0 3121584 655 8.743468 test
17 Q0 3130973 656 8.739579 test
17 Q0 3123745 657 8.7388 test
17 Q0 3132446 658 8.736041 test
17 Q0 3129949 659 8.73085 test
17 Q0 3132016 660 8.726057 test
17 Q0 3124858 661 8.721732 test
17 Q0 3131728 662 8.712116 test
17 Q0 3121618 663 8.711682 test
17 Q0 3121601 664 8.707289 test
17 Q0 3131680 665 8.699689 test
17 Q0 3124273 666 8.697766 test
17 Q0 3130771 667 8.695552 test
17 Q0 3132670 668 8.68293 test
17 Q0 3130464 669 8.66356 test
17 Q0 3127747 670 8.662604 test
17 Q0 3129077 671 8.659768 test
17 Q0 3131434 672 8.649207 test
17 Q0 3126768 673 8.644015 test
17 Q0 3121741 674 8.628089 test
17 Q0 3128013 675 8.62785 test
17 Q0 3122511 676 8.605845 test
17 Q0 3128751 677 8.60099 test
17 Q0 3130266 678 8.592555 test
17 Q0 3124029 679 8.572273 test
17 Q0 3125149 680 8.571802 test
17 Q0 3130909 681 8.570578 test
17 Q0 3132615 682 8.565002 test
17 Q0 3127833 683 8.559921 test
17 Q0 3130043 684 8.552421 test
17 Q0 3130136 685 8.550986 test
17 Q0 3123467 686 8.550316 test
17 Q0 3132443 687 8.542183 test
17 Q0 3123250 688 8.529153 test
17 Q0 3130956 689 8.516704 test
17 Q0 3129356 690 8.513066 test
17 Q0 3128622 691 8.505271 test
17 Q0 3129169 692 8.4914 test
17 Q0 3128981 693 8.491328 test
17 Q0 3128365 694 8.474792 test
17 Q0 3132704 695 8.472979 test
17 Q0 3126852 696 8.469062 test
17 Q0 3128122 697 8.460874 test
17 Q0 3120868 698 8.459744 test
17 Q0 3128711 699 8.455998 test
17 Q0 3121428 700 8.450695 test
17 Q0 3131717 701 8.432937 test
17 Q0 3127762 702 8.432858 test
17 Q0 3125529 703 8.4201565 test
17 Q0 3125124 704 8.415214 test
17 Q0 3129344 705 8.414131 test
17 Q0 3122228 706 8.412992 test
17 Q0 3122983 707 8.411891 test
17 Q0 3129759 708 8.406235 test
17 Q0 3127801 709 8.404091 test
17 Q0 3123163 710 8.401635 test
17 Q0 3131238 711 8.399428 test
17 Q0 3129183 712 8.397351 test
17 Q0 3123549 713 8.388971 test
17 Q0 3132418 714 8.386708 test
17 Q0 3128012 715 8.379536 test
17 Q0 3128613 716 8.378186 test
17 Q0 3120866 717 8.375838 test
17 Q0 3126719 718 8.368798 test
17 Q0 3124327 719 8.367757 test
17 Q0 3126763 720 8.363845 test
17 Q0 3123350 721 8.362318 test
17 Q0 3123567 722 8.3581 test
17 Q0 3132633 723 8.35426 test
17 Q0 3123548 724 8.347313 test
17 Q0 3131719 725 8.339087 test
17 Q0 3121769 726 8.332748 test
17 Q0 3132038 727 8.329713 test
17 Q0 3120727 728 8.320915 test
17 Q0 3132090 729 8.319263 test
17 Q0 3126710 730 8.318818 test
17 Q0 3121659 731 8.308239 test
17 Q0 3125252 732 8.302659 test
17 Q0 3130776 733 8.2842245 test
17 Q0 3132690 734 8.277115 test
17 Q0 3125341 735 8.271166 test
17 Q0 3125778 736 8.268081 test
17 Q0 3131718 737 8.267944 test
17 Q0 3121782 738 8.263111 test
17 Q0 3124395 739 8.251371 test
17 Q0 3120793 740 8.245595 test
17 Q0 3130193 741 8.237582 test
17 Q0 3125253 742 8.236862 test
17 Q0 3121337 743 8.232292 test
17 Q0 3121613 744 8.231128 test
17 Q0 3123178 745 8.229113 test
17 Q0 3128740 746 8.227263 test
17 Q0 3131507 747 8.225601 test
17 Q0 3124400 748 8.223943 test
17 Q0 3125275 749 8.223409 test
17 Q0 3126714 750 8.204893 test
17 Q0 3125417 751 8.204648 test
17 Q0 3125316 752 8.202306 test
17 Q0 3123744 753 8.200315 test
17 Q0 3130291 754 8.196437 test
17 Q0 3124832 755 8.195811 test
17 Q0 3128847 756 8.189514 test
17 Q0 3128735 757 8.186036 test
17 Q0 3123169 758 8.181974 test
17 Q0 3126787 759 8.1686535 test
17 Q0 3126827 760 8.1628 test
17 Q0 3131754 761 8.158098 test
17 Q0 3123811 762 8.154379 test
17 Q0 3123656 763 8.148806 test
17 Q0 3132049 764 8.142461 test
17 Q0 3124481 765 8.138673 test
17 Q0 3121334 766 8.137682 test
17 Q0 3125335 767 8.130656 test
17 Q0 3131584 768 8.120233 test
17 Q0 3123540 769 8.118911 test
17 Q0 3121092 770 8.118609 test
17 Q0 3124257 771 8.114373 test
17 Q0 3121427 772 8.110884 test
17 Q0 3121339 773 8.106224 test
17 Q0 3125736 774 8.106175 test
17 Q0 3127839 775 8.10586 test
17 Q0 3126849 776 8.104721 test
17 Q0 3124069 777 8.100734 test
17 Q0 3124723 778 8.092762 test
17 Q0 3129774 779 8.086627 test
17 Q0 3127300 780 8.076808 test
17 Q0 3130570 781 8.055546 test
17 Q0 3125222 782 8.040455 test
17 Q0 3124353 783 8.03033 test
17 Q0 3124551 784 8.0252495 test
17 Q0 3128363 785 8.022375 test
17 Q0 3130333 786 8.020028 test
17 Q0 3130139 787 8.012141 test
17 Q0 3132465 788 8.010864 test
17 Q0 3126720 789 8.009543 test
17 Q0 3131523 790 8.002338 test
17 Q0 3128894 791 7.998447 test
17 Q0 3132327 792 7.9952826 test
17 Q0 3131727 793 7.990807 test
17 Q0 3127965 794 7.979315 test
17 Q0 3122366 795 7.9753942 test
17 Q0 3129039 796 7.9712124 test
17 Q0 3125297 797 7.9696784 test
17 Q0 3130750 798 7.9673758 test
17 Q0 3122339 799 7.9652567 test
17 Q0 3131514 800 7.958185 test
17 Q0 3124721 801 7.9579926 test
17 Q0 3132321 802 7.951067 test
17 Q0 3125148 803 7.950909 test
17 Q0 3125218 804 7.94821 test
17 Q0 3121439 805 7.9381075 test
17 Q0 3128266 806 7.9211187 test
17 Q0 3130730 807 7.9155846 test
17 Q0 3131595 808 7.9148455 test
17 Q0 3132732 809 7.9133983 test
17 Q0 3120816 810 7.9127707 test
17 Q0 3120995 811 7.895879 test
17 Q0 3128892 812 7.890702 test
17 Q0 3132540 813 7.8879824 test
17 Q0 3127402 814 7.882645 test
17 Q0 3120680 815 7.8728037 test
17 Q0 3130427 816 7.8683786 test
17 Q0 3132679 817 7.867924 test
17 Q0 3125386 818 7.8675947 test
17 Q0 3123571 819 7.860292 test
17 Q0 3132539 820 7.857718 test
17 Q0 3124672 821 7.852953 test
17 Q0 3127504 822 7.841757 test
17 Q0 3129298 823 7.841228 test
17 Q0 3126696 824 7.840893 test
17 Q0 3125027 825 7.839529 test
17 Q0 3123658 826 7.8366942 test
17 Q0 3122083 827 7.8311367 test
17 Q0 3121109 828 7.8121996 test
17 Q0 3125392 829 7.811223 test
17 Q0 3121581 830 7.798887 test
17 Q0 3127116 831 7.7968884 test
17 Q0 3123222 832 7.793545 test
17 Q0 3125254 833 7.790824 test
17 Q0 3128600 834 7.7865505 test
17 Q0 3124453 835 7.7853527 test
17 Q0 3124931 836 7.7827773 test
17 Q0 3132654 837 7.782685 test
17 Q0 3121067 838 7.782057 test
17 Q0 3122993 839 7.776314 test
17 Q0 3129074 840 7.7652082 test
17 Q0 3120675 841 7.7607503 test
17 Q0 3128079 842 7.7604055 test
17 Q0 3120822 843 7.7572193 test
17 Q0 3128598 844 7.7525635 test
17 Q0 3123207 845 7.749149 test
17 Q0 3129303 846 7.7423587 test
17 Q0 3129055 847 7.740882 test
17 Q0 3129088 848 7.7408056 test
17 Q0 3128612 849 7.738887 test
17 Q0 3125059 850 7.737575 test
17 Q0 3130996 851 7.7368846 test
17 Q0 3120819 852 7.7243257 test
17 Q0 3121116 853 7.720533 test
17 Q0 3131286 854 7.709479 test
17 Q0 3131800 855 7.7088075 test
17 Q0 3128369 856 7.708517 test
17 Q0 3130695 857 7.702455 test
17 Q0 3123364 858 7.700924 test
17 Q0 3123280 859 7.695027 test
17 Q0 3121733 860 7.6828885 test
17 Q0 3127745 861 7.6828275 test
17 Q0 3132177 862 7.681699 test
17 Q0 3129674 863 7.6759467 test
17 Q0 3130997 864 7.6593504 test
17 Q0 3124953 865 7.659303 test
17 Q0 3120994 866 7.657581 test
17 Q0 3129952 867 7.6568933 test
17 Q0 3123264 868 7.654257 test
17 Q0 3121443 869 7.6531 test
17 Q0 3124253 870 7.651172 test
17 Q0 3124323 871 7.6504707 test
17 Q0 3125655 872 7.6490703 test
17 Q0 3125228 873 7.647557 test
17 Q0 3125661 874 7.64295 test
17 Q0 3121594 875 7.638057 test
17 Q0 3131580 876 7.6298575 test
17 Q0 3131615 877 7.6254005 test
17 Q0 3121441 878 7.6143827 test
17 Q0 3121079 879 7.613727 test
17 Q0 3132743 880 7.612471 test
17 Q0 3120848 881 7.6108027 test
17 Q0 3124526 882 7.603274 test
17 Q0 3125309 883 7.598925 test
17 Q0 3124716 884 7.598606 test
17 Q0 3121787 885 7.593841 test
17 Q0 3121280 886 7.584177 test
17 Q0 3128277 887 7.583758 test
17 Q0 3123577 888 7.5827875 test
17 Q0 3124673 889 7.581946 test
17 Q0 3130135 890 7.57873 test
17 Q0 3125216 891 7.576499 test
17 Q0 3124047 892 7.572975 test
17 Q0 3131525 893 7.572395 test
17 Q0 3132057 894 7.569285 test
17 Q0 3121654 895 7.5669436 test
17 Q0 3128827 896 7.553419 test
17 Q0 3129078 897 7.5511646 test
17 Q0 3130791 898 7.550485 test
17 Q0 3132494 899 7.543931 test
17 Q0 3128895 900 7.5431957 test
17 Q0 3131195 901 7.5274596 test
17 Q0 3123159 902 7.527415 test
17 Q0 3121652 903 7.520803 test
17 Q0 3123316 904 7.5199995 test
17 Q0 3124432 905 7.5199423 test
17 Q0 3131725 906 7.515981 test
17 Q0 3130676 907 7.5145307 test
17 Q0 3127755 908 7.5089726 test
17 Q0 3130732 909 7.5068483 test
17 Q0 3123562 910 7.500298 test
17 Q0 3125664 911 7.4958496 test
17 Q0 3130189 912 7.4900947 test
17 Q0 3129322 913 7.4872913 test
17 Q0 3123699 914 7.4850993 test
17 Q0 3121718 915 7.4794183 test
17 Q0 3128036 916 7.4788184 test
17 Q0 3125003 917 7.473155 test
17 Q0 3122584 918 7.4719815 test
17 Q0 3126837 919 7.471848 test
17 Q0 3128101 920 7.466323 test
17 Q0 3130494 921 7.4620447 test
17 Q0 3121128 922 7.4531593 test
17 Q0 3125343 923 7.4527125 test
17 Q0 3121728 924 7.444669 test
17 Q0 3126789 925 7.4431434 test
17 Q0 3124409 926 7.4422045 test
17 Q0 3121596 927 7.4361854 test
17 Q0 3129308 928 7.4351435 test
17 Q0 3127780 929 7.433865 test
17 Q0 3124932 930 7.4330134 test
17 Q0 3132021 931 7.432224 test
17 Q0 3121676 932 7.429529 test
17 Q0 3132710 933 7.419844 test
17 Q0 3126762 934 7.419208 test
17 Q0 3124892 935 7.415857 test
17 Q0 3125958 936 7.415344 test
17 Q0 3128359 937 7.4117494 test
17 Q0 3128946 938 7.40906 test
17 Q0 3128118 939 7.3964458 test
17 Q0 3128022 940 7.395885 test
17 Q0 3132719 941 7.393531 test
17 Q0 3128011 942 7.3901844 test
17 Q0 3128008 943 7.3899584 test
17 Q0 3125334 944 7.388619 test
17 Q0 3130717 945 7.3855915 test
17 Q0 3123647 946 7.383024 test
17 Q0 3126994 947 7.380568 test
17 Q0 3125014 948 7.377574 test
17 Q0 3124413 949 7.3673363 test
17 Q0 3124883 950 7.361769 test
17 Q0 3122589 951 7.3600864 test
17 Q0 3132054 952 7.355093 test
17 Q0 3132501 953 7.3547416 test
17 Q0 3120677 954 7.3528714 test
17 Q0 3125246 955 7.3528695 test
17 Q0 3128581 956 7.349291 test
17 Q0 3123935 957 7.3446364 test
17 Q0 3123261 958 7.3405204 test
17 Q0 3131672 959 7.3389196 test
17 Q0 3121603 960 7.33482 test
17 Q0 3130934 961 7.3346653 test
17 Q0 3124989 962 7.3263836 test
17 Q0 3122380 963 7.3230977 test
17 Q0 3125524 964 7.3207335 test
17 Q0 3123176 965 7.317323 test
17 Q0 3123991 966 7.3151155 test
17 Q0 3123278 967 7.3115635 test
17 Q0 3121083 968 7.3098674 test
17 Q0 3130712 969 7.303857 test
17 Q0 3123602 970 7.3012953 test
17 Q0 3128096 971 7.2976623 test
17 Q0 3130650 972 7.2971435 test
17 Q0 3120862 973 7.293546 test
17 Q0 3123211 974 7.292956 test
17 Q0 3131272 975 7.292687 test
17 Q0 3127308 976 7.2905593 test
17 Q0 3123632 977 7.2831182 test
17 Q0 3130636 978 7.2824626 test
17 Q0 3132063 979 7.2717085 test
17 Q0 3125196 980 7.264798 test
17 Q0 3131269 981 7.2633567 test
17 Q0 3130582 982 7.263027 test
17 Q0 3129574 983 7.253441 test
17 Q0 3128129 984 7.2505183 test
17 Q0 3120877 985 7.237929 test
17 Q0 3130438 986 7.236416 test
17 Q0 3128903 987 7.2331147 test
17 Q0 3131270 988 7.229939 test
17 Q0 3131508 989 7.229234 test
17 Q0 3121130 990 7.2259746 test
17 Q0 3130910 991 7.2215967 test
17 Q0 3128124 992 7.211901 test
17 Q0 3126773 993 7.2101035 test
17 Q0 3132124 994 7.2090015 test
17 Q0 3128601 995 7.2067556 test
17 Q0 3130462 996 7.206439 test
17 Q0 3121634 997 7.2040887 test
17 Q0 3124648 998 7.2033167 test
17 Q0 3130590 999 7.201869 test
17 Q0 3129592 1000 7.200427 test
18 Q0 3127319 1 28.71399 test
18 Q0 3131000 2 28.319273 test
18 Q0 3127152 3 28.125475 test
18 Q0 3132663 4 28.095623 test
18 Q0 3124301 5 27.804773 test
18 Q0 3126768 6 26.782652 test
18 Q0 3120735 7 24.871778 test
18 Q0 3124970 8 24.338573 test
18 Q0 3132697 9 23.374592 test
18 Q0 3124448 10 23.236692 test
18 Q0 3132379 11 21.453163 test
18 Q0 3124396 12 20.576372 test
18 Q0 3126713 13 19.86612 test
18 Q0 3124727 14 19.687962 test
18 Q0 3132124 15 19.669785 test
18 Q0 3127996 16 19.42533 test
18 Q0 3121334 17 19.382067 test
18 Q0 3127308 18 19.181787 test
18 Q0 3129090 19 18.813223 test
18 Q0 3130984 20 18.721298 test
18 Q0 3125658 21 18.657438 test
18 Q0 3129114 22 18.534561 test
18 Q0 3121095 23 18.299389 test
18 Q0 3125277 24 18.254086 test
18 Q0 3126776 25 18.063623 test
18 Q0 3132343 26 17.926212 test
18 Q0 3125662 27 17.745884 test
18 Q0 3125384 28 17.737646 test
18 Q0 3131295 29 17.698551 test
18 Q0 3124391 30 17.666311 test
18 Q0 3131766 31 17.638685 test
18 Q0 3122372 32 17.59008 test
18 Q0 3122897 33 17.559916 test
18 Q0 3129079 34 17.506 test
18 Q0 3132334 35 17.39871 test
18 Q0 3127789 36 17.19408 test
18 Q0 3122094 37 17.14182 test
18 Q0 3130920 38 17.097853 test
18 Q0 3128041 39 17.029459 test
18 Q0 3123681 40 17.017963 test
18 Q0 3125121 41 16.75077 test
18 Q0 3130717 42 16.668646 test
18 Q0 3125041 43 16.50701 test
18 Q0 3121094 44 16.480095 test
18 Q0 3127117 45 16.465603 test
18 Q0 3131038 46 16.334259 test
18 Q0 3129344 47 16.258694 test
18 Q0 3121748 48 16.220201 test
18 Q0 3120997 49 16.212812 test
18 Q0 3127795 50 16.21185 test
18 Q0 3122993 51 16.198563 test
18 Q0 3123906 52 16.096685 test
18 Q0 3125224 53 16.082336 test
18 Q0 3132048 54 15.995273 test
18 Q0 3132120 55 15.993674 test
18 Q0 3131402 56 15.93476 test
18 Q0 3124459 57 15.792069 test
18 Q0 3130575 58 15.753955 test
18 Q0 3120818 59 15.673155 test
18 Q0 3125646 60 15.569163 test
18 Q0 3124723 61 15.563648 test
18 Q0 3120746 62 15.498537 test
18 Q0 3120851 63 15.48603 test
18 Q0 3121001 64 15.456297 test
18 Q0 3127315 65 15.419398 test
18 Q0 3127998 66 15.401273 test
18 Q0 3127309 67 15.39049 test
18 Q0 3125333 68 15.384393 test
18 Q0 3130894 69 15.350971 test
18 Q0 3125322 70 15.338571 test
18 Q0 3122986 71 15.294586 test
18 Q0 3123831 72 15.27759 test
18 Q0 3121093 73 15.256396 test
18 Q0 3130589 74 15.18984 test
18 Q0 3132374 75 15.170183 test
18 Q0 3131711 76 15.057468 test
18 Q0 3127354 77 15.04436 test
18 Q0 3132369 78 15.020687 test
18 Q0 3129077 79 15.014094 test
18 Q0 3130361 80 14.987097 test
18 Q0 3121746 81 14.979154 test
18 Q0 3127314 82 14.916224 test
18 Q0 3123346 83 14.899307 test
18 Q0 3125065 84 14.866759 test
18 Q0 3129070 85 14.866218 test
18 Q0 3125011 86 14.850603 test
18 Q0 3132521 87 14.827092 test
18 Q0 3131680 88 14.804079 test
18 Q0 3126719 89 14.780124 test
18 Q0 3130463 90 14.674813 test
18 Q0 3129343 91 14.659213 test
18 Q0 3131118 92 14.63058 test
18 Q0 3123175 93 14.6272745 test
18 Q0 3127293 94 14.618109 test
18 Q0 3130568 95 14.590689 test
18 Q0 3129065 96 14.580901 test
18 Q0 3123586 97 14.564575 test
18 Q0 3121732 98 14.505851 test
18 Q0 3129307 99 14.449362 test
18 Q0 3132698 100 14.369595 test
18 Q0 3132713 101 14.3097315 test
18 Q0 3123000 102 14.305881 test
18 Q0 3130050 103 14.301489 test
18 Q0 3129592 104 14.288762 test
18 Q0 3127376 105 14.258423 test
18 Q0 3121680 106 14.246365 test
18 Q0 3124552 107 14.235781 test
18 Q0 3129059 108 14.233732 test
18 Q0 3132325 109 14.209104 test
18 Q0 3128598 110 14.145275 test
18 Q0 3121614 111 14.135826 test
18 Q0 3127744 112 14.120071 test
18 Q0 3125722 113 14.111852 test
18 Q0 3127756 114 14.079086 test
18 Q0 3131388 115 14.056244 test
18 Q0 3130373 116 14.045479 test
18 Q0 3122300 117 14.004283 test
18 Q0 3124397 118 13.998482 test
18 Q0 3128079 119 13.996349 test
18 Q0 3132097 120 13.992056 test
18 Q0 3132032 121 13.950042 test
18 Q0 3132365 122 13.898401 test
18 Q0 3124254 123 13.881327 test
18 Q0 3124640 124 13.856311 test
18 Q0 3131615 125 13.854263 test
18 Q0 3123640 126 13.814722 test
18 Q0 3124318 127 13.797585 test
18 Q0 3132744 128 13.768953 test
18 Q0 3132061 129 13.744615 test
18 Q0 3125654 130 13.730653 test
18 Q0 3125718 131 13.723773 test
18 Q0 3121754 132 13.716173 test
18 Q0 3132331 133 13.701458 test
18 Q0 3123647 134 13.642942 test
18 Q0 3129082 135 13.602485 test
18 Q0 3132711 136 13.57829 test
18 Q0 3131127 137 13.560854 test
18 Q0 3125344 138 13.525906 test
18 Q0 3132694 139 13.5208845 test
18 Q0 3123701 140 13.511425 test
18 Q0 3125644 141 13.503169 test
18 Q0 3121740 142 13.483709 test
18 Q0 3132338 143 13.48257 test
18 Q0 3124323 144 13.425235 test
18 Q0 3127009 145 13.419267 test
18 Q0 3125037 146 13.406115 test
18 Q0 3126757 147 13.403145 test
18 Q0 3127952 148 13.38749 test
18 Q0 3125461 149 13.362233 test
18 Q0 3127995 150 13.303178 test
18 Q0 3125375 151 13.302207 test
18 Q0 3130378 152 13.263138 test
18 Q0 3124285 153 13.261211 test
18 Q0 3125317 154 13.257716 test
18 Q0 3131403 155 13.255475 test
18 Q0 3129060 156 13.208815 test
18 Q0 3130023 157 13.182042 test
18 Q0 3125661 158 13.122399 test
18 Q0 3132376 159 13.0847645 test
18 Q0 3126710 160 13.0803585 test
18 Q0 3131249 161 13.054228 test
18 Q0 3124436 162 13.052737 test
18 Q0 3132363 163 13.032187 test
18 Q0 3128608 164 13.020421 test
18 Q0 3126732 165 13.007657 test
18 Q0 3123509 166 13.0061245 test
18 Q0 3120835 167 12.994264 test
18 Q0 3125194 168 12.98185 test
18 Q0 3129083 169 12.977945 test
18 Q0 3129103 170 12.927154 test
18 Q0 3132123 171 12.909523 test
18 Q0 3122596 172 12.901345 test
18 Q0 3127840 173 12.868343 test
18 Q0 3125798 174 12.863672 test
18 Q0 3124988 175 12.858892 test
18 Q0 3132610 176 12.838095 test
18 Q0 3131251 177 12.834309 test
18 Q0 3127420 178 12.824538 test
18 Q0 3125626 179 12.78463 test
18 Q0 3128861 180 12.764388 test
18 Q0 3128116 181 12.745774 test
18 Q0 3127303 182 12.741313 test
18 Q0 3120820 183 12.732964 test
18 Q0 3129955 184 12.700999 test
18 Q0 3132119 185 12.668817 test
18 Q0 3132034 186 12.662269 test
18 Q0 3121800 187 12.654748 test
18 Q0 3126566 188 12.625699 test
18 Q0 3128263 189 12.622066 test
18 Q0 3128854 190 12.622013 test
18 Q0 3125289 191 12.597789 test
18 Q0 3123242 192 12.556153 test
18 Q0 3131302 193 12.547892 test
18 Q0 3128724 194 12.506209 test
18 Q0 3125408 195 12.50577 test
18 Q0 3125655 196 12.50466 test
18 Q0 3125341 197 12.502118 test
18 Q0 3127977 198 12.488481 test
18 Q0 3124286 199 12.460685 test
18 Q0 3123649 200 12.454828 test
18 Q0 3125736 201 12.45197 test
18 Q0 3131798 202 12.435579 test
18 Q0 3127763 203 12.433538 test
18 Q0 3121755 204 12.425301 test
18 Q0 3126766 205 12.397599 test
18 Q0 3124543 206 12.39142 test
18 Q0 3131292 207 12.380794 test
18 Q0 3129320 208 12.377506 test
18 Q0 3123354 209 12.354164 test
18 Q0 3122984 210 12.348807 test
18 Q0 3127111 211 12.347175 test
18 Q0 3132606 212 12.319972 test
18 Q0 3132177 213 12.306066 test
18 Q0 3122114 214 12.305422 test
18 Q0 3125417 215 12.2974 test
18 Q0 3121304 216 12.285194 test
18 Q0 3132063 217 12.278756 test
18 Q0 3127295 218 12.277064 test
18 Q0 3127986 219 12.265408 test
18 Q0 3126695 220 12.263613 test
18 Q0 3125729 221 12.261019 test
18 Q0 3131265 222 12.2395525 test
18 Q0 3121584 223 12.231032 test
18 Q0 3130473 224 12.228693 test
18 Q0 3131801 225 12.203853 test
18 Q0 3127969 226 12.196416 test
18 Q0 3121716 227 12.1880665 test
18 Q0 3131760 228 12.184933 test
18 Q0 3124432 229 12.175063 test
18 Q0 3132375 230 12.163352 test
18 Q0 3127153 231 12.162731 test
18 Q0 3130724 232 12.146443 test
18 Q0 3124051 233 12.145799 test
18 Q0 3123822 234 12.134213 test
18 Q0 3124873 235 12.125086 test
18 Q0 3126840 236 12.123527 test
18 Q0 3129315 237 12.111864 test
18 Q0 3121059 238 12.100891 test
18 Q0 3121278 239 12.078347 test
18 Q0 3123617 240 12.068055 test
18 Q0 3127318 241 12.063366 test
18 Q0 3125953 242 12.052158 test
18 Q0 3123322 243 12.048098 test
18 Q0 3130460 244 12.0407295 test
18 Q0 3127962 245 12.037917 test
18 Q0 3124643 246 12.03542 test
18 Q0 3127790 247 12.014749 test
18 Q0 3131800 248 11.995123 test
18 Q0 3124153 249 11.927843 test
18 Q0 3120747 250 11.909574 test
18 Q0 3121064 251 11.906114 test
18 Q0 3130135 252 11.901651 test
18 Q0 3120761 253 11.869167 test
18 Q0 3132054 254 11.867844 test
18 Q0 3120973 255 11.864497 test
18 Q0 3123515 256 11.858433 test
18 Q0 3128742 257 11.8583765 test
18 Q0 3130702 258 11.846914 test
18 Q0 3122593 259 11.828846 test
18 Q0 3130493 260 11.815394 test
18 Q0 3125036 261 11.810405 test
18 Q0 3131241 262 11.808295 test
18 Q0 3124647 263 11.807941 test
18 Q0 3123560 264 11.806847 test
18 Q0 3123624 265 11.796803 test
18 Q0 3127848 266 11.795887 test
18 Q0 3127313 267 11.786538 test
18 Q0 3128045 268 11.784642 test
18 Q0 3124265 269 11.778378 test
18 Q0 3124835 270 11.7782755 test
18 Q0 3124047 271 11.703994 test
18 Q0 3129778 272 11.70205 test
18 Q0 3129794 273 11.699729 test
18 Q0 3128254 274 11.683643 test
18 Q0 3131030 275 11.677556 test
18 Q0 3125214 276 11.671724 test
18 Q0 3129096 277 11.659173 test
18 Q0 3129533 278 11.652321 test
18 Q0 3130728 279 11.650369 test
18 Q0 3128118 280 11.647823 test
18 Q0 3124449 281 11.647304 test
18 Q0 3124135 282 11.646233 test
18 Q0 3124473 283 11.635863 test
18 Q0 3131716 284 11.631875 test
18 Q0 3130747 285 11.626561 test
18 Q0 3127838 286 11.593097 test
18 Q0 3123833 287 11.592708 test
18 Q0 3129584 288 11.591283 test
18 Q0 3130553 289 11.575724 test
18 Q0 3131513 290 11.568515 test
18 Q0 3127770 291 11.567585 test
18 Q0 3123644 292 11.565472 test
18 Q0 3128590 293 11.560815 test
18 Q0 3131293 294 11.5566 test
18 Q0 3124287 295 11.548301 test
18 Q0 3132332 296 11.543587 test
18 Q0 3131244 297 11.501255 test
18 Q0 3128826 298 11.484696 test
18 Q0 3124731 299 11.472367 test
18 Q0 3131751 300 11.465013 test
18 Q0 3123203 301 11.464635 test
18 Q0 3129130 302 11.462485 test
18 Q0 3124717 303 11.451003 test
18 Q0 3123257 304 11.44694 test
18 Q0 3125342 305 11.4392395 test
18 Q0 3132370 306 11.438912 test
18 Q0 3129666 307 11.432545 test
18 Q0 3132359 308 11.42239 test
18 Q0 3125014 309 11.416843 test
18 Q0 3122104 310 11.415727 test
18 Q0 3129058 311 11.380519 test
18 Q0 3123173 312 11.378074 test
18 Q0 3123513 313 11.367578 test
18 Q0 3132710 314 11.365376 test
18 Q0 3121964 315 11.357642 test
18 Q0 3128134 316 11.356724 test
18 Q0 3131732 317 11.355247 test
18 Q0 3120760 318 11.350799 test
18 Q0 3124399 319 11.348854 test
18 Q0 3130137 320 11.339775 test
18 Q0 3125273 321 11.315868 test
18 Q0 3120757 322 11.305844 test
18 Q0 3127578 323 11.298428 test
18 Q0 3121660 324 11.292787 test
18 Q0 3121693 325 11.284194 test
18 Q0 3122893 326 11.280604 test
18 Q0 3120998 327 11.2785425 test
18 Q0 3124550 328 11.270653 test
18 Q0 3129355 329 11.264855 test
18 Q0 3121430 330 11.244241 test
18 Q0 3127788 331 11.235632 test
18 Q0 3124275 332 11.213237 test
18 Q0 3123255 333 11.211897 test
18 Q0 3124413 334 11.198582 test
18 Q0 3120834 335 11.180814 test
18 Q0 3126497 336 11.178217 test
18 Q0 3123304 337 11.177689 test
18 Q0 3124224 338 11.175035 test
18 Q0 3124468 339 11.162669 test
18 Q0 3131508 340 11.157923 test
18 Q0 3123562 341 11.157364 test
18 Q0 3130666 342 11.134945 test
18 Q0 3123241 343 11.130521 test
18 Q0 3125115 344 11.1285715 test
18 Q0 3121002 345 11.127218 test
18 Q0 3121339 346 11.122006 test
18 Q0 3132364 347 11.1015835 test
18 Q0 3129679 348 11.094858 test
18 Q0 3132237 349 11.087752 test
18 Q0 3131394 350 11.085358 test
18 Q0 3122991 351 11.024492 test
18 Q0 3128127 352 11.0216 test
18 Q0 3124729 353 11.013718 test
18 Q0 3132362 354 11.006218 test
18 Q0 3132603 355 11.003954 test
18 Q0 3123281 356 10.996187 test
18 Q0 3124303 357 10.988089 test
18 Q0 3127791 358 10.983815 test
18 Q0 3124316 359 10.963641 test
18 Q0 3130153 360 10.961869 test
18 Q0 3125373 361 10.909844 test
18 Q0 3123546 362 10.905871 test
18 Q0 3124670 363 10.895905 test
18 Q0 3124687 364 10.893022 test
18 Q0 3129761 365 10.887796 test
18 Q0 3120723 366 10.878889 test
18 Q0 3125283 367 10.871899 test
18 Q0 3127990 368 10.870505 test
18 Q0 3124753 369 10.866356 test
18 Q0 3131676 370 10.8440895 test
18 Q0 3124326 371 10.840956 test
18 Q0 3129042 372 10.807304 test
18 Q0 3130037 373 10.798078 test
18 Q0 3132693 374 10.7779255 test
18 Q0 3130733 375 10.775598 test
18 Q0 3132594 376 10.763207 test
18 Q0 3127750 377 10.762659 test
18 Q0 3120831 378 10.753506 test
18 Q0 3128894 379 10.74455 test
18 Q0 3127859 380 10.719591 test
18 Q0 3122054 381 10.719146 test
18 Q0 3130716 382 10.706462 test
18 Q0 3130912 383 10.704673 test
18 Q0 3121620 384 10.702858 test
18 Q0 3132439 385 10.700758 test
18 Q0 3125160 386 10.700284 test
18 Q0 3127798 387 10.697144 test
18 Q0 3123286 388 10.695682 test
18 Q0 3128929 389 10.692065 test
18 Q0 3132720 390 10.681005 test
18 Q0 3130914 391 10.680614 test
18 Q0 3125663 392 10.670897 test
18 Q0 3126767 393 10.6702 test
18 Q0 3132330 394 10.670087 test
18 Q0 3130699 395 10.669023 test
18 Q0 3132412 396 10.66823 test
18 Q0 3132057 397 10.6673355 test
18 Q0 3121751 398 10.659036 test
18 Q0 3126782 399 10.657052 test
18 Q0 3125305 400 10.655818 test
18 Q0 3121727 401 10.647338 test
18 Q0 3124390 402 10.646026 test
18 Q0 3130273 403 10.644931 test
18 Q0 3120882 404 10.639548 test
18 Q0 3121595 405 10.63853 test
18 Q0 3132721 406 10.636675 test
18 Q0 3125502 407 10.635365 test
18 Q0 3131272 408 10.628811 test
18 Q0 3129942 409 10.62873 test
18 Q0 3132041 410 10.618129 test
18 Q0 3125961 411 10.6152525 test
18 Q0 3122987 412 10.6003895 test
18 Q0 3129086 413 10.58859 test
18 Q0 3130555 414 10.586524 test
18 Q0 3132704 415 10.577198 test
18 Q0 3129354 416 10.575569 test
18 Q0 3132688 417 10.566634 test
18 Q0 3120859 418 10.56269 test
18 Q0 3122119 419 10.554482 test
18 Q0 3121429 420 10.55432 test
18 Q0 3123550 421 10.55249 test
18 Q0 3130561 422 10.53137 test
18 Q0 3123274 423 10.525895 test
18 Q0 3126749 424 10.507077 test
18 Q0 3132276 425 10.49956 test
18 Q0 3126707 426 10.489382 test
18 Q0 3127740 427 10.484045 test
18 Q0 3124237 428 10.481109 test
18 Q0 3125520 429 10.474526 test
18 Q0 3131559 430 10.472174 test
18 Q0 3126784 431 10.46501 test
18 Q0 3130057 432 10.462766 test
18 Q0 3120790 433 10.440803 test
18 Q0 3130983 434 10.439285 test
18 Q0 3120865 435 10.422254 test
18 Q0 3130800 436 10.417449 test
18 Q0 3128860 437 10.409559 test
18 Q0 3128895 438 10.405787 test
18 Q0 3122584 439 10.40467 test
18 Q0 3132176 440 10.403893 test
18 Q0 3124675 441 10.400498 test
18 Q0 3124386 442 10.396933 test
18 Q0 3128050 443 10.391662 test
18 Q0 3130481 444 10.371457 test
18 Q0 3124500 445 10.3675995 test
18 Q0 3120727 446 10.357447 test
18 Q0 3132014 447 10.352239 test
18 Q0 3120695 448 10.350372 test
18 Q0 3132118 449 10.333843 test
18 Q0 3128587 450 10.3337 test
18 Q0 3125225 451 10.322875 test
18 Q0 3132121 452 10.321237 test
18 Q0 3121782 453 10.3206835 test
18 Q0 3129306 454 10.303345 test
18 Q0 3123364 455 10.294997 test
18 Q0 3131233 456 10.29418 test
18 Q0 3132437 457 10.276081 test
18 Q0 3120999 458 10.2709675 test
18 Q0 3125006 459 10.256747 test
18 Q0 3122331 460 10.251627 test
18 Q0 3124053 461 10.249303 test
18 Q0 3131273 462 10.246028 test
18 Q0 3131561 463 10.2335205 test
18 Q0 3129345 464 10.230723 test
18 Q0 3131434 465 10.215401 test
18 Q0 3125211 466 10.195896 test
18 Q0 3124330 467 10.190207 test
18 Q0 3124003 468 10.182091 test
18 Q0 3129763 469 10.1789465 test
18 Q0 3123846 470 10.174364 test
18 Q0 3127329 471 10.159009 test
18 Q0 3120702 472 10.155193 test
18 Q0 3128727 473 10.151114 test
18 Q0 3120981 474 10.149445 test
18 Q0 3127490 475 10.147891 test
18 Q0 3129671 476 10.146518 test
18 Q0 3124732 477 10.142756 test
18 Q0 3128580 478 10.135208 test
18 Q0 3124409 479 10.1278305 test
18 Q0 3126748 480 10.1266775 test
18 Q0 3125058 481 10.122985 test
18 Q0 3123821 482 10.110042 test
18 Q0 3124469 483 10.1033745 test
18 Q0 3127854 484 10.096487 test
18 Q0 3129022 485 10.096123 test
18 Q0 3124646 486 10.090847 test
18 Q0 3122589 487 10.086886 test
18 Q0 3124508 488 10.078993 test
18 Q0 3125254 489 10.076237 test
18 Q0 3127956 490 10.0727415 test
18 Q0 3130926 491 10.07218 test
18 Q0 3132372 492 10.071503 test
18 Q0 3121776 493 10.069539 test
18 Q0 3131399 494 10.053136 test
18 Q0 3124673 495 10.045576 test
18 Q0 3121955 496 10.033895 test
18 Q0 3128074 497 10.027241 test
18 Q0 3132366 498 10.024657 test
18 Q0 3122659 499 10.005543 test
18 Q0 3123010 500 10.004577 test
18 Q0 3126851 501 10.003633 test
18 Q0 3128103 502 9.995745 test
18 Q0 3124724 503 9.981343 test
18 Q0 3121623 504 9.979547 test
18 Q0 3124322 505 9.977838 test
18 Q0 3132392 506 9.976773 test
18 Q0 3120728 507 9.976757 test
18 Q0 3123595 508 9.974144 test
18 Q0 3131188 509 9.970403 test
18 Q0 3125360 510 9.961985 test
18 Q0 3121681 511 9.955266 test
18 Q0 3129110 512 9.946637 test
18 Q0 3121437 513 9.945262 test
18 Q0 3125002 514 9.934409 test
18 Q0 3125203 515 9.929778 test
18 Q0 3125212 516 9.917731 test
18 Q0 3127296 517 9.916643 test
18 Q0 3130998 518 9.913068 test
18 Q0 3124874 519 9.910353 test
18 Q0 3130007 520 9.906665 test
18 Q0 3131234 521 9.906455 test
18 Q0 3130566 522 9.903534 test
18 Q0 3130698 523 9.89978 test
18 Q0 3124461 524 9.899426 test
18 Q0 3130572 525 9.894132 test
18 Q0 3122068 526 9.886893 test
18 Q0 3124266 527 9.870911 test
18 Q0 3129068 528 9.870448 test
18 Q0 3127997 529 9.866738 test
18 Q0 3123554 530 9.864008 test
18 Q0 3129951 531 9.862262 test
18 Q0 3122163 532 9.859623 test
18 Q0 3124671 533 9.854621 test
18 Q0 3128817 534 9.853137 test
18 Q0 3129102 535 9.83748 test
18 Q0 3127801 536 9.823438 test
18 Q0 3128571 537 9.812419 test
18 Q0 3130362 538 9.810554 test
18 Q0 3120689 539 9.807412 test
18 Q0 3123549 540 9.805554 test
18 Q0 3124320 541 9.804469 test
18 Q0 3132483 542 9.786599 test
18 Q0 3125003 543 9.78552 test
18 Q0 3128585 544 9.780674 test
18 Q0 3124503 545 9.777812 test
18 Q0 3120710 546 9.776442 test
18 Q0 3127988 547 9.773632 test
18 Q0 3120766 548 9.767973 test
18 Q0 3123852 549 9.759942 test
18 Q0 3130918 550 9.758074 test
18 Q0 3129749 551 9.753194 test
18 Q0 3129063 552 9.753191 test
18 Q0 3132498 553 9.743444 test
18 Q0 3126827 554 9.734118 test
18 Q0 3125350 555 9.727859 test
18 Q0 3129756 556 9.72682 test
18 Q0 3132540 557 9.7196455 test
18 Q0 3120836 558 9.709845 test
18 Q0 3132589 559 9.706999 test
18 Q0 3131189 560 9.70615 test
18 Q0 3125222 561 9.702833 test
18 Q0 3127137 562 9.695072 test
18 Q0 3128020 563 9.694387 test
18 Q0 3131717 564 9.693489 test
18 Q0 3130141 565 9.690772 test
18 Q0 3127984 566 9.689756 test
18 Q0 3130260 567 9.681316 test
18 Q0 3124992 568 9.679441 test
18 Q0 3121761 569 9.667891 test
18 Q0 3129950 570 9.667227 test
18 Q0 3121956 571 9.666051 test
18 Q0 3123263 572 9.663265 test
18 Q0 3120755 573 9.660282 test
18 Q0 3125745 574 9.653246 test
18 Q0 3125667 575 9.650422 test
18 Q0 3125005 576 9.642963 test
18 Q0 3129774 577 9.638138 test
18 Q0 3132692 578 9.634674 test
18 Q0 3129574 579 9.629966 test
18 Q0 3124530 580 9.623045 test
18 Q0 3128088 581 9.621762 test
18 Q0 3124465 582 9.621422 test
18 Q0 3123696 583 9.61602 test
18 Q0 3130919 584 9.613597 test
18 Q0 3127822 585 9.610325 test
18 Q0 3128407 586 9.607639 test
18 Q0 3131677 587 9.598726 test
18 Q0 3132059 588 9.590913 test
18 Q0 3128930 589 9.589681 test
18 Q0 3131723 590 9.581982 test
18 Q0 3126789 591 9.576384 test
18 Q0 3124698 592 9.571713 test
18 Q0 3126779 593 9.570092 test
18 Q0 3124124 594 9.568754 test
18 Q0 3125522 595 9.542487 test
18 Q0 3131187 596 9.5401325 test
18 Q0 3124398 597 9.538494 test
18 Q0 3125286 598 9.538125 test
18 Q0 3131396 599 9.535719 test
18 Q0 3126837 600 9.532017 test
18 Q0 3125786 601 9.5250025 test
18 Q0 3124541 602 9.521368 test
18 Q0 3130893 603 9.518856 test
18 Q0 3123340 604 9.513604 test
18 Q0 3131078 605 9.513247 test
18 Q0 3124933 606 9.508111 test
18 Q0 3123169 607 9.507848 test
18 Q0 3130982 608 9.496623 test
18 Q0 3125778 609 9.490368 test
18 Q0 3121335 610 9.4903145 test
18 Q0 3124442 611 9.475765 test
18 Q0 3130574 612 9.467215 test
18 Q0 3124728 613 9.457095 test
18 Q0 3124721 614 9.455793 test
18 Q0 3120883 615 9.44083 test
18 Q0 3124931 616 9.4390955 test
18 Q0 3125809 617 9.434673 test
18 Q0 3123297 618 9.427492 test
18 Q0 3125033 619 9.42089 test
18 Q0 3123814 620 9.420298 test
18 Q0 3131194 621 9.419818 test
18 Q0 3126706 622 9.408852 test
18 Q0 3121757 623 9.408636 test
18 Q0 3120994 624 9.407975 test
18 Q0 3132725 625 9.40102 test
18 Q0 3126736 626 9.394851 test
18 Q0 3125244 627 9.394477 test
18 Q0 3123303 628 9.391913 test
18 Q0 3125376 629 9.390728 test
18 Q0 3129120 630 9.388501 test
18 Q0 3125762 631 9.380134 test
18 Q0 3122052 632 9.372023 test
18 Q0 3130495 633 9.363856 test
18 Q0 3128102 634 9.363796 test
18 Q0 3129753 635 9.353194 test
18 Q0 3130887 636 9.353097 test
18 Q0 3130729 637 9.351136 test
18 Q0 3124462 638 9.345101 test
18 Q0 3122728 639 9.335639 test
18 Q0 3122555 640 9.335486 test
18 Q0 3129755 641 9.334579 test
18 Q0 3128277 642 9.33436 test
18 Q0 3130672 643 9.332698 test
18 Q0 3129013 644 9.329245 test
18 Q0 3125349 645 9.325342 test
18 Q0 3127143 646 9.324951 test
18 Q0 3123882 647 9.310248 test
18 Q0 3127104 648 9.30772 test
18 Q0 3128135 649 9.304634 test
18 Q0 3129678 650 9.30434 test
18 Q0 3128931 651 9.303702 test
18 Q0 3121252 652 9.296981 test
18 Q0 3127755 653 9.295064 test
18 Q0 3124944 654 9.292589 test
18 Q0 3125268 655 9.274973 test
18 Q0 3127765 656 9.269444 test
18 Q0 3121587 657 9.267277 test
18 Q0 3127146 658 9.262891 test
18 Q0 3126793 659 9.258242 test
18 Q0 3131391 660 9.2577095 test
18 Q0 3128891 661 9.254774 test
18 Q0 3130907 662 9.238806 test
18 Q0 3125204 663 9.236854 test
18 Q0 3125767 664 9.236182 test
18 Q0 3128751 665 9.22513 test
18 Q0 3131250 666 9.22464 test
18 Q0 3131246 667 9.223447 test
18 Q0 3120829 668 9.218977 test
18 Q0 3129665 669 9.215904 test
18 Q0 3123279 670 9.205838 test
18 Q0 3132674 671 9.203873 test
18 Q0 3132613 672 9.197195 test
18 Q0 3128599 673 9.196351 test
18 Q0 3120696 674 9.191539 test
18 Q0 3125354 675 9.188162 test
18 Q0 3124855 676 9.186397 test
18 Q0 3124991 677 9.1786375 test
18 Q0 3125326 678 9.1759405 test
18 Q0 3132706 679 9.171579 test
18 Q0 3120763 680 9.169527 test
18 Q0 3120742 681 9.169313 test
18 Q0 3132732 682 9.16623 test
18 Q0 3121743 683 9.160826 test
18 Q0 3123819 684 9.153081 test
18 Q0 3132390 685 9.152868 test
18 Q0 3132469 686 9.149224 test
18 Q0 3128099 687 9.145066 test
18 Q0 3131252 688 9.14245 test
18 Q0 3125304 689 9.121024 test
18 Q0 3124435 690 9.117851 test
18 Q0 3121649 691 9.108976 test
18 Q0 3128815 692 9.105625 test
18 Q0 3128382 693 9.097321 test
18 Q0 3122901 694 9.097286 test
18 Q0 3123714 695 9.093491 test
18 Q0 3125347 696 9.09291 test
18 Q0 3127390 697 9.092869 test
18 Q0 3125391 698 9.088827 test
18 Q0 3124932 699 9.084659 test
18 Q0 3125793 700 9.076674 test
18 Q0 3130922 701 9.07476 test
18 Q0 3120698 702 9.074443 test
18 Q0 3120705 703 9.070598 test
18 Q0 3126833 704 9.068574 test
18 Q0 3124686 705 9.066047 test
18 Q0 3124393 706 9.064499 test
18 Q0 3121747 707 9.064314 test
18 Q0 3124683 708 9.058997 test
18 Q0 3131065 709 9.057709 test
18 Q0 3124376 710 9.05481 test
18 Q0 3130911 711 9.043976 test
18 Q0 3125956 712 9.043497 test
18 Q0 3127797 713 9.04189 test
18 Q0 3125108 714 9.038393 test
18 Q0 3126734 715 9.03625 test
18 Q0 3120712 716 9.034643 test
18 Q0 3122190 717 9.03449 test
18 Q0 3127108 718 9.031569 test
18 Q0 3132700 719 9.030824 test
18 Q0 3129672 720 9.019741 test
18 Q0 3121087 721 9.0181675 test
18 Q0 3130681 722 9.016783 test
18 Q0 3121424 723 9.013038 test
18 Q0 3130663 724 9.010055 test
18 Q0 3121882 725 9.003396 test
18 Q0 3124059 726 9.001936 test
18 Q0 3132588 727 9.001231 test
18 Q0 3121086 728 9.000418 test
18 Q0 3120687 729 8.986737 test
18 Q0 3121696 730 8.982829 test
18 Q0 3124488 731 8.973702 test
18 Q0 3123174 732 8.973548 test
18 Q0 3121442 733 8.973314 test
18 Q0 3125316 734 8.972222 test
18 Q0 3123737 735 8.971131 test
18 Q0 3131792 736 8.970568 test
18 Q0 3123317 737 8.96901 test
18 Q0 3121593 738 8.968169 test
18 Q0 3126765 739 8.963977 test
18 Q0 3129581 740 8.956616 test
18 Q0 3125234 741 8.955311 test
18 Q0 3131050 742 8.9395685 test
18 Q0 3129590 743 8.93883 test
18 Q0 3123160 744 8.932295 test
18 Q0 3132683 745 8.931221 test
18 Q0 3122980 746 8.923352 test
18 Q0 3129775 747 8.923057 test
18 Q0 3131772 748 8.920371 test
18 Q0 3127320 749 8.91823 test
18 Q0 3132757 750 8.912529 test
18 Q0 3121600 751 8.911605 test
18 Q0 3121440 752 8.911374 test
18 Q0 3123635 753 8.910817 test
18 Q0 3122085 754 8.910045 test
18 Q0 3128902 755 8.904878 test
18 Q0 3124137 756 8.903071 test
18 Q0 3120811 757 8.902761 test
18 Q0 3131037 758 8.900866 test
18 Q0 3121436 759 8.899948 test
18 Q0 3130590 760 8.898085 test
18 Q0 3127103 761 8.8961315 test
18 Q0 3120726 762 8.887668 test
18 Q0 3131728 763 8.88289 test
18 Q0 3128004 764 8.881468 test
18 Q0 3121582 765 8.87801 test
18 Q0 3131507 766 8.876836 test
18 Q0 3123653 767 8.864927 test
18 Q0 3124414 768 8.855761 test
18 Q0 3121728 769 8.852371 test
18 Q0 3125193 770 8.850166 test
18 Q0 3132699 771 8.843007 test
18 Q0 3121116 772 8.8358135 test
18 Q0 3123243 773 8.826758 test
18 Q0 3128084 774 8.824385 test
18 Q0 3125804 775 8.8229065 test
18 Q0 3121603 776 8.822656 test
18 Q0 3122060 777 8.820851 test
18 Q0 3132476 778 8.820262 test
18 Q0 3128059 779 8.814476 test
18 Q0 3121633 780 8.813967 test
18 Q0 3132605 781 8.813572 test
18 Q0 3131791 782 8.810368 test
18 Q0 3125256 783 8.8088875 test
18 Q0 3121588 784 8.808657 test
18 Q0 3132719 785 8.8052435 test
18 Q0 3124502 786 8.799858 test
18 Q0 3124345 787 8.789105 test
18 Q0 3132125 788 8.779308 test
18 Q0 3124324 789 8.779186 test
18 Q0 3122115 790 8.777563 test
18 Q0 3124327 791 8.776504 test
18 Q0 3120802 792 8.774242 test
18 Q0 3125584 793 8.774198 test
18 Q0 3120803 794 8.7669325 test
18 Q0 3123213 795 8.765084 test
18 Q0 3126750 796 8.763082 test
18 Q0 3130676 797 8.762701 test
18 Q0 3124360 798 8.757535 test
18 Q0 3123512 799 8.753421 test
18 Q0 3124055 800 8.751234 test
18 Q0 3132354 801 8.746948 test
18 Q0 3124029 802 8.746356 test
18 Q0 3120845 803 8.744514 test
18 Q0 3123011 804 8.740685 test
18 Q0 3124363 805 8.725823 test
18 Q0 3124446 806 8.7234335 test
18 Q0 3132702 807 8.7205 test
18 Q0 3120888 808 8.709853 test
18 Q0 3120846 809 8.707934 test
18 Q0 3120867 810 8.705309 test
18 Q0 3124528 811 8.701904 test
18 Q0 3121877 812 8.7019 test
18 Q0 3132351 813 8.701223 test
18 Q0 3130048 814 8.698054 test
18 Q0 3126773 815 8.697424 test
18 Q0 3130317 816 8.690342 test
18 Q0 3130147 817 8.687207 test
18 Q0 3123339 818 8.686662 test
18 Q0 3128980 819 8.685203 test
18 Q0 3130735 820 8.673343 test
18 Q0 3130745 821 8.673287 test
18 Q0 3128863 822 8.672343 test
18 Q0 3128932 823 8.671683 test
18 Q0 3128092 824 8.668035 test
18 Q0 3120707 825 8.665042 test
18 Q0 3127493 826 8.664736 test
18 Q0 3132368 827 8.661717 test
18 Q0 3121760 828 8.6581 test
18 Q0 3128111 829 8.6579275 test
18 Q0 3125780 830 8.655244 test
18 Q0 3122587 831 8.638062 test
18 Q0 3132316 832 8.636849 test
18 Q0 3130190 833 8.636296 test
18 Q0 3131522 834 8.636195 test
18 Q0 3127982 835 8.635941 test
18 Q0 3127999 836 8.634025 test
18 Q0 3125228 837 8.6296015 test
18 Q0 3130438 838 8.628573 test
18 Q0 3123367 839 8.622679 test
18 Q0 3123623 840 8.622144 test
18 Q0 3125751 841 8.620853 test
18 Q0 3130651 842 8.61781 test
18 Q0 3127312 843 8.615414 test
18 Q0 3120736 844 8.613361 test
18 Q0 3121719 845 8.61316 test
18 Q0 3131238 846 8.609382 test
18 Q0 3123540 847 8.607546 test
18 Q0 3125101 848 8.603123 test
18 Q0 3125182 849 8.599483 test
18 Q0 3132217 850 8.59907 test
18 Q0 3121753 851 8.598613 test
18 Q0 3130043 852 8.59805 test
18 Q0 3123294 853 8.577191 test
18 Q0 3128086 854 8.5730095 test
18 Q0 3131431 855 8.56972 test
18 Q0 3132055 856 8.569182 test
18 Q0 3130488 857 8.567696 test
18 Q0 3125215 858 8.567047 test
18 Q0 3130657 859 8.566546 test
18 Q0 3124472 860 8.558556 test
18 Q0 3120817 861 8.558176 test
18 Q0 3120787 862 8.555588 test
18 Q0 3121685 863 8.553043 test
18 Q0 3130748 864 8.552602 test
18 Q0 3132326 865 8.547322 test
18 Q0 3123268 866 8.545535 test
18 Q0 3122506 867 8.54381 test
18 Q0 3131729 868 8.542857 test
18 Q0 3123300 869 8.542189 test
18 Q0 3123344 870 8.537018 test
18 Q0 3131123 871 8.534439 test
18 Q0 3132748 872 8.531827 test
18 Q0 3132215 873 8.520839 test
18 Q0 3123314 874 8.518195 test
18 Q0 3131298 875 8.504126 test
18 Q0 3123643 876 8.49218 test
18 Q0 3126817 877 8.489755 test
18 Q0 3126841 878 8.48324 test
18 Q0 3123629 879 8.477049 test
18 Q0 3122899 880 8.475702 test
18 Q0 3131581 881 8.46286 test
18 Q0 3125197 882 8.460303 test
18 Q0 3120862 883 8.45862 test
18 Q0 3120733 884 8.456471 test
18 Q0 3132093 885 8.452266 test
18 Q0 3131594 886 8.452171 test
18 Q0 3122090 887 8.45053 test
18 Q0 3124293 888 8.448301 test
18 Q0 3120804 889 8.443824 test
18 Q0 3127991 890 8.441803 test
18 Q0 3132598 891 8.439446 test
18 Q0 3120830 892 8.437978 test
18 Q0 3121630 893 8.427883 test
18 Q0 3130032 894 8.420174 test
18 Q0 3125734 895 8.4154215 test
18 Q0 3132519 896 8.411924 test
18 Q0 3130182 897 8.410335 test
18 Q0 3130006 898 8.410069 test
18 Q0 3120676 899 8.40846 test
18 Q0 3129587 900 8.407426 test
18 Q0 3122091 901 8.406791 test
18 Q0 3128206 902 8.403424 test
18 Q0 3131264 903 8.397277 test
18 Q0 3125270 904 8.396047 test
18 Q0 3129760 905 8.389705 test
18 Q0 3123201 906 8.389496 test
18 Q0 3123517 907 8.38377 test
18 Q0 3123581 908 8.374935 test
18 Q0 3130706 909 8.371228 test
18 Q0 3125074 910 8.357355 test
18 Q0 3121355 911 8.351051 test
18 Q0 3130644 912 8.348673 test
18 Q0 3127151 913 8.346809 test
18 Q0 3131274 914 8.343013 test
18 Q0 3129123 915 8.340698 test
18 Q0 3124176 916 8.340678 test
18 Q0 3131300 917 8.339064 test
18 Q0 3130028 918 8.338476 test
18 Q0 3127105 919 8.334988 test
18 Q0 3121778 920 8.330914 test
18 Q0 3132447 921 8.328982 test
18 Q0 3127125 922 8.314974 test
18 Q0 3130163 923 8.310495 test
18 Q0 3130975 924 8.309352 test
18 Q0 3127841 925 8.305966 test
18 Q0 3131130 926 8.302372 test
18 Q0 3128022 927 8.299792 test
18 Q0 3126224 928 8.297926 test
18 Q0 3129305 929 8.294515 test
18 Q0 3128058 930 8.291765 test
18 Q0 3121340 931 8.291718 test
18 Q0 3124935 932 8.285842 test
18 Q0 3124505 933 8.282829 test
18 Q0 3123118 934 8.281132 test
18 Q0 3127855 935 8.2727785 test
18 Q0 3128081 936 8.268542 test
18 Q0 3124261 937 8.262221 test
18 Q0 3129109 938 8.261416 test
18 Q0 3128603 939 8.258938 test
18 Q0 3120827 940 8.253102 test
18 Q0 3124400 941 8.252092 test
18 Q0 3126727 942 8.249999 test
18 Q0 3121579 943 8.244022 test
18 Q0 3126694 944 8.236679 test
18 Q0 3130472 945 8.234239 test
18 Q0 3130727 946 8.233652 test
18 Q0 3129947 947 8.231949 test
18 Q0 3132367 948 8.231372 test
18 Q0 3120675 949 8.229015 test
18 Q0 3127975 950 8.224391 test
18 Q0 3127321 951 8.222619 test
18 Q0 3123330 952 8.215924 test
18 Q0 3124458 953 8.210911 test
18 Q0 3127227 954 8.208134 test
18 Q0 3120753 955 8.206808 test
18 Q0 3129098 956 8.206277 test
18 Q0 3128942 957 8.197533 test
18 Q0 3124884 958 8.195866 test
18 Q0 3121634 959 8.195718 test
18 Q0 3124832 960 8.195646 test
18 Q0 3124697 961 8.190632 test
18 Q0 3129768 962 8.188755 test
18 Q0 3131718 963 8.187443 test
18 Q0 3123222 964 8.186487 test
18 Q0 3130655 965 8.184822 test
18 Q0 3132445 966 8.183593 test
18 Q0 3131758 967 8.178971 test
18 Q0 3130997 968 8.178006 test
18 Q0 3128847 969 8.177966 test
18 Q0 3131270 970 8.169032 test
18 Q0 3127317 971 8.165258 test
18 Q0 3123816 972 8.1616 test
18 Q0 3120781 973 8.15636 test
18 Q0 3128018 974 8.15574 test
18 Q0 3129353 975 8.152434 test
18 Q0 3131588 976 8.150575 test
18 Q0 3132679 977 8.137432 test
18 Q0 3132336 978 8.136332 test
18 Q0 3123631 979 8.13599 test
18 Q0 3120704 980 8.135742 test
18 Q0 3128123 981 8.135088 test
18 Q0 3126839 982 8.134418 test
18 Q0 3129057 983 8.132555 test
18 Q0 3121139 984 8.131914 test
18 Q0 3125799 985 8.131067 test
18 Q0 3125699 986 8.130938 test
18 Q0 3131576 987 8.130582 test
18 Q0 3120819 988 8.128385 test
18 Q0 3120722 989 8.122066 test
18 Q0 3121596 990 8.115601 test
18 Q0 3122597 991 8.114186 test
18 Q0 3128602 992 8.106312 test
18 Q0 3130934 993 8.100976 test
18 Q0 3126844 994 8.100018 test
18 Q0 3125252 995 8.098347 test
18 Q0 3120691 996 8.0983 test
18 Q0 3123202 997 8.096494 test
18 Q0 3123239 998 8.096246 test
18 Q0 3121937 999 8.093257 test
18 Q0 3128366 1000 8.093181 test
19 Q0 3129061 1 21.541317 test
19 Q0 3124480 2 20.433847 test
19 Q0 3124883 3 19.935987 test
19 Q0 3123700 4 18.583832 test
19 Q0 3126711 5 18.31087 test
19 Q0 3123360 6 18.201077 test
19 Q0 3130640 7 17.389656 test
19 Q0 3128016 8 16.994057 test
19 Q0 3132709 9 16.97765 test
19 Q0 3124731 10 16.96293 test
19 Q0 3132588 11 16.50585 test
19 Q0 3124323 12 16.23112 test
19 Q0 3132234 13 16.146742 test
19 Q0 3121964 14 15.798207 test
19 Q0 3122596 15 15.676835 test
19 Q0 3121271 16 15.657261 test
19 Q0 3132673 17 15.633768 test
19 Q0 3124266 18 15.414922 test
19 Q0 3123177 19 15.169935 test
19 Q0 3125003 20 15.011176 test
19 Q0 3125254 21 14.87899 test
19 Q0 3120733 22 14.623859 test
19 Q0 3131756 23 14.610241 test
19 Q0 3131766 24 14.480975 test
19 Q0 3123283 25 14.42314 test
19 Q0 3125654 26 14.27729 test
19 Q0 3121635 27 14.143677 test
19 Q0 3131748 28 14.03898 test
19 Q0 3127759 29 13.927578 test
19 Q0 3127314 30 13.903631 test
19 Q0 3127308 31 13.80763 test
19 Q0 3120747 32 13.777982 test
19 Q0 3127997 33 13.74597 test
19 Q0 3130975 34 13.703982 test
19 Q0 3130675 35 13.661959 test
19 Q0 3125292 36 13.651548 test
19 Q0 3126760 37 13.620477 test
19 Q0 3121254 38 13.609416 test
19 Q0 3127999 39 13.549018 test
19 Q0 3121767 40 13.532826 test
19 Q0 3132720 41 13.285039 test
19 Q0 3129308 42 13.2845545 test
19 Q0 3123629 43 13.25097 test
19 Q0 3123183 44 13.210179 test
19 Q0 3123642 45 13.1779995 test
19 Q0 3124861 46 13.135114 test
19 Q0 3131187 47 13.004949 test
19 Q0 3121640 48 12.997379 test
19 Q0 3128625 49 12.972258 test
19 Q0 3127357 50 12.878823 test
19 Q0 3121580 51 12.845294 test
19 Q0 3124318 52 12.805852 test
19 Q0 3131791 53 12.752041 test
19 Q0 3121437 54 12.737527 test
19 Q0 3125238 55 12.590111 test
19 Q0 3131512 56 12.570758 test
19 Q0 3132639 57 12.53714 test
19 Q0 3128854 58 12.517933 test
19 Q0 3124326 59 12.434179 test
19 Q0 3132610 60 12.403827 test
19 Q0 3125196 61 12.379541 test
19 Q0 3123294 62 12.33807 test
19 Q0 3132600 63 12.314329 test
19 Q0 3128088 64 12.289184 test
19 Q0 3125115 65 12.238529 test
19 Q0 3132670 66 12.223623 test
19 Q0 3130192 67 12.121078 test
19 Q0 3121641 68 12.079573 test
19 Q0 3127491 69 12.035786 test
19 Q0 3122880 70 12.034872 test
19 Q0 3125376 71 11.96664 test
19 Q0 3123823 72 11.907936 test
19 Q0 3125550 73 11.872155 test
19 Q0 3123190 74 11.859393 test
19 Q0 3131799 75 11.733119 test
19 Q0 3130362 76 11.714185 test
19 Q0 3121603 77 11.686638 test
19 Q0 3128042 78 11.685449 test
19 Q0 3124992 79 11.655497 test
19 Q0 3126695 80 11.645231 test
19 Q0 3132016 81 11.609077 test
19 Q0 3131727 82 11.5378275 test
19 Q0 3122984 83 11.532417 test
19 Q0 3130661 84 11.508343 test
19 Q0 3128017 85 11.48797 test
19 Q0 3127808 86 11.471881 test
19 Q0 3124891 87 11.470359 test
19 Q0 3121733 88 11.466385 test
19 Q0 3121768 89 11.417111 test
19 Q0 3127778 90 11.345986 test
19 Q0 3125277 91 11.271977 test
19 Q0 3121275 92 11.195795 test
19 Q0 3125027 93 11.123563 test
19 Q0 3122092 94 11.114902 test
19 Q0 3128826 95 11.098827 test
19 Q0 3132021 96 11.090898 test
19 Q0 3132276 97 11.02211 test
19 Q0 3125366 98 11.002587 test
19 Q0 3125058 99 10.966354 test
19 Q0 3132097 100 10.955995 test
19 Q0 3125371 101 10.954772 test
19 Q0 3125222 102 10.952516 test
19 Q0 3127771 103 10.938018 test
19 Q0 3130050 104 10.937935 test
19 Q0 3127520 105 10.838755 test
19 Q0 3123161 106 10.799489 test
19 Q0 3124321 107 10.797372 test
19 Q0 3128254 108 10.702145 test
19 Q0 3120669 109 10.695124 test
19 Q0 3123589 110 10.557754 test
19 Q0 3124462 111 10.547913 test
19 Q0 3128861 112 10.544214 test
19 Q0 3127981 113 10.542121 test
19 Q0 3124729 114 10.527747 test
19 Q0 3129117 115 10.522787 test
19 Q0 3124135 116 10.493271 test
19 Q0 3131716 117 10.448618 test
19 Q0 3129950 118 10.445512 test
19 Q0 3121057 119 10.401889 test
19 Q0 3122898 120 10.400904 test
19 Q0 3130908 121 10.361585 test
19 Q0 3129352 122 10.311235 test
19 Q0 3126780 123 10.294813 test
19 Q0 3121421 124 10.276262 test
19 Q0 3132060 125 10.269758 test
19 Q0 3128041 126 10.252005 test
19 Q0 3125035 127 10.251587 test
19 Q0 3131717 128 10.234949 test
19 Q0 3128905 129 10.143343 test
19 Q0 3122986 130 10.116387 test
19 Q0 3130681 131 10.106875 test
19 Q0 3120683 132 10.089768 test
19 Q0 3126707 133 10.046114 test
19 Q0 3123821 134 10.033744 test
19 Q0 3125030 135 10.023382 test
19 Q0 3132325 136 10.010717 test
19 Q0 3129947 137 10.008115 test
19 Q0 3130138 138 9.991017 test
19 Q0 3121637 139 9.934174 test
19 Q0 3127510 140 9.885964 test
19 Q0 3130153 141 9.869203 test
19 Q0 3127854 142 9.8608465 test
19 Q0 3130031 143 9.852702 test
19 Q0 3124285 144 9.846288 test
19 Q0 3122163 145 9.836888 test
19 Q0 3121628 146 9.812736 test
19 Q0 3121130 147 9.778203 test
19 Q0 3128580 148 9.772131 test
19 Q0 3125537 149 9.696738 test
19 Q0 3123554 150 9.674791 test
19 Q0 3122088 151 9.608373 test
19 Q0 3131545 152 9.572259 test
19 Q0 3125361 153 9.571742 test
19 Q0 3126749 154 9.560167 test
19 Q0 3132405 155 9.558191 test
19 Q0 3127758 156 9.553211 test
19 Q0 3132607 157 9.533003 test
19 Q0 3127977 158 9.517359 test
19 Q0 3121086 159 9.458451 test
19 Q0 3125194 160 9.441237 test
19 Q0 3127495 161 9.440263 test
19 Q0 3131981 162 9.401256 test
19 Q0 3125028 163 9.3967705 test
19 Q0 3127764 164 9.389782 test
19 Q0 3127950 165 9.376669 test
19 Q0 3126727 166 9.372558 test
19 Q0 3121253 167 9.367198 test
19 Q0 3131801 168 9.359708 test
19 Q0 3131753 169 9.332917 test
19 Q0 3130373 170 9.331811 test
19 Q0 3127020 171 9.329358 test
19 Q0 3124303 172 9.327608 test
19 Q0 3123515 173 9.320207 test
19 Q0 3120823 174 9.275856 test
19 Q0 3124298 175 9.27279 test
19 Q0 3120728 176 9.265537 test
19 Q0 3121656 177 9.254832 test
19 Q0 3130672 178 9.192951 test
19 Q0 3125341 179 9.180172 test
19 Q0 3121276 180 9.171614 test
19 Q0 3123168 181 9.155041 test
19 Q0 3123548 182 9.14963 test
19 Q0 3124732 183 9.138166 test
19 Q0 3127817 184 9.097948 test
19 Q0 3123456 185 9.087022 test
19 Q0 3127750 186 9.067159 test
19 Q0 3122504 187 9.066484 test
19 Q0 3126983 188 9.046359 test
19 Q0 3120715 189 9.028671 test
19 Q0 3123556 190 9.016528 test
19 Q0 3130670 191 9.002763 test
19 Q0 3120816 192 9.00082 test
19 Q0 3123509 193 8.974859 test
19 Q0 3130789 194 8.950363 test
19 Q0 3124295 195 8.9367485 test
19 Q0 3120996 196 8.893783 test
19 Q0 3129047 197 8.868433 test
19 Q0 3132123 198 8.854171 test
19 Q0 3124140 199 8.849803 test
19 Q0 3130635 200 8.846391 test
19 Q0 3123593 201 8.814651 test
19 Q0 3127116 202 8.813615 test
19 Q0 3121335 203 8.806373 test
19 Q0 3129354 204 8.800363 test
19 Q0 3123212 205 8.796182 test
19 Q0 3125011 206 8.783124 test
19 Q0 3129962 207 8.771771 test
19 Q0 3132393 208 8.761656 test
19 Q0 3123169 209 8.756887 test
19 Q0 3131118 210 8.736569 test
19 Q0 3125471 211 8.730659 test
19 Q0 3124273 212 8.722583 test
19 Q0 3129289 213 8.720854 test
19 Q0 3129951 214 8.698575 test
19 Q0 3120866 215 8.6979885 test
19 Q0 3128593 216 8.691672 test
19 Q0 3124481 217 8.6653805 test
19 Q0 3123935 218 8.66148 test
19 Q0 3125309 219 8.660704 test
19 Q0 3130933 220 8.660362 test
19 Q0 3127498 221 8.655965 test
19 Q0 3127801 222 8.648109 test
19 Q0 3123814 223 8.645993 test
19 Q0 3129298 224 8.630737 test
19 Q0 3123831 225 8.62433 test
19 Q0 3131507 226 8.565992 test
19 Q0 3121056 227 8.564973 test
19 Q0 3120851 228 8.5629425 test
19 Q0 3120970 229 8.551696 test
19 Q0 3132238 230 8.537146 test
19 Q0 3132332 231 8.522491 test
19 Q0 3131257 232 8.506494 test
19 Q0 3132162 233 8.5063 test
19 Q0 3132660 234 8.4861965 test
19 Q0 3120822 235 8.478329 test
19 Q0 3121251 236 8.477029 test
19 Q0 3132045 237 8.477005 test
19 Q0 3125736 238 8.468834 test
19 Q0 3132444 239 8.463755 test
19 Q0 3121659 240 8.461609 test
19 Q0 3124648 241 8.4594555 test
19 Q0 3127976 242 8.449816 test
19 Q0 3130984 243 8.444085 test
19 Q0 3124417 244 8.427915 test
19 Q0 3132693 245 8.427738 test
19 Q0 3130906 246 8.421566 test
19 Q0 3124722 247 8.417341 test
19 Q0 3129305 248 8.410227 test
19 Q0 3122544 249 8.410131 test
19 Q0 3129059 250 8.405723 test
19 Q0 3121673 251 8.404272 test
19 Q0 3132161 252 8.3989935 test
19 Q0 3124486 253 8.397978 test
19 Q0 3123736 254 8.39487 test
19 Q0 3123833 255 8.386843 test
19 Q0 3126797 256 8.384834 test
19 Q0 3120682 257 8.384685 test
19 Q0 3125001 258 8.383155 test
19 Q0 3120795 259 8.383147 test
19 Q0 3127775 260 8.381002 test
19 Q0 3131540 261 8.3799515 test
19 Q0 3128122 262 8.379869 test
19 Q0 3130011 263 8.372076 test
19 Q0 3124952 264 8.364982 test
19 Q0 3125502 265 8.353537 test
19 Q0 3121630 266 8.34599 test
19 Q0 3128724 267 8.326104 test
19 Q0 3125233 268 8.322642 test
19 Q0 3121726 269 8.319344 test
19 Q0 3132367 270 8.31833 test
19 Q0 3130673 271 8.316466 test
19 Q0 3123000 272 8.312708 test
19 Q0 3128049 273 8.305559 test
19 Q0 3129017 274 8.301508 test
19 Q0 3132331 275 8.287008 test
19 Q0 3132354 276 8.280773 test
19 Q0 3132539 277 8.26962 test
19 Q0 3126997 278 8.25356 test
19 Q0 3123702 279 8.243017 test
19 Q0 3132688 280 8.241415 test
19 Q0 3124447 281 8.231107 test
19 Q0 3132494 282 8.230846 test
19 Q0 3127148 283 8.218792 test
19 Q0 3121622 284 8.215409 test
19 Q0 3127780 285 8.210072 test
19 Q0 3129113 286 8.181596 test
19 Q0 3132370 287 8.159339 test
19 Q0 3124394 288 8.135589 test
19 Q0 3121440 289 8.132606 test
19 Q0 3128052 290 8.131708 test
19 Q0 3125036 291 8.130789 test
19 Q0 3130698 292 8.1247635 test
19 Q0 3132200 293 8.11208 test
19 Q0 3130457 294 8.095315 test
19 Q0 3124790 295 8.093632 test
19 Q0 3125032 296 8.086951 test
19 Q0 3131723 297 8.078717 test
19 Q0 3124983 298 8.070475 test
19 Q0 3120731 299 8.068508 test
19 Q0 3123557 300 8.047008 test
19 Q0 3124320 301 8.039191 test
19 Q0 3120793 302 8.03787 test
19 Q0 3132237 303 8.030688 test
19 Q0 3125021 304 8.022405 test
19 Q0 3123822 305 8.022318 test
19 Q0 3126825 306 8.004179 test
19 Q0 3126829 307 8.000339 test
19 Q0 3123199 308 7.9982605 test
19 Q0 3122100 309 7.990949 test
19 Q0 3132465 310 7.9867926 test
19 Q0 3121599 311 7.9727006 test
19 Q0 3122091 312 7.9610887 test
19 Q0 3128050 313 7.9587984 test
19 Q0 3129942 314 7.9497333 test
19 Q0 3132049 315 7.946784 test
19 Q0 3129038 316 7.943844 test
19 Q0 3127420 317 7.9435 test
19 Q0 3123518 318 7.9400616 test
19 Q0 3128860 319 7.9390645 test
19 Q0 3124324 320 7.928067 test
19 Q0 3132214 321 7.9164586 test
19 Q0 3120685 322 7.903414 test
19 Q0 3126772 323 7.899989 test
19 Q0 3127849 324 7.89827 test
19 Q0 3126745 325 7.89118 test
19 Q0 3132129 326 7.878876 test
19 Q0 3122589 327 7.8784394 test
19 Q0 3128012 328 7.864275 test
19 Q0 3124322 329 7.8507004 test
19 Q0 3124933 330 7.8448987 test
19 Q0 3126836 331 7.8391404 test
19 Q0 3124460 332 7.8315215 test
19 Q0 3131393 333 7.8297334 test
19 Q0 3124391 334 7.8208117 test
19 Q0 3132119 335 7.7964783 test
19 Q0 3129574 336 7.793894 test
19 Q0 3124838 337 7.785214 test
19 Q0 3131398 338 7.7586355 test
19 Q0 3124316 339 7.758572 test
19 Q0 3132365 340 7.7531652 test
19 Q0 3123298 341 7.752931 test
19 Q0 3129500 342 7.7478385 test
19 Q0 3131115 343 7.7441196 test
19 Q0 3122047 344 7.7157955 test
19 Q0 3127969 345 7.7095637 test
19 Q0 3130715 346 7.706086 test
19 Q0 3128085 347 7.705963 test
19 Q0 3130703 348 7.6821027 test
19 Q0 3132651 349 7.677375 test
19 Q0 3125276 350 7.674295 test
19 Q0 3127391 351 7.663455 test
19 Q0 3124465 352 7.6569896 test
19 Q0 3124836 353 7.6537814 test
19 Q0 3122089 354 7.644477 test
19 Q0 3131771 355 7.643992 test
19 Q0 3132476 356 7.6356654 test
19 Q0 3121607 357 7.6286755 test
19 Q0 3127497 358 7.6285696 test
19 Q0 3132328 359 7.6281757 test
19 Q0 3121960 360 7.6122813 test
19 Q0 3123819 361 7.598921 test
19 Q0 3132335 362 7.5789084 test
19 Q0 3122056 363 7.5781918 test
19 Q0 3128263 364 7.567971 test
19 Q0 3128036 365 7.567677 test
19 Q0 3120846 366 7.565957 test
19 Q0 3128700 367 7.549281 test
19 Q0 3124970 368 7.548184 test
19 Q0 3123204 369 7.5468655 test
19 Q0 3123261 370 7.54577 test
19 Q0 3120850 371 7.5312557 test
19 Q0 3128071 372 7.5278697 test
19 Q0 3132373 373 7.5236206 test
19 Q0 3124458 374 7.5207677 test
19 Q0 3130974 375 7.518055 test
19 Q0 3125193 376 7.516375 test
19 Q0 3132338 377 7.512799 test
19 Q0 3123625 378 7.5122743 test
19 Q0 3123964 379 7.511723 test
19 Q0 3123267 380 7.5097737 test
19 Q0 3123279 381 7.5054874 test
19 Q0 3126985 382 7.501097 test
19 Q0 3128620 383 7.497384 test
19 Q0 3123699 384 7.482552 test
19 Q0 3131012 385 7.472624 test
19 Q0 3130651 386 7.4675164 test
19 Q0 3132461 387 7.4543767 test
19 Q0 3125360 388 7.4459558 test
19 Q0 3123549 389 7.4434204 test
19 Q0 3131265 390 7.4399595 test
19 Q0 3128123 391 7.438855 test
19 Q0 3124399 392 7.437263 test
19 Q0 3125231 393 7.4307384 test
19 Q0 3124390 394 7.430574 test
19 Q0 3130058 395 7.4286995 test
19 Q0 3132474 396 7.4234505 test
19 Q0 3131302 397 7.4217505 test
19 Q0 3127820 398 7.4175124 test
19 Q0 3127974 399 7.4167776 test
19 Q0 3125667 400 7.412189 test
19 Q0 3128010 401 7.409982 test
19 Q0 3132094 402 7.405746 test
19 Q0 3124981 403 7.404771 test
19 Q0 3121072 404 7.4024262 test
19 Q0 3132318 405 7.39187 test
19 Q0 3127799 406 7.377543 test
19 Q0 3128942 407 7.367307 test
19 Q0 3121612 408 7.3614354 test
19 Q0 3131718 409 7.3611045 test
19 Q0 3123703 410 7.343481 test
19 Q0 3126736 411 7.342679 test
19 Q0 3127806 412 7.3420715 test
19 Q0 3129082 413 7.3337913 test
19 Q0 3132380 414 7.31663 test
19 Q0 3129753 415 7.3123264 test
19 Q0 3129132 416 7.3070107 test
19 Q0 3123744 417 7.304247 test
19 Q0 3123707 418 7.303685 test
19 Q0 3123584 419 7.299516 test
19 Q0 3124498 420 7.2904663 test
19 Q0 3122903 421 7.2904015 test
19 Q0 3121601 422 7.2799077 test
19 Q0 3121761 423 7.268097 test
19 Q0 3128079 424 7.2677445 test
19 Q0 3123992 425 7.246569 test
19 Q0 3132637 426 7.243019 test
19 Q0 3132369 427 7.211336 test
19 Q0 3132160 428 7.2093663 test
19 Q0 3123268 429 7.20934 test
19 Q0 3123239 430 7.203293 test
19 Q0 3128097 431 7.198775 test
19 Q0 3132363 432 7.1968193 test
19 Q0 3121732 433 7.19529 test
19 Q0 3124643 434 7.181236 test
19 Q0 3120964 435 7.1752543 test
19 Q0 3130709 436 7.17335 test
19 Q0 3129042 437 7.164951 test
19 Q0 3130265 438 7.163951 test
19 Q0 3129586 439 7.159079 test
19 Q0 3131567 440 7.1519566 test
19 Q0 3131602 441 7.151562 test
19 Q0 3121957 442 7.146692 test
19 Q0 3130486 443 7.144047 test
19 Q0 3130731 444 7.1434927 test
19 Q0 3123597 445 7.140062 test
19 Q0 3130493 446 7.13668 test
19 Q0 3124875 447 7.1290007 test
19 Q0 3131725 448 7.1248603 test
19 Q0 3130127 449 7.1163597 test
19 Q0 3120755 450 7.098486 test
19 Q0 3128075 451 7.08991 test
19 Q0 3132029 452 7.082255 test
19 Q0 3132118 453 7.070144 test
19 Q0 3129133 454 7.060708 test
19 Q0 3132128 455 7.0558467 test
19 Q0 3121280 456 7.051902 test
19 Q0 3124049 457 7.0467734 test
19 Q0 3121609 458 7.0392127 test
19 Q0 3121248 459 7.0265083 test
19 Q0 3121604 460 7.0212708 test
19 Q0 3123009 461 7.018196 test
19 Q0 3124123 462 7.0030894 test
19 Q0 3121128 463 7.002644 test
19 Q0 3123830 464 6.9951124 test
19 Q0 3125335 465 6.988293 test
19 Q0 3120882 466 6.9877305 test
19 Q0 3123207 467 6.9831686 test
19 Q0 3124931 468 6.980134 test
19 Q0 3124003 469 6.9707465 test
19 Q0 3123513 470 6.9697695 test
19 Q0 3130010 471 6.969171 test
19 Q0 3129330 472 6.9677773 test
19 Q0 3131560 473 6.9654775 test
19 Q0 3129344 474 6.9651237 test
19 Q0 3126976 475 6.9631658 test
19 Q0 3129100 476 6.948551 test
19 Q0 3121680 477 6.946466 test
19 Q0 3121438 478 6.9447446 test
19 Q0 3127406 479 6.9368076 test
19 Q0 3130029 480 6.9341764 test
19 Q0 3125273 481 6.925935 test
19 Q0 3123301 482 6.9215903 test
19 Q0 3121651 483 6.9158726 test
19 Q0 3120817 484 6.914641 test
19 Q0 3131251 485 6.9102883 test
19 Q0 3127324 486 6.909463 test
19 Q0 3128363 487 6.900991 test
19 Q0 3132540 488 6.888556 test
19 Q0 3123643 489 6.888326 test
19 Q0 3126789 490 6.886706 test
19 Q0 3121945 491 6.8819017 test
19 Q0 3120686 492 6.879058 test
19 Q0 3126757 493 6.8715577 test
19 Q0 3122502 494 6.869998 test
19 Q0 3128266 495 6.862191 test
19 Q0 3121799 496 6.8598504 test
19 Q0 3130479 497 6.8524666 test
19 Q0 3121127 498 6.8501177 test
19 Q0 3126712 499 6.84282 test
19 Q0 3125062 500 6.8354144 test
19 Q0 3120730 501 6.830961 test
19 Q0 3123540 502 6.8278713 test
19 Q0 3121334 503 6.827084 test
19 Q0 3121715 504 6.8203154 test
19 Q0 3123813 505 6.817162 test
19 Q0 3130733 506 6.8134418 test
19 Q0 3124862 507 6.809352 test
19 Q0 3126755 508 6.802828 test
19 Q0 3126796 509 6.797483 test
19 Q0 3126798 510 6.7937903 test
19 Q0 3127294 511 6.793231 test
19 Q0 3128014 512 6.78721 test
19 Q0 3121787 513 6.7868075 test
19 Q0 3124985 514 6.777084 test
19 Q0 3132027 515 6.774421 test
19 Q0 3131511 516 6.769871 test
19 Q0 3123546 517 6.7647066 test
19 Q0 3124448 518 6.7625 test
19 Q0 3131130 519 6.7557807 test
19 Q0 3130693 520 6.7537284 test
19 Q0 3132124 521 6.738024 test
19 Q0 3121429 522 6.736771 test
19 Q0 3131798 523 6.731626 test
19 Q0 3125364 524 6.728557 test
19 Q0 3124432 525 6.7198863 test
19 Q0 3130718 526 6.714024 test
19 Q0 3123358 527 6.7102165 test
19 Q0 3127354 528 6.7091107 test
19 Q0 3132635 529 6.707646 test
19 Q0 3121267 530 6.694833 test
19 Q0 3130485 531 6.690317 test
19 Q0 3124951 532 6.6901016 test
19 Q0 3127823 533 6.6836305 test
19 Q0 3125648 534 6.674978 test
19 Q0 3125237 535 6.6701913 test
19 Q0 3124453 536 6.6671457 test
19 Q0 3132026 537 6.664468 test
19 Q0 3127738 538 6.658611 test
19 Q0 3132466 539 6.6573153 test
19 Q0 3125393 540 6.6524453 test
19 Q0 3132157 541 6.6512175 test
19 Q0 3122958 542 6.6504803 test
19 Q0 3130978 543 6.649483 test
19 Q0 3132687 544 6.643569 test
19 Q0 3121748 545 6.640485 test
19 Q0 3123705 546 6.632471 test
19 Q0 3132439 547 6.6259522 test
19 Q0 3129086 548 6.615695 test
19 Q0 3132048 549 6.613797 test
19 Q0 3127492 550 6.6124926 test
19 Q0 3131009 551 6.602456 test
19 Q0 3132281 552 6.601887 test
19 Q0 3130965 553 6.595459 test
19 Q0 3126708 554 6.5945306 test
19 Q0 3127306 555 6.5889497 test
19 Q0 3127841 556 6.5889497 test
19 Q0 3129310 557 6.583947 test
19 Q0 3127745 558 6.578448 test
19 Q0 3121075 559 6.5693154 test
19 Q0 3130995 560 6.5656333 test
19 Q0 3131395 561 6.5652037 test
19 Q0 3123658 562 6.5631375 test
19 Q0 3126514 563 6.560036 test
19 Q0 3122507 564 6.556537 test
19 Q0 3124464 565 6.556032 test
19 Q0 3125212 566 6.5559855 test
19 Q0 3127848 567 6.552269 test
19 Q0 3124724 568 6.548723 test
19 Q0 3125513 569 6.530224 test
19 Q0 3123550 570 6.5297256 test
19 Q0 3123701 571 6.51999 test
19 Q0 3129103 572 6.517371 test
19 Q0 3121336 573 6.5139112 test
19 Q0 3125181 574 6.5032597 test
19 Q0 3124005 575 6.4997945 test
19 Q0 3127744 576 6.499703 test
19 Q0 3132091 577 6.4966097 test
19 Q0 3132166 578 6.495355 test
19 Q0 3128896 579 6.492397 test
19 Q0 3132666 580 6.491089 test
19 Q0 3127765 581 6.4898787 test
19 Q0 3123248 582 6.4890466 test
19 Q0 3125279 583 6.48705 test
19 Q0 3130473 584 6.4824624 test
19 Q0 3129648 585 6.4806104 test
19 Q0 3132316 586 6.4726253 test
19 Q0 3132043 587 6.4701986 test
19 Q0 3130193 588 6.468118 test
19 Q0 3121061 589 6.4669476 test
19 Q0 3123965 590 6.4582996 test
19 Q0 3126846 591 6.45825 test
19 Q0 3120749 592 6.452874 test
19 Q0 3127329 593 6.4493217 test
19 Q0 3124953 594 6.4476585 test
19 Q0 3130728 595 6.44596 test
19 Q0 3132122 596 6.441597 test
19 Q0 3121756 597 6.4408407 test
19 Q0 3129068 598 6.440686 test
19 Q0 3124682 599 6.4311085 test
19 Q0 3129666 600 6.4261165 test
19 Q0 3126773 601 6.412815 test
19 Q0 3121136 602 6.4107494 test
19 Q0 3121422 603 6.409079 test
19 Q0 3129299 604 6.4071803 test
19 Q0 3122597 605 6.4036145 test
19 Q0 3120763 606 6.400157 test
19 Q0 3121728 607 6.398476 test
19 Q0 3131983 608 6.3933134 test
19 Q0 3127772 609 6.3931937 test
19 Q0 3132121 610 6.390231 test
19 Q0 3123286 611 6.384561 test
19 Q0 3125750 612 6.379466 test
19 Q0 3126989 613 6.3784776 test
19 Q0 3124487 614 6.3691735 test
19 Q0 3132695 615 6.3675637 test
19 Q0 3128902 616 6.3672733 test
19 Q0 3127789 617 6.3637857 test
19 Q0 3121439 618 6.357087 test
19 Q0 3131385 619 6.352899 test
19 Q0 3131715 620 6.3528833 test
19 Q0 3121741 621 6.3478565 test
19 Q0 3128325 622 6.3422093 test
19 Q0 3126827 623 6.33849 test
19 Q0 3123706 624 6.3375974 test
19 Q0 3132120 625 6.3352814 test
19 Q0 3121277 626 6.329047 test
19 Q0 3122554 627 6.3250923 test
19 Q0 3126980 628 6.3250456 test
19 Q0 3130183 629 6.323551 test
19 Q0 3127319 630 6.3184834 test
19 Q0 3125045 631 6.3157053 test
19 Q0 3132372 632 6.314227 test
19 Q0 3121620 633 6.3139334 test
19 Q0 3130257 634 6.3057775 test
19 Q0 3130126 635 6.3004184 test
19 Q0 3125351 636 6.293531 test
19 Q0 3126706 637 6.2929893 test
19 Q0 3125158 638 6.2921863 test
19 Q0 3130907 639 6.2897596 test
19 Q0 3123967 640 6.2891803 test
19 Q0 3123260 641 6.28895 test
19 Q0 3132730 642 6.286769 test
19 Q0 3128751 643 6.2836776 test
19 Q0 3127814 644 6.2835784 test
19 Q0 3127017 645 6.282965 test
19 Q0 3121650 646 6.278326 test
19 Q0 3124672 647 6.2725987 test
19 Q0 3120726 648 6.270711 test
19 Q0 3124210 649 6.263917 test
19 Q0 3132371 650 6.259372 test
19 Q0 3128072 651 6.2590337 test
19 Q0 3132725 652 6.2575607 test
19 Q0 3123599 653 6.253307 test
19 Q0 3121951 654 6.2518783 test
19 Q0 3132032 655 6.2467775 test
19 Q0 3129778 656 6.246705 test
19 Q0 3128845 657 6.2421637 test
19 Q0 3126981 658 6.234984 test
19 Q0 3129124 659 6.227478 test
19 Q0 3130464 660 6.224732 test
19 Q0 3123845 661 6.2244277 test
19 Q0 3125199 662 6.21948 test
19 Q0 3130043 663 6.2167683 test
19 Q0 3132633 664 6.2137456 test
19 Q0 3128612 665 6.207718 test
19 Q0 3130683 666 6.2058725 test
19 Q0 3128847 667 6.2057457 test
19 Q0 3126793 668 6.20419 test
19 Q0 3125373 669 6.202746 test
19 Q0 3125381 670 6.2020206 test
19 Q0 3124138 671 6.2002416 test
19 Q0 3132436 672 6.1999187 test
19 Q0 3132235 673 6.198931 test
19 Q0 3127405 674 6.196376 test
19 Q0 3124277 675 6.193747 test
19 Q0 3130976 676 6.185379 test
19 Q0 3128750 677 6.1754055 test
19 Q0 3124501 678 6.1750326 test
19 Q0 3128046 679 6.161666 test
19 Q0 3123595 680 6.160299 test
19 Q0 3132321 681 6.159804 test
19 Q0 3129770 682 6.157216 test
19 Q0 3130702 683 6.150775 test
19 Q0 3123308 684 6.134382 test
19 Q0 3130798 685 6.1318116 test
19 Q0 3132513 686 6.1245155 test
19 Q0 3124934 687 6.1228776 test
19 Q0 3125375 688 6.121341 test
19 Q0 3122334 689 6.121066 test
19 Q0 3123346 690 6.120869 test
19 Q0 3121428 691 6.119576 test
19 Q0 3130998 692 6.1151047 test
19 Q0 3129367 693 6.114228 test
19 Q0 3130460 694 6.110887 test
19 Q0 3127797 695 6.1094375 test
19 Q0 3124016 696 6.109247 test
19 Q0 3132392 697 6.105787 test
19 Q0 3125004 698 6.0987864 test
19 Q0 3123461 699 6.097921 test
19 Q0 3129078 700 6.095767 test
19 Q0 3121665 701 6.086795 test
19 Q0 3123361 702 6.075078 test
19 Q0 3131677 703 6.071733 test
19 Q0 3130914 704 6.066652 test
19 Q0 3132706 705 6.059888 test
19 Q0 3120742 706 6.0569143 test
19 Q0 3124050 707 6.056408 test
19 Q0 3123226 708 6.0519505 test
19 Q0 3126817 709 6.0487537 test
19 Q0 3129345 710 6.0459948 test
19 Q0 3120765 711 6.0352964 test
19 Q0 3125773 712 6.033979 test
19 Q0 3132659 713 6.0304766 test
19 Q0 3127403 714 6.0289836 test
19 Q0 3129353 715 6.0215383 test
19 Q0 3131735 716 6.0175424 test
19 Q0 3123227 717 6.0147204 test
19 Q0 3130915 718 6.0146627 test
19 Q0 3131032 719 6.0125 test
19 Q0 3123632 720 6.004133 test
19 Q0 3121294 721 6.0017977 test
19 Q0 3132168 722 5.990354 test
19 Q0 3127499 723 5.988738 test
19 Q0 3131270 724 5.9881988 test
19 Q0 3125394 725 5.9871507 test
19 Q0 3130791 726 5.982492 test
19 Q0 3121711 727 5.981476 test
19 Q0 3122981 728 5.975767 test
19 Q0 3122228 729 5.974899 test
19 Q0 3123469 730 5.9743657 test
19 Q0 3121116 731 5.9705653 test
19 Q0 3123912 732 5.9699845 test
19 Q0 3128738 733 5.9682255 test
19 Q0 3129005 734 5.967076 test
19 Q0 3120820 735 5.9640384 test
19 Q0 3120790 736 5.9627995 test
19 Q0 3122553 737 5.9598827 test
19 Q0 3122584 738 5.958643 test
19 Q0 3128020 739 5.957985 test
19 Q0 3125275 740 5.955531 test
19 Q0 3125155 741 5.954168 test
19 Q0 3124430 742 5.95349 test
19 Q0 3121627 743 5.952481 test
19 Q0 3128748 744 5.9471793 test
19 Q0 3121135 745 5.940897 test
19 Q0 3125108 746 5.9401484 test
19 Q0 3131434 747 5.939909 test
19 Q0 3127493 748 5.9397273 test
19 Q0 3132495 749 5.9319105 test
19 Q0 3131037 750 5.9310684 test
19 Q0 3127311 751 5.9310217 test
19 Q0 3128818 752 5.929658 test
19 Q0 3129131 753 5.926578 test
19 Q0 3126724 754 5.92515 test
19 Q0 3128843 755 5.92433 test
19 Q0 3129319 756 5.923518 test
19 Q0 3125954 757 5.923334 test
19 Q0 3121634 758 5.9194326 test
19 Q0 3129668 759 5.9182253 test
19 Q0 3127843 760 5.917074 test
19 Q0 3121667 761 5.9170117 test
19 Q0 3125204 762 5.912014 test
19 Q0 3123607 763 5.906068 test
19 Q0 3124505 764 5.9036922 test
19 Q0 3127109 765 5.9014587 test
19 Q0 3126840 766 5.8990335 test
19 Q0 3123517 767 5.8966355 test
19 Q0 3130911 768 5.893934 test
19 Q0 3122997 769 5.8918524 test
19 Q0 3124330 770 5.8918505 test
19 Q0 3123816 771 5.8867927 test
19 Q0 3127994 772 5.8856535 test
19 Q0 3121420 773 5.878499 test
19 Q0 3132358 774 5.8784933 test
19 Q0 3132544 775 5.87769 test
19 Q0 3129966 776 5.873519 test
19 Q0 3121873 777 5.8713884 test
19 Q0 3125165 778 5.8702464 test
19 Q0 3130887 779 5.869507 test
19 Q0 3127117 780 5.8589773 test
19 Q0 3128268 781 5.8550525 test
19 Q0 3132737 782 5.8535924 test
19 Q0 3129292 783 5.8512154 test
19 Q0 3132448 784 5.849791 test
19 Q0 3129291 785 5.848669 test
19 Q0 3128128 786 5.848631 test
19 Q0 3123627 787 5.8481975 test
19 Q0 3121740 788 5.8420024 test
19 Q0 3130732 789 5.837481 test
19 Q0 3129118 790 5.828387 test
19 Q0 3126795 791 5.8235106 test
19 Q0 3123617 792 5.821491 test
19 Q0 3132343 793 5.816248 test
19 Q0 3132125 794 5.8120112 test
19 Q0 3130982 795 5.810687 test
19 Q0 3120886 796 5.8091717 test
19 Q0 3126714 797 5.806669 test
19 Q0 3131124 798 5.8056436 test
19 Q0 3124491 799 5.804559 test
19 Q0 3120678 800 5.8024673 test
19 Q0 3125033 801 5.802143 test
19 Q0 3127132 802 5.797469 test
19 Q0 3122541 803 5.7974415 test
19 Q0 3131252 804 5.7956166 test
19 Q0 3129667 805 5.794856 test
19 Q0 3128365 806 5.794096 test
19 Q0 3125205 807 5.7939653 test
19 Q0 3122901 808 5.7867393 test
19 Q0 3128135 809 5.785313 test
19 Q0 3124026 810 5.7839093 test
19 Q0 3131509 811 5.7790365 test
19 Q0 3124473 812 5.777303 test
19 Q0 3131751 813 5.7756767 test
19 Q0 3128028 814 5.774765 test
19 Q0 3121600 815 5.7722673 test
19 Q0 3126777 816 5.771317 test
19 Q0 3126776 817 5.7684917 test
19 Q0 3128034 818 5.7662206 test
19 Q0 3130781 819 5.7654667 test
19 Q0 3125269 820 5.7648287 test
19 Q0 3128992 821 5.764241 test
19 Q0 3132612 822 5.76015 test
19 Q0 3131295 823 5.759385 test
19 Q0 3124687 824 5.758109 test
19 Q0 3125355 825 5.7523556 test
19 Q0 3132377 826 5.7512503 test
19 Q0 3132336 827 5.7405376 test
19 Q0 3128614 828 5.73909 test
19 Q0 3130488 829 5.734652 test
19 Q0 3124433 830 5.733608 test
19 Q0 3121751 831 5.731738 test
19 Q0 3127421 832 5.730644 test
19 Q0 3129146 833 5.729933 test
19 Q0 3124674 834 5.728963 test
19 Q0 3132632 835 5.7237396 test
19 Q0 3125336 836 5.7207713 test
19 Q0 3122094 837 5.7199497 test
19 Q0 3131980 838 5.7177224 test
19 Q0 3124257 839 5.7172194 test
19 Q0 3124514 840 5.713586 test
19 Q0 3125461 841 5.706448 test
19 Q0 3132683 842 5.7036066 test
19 Q0 3131141 843 5.7035384 test
19 Q0 3121285 844 5.7016 test
19 Q0 3128265 845 5.6939683 test
19 Q0 3126808 846 5.69384 test
19 Q0 3129943 847 5.6912365 test
19 Q0 3124403 848 5.6846404 test
19 Q0 3131542 849 5.6835055 test
19 Q0 3124237 850 5.6802573 test
19 Q0 3129525 851 5.679596 test
19 Q0 3130006 852 5.6762047 test
19 Q0 3126858 853 5.675539 test
19 Q0 3132233 854 5.6743865 test
19 Q0 3121788 855 5.674138 test
19 Q0 3123175 856 5.6721263 test
19 Q0 3125124 857 5.6707635 test
19 Q0 3132469 858 5.6656175 test
19 Q0 3125304 859 5.6642923 test
19 Q0 3128746 860 5.6639934 test
19 Q0 3123817 861 5.6610255 test
19 Q0 3127384 862 5.6601315 test
19 Q0 3124386 863 5.6578755 test
19 Q0 3124829 864 5.6508284 test
19 Q0 3127955 865 5.6505322 test
19 Q0 3127967 866 5.649445 test
19 Q0 3132020 867 5.647594 test
19 Q0 3122538 868 5.6460657 test
19 Q0 3122728 869 5.6455746 test
19 Q0 3129096 870 5.629981 test
19 Q0 3125252 871 5.6293354 test
19 Q0 3126814 872 5.627144 test
19 Q0 3121110 873 5.6192884 test
19 Q0 3131306 874 5.616927 test
19 Q0 3121681 875 5.6161036 test
19 Q0 3131116 876 5.61308 test
19 Q0 3129318 877 5.606044 test
19 Q0 3132239 878 5.6044903 test
19 Q0 3121610 879 5.6019964 test
19 Q0 3122114 880 5.599684 test
19 Q0 3125063 881 5.599012 test
19 Q0 3128930 882 5.598337 test
19 Q0 3132614 883 5.5949636 test
19 Q0 3127315 884 5.5899906 test
19 Q0 3131792 885 5.579905 test
19 Q0 3122269 886 5.5752716 test
19 Q0 3129039 887 5.5749984 test
19 Q0 3123907 888 5.574251 test
19 Q0 3125151 889 5.574192 test
19 Q0 3127834 890 5.571332 test
19 Q0 3132368 891 5.5703177 test
19 Q0 3126701 892 5.569132 test
19 Q0 3131149 893 5.566512 test
19 Q0 3126733 894 5.561513 test
19 Q0 3132164 895 5.55621 test
19 Q0 3129126 896 5.55522 test
19 Q0 3130037 897 5.5550027 test
19 Q0 3124282 898 5.554811 test
19 Q0 3124387 899 5.5520535 test
19 Q0 3132536 900 5.550209 test
19 Q0 3120965 901 5.5493665 test
19 Q0 3132418 902 5.54739 test
19 Q0 3128030 903 5.5445194 test
19 Q0 3128899 904 5.5435624 test
19 Q0 3129536 905 5.5402403 test
19 Q0 3123820 906 5.537975 test
19 Q0 3124515 907 5.5368357 test
19 Q0 3129300 908 5.5325413 test
19 Q0 3130783 909 5.5249367 test
19 Q0 3128060 910 5.522896 test
19 Q0 3125220 911 5.522052 test
19 Q0 3120674 912 5.5207586 test
19 Q0 3130179 913 5.5194364 test
19 Q0 3121252 914 5.5181603 test
19 Q0 3132704 915 5.517074 test
19 Q0 3121000 916 5.5140524 test
19 Q0 3123747 917 5.51277 test
19 Q0 3130922 918 5.512092 test
19 Q0 3124469 919 5.5105753 test
19 Q0 3123560 920 5.5085697 test
19 Q0 3123266 921 5.5016675 test
19 Q0 3122279 922 5.500271 test
19 Q0 3130041 923 5.49938 test
19 Q0 3132143 924 5.4914303 test
19 Q0 3131800 925 5.4872165 test
19 Q0 3125778 926 5.485124 test
19 Q0 3128859 927 5.4830966 test
19 Q0 3126713 928 5.4818516 test
19 Q0 3130644 929 5.4730883 test
19 Q0 3128384 930 5.4660068 test
19 Q0 3128585 931 5.465976 test
19 Q0 3132039 932 5.4591894 test
19 Q0 3123158 933 5.456281 test
19 Q0 3131283 934 5.4553413 test
19 Q0 3132024 935 5.454206 test
19 Q0 3121653 936 5.454137 test
19 Q0 3132681 937 5.448867 test
19 Q0 3132390 938 5.4451284 test
19 Q0 3129311 939 5.4398274 test
19 Q0 3127415 940 5.432477 test
19 Q0 3125334 941 5.432139 test
19 Q0 3120766 942 5.4300375 test
19 Q0 3121227 943 5.4281178 test
19 Q0 3128264 944 5.4271307 test
19 Q0 3125223 945 5.4255104 test
19 Q0 3125792 946 5.4250765 test
19 Q0 3121074 947 5.420243 test
19 Q0 3120684 948 5.4200406 test
19 Q0 3130927 949 5.4199886 test
19 Q0 3128270 950 5.413938 test
19 Q0 3130469 951 5.411453 test
19 Q0 3122893 952 5.4100184 test
19 Q0 3132376 953 5.409271 test
19 Q0 3129642 954 5.4092627 test
19 Q0 3125374 955 5.408853 test
19 Q0 3124248 956 5.4066863 test
19 Q0 3121441 957 5.404979 test
19 Q0 3121118 958 5.404584 test
19 Q0 3128598 959 5.3950796 test
19 Q0 3124425 960 5.393905 test
19 Q0 3125524 961 5.3896265 test
19 Q0 3131539 962 5.3869376 test
19 Q0 3125236 963 5.3821573 test
19 Q0 3128367 964 5.3801236 test
19 Q0 3129307 965 5.3782425 test
19 Q0 3123647 966 5.3780375 test
19 Q0 3127794 967 5.376854 test
19 Q0 3124046 968 5.3709564 test
19 Q0 3128101 969 5.3643537 test
19 Q0 3132744 970 5.361523 test
19 Q0 3124329 971 5.3608437 test
19 Q0 3122505 972 5.3589087 test
19 Q0 3123355 973 5.3467836 test
19 Q0 3120775 974 5.3414836 test
19 Q0 3132481 975 5.3293138 test
19 Q0 3131289 976 5.3281713 test
19 Q0 3128975 977 5.3281355 test
19 Q0 3132500 978 5.326159 test
19 Q0 3123220 979 5.324473 test
19 Q0 3121002 980 5.3185797 test
19 Q0 3128722 981 5.318018 test
19 Q0 3122670 982 5.3149304 test
19 Q0 3125511 983 5.313505 test
19 Q0 3121705 984 5.3131695 test
19 Q0 3125270 985 5.312784 test
19 Q0 3132589 986 5.3124013 test
19 Q0 3125661 987 5.311262 test
19 Q0 3130772 988 5.308722 test
19 Q0 3123184 989 5.308254 test
19 Q0 3130722 990 5.305188 test
19 Q0 3132117 991 5.3031154 test
19 Q0 3121265 992 5.299412 test
19 Q0 3125230 993 5.2956038 test
19 Q0 3129098 994 5.2935853 test
19 Q0 3130145 995 5.2909675 test
19 Q0 3124053 996 5.2907453 test
19 Q0 3123626 997 5.2888017 test
19 Q0 3125049 998 5.276547 test
19 Q0 3126837 999 5.276546 test
19 Q0 3128064 1000 5.2713027 test
20 Q0 3121590 1 29.09287 test
20 Q0 3125115 2 18.86146 test
20 Q0 3122984 3 18.256662 test
20 Q0 3124981 4 17.147633 test
20 Q0 3123178 5 17.092144 test
20 Q0 3129079 6 16.542227 test
20 Q0 3125360 7 16.061798 test
20 Q0 3129070 8 15.275102 test
20 Q0 3127319 9 15.114812 test
20 Q0 3127808 10 14.778818 test
20 Q0 3128026 11 14.068437 test
20 Q0 3127495 12 13.994668 test
20 Q0 3123852 13 13.703763 test
20 Q0 3129500 14 13.306604 test
20 Q0 3124264 15 13.274001 test
20 Q0 3125031 16 13.0229 test
20 Q0 3121339 17 12.925911 test
20 Q0 3124323 18 12.809586 test
20 Q0 3130651 19 12.709651 test
20 Q0 3127298 20 12.511468 test
20 Q0 3131766 21 12.467818 test
20 Q0 3130679 22 12.34142 test
20 Q0 3121588 23 12.303843 test
20 Q0 3132097 24 12.047956 test
20 Q0 3127994 25 11.863938 test
20 Q0 3130650 26 11.836607 test
20 Q0 3132368 27 11.763561 test
20 Q0 3125393 28 11.719895 test
20 Q0 3126760 29 11.666749 test
20 Q0 3131391 30 11.644071 test
20 Q0 3125342 31 11.600383 test
20 Q0 3121873 32 11.573304 test
20 Q0 3132032 33 11.525842 test
20 Q0 3124647 34 11.524132 test
20 Q0 3121737 35 11.417327 test
20 Q0 3125215 36 11.257857 test
20 Q0 3131030 37 11.23752 test
20 Q0 3132235 38 11.1981 test
20 Q0 3132377 39 11.198086 test
20 Q0 3122380 40 11.19495 test
20 Q0 3131027 41 11.164592 test
20 Q0 3122460 42 11.131254 test
20 Q0 3126733 43 11.108126 test
20 Q0 3122511 44 11.073666 test
20 Q0 3125356 45 11.057388 test
20 Q0 3125298 46 11.02149 test
20 Q0 3127353 47 11.016704 test
20 Q0 3121430 48 10.982562 test
20 Q0 3129093 49 10.909441 test
20 Q0 3120684 50 10.851936 test
20 Q0 3121639 51 10.791701 test
20 Q0 3123466 52 10.718722 test
20 Q0 3128028 53 10.676281 test
20 Q0 3120986 54 10.627246 test
20 Q0 3132316 55 10.60824 test
20 Q0 3125382 56 10.549343 test
20 Q0 3123167 57 10.513486 test
20 Q0 3123250 58 10.499513 test
20 Q0 3120827 59 10.446289 test
20 Q0 3123651 60 10.323071 test
20 Q0 3124935 61 10.271977 test
20 Q0 3128826 62 10.245055 test
20 Q0 3123626 63 10.221855 test
20 Q0 3125304 64 10.012937 test
20 Q0 3129113 65 9.98266 test
20 Q0 3125385 66 9.884274 test
20 Q0 3124065 67 9.88411 test
20 Q0 3129941 68 9.878448 test
20 Q0 3131751 69 9.869481 test
20 Q0 3125516 70 9.831553 test
20 Q0 3122530 71 9.82669 test
20 Q0 3132745 72 9.790926 test
20 Q0 3132366 73 9.78957 test
20 Q0 3121880 74 9.712675 test
20 Q0 3125169 75 9.691801 test
20 Q0 3131010 76 9.62081 test
20 Q0 3125197 77 9.545038 test
20 Q0 3123596 78 9.431338 test
20 Q0 3130932 79 9.414019 test
20 Q0 3130182 80 9.389974 test
20 Q0 3128620 81 9.388925 test
20 Q0 3128930 82 9.370019 test
20 Q0 3121662 83 9.368747 test
20 Q0 3126827 84 9.321485 test
20 Q0 3128066 85 9.311295 test
20 Q0 3132045 86 9.287708 test
20 Q0 3121594 87 9.233753 test
20 Q0 3123607 88 9.212043 test
20 Q0 3128121 89 9.188926 test
20 Q0 3125024 90 9.184815 test
20 Q0 3125380 91 9.13534 test
20 Q0 3128902 92 9.131768 test
20 Q0 3132118 93 9.127738 test
20 Q0 3124266 94 9.116174 test
20 Q0 3123560 95 9.052439 test
20 Q0 3123552 96 9.02024 test
20 Q0 3125244 97 9.017593 test
20 Q0 3120793 98 8.995471 test
20 Q0 3122596 99 8.986289 test
20 Q0 3124424 100 8.970386 test
20 Q0 3132329 101 8.959098 test
20 Q0 3132683 102 8.927332 test
20 Q0 3125103 103 8.919609 test
20 Q0 3130440 104 8.915257 test
20 Q0 3130908 105 8.859246 test
20 Q0 3124318 106 8.83596 test
20 Q0 3129587 107 8.830017 test
20 Q0 3128041 108 8.775624 test
20 Q0 3129077 109 8.736198 test
20 Q0 3132521 110 8.726025 test
20 Q0 3121695 111 8.717473 test
20 Q0 3124324 112 8.706448 test
20 Q0 3121608 113 8.690313 test
20 Q0 3126695 114 8.676584 test
20 Q0 3131981 115 8.667483 test
20 Q0 3125722 116 8.638643 test
20 Q0 3130473 117 8.636076 test
20 Q0 3125961 118 8.594154 test
20 Q0 3127807 119 8.5926895 test
20 Q0 3124320 120 8.55426 test
20 Q0 3125231 121 8.551078 test
20 Q0 3129065 122 8.547348 test
20 Q0 3124046 123 8.538168 test
20 Q0 3124408 124 8.52984 test
20 Q0 3132528 125 8.515437 test
20 Q0 3124059 126 8.509861 test
20 Q0 3127842 127 8.4888115 test
20 Q0 3131985 128 8.488212 test
20 Q0 3130728 129 8.479764 test
20 Q0 3124508 130 8.447158 test
20 Q0 3123286 131 8.443638 test
20 Q0 3129022 132 8.442356 test
20 Q0 3132205 133 8.4415 test
20 Q0 3120994 134 8.426481 test
20 Q0 3131728 135 8.420417 test
20 Q0 3125002 136 8.407126 test
20 Q0 3132731 137 8.379565 test
20 Q0 3129578 138 8.351562 test
20 Q0 3132695 139 8.339972 test
20 Q0 3129059 140 8.329419 test
20 Q0 3123222 141 8.31579 test
20 Q0 3132359 142 8.3127985 test
20 Q0 3126694 143 8.29885 test
20 Q0 3127420 144 8.259016 test
20 Q0 3123199 145 8.244578 test
20 Q0 3127296 146 8.237718 test
20 Q0 3131715 147 8.2215805 test
20 Q0 3127970 148 8.203105 test
20 Q0 3127381 149 8.178917 test
20 Q0 3132373 150 8.165597 test
20 Q0 3125062 151 8.138432 test
20 Q0 3130192 152 8.136847 test
20 Q0 3120790 153 8.136027 test
20 Q0 3132281 154 8.131702 test
20 Q0 3123194 155 8.112527 test
20 Q0 3131023 156 8.0803795 test
20 Q0 3124725 157 8.065632 test
20 Q0 3132217 158 8.059965 test
20 Q0 3129090 159 8.054074 test
20 Q0 3121094 160 8.053244 test
20 Q0 3120750 161 7.976896 test
20 Q0 3124490 162 7.941462 test
20 Q0 3129063 163 7.928653 test
20 Q0 3122545 164 7.890316 test
20 Q0 3127741 165 7.8184314 test
20 Q0 3121794 166 7.8108063 test
20 Q0 3127983 167 7.79463 test
20 Q0 3131749 168 7.793575 test
20 Q0 3132710 169 7.7921124 test
20 Q0 3123554 170 7.742844 test
20 Q0 3120834 171 7.688566 test
20 Q0 3130181 172 7.6829376 test
20 Q0 3130291 173 7.6815696 test
20 Q0 3131431 174 7.672177 test
20 Q0 3129103 175 7.661575 test
20 Q0 3129305 176 7.63874 test
20 Q0 3121740 177 7.637926 test
20 Q0 3120735 178 7.6287775 test
20 Q0 3126711 179 7.6281853 test
20 Q0 3120763 180 7.6246963 test
20 Q0 3132035 181 7.623209 test
20 Q0 3124835 182 7.576743 test
20 Q0 3125145 183 7.5608406 test
20 Q0 3123659 184 7.559059 test
20 Q0 3127387 185 7.5467663 test
20 Q0 3128407 186 7.525349 test
20 Q0 3123823 187 7.515554 test
20 Q0 3132043 188 7.5115194 test
20 Q0 3127376 189 7.4978924 test
20 Q0 3127383 190 7.4948564 test
20 Q0 3126707 191 7.4899797 test
20 Q0 3130736 192 7.481992 test
20 Q0 3125311 193 7.4779196 test
20 Q0 3125334 194 7.473537 test
20 Q0 3121956 195 7.468772 test
20 Q0 3125308 196 7.432206 test
20 Q0 3132024 197 7.412656 test
20 Q0 3122307 198 7.4064107 test
20 Q0 3124966 199 7.4046926 test
20 Q0 3129639 200 7.4046903 test
20 Q0 3132129 201 7.3905644 test
20 Q0 3128018 202 7.3882804 test
20 Q0 3120760 203 7.383105 test
20 Q0 3125659 204 7.373773 test
20 Q0 3125654 205 7.37057 test
20 Q0 3123545 206 7.3704343 test
20 Q0 3124024 207 7.368636 test
20 Q0 3127836 208 7.3619814 test
20 Q0 3132331 209 7.3542085 test
20 Q0 3126851 210 7.3527794 test
20 Q0 3127497 211 7.343047 test
20 Q0 3128102 212 7.3410306 test
20 Q0 3128254 213 7.321579 test
20 Q0 3130933 214 7.3169556 test
20 Q0 3132158 215 7.306816 test
20 Q0 3128388 216 7.2932067 test
20 Q0 3129312 217 7.2830734 test
20 Q0 3124224 218 7.278031 test
20 Q0 3130996 219 7.2539983 test
20 Q0 3128857 220 7.2447 test
20 Q0 3128105 221 7.244034 test
20 Q0 3130373 222 7.235725 test
20 Q0 3132123 223 7.2239995 test
20 Q0 3132376 224 7.2239995 test
20 Q0 3120835 225 7.2078595 test
20 Q0 3122584 226 7.2048335 test
20 Q0 3132693 227 7.182963 test
20 Q0 3129087 228 7.182952 test
20 Q0 3129638 229 7.178777 test
20 Q0 3120755 230 7.178327 test
20 Q0 3124717 231 7.1661024 test
20 Q0 3123586 232 7.165868 test
20 Q0 3130379 233 7.1652017 test
20 Q0 3127323 234 7.1456404 test
20 Q0 3132332 235 7.1149783 test
20 Q0 3131803 236 7.111741 test
20 Q0 3126799 237 7.1022673 test
20 Q0 3131292 238 7.0751653 test
20 Q0 3126749 239 7.063335 test
20 Q0 3126789 240 7.053725 test
20 Q0 3130587 241 7.0482802 test
20 Q0 3127749 242 7.0213337 test
20 Q0 3129770 243 7.0094376 test
20 Q0 3127966 244 7.007355 test
20 Q0 3127292 245 7.004748 test
20 Q0 3127492 246 6.997678 test
20 Q0 3125065 247 6.9948435 test
20 Q0 3121089 248 6.982201 test
20 Q0 3128127 249 6.9811287 test
20 Q0 3132283 250 6.9799075 test
20 Q0 3128723 251 6.979879 test
20 Q0 3131237 252 6.9767246 test
20 Q0 3121130 253 6.9679956 test
20 Q0 3124473 254 6.960687 test
20 Q0 3127841 255 6.9589224 test
20 Q0 3125798 256 6.956664 test
20 Q0 3121424 257 6.9488964 test
20 Q0 3125193 258 6.9375186 test
20 Q0 3121739 259 6.9342475 test
20 Q0 3132096 260 6.9247184 test
20 Q0 3121441 261 6.905305 test
20 Q0 3130165 262 6.8880415 test
20 Q0 3123642 263 6.88769 test
20 Q0 3125033 264 6.8869014 test
20 Q0 3129060 265 6.8847523 test
20 Q0 3123201 266 6.881459 test
20 Q0 3121628 267 6.8772383 test
20 Q0 3125786 268 6.8678565 test
20 Q0 3132608 269 6.8667417 test
20 Q0 3124436 270 6.8529086 test
20 Q0 3127499 271 6.850171 test
20 Q0 3125194 272 6.8483305 test
20 Q0 3123637 273 6.839559 test
20 Q0 3129057 274 6.835407 test
20 Q0 3123211 275 6.834453 test
20 Q0 3127315 276 6.832805 test
20 Q0 3127859 277 6.8154244 test
20 Q0 3121277 278 6.812196 test
20 Q0 3121755 279 6.802192 test
20 Q0 3125277 280 6.7969885 test
20 Q0 3130674 281 6.7859025 test
20 Q0 3129322 282 6.77952 test
20 Q0 3125347 283 6.7763085 test
20 Q0 3131280 284 6.775052 test
20 Q0 3122093 285 6.764825 test
20 Q0 3121656 286 6.7639165 test
20 Q0 3130472 287 6.749863 test
20 Q0 3124729 288 6.745997 test
20 Q0 3132119 289 6.742225 test
20 Q0 3132720 290 6.739769 test
20 Q0 3120804 291 6.7299137 test
20 Q0 3125389 292 6.717091 test
20 Q0 3120745 293 6.7066956 test
20 Q0 3132722 294 6.701406 test
20 Q0 3123737 295 6.698987 test
20 Q0 3132050 296 6.6910663 test
20 Q0 3125656 297 6.6899743 test
20 Q0 3130973 298 6.67541 test
20 Q0 3121340 299 6.6698256 test
20 Q0 3130661 300 6.6662836 test
20 Q0 3130468 301 6.660872 test
20 Q0 3123212 302 6.6519885 test
20 Q0 3123590 303 6.6507173 test
20 Q0 3129951 304 6.6491904 test
20 Q0 3129308 305 6.6489124 test
20 Q0 3125536 306 6.6431108 test
20 Q0 3127973 307 6.642805 test
20 Q0 3128593 308 6.607998 test
20 Q0 3124135 309 6.5990186 test
20 Q0 3126977 310 6.5924726 test
20 Q0 3125163 311 6.5868273 test
20 Q0 3132161 312 6.585224 test
20 Q0 3127309 313 6.585223 test
20 Q0 3126997 314 6.5833216 test
20 Q0 3121585 315 6.582064 test
20 Q0 3123373 316 6.581645 test
20 Q0 3124465 317 6.575785 test
20 Q0 3132374 318 6.5744443 test
20 Q0 3126764 319 6.5722046 test
20 Q0 3121716 320 6.5712447 test
20 Q0 3130457 321 6.5621395 test
20 Q0 3132367 322 6.5610538 test
20 Q0 3130791 323 6.5518646 test
20 Q0 3125049 324 6.545457 test
20 Q0 3121782 325 6.545144 test
20 Q0 3129307 326 6.5405493 test
20 Q0 3123457 327 6.5304847 test
20 Q0 3130920 328 6.5054927 test
20 Q0 3124130 329 6.501558 test
20 Q0 3121627 330 6.5000467 test
20 Q0 3124890 331 6.478968 test
20 Q0 3132393 332 6.4767704 test
20 Q0 3120677 333 6.474552 test
20 Q0 3131759 334 6.4737453 test
20 Q0 3132690 335 6.4731784 test
20 Q0 3132121 336 6.4659963 test
20 Q0 3123304 337 6.4617486 test
20 Q0 3121746 338 6.451491 test
20 Q0 3129348 339 6.451216 test
20 Q0 3131265 340 6.445173 test
20 Q0 3125729 341 6.4391947 test
20 Q0 3131038 342 6.4132805 test
20 Q0 3124412 343 6.4110155 test
20 Q0 3123165 344 6.408661 test
20 Q0 3132053 345 6.402964 test
20 Q0 3130912 346 6.3982034 test
20 Q0 3129751 347 6.3949456 test
20 Q0 3125376 348 6.3801413 test
20 Q0 3125063 349 6.3740463 test
20 Q0 3130698 350 6.3734965 test
20 Q0 3125542 351 6.3675904 test
20 Q0 3129974 352 6.3643064 test
20 Q0 3124319 353 6.3591976 test
20 Q0 3130048 354 6.3545785 test
20 Q0 3131068 355 6.352463 test
20 Q0 3132418 356 6.351184 test
20 Q0 3121059 357 6.338323 test
20 Q0 3127768 358 6.337081 test
20 Q0 3132325 359 6.336931 test
20 Q0 3123191 360 6.3317404 test
20 Q0 3124400 361 6.330647 test
20 Q0 3129668 362 6.327147 test
20 Q0 3124550 363 6.3240643 test
20 Q0 3127982 364 6.3233714 test
20 Q0 3124289 365 6.3158236 test
20 Q0 3123585 366 6.3097725 test
20 Q0 3127300 367 6.3080263 test
20 Q0 3121692 368 6.295756 test
20 Q0 3121091 369 6.2947416 test
20 Q0 3120983 370 6.289533 test
20 Q0 3128624 371 6.2882886 test
20 Q0 3129292 372 6.288149 test
20 Q0 3123271 373 6.2802014 test
20 Q0 3132412 374 6.2734957 test
20 Q0 3132542 375 6.2729735 test
20 Q0 3127760 376 6.2612233 test
20 Q0 3132709 377 6.260284 test
20 Q0 3127806 378 6.2584567 test
20 Q0 3123649 379 6.2538366 test
20 Q0 3132445 380 6.252074 test
20 Q0 3127020 381 6.246138 test
20 Q0 3126780 382 6.245541 test
20 Q0 3123965 383 6.2425365 test
20 Q0 3132725 384 6.230844 test
20 Q0 3120992 385 6.2239494 test
20 Q0 3127956 386 6.21973 test
20 Q0 3132353 387 6.2178116 test
20 Q0 3122086 388 6.2166433 test
20 Q0 3132276 389 6.2164636 test
20 Q0 3120867 390 6.208559 test
20 Q0 3130709 391 6.205196 test
20 Q0 3124723 392 6.200404 test
20 Q0 3124829 393 6.1957755 test
20 Q0 3132095 394 6.1943274 test
20 Q0 3120991 395 6.1930676 test
20 Q0 3128120 396 6.189649 test
20 Q0 3130356 397 6.1876163 test
20 Q0 3124982 398 6.1831765 test
20 Q0 3132318 399 6.1769824 test
20 Q0 3126811 400 6.169396 test
20 Q0 3123587 401 6.166946 test
20 Q0 3131036 402 6.159969 test
20 Q0 3127762 403 6.15857 test
20 Q0 3124273 404 6.1537147 test
20 Q0 3123515 405 6.140691 test
20 Q0 3131732 406 6.1390886 test
20 Q0 3123628 407 6.1241026 test
20 Q0 3123354 408 6.1165347 test
20 Q0 3121762 409 6.1142306 test
20 Q0 3126753 410 6.1122937 test
20 Q0 3125232 411 6.110635 test
20 Q0 3132734 412 6.1105514 test
20 Q0 3130893 413 6.1067424 test
20 Q0 3129345 414 6.1050754 test
20 Q0 3126379 415 6.1040554 test
20 Q0 3124410 416 6.0908437 test
20 Q0 3132635 417 6.0907674 test
20 Q0 3120769 418 6.0847726 test
20 Q0 3132049 419 6.0838366 test
20 Q0 3132337 420 6.0748177 test
20 Q0 3131987 421 6.0747423 test
20 Q0 3120987 422 6.0736194 test
20 Q0 3125058 423 6.0728045 test
20 Q0 3128085 424 6.071475 test
20 Q0 3127773 425 6.0686283 test
20 Q0 3121876 426 6.06847 test
20 Q0 3121943 427 6.068338 test
20 Q0 3121660 428 6.067377 test
20 Q0 3130494 429 6.0651884 test
20 Q0 3129353 430 6.0647535 test
20 Q0 3120818 431 6.05385 test
20 Q0 3120884 432 6.043251 test
20 Q0 3130632 433 6.043055 test
20 Q0 3127975 434 6.042907 test
20 Q0 3128277 435 6.040102 test
20 Q0 3123615 436 6.0336003 test
20 Q0 3130490 437 6.0334325 test
20 Q0 3125361 438 6.032562 test
20 Q0 3131302 439 6.026581 test
20 Q0 3122587 440 6.017856 test
20 Q0 3126840 441 6.015619 test
20 Q0 3125503 442 6.0125637 test
20 Q0 3127301 443 6.0114217 test
20 Q0 3125349 444 6.008227 test
20 Q0 3120829 445 6.007108 test
20 Q0 3125011 446 5.995405 test
20 Q0 3125330 447 5.9892025 test
20 Q0 3132237 448 5.9872766 test
20 Q0 3125142 449 5.986105 test
20 Q0 3126843 450 5.980429 test
20 Q0 3124016 451 5.978014 test
20 Q0 3127794 452 5.9754004 test
20 Q0 3128278 453 5.975229 test
20 Q0 3120831 454 5.9719443 test
20 Q0 3123845 455 5.9708066 test
20 Q0 3124727 456 5.969103 test
20 Q0 3124953 457 5.965982 test
20 Q0 3130139 458 5.9643974 test
20 Q0 3130636 459 5.962019 test
20 Q0 3129344 460 5.9596305 test
20 Q0 3123701 461 5.958742 test
20 Q0 3131026 462 5.95317 test
20 Q0 3124330 463 5.9475474 test
20 Q0 3129964 464 5.940031 test
20 Q0 3123010 465 5.9271784 test
20 Q0 3132706 466 5.9201674 test
20 Q0 3126748 467 5.9179435 test
20 Q0 3123294 468 5.9133344 test
20 Q0 3132275 469 5.913071 test
20 Q0 3130138 470 5.9099975 test
20 Q0 3123578 471 5.9045806 test
20 Q0 3122092 472 5.9045076 test
20 Q0 3124423 473 5.904071 test
20 Q0 3132698 474 5.901593 test
20 Q0 3121800 475 5.9012 test
20 Q0 3121070 476 5.8965383 test
20 Q0 3132488 477 5.892413 test
20 Q0 3132125 478 5.891872 test
20 Q0 3132370 479 5.8897524 test
20 Q0 3131022 480 5.8886566 test
20 Q0 3123258 481 5.8838096 test
20 Q0 3130032 482 5.8823953 test
20 Q0 3122231 483 5.8813376 test
20 Q0 3123003 484 5.879935 test
20 Q0 3129078 485 5.870955 test
20 Q0 3132155 486 5.868429 test
20 Q0 3120770 487 5.86559 test
20 Q0 3126714 488 5.8618364 test
20 Q0 3123269 489 5.859354 test
20 Q0 3126224 490 5.8565645 test
20 Q0 3120764 491 5.8533382 test
20 Q0 3125305 492 5.8521724 test
20 Q0 3122997 493 5.8493614 test
20 Q0 3124140 494 5.8493614 test
20 Q0 3127303 495 5.8469186 test
20 Q0 3123822 496 5.8466015 test
20 Q0 3130956 497 5.8442874 test
20 Q0 3125508 498 5.83437 test
20 Q0 3120849 499 5.831148 test
20 Q0 3122983 500 5.8292394 test
20 Q0 3132498 501 5.8283925 test
20 Q0 3126718 502 5.823004 test
20 Q0 3123991 503 5.815975 test
20 Q0 3132063 504 5.813729 test
20 Q0 3121661 505 5.812912 test
20 Q0 3129061 506 5.8124676 test
20 Q0 3121609 507 5.811837 test
20 Q0 3124992 508 5.7991366 test
20 Q0 3123183 509 5.79406 test
20 Q0 3132591 510 5.792757 test
20 Q0 3127761 511 5.7911367 test
20 Q0 3132483 512 5.784133 test
20 Q0 3125309 513 5.7837343 test
20 Q0 3130907 514 5.782826 test
20 Q0 3123558 515 5.7783957 test
20 Q0 3126710 516 5.765058 test
20 Q0 3122589 517 5.7640696 test
20 Q0 3124463 518 5.760717 test
20 Q0 3121261 519 5.760194 test
20 Q0 3130733 520 5.758852 test
20 Q0 3127314 521 5.7440214 test
20 Q0 3128587 522 5.7402396 test
20 Q0 3121596 523 5.734543 test
20 Q0 3132363 524 5.7328115 test
20 Q0 3127838 525 5.7301693 test
20 Q0 3130029 526 5.729852 test
20 Q0 3123934 527 5.7221847 test
20 Q0 3121088 528 5.721839 test
20 Q0 3127765 529 5.7080793 test
20 Q0 3120783 530 5.7001634 test
20 Q0 3131249 531 5.692233 test
20 Q0 3125461 532 5.6901345 test
20 Q0 3122097 533 5.6855097 test
20 Q0 3123009 534 5.681836 test
20 Q0 3123811 535 5.6802278 test
20 Q0 3128020 536 5.664313 test
20 Q0 3129576 537 5.6606226 test
20 Q0 3127999 538 5.6593065 test
20 Q0 3128412 539 5.6581907 test
20 Q0 3127852 540 5.6532335 test
20 Q0 3125793 541 5.6498494 test
20 Q0 3123829 542 5.646766 test
20 Q0 3126796 543 5.6462855 test
20 Q0 3132642 544 5.632519 test
20 Q0 3130717 545 5.631172 test
20 Q0 3125250 546 5.6237063 test
20 Q0 3130997 547 5.61112 test
20 Q0 3124860 548 5.6099234 test
20 Q0 3121732 549 5.609923 test
20 Q0 3132052 550 5.6098595 test
20 Q0 3127312 551 5.602073 test
20 Q0 3123700 552 5.6009774 test
20 Q0 3120822 553 5.590239 test
20 Q0 3129953 554 5.588997 test
20 Q0 3132476 555 5.5838475 test
20 Q0 3120792 556 5.582903 test
20 Q0 3127308 557 5.581504 test
20 Q0 3125235 558 5.570912 test
20 Q0 3129069 559 5.5708237 test
20 Q0 3128844 560 5.5676594 test
20 Q0 3132046 561 5.5621624 test
20 Q0 3120985 562 5.560587 test
20 Q0 3124731 563 5.555671 test
20 Q0 3126701 564 5.5547996 test
20 Q0 3127151 565 5.5516405 test
20 Q0 3130255 566 5.546616 test
20 Q0 3126776 567 5.545439 test
20 Q0 3132699 568 5.534131 test
20 Q0 3124005 569 5.5322723 test
20 Q0 3127500 570 5.5302167 test
20 Q0 3128625 571 5.5285163 test
20 Q0 3120761 572 5.525572 test
20 Q0 3124988 573 5.522017 test
20 Q0 3130786 574 5.5171824 test
20 Q0 3129534 575 5.517063 test
20 Q0 3123195 576 5.5076003 test
20 Q0 3130919 577 5.5029173 test
20 Q0 3124933 578 5.489077 test
20 Q0 3121093 579 5.48862 test
20 Q0 3124248 580 5.4787445 test
20 Q0 3124070 581 5.4728336 test
20 Q0 3132754 582 5.4713287 test
20 Q0 3130887 583 5.4688344 test
20 Q0 3132371 584 5.460406 test
20 Q0 3131233 585 5.460125 test
20 Q0 3123613 586 5.457854 test
20 Q0 3120680 587 5.4569416 test
20 Q0 3132354 588 5.455647 test
20 Q0 3127152 589 5.4472694 test
20 Q0 3129118 590 5.43717 test
20 Q0 3121095 591 5.429975 test
20 Q0 3130928 592 5.4248385 test
20 Q0 3121658 593 5.4219503 test
20 Q0 3125287 594 5.4151344 test
20 Q0 3128016 595 5.4146433 test
20 Q0 3130188 596 5.413739 test
20 Q0 3126976 597 5.41118 test
20 Q0 3129038 598 5.4068527 test
20 Q0 3127290 599 5.397343 test
20 Q0 3127744 600 5.3958106 test
20 Q0 3125655 601 5.392876 test
20 Q0 3121267 602 5.383978 test
20 Q0 3132697 603 5.369649 test
20 Q0 3127758 604 5.363942 test
20 Q0 3122500 605 5.3631635 test
20 Q0 3129950 606 5.3543525 test
20 Q0 3127305 607 5.3515134 test
20 Q0 3120830 608 5.3504095 test
20 Q0 3123621 609 5.341164 test
20 Q0 3122099 610 5.339753 test
20 Q0 3121748 611 5.3386908 test
20 Q0 3127738 612 5.3325777 test
20 Q0 3123340 613 5.332489 test
20 Q0 3122091 614 5.3270783 test
20 Q0 3128602 615 5.32462 test
20 Q0 3132314 616 5.3218355 test
20 Q0 3121754 617 5.3214464 test
20 Q0 3128895 618 5.310649 test
20 Q0 3132392 619 5.308452 test
20 Q0 3132610 620 5.307788 test
20 Q0 3125645 621 5.305754 test
20 Q0 3123325 622 5.3024793 test
20 Q0 3125229 623 5.296372 test
20 Q0 3129095 624 5.293843 test
20 Q0 3132091 625 5.2925534 test
20 Q0 3128854 626 5.292553 test
20 Q0 3124732 627 5.292553 test
20 Q0 3127418 628 5.2895255 test
20 Q0 3121630 629 5.2865543 test
20 Q0 3125666 630 5.28506 test
20 Q0 3132771 631 5.2790713 test
20 Q0 3132497 632 5.2754683 test
20 Q0 3121092 633 5.274524 test
20 Q0 3132700 634 5.2745237 test
20 Q0 3125664 635 5.274523 test
20 Q0 3128722 636 5.261052 test
20 Q0 3120988 637 5.2521944 test
20 Q0 3130260 638 5.2472477 test
20 Q0 3126792 639 5.236734 test
20 Q0 3128608 640 5.2334 test
20 Q0 3132014 641 5.232143 test
20 Q0 3126763 642 5.2305937 test
20 Q0 3123255 643 5.2262588 test
20 Q0 3132372 644 5.224318 test
20 Q0 3122096 645 5.2243176 test
20 Q0 3121634 646 5.2210956 test
20 Q0 3123746 647 5.220611 test
20 Q0 3122541 648 5.2184024 test
20 Q0 3123352 649 5.218129 test
20 Q0 3126745 650 5.209224 test
20 Q0 3120726 651 5.192942 test
20 Q0 3125275 652 5.1887565 test
20 Q0 3124875 653 5.185694 test
20 Q0 3130702 654 5.1808105 test
20 Q0 3122163 655 5.176344 test
20 Q0 3132122 656 5.1739902 test
20 Q0 3131388 657 5.1700063 test
20 Q0 3128133 658 5.1622963 test
20 Q0 3125178 659 5.1560745 test
20 Q0 3128002 660 5.1444263 test
20 Q0 3132421 661 5.1444163 test
20 Q0 3120802 662 5.1424623 test
20 Q0 3128925 663 5.1375294 test
20 Q0 3131797 664 5.137238 test
20 Q0 3132364 665 5.131445 test
20 Q0 3130050 666 5.1293726 test
20 Q0 3121581 667 5.1274724 test
20 Q0 3130359 668 5.126536 test
20 Q0 3132041 669 5.123796 test
20 Q0 3131711 670 5.123464 test
20 Q0 3122593 671 5.1137667 test
20 Q0 3132336 672 5.1059284 test
20 Q0 3121584 673 5.0978928 test
20 Q0 3124003 674 5.0958014 test
20 Q0 3125265 675 5.086134 test
20 Q0 3120713 676 5.084763 test
20 Q0 3126839 677 5.0820193 test
20 Q0 3132170 678 5.08186 test
20 Q0 3131678 679 5.080717 test
20 Q0 3132056 680 5.0762467 test
20 Q0 3128244 681 5.068297 test
20 Q0 3130894 682 5.0671515 test
20 Q0 3125064 683 5.057192 test
20 Q0 3132723 684 5.0556083 test
20 Q0 3125329 685 5.0551805 test
20 Q0 3128118 686 5.049606 test
20 Q0 3131561 687 5.04581 test
20 Q0 3121650 688 5.0382566 test
20 Q0 3123548 689 5.032566 test
20 Q0 3127848 690 5.0323243 test
20 Q0 3120832 691 5.0312157 test
20 Q0 3130782 692 5.0241537 test
20 Q0 3131127 693 5.022981 test
20 Q0 3130655 694 5.017066 test
20 Q0 3131723 695 5.008807 test
20 Q0 3127764 696 5.0077996 test
20 Q0 3130480 697 5.0063124 test
20 Q0 3131263 698 4.997837 test
20 Q0 3129084 699 4.99063 test
20 Q0 3128591 700 4.988046 test
20 Q0 3121075 701 4.9813833 test
20 Q0 3125657 702 4.9813824 test
20 Q0 3125387 703 4.979169 test
20 Q0 3122998 704 4.9784265 test
20 Q0 3130043 705 4.974043 test
20 Q0 3129968 706 4.9683404 test
20 Q0 3132026 707 4.9664183 test
20 Q0 3129678 708 4.964339 test
20 Q0 3128325 709 4.963302 test
20 Q0 3131760 710 4.9564447 test
20 Q0 3123004 711 4.9564447 test
20 Q0 3129047 712 4.950432 test
20 Q0 3120786 713 4.938473 test
20 Q0 3122379 714 4.9370713 test
20 Q0 3131264 715 4.9298234 test
20 Q0 3121086 716 4.9272075 test
20 Q0 3124459 717 4.9269857 test
20 Q0 3129761 718 4.924261 test
20 Q0 3127828 719 4.923169 test
20 Q0 3128862 720 4.9222527 test
20 Q0 3126757 721 4.9201727 test
20 Q0 3131290 722 4.9122887 test
20 Q0 3127980 723 4.9065285 test
20 Q0 3129082 724 4.906133 test
20 Q0 3130467 725 4.894104 test
20 Q0 3130173 726 4.8919086 test
20 Q0 3127732 727 4.88896 test
20 Q0 3131677 728 4.8830857 test
20 Q0 3131755 729 4.8827095 test
20 Q0 3126771 730 4.881537 test
20 Q0 3120679 731 4.879221 test
20 Q0 3131418 732 4.8777657 test
20 Q0 3123197 733 4.8707333 test
20 Q0 3123540 734 4.8705387 test
20 Q0 3121079 735 4.870408 test
20 Q0 3123210 736 4.8687773 test
20 Q0 3120758 737 4.8677998 test
20 Q0 3132326 738 4.8562517 test
20 Q0 3121595 739 4.856107 test
20 Q0 3131615 740 4.855378 test
20 Q0 3128717 741 4.853271 test
20 Q0 3130475 742 4.8501086 test
20 Q0 3130684 743 4.846815 test
20 Q0 3120998 744 4.846015 test
20 Q0 3123640 745 4.836922 test
20 Q0 3121428 746 4.835071 test
20 Q0 3127385 747 4.8327417 test
20 Q0 3130153 748 4.8306904 test
20 Q0 3131241 749 4.82978 test
20 Q0 3121623 750 4.8258624 test
20 Q0 3125663 751 4.8176413 test
20 Q0 3130777 752 4.8173113 test
20 Q0 3125647 753 4.8148346 test
20 Q0 3123218 754 4.814286 test
20 Q0 3129110 755 4.8088856 test
20 Q0 3130902 756 4.8085146 test
20 Q0 3127316 757 4.808514 test
20 Q0 3127318 758 4.8085127 test
20 Q0 3128206 759 4.8027487 test
20 Q0 3130957 760 4.801661 test
20 Q0 3131748 761 4.800961 test
20 Q0 3123818 762 4.8000293 test
20 Q0 3128848 763 4.798784 test
20 Q0 3132493 764 4.7954764 test
20 Q0 3130982 765 4.7954764 test
20 Q0 3125243 766 4.793962 test
20 Q0 3125718 767 4.793563 test
20 Q0 3121659 768 4.7901297 test
20 Q0 3132663 769 4.787317 test
20 Q0 3125417 770 4.787138 test
20 Q0 3132746 771 4.7870154 test
20 Q0 3124724 772 4.7817316 test
20 Q0 3121282 773 4.7806263 test
20 Q0 3129577 774 4.7795663 test
20 Q0 3127832 775 4.7762017 test
20 Q0 3128000 776 4.7699924 test
20 Q0 3120996 777 4.7696304 test
20 Q0 3121667 778 4.767423 test
20 Q0 3128735 779 4.7639713 test
20 Q0 3120795 780 4.762989 test
20 Q0 3130378 781 4.7531457 test
20 Q0 3130694 782 4.752974 test
20 Q0 3121136 783 4.752386 test
20 Q0 3120732 784 4.7522216 test
20 Q0 3123012 785 4.747125 test
20 Q0 3128590 786 4.7325625 test
20 Q0 3128846 787 4.732412 test
20 Q0 3127291 788 4.7314587 test
20 Q0 3124641 789 4.727626 test
20 Q0 3120781 790 4.7261634 test
20 Q0 3132160 791 4.721638 test
20 Q0 3129351 792 4.7195144 test
20 Q0 3124027 793 4.7181344 test
20 Q0 3124301 794 4.714703 test
20 Q0 3125036 795 4.7147026 test
20 Q0 3127382 796 4.710252 test
20 Q0 3131675 797 4.7102513 test
20 Q0 3123302 798 4.7095456 test
20 Q0 3127335 799 4.7037187 test
20 Q0 3124322 800 4.7037187 test
20 Q0 3132029 801 4.702135 test
20 Q0 3132481 802 4.699531 test
20 Q0 3127839 803 4.697496 test
20 Q0 3127981 804 4.697346 test
20 Q0 3130044 805 4.6883664 test
20 Q0 3132464 806 4.6869936 test
20 Q0 3127952 807 4.6850886 test
20 Q0 3131558 808 4.6798105 test
20 Q0 3126829 809 4.677662 test
20 Q0 3123696 810 4.677502 test
20 Q0 3120729 811 4.6720843 test
20 Q0 3125289 812 4.664371 test
20 Q0 3123589 813 4.66035 test
20 Q0 3121087 814 4.659704 test
20 Q0 3124831 815 4.6512036 test
20 Q0 3128979 816 4.6467037 test
20 Q0 3132632 817 4.6464624 test
20 Q0 3123209 818 4.646034 test
20 Q0 3125255 819 4.6448226 test
20 Q0 3121108 820 4.640449 test
20 Q0 3123708 821 4.639601 test
20 Q0 3132447 822 4.6386256 test
20 Q0 3122366 823 4.637617 test
20 Q0 3132021 824 4.6357555 test
20 Q0 3129114 825 4.6339655 test
20 Q0 3121443 826 4.622577 test
20 Q0 3129300 827 4.6215553 test
20 Q0 3131982 828 4.6197677 test
20 Q0 3130559 829 4.617684 test
20 Q0 3130126 830 4.6152887 test
20 Q0 3121304 831 4.6137233 test
20 Q0 3121705 832 4.6117005 test
20 Q0 3124434 833 4.6114087 test
20 Q0 3131125 834 4.610907 test
20 Q0 3128257 835 4.609626 test
20 Q0 3125242 836 4.6090636 test
20 Q0 3127491 837 4.605814 test
20 Q0 3126989 838 4.6039834 test
20 Q0 3121788 839 4.6019616 test
20 Q0 3130719 840 4.6002326 test
20 Q0 3125253 841 4.5990953 test
20 Q0 3128260 842 4.59004 test
20 Q0 3121657 843 4.586611 test
20 Q0 3124944 844 4.5853186 test
20 Q0 3128050 845 4.584284 test
20 Q0 3125339 846 4.580975 test
20 Q0 3130706 847 4.580138 test
20 Q0 3131434 848 4.5790563 test
20 Q0 3121798 849 4.5760536 test
20 Q0 3125052 850 4.5732975 test
20 Q0 3131560 851 4.5690627 test
20 Q0 3128359 852 4.5674086 test
20 Q0 3125061 853 4.566359 test
20 Q0 3125667 854 4.566358 test
20 Q0 3131234 855 4.5557365 test
20 Q0 3131131 856 4.5500636 test
20 Q0 3130681 857 4.543693 test
20 Q0 3131384 858 4.5398793 test
20 Q0 3124730 859 4.537651 test
20 Q0 3130903 860 4.5364056 test
20 Q0 3125720 861 4.536115 test
20 Q0 3127960 862 4.532568 test
20 Q0 3126872 863 4.531881 test
20 Q0 3124460 864 4.531384 test
20 Q0 3125745 865 4.526978 test
20 Q0 3123647 866 4.52257 test
20 Q0 3125373 867 4.5216866 test
20 Q0 3130589 868 4.5213957 test
20 Q0 3131517 869 4.5208616 test
20 Q0 3123513 870 4.5187697 test
20 Q0 3121334 871 4.517369 test
20 Q0 3129957 872 4.5159736 test
20 Q0 3128700 873 4.510748 test
20 Q0 3127299 874 4.508859 test
20 Q0 3132054 875 4.508653 test
20 Q0 3127356 876 4.4899464 test
20 Q0 3127995 877 4.4881244 test
20 Q0 3132529 878 4.4856 test
20 Q0 3128705 879 4.485146 test
20 Q0 3121335 880 4.479541 test
20 Q0 3123214 881 4.479389 test
20 Q0 3125218 882 4.4786625 test
20 Q0 3123694 883 4.4776716 test
20 Q0 3121438 884 4.469868 test
20 Q0 3124304 885 4.462735 test
20 Q0 3120740 886 4.4622226 test
20 Q0 3123747 887 4.4601116 test
20 Q0 3132343 888 4.459353 test
20 Q0 3130175 889 4.458617 test
20 Q0 3124253 890 4.4551535 test
20 Q0 3124049 891 4.4548464 test
20 Q0 3121950 892 4.4542885 test
20 Q0 3132671 893 4.448256 test
20 Q0 3124991 894 4.4389224 test
20 Q0 3132201 895 4.4388022 test
20 Q0 3121528 896 4.437802 test
20 Q0 3124363 897 4.434249 test
20 Q0 3125322 898 4.4322767 test
20 Q0 3123118 899 4.431743 test
20 Q0 3125384 900 4.431492 test
20 Q0 3123636 901 4.4301233 test
20 Q0 3130465 902 4.4244957 test
20 Q0 3130093 903 4.4242535 test
20 Q0 3124225 904 4.423145 test
20 Q0 3130720 905 4.4226227 test
20 Q0 3129088 906 4.421237 test
20 Q0 3123597 907 4.4211197 test
20 Q0 3123174 908 4.414526 test
20 Q0 3121084 909 4.4127717 test
20 Q0 3121090 910 4.4127717 test
20 Q0 3129306 911 4.412771 test
20 Q0 3120712 912 4.409962 test
20 Q0 3123775 913 4.4083915 test
20 Q0 3121601 914 4.4076076 test
20 Q0 3125247 915 4.4039097 test
20 Q0 3123549 916 4.4029117 test
20 Q0 3130360 917 4.397026 test
20 Q0 3121770 918 4.396794 test
20 Q0 3121681 919 4.3924356 test
20 Q0 3131772 920 4.3833423 test
20 Q0 3128732 921 4.3732085 test
20 Q0 3127993 922 4.366433 test
20 Q0 3126983 923 4.3600273 test
20 Q0 3121664 924 4.358485 test
20 Q0 3126762 925 4.35733 test
20 Q0 3129667 926 4.3563323 test
20 Q0 3128079 927 4.356232 test
20 Q0 3120872 928 4.342495 test
20 Q0 3120809 929 4.3351483 test
20 Q0 3131522 930 4.3277955 test
20 Q0 3128614 931 4.322719 test
20 Q0 3120736 932 4.3226614 test
20 Q0 3132490 933 4.3166423 test
20 Q0 3123553 934 4.3045053 test
20 Q0 3125302 935 4.3040895 test
20 Q0 3132411 936 4.3014197 test
20 Q0 3128582 937 4.30079 test
20 Q0 3130705 938 4.2985196 test
20 Q0 3132721 939 4.298354 test
20 Q0 3130149 940 4.297162 test
20 Q0 3128746 941 4.2954054 test
20 Q0 3122088 942 4.2952366 test
20 Q0 3123514 943 4.2911086 test
20 Q0 3122054 944 4.291014 test
20 Q0 3123583 945 4.289199 test
20 Q0 3132407 946 4.2874136 test
20 Q0 3132751 947 4.2870646 test
20 Q0 3124530 948 4.281551 test
20 Q0 3123912 949 4.2771525 test
20 Q0 3131019 950 4.2728286 test
20 Q0 3128675 951 4.271808 test
20 Q0 3124541 952 4.2679086 test
20 Q0 3122089 953 4.266581 test
20 Q0 3121598 954 4.2603345 test
20 Q0 3125955 955 4.256819 test
20 Q0 3131243 956 4.2558317 test
20 Q0 3125252 957 4.252783 test
20 Q0 3126987 958 4.252481 test
20 Q0 3130590 959 4.251268 test
20 Q0 3129311 960 4.247223 test
20 Q0 3121253 961 4.2457647 test
20 Q0 3126720 962 4.2457643 test
20 Q0 3121582 963 4.2393107 test
20 Q0 3125150 964 4.237265 test
20 Q0 3121618 965 4.2241006 test
20 Q0 3127770 966 4.2219405 test
20 Q0 3125375 967 4.220367 test
20 Q0 3128014 968 4.2202034 test
20 Q0 3128264 969 4.218905 test
20 Q0 3123170 970 4.214686 test
20 Q0 3125296 971 4.2109623 test
20 Q0 3123963 972 4.203506 test
20 Q0 3130289 973 4.2032886 test
20 Q0 3127779 974 4.2007055 test
20 Q0 3127851 975 4.197881 test
20 Q0 3129055 976 4.1973495 test
20 Q0 3123702 977 4.196334 test
20 Q0 3131791 978 4.191369 test
20 Q0 3130735 979 4.1886287 test
20 Q0 3122586 980 4.1879725 test
20 Q0 3124211 981 4.1851416 test
20 Q0 3130040 982 4.1849976 test
20 Q0 3124691 983 4.1834807 test
20 Q0 3125264 984 4.1819787 test
20 Q0 3129132 985 4.1777897 test
20 Q0 3126727 986 4.175963 test
20 Q0 3130036 987 4.168757 test
20 Q0 3127578 988 4.16613 test
20 Q0 3130037 989 4.1650143 test
20 Q0 3126766 990 4.1628094 test
20 Q0 3123819 991 4.15812 test
20 Q0 3121946 992 4.1496043 test
20 Q0 3127310 993 4.1432347 test
20 Q0 3131539 994 4.141407 test
20 Q0 3126750 995 4.1382513 test
20 Q0 3132741 996 4.136331 test
20 Q0 3124487 997 4.1303787 test
20 Q0 3128702 998 4.128965 test
20 Q0 3121355 999 4.124754 test
20 Q0 3131295 1000 4.1238613 test
21 Q0 3125277 1 38.11075 test
21 Q0 3120985 2 35.592266 test
21 Q0 3124301 3 27.623734 test
21 Q0 3126768 4 24.112375 test
21 Q0 3132055 5 23.444649 test
21 Q0 3132488 6 22.451803 test
21 Q0 3126759 7 22.115278 test
21 Q0 3124391 8 21.579084 test
21 Q0 3132014 9 21.388935 test
21 Q0 3132334 10 20.079079 test
21 Q0 3128700 11 18.67849 test
21 Q0 3130494 12 17.777252 test
21 Q0 3123644 13 17.597599 test
21 Q0 3123701 14 17.49676 test
21 Q0 3120994 15 17.42178 test
21 Q0 3127995 16 17.086626 test
21 Q0 3122897 17 16.588295 test
21 Q0 3125194 18 16.431505 test
21 Q0 3124159 19 16.177317 test
21 Q0 3132679 20 15.907984 test
21 Q0 3125158 21 15.867734 test
21 Q0 3124731 22 15.783684 test
21 Q0 3129965 23 15.758211 test
21 Q0 3128323 24 15.725327 test
21 Q0 3132017 25 15.720201 test
21 Q0 3125532 26 15.593312 test
21 Q0 3127752 27 15.557113 test
21 Q0 3121095 28 15.460708 test
21 Q0 3131289 29 15.4164295 test
21 Q0 3132314 30 15.358196 test
21 Q0 3124732 31 15.351665 test
21 Q0 3128620 32 15.351611 test
21 Q0 3124399 33 15.2030115 test
21 Q0 3121067 34 15.1447315 test
21 Q0 3124123 35 15.090478 test
21 Q0 3129352 36 15.002655 test
21 Q0 3125654 37 14.965101 test
21 Q0 3131791 38 14.817774 test
21 Q0 3125408 39 14.815734 test
21 Q0 3120988 40 14.812019 test
21 Q0 3127744 41 14.791494 test
21 Q0 3130045 42 14.790402 test
21 Q0 3121680 43 14.753955 test
21 Q0 3128891 44 14.40911 test
21 Q0 3123878 45 14.374913 test
21 Q0 3132237 46 14.249897 test
21 Q0 3124416 47 14.233703 test
21 Q0 3132754 48 14.179155 test
21 Q0 3132702 49 14.148547 test
21 Q0 3130568 50 14.047574 test
21 Q0 3123297 51 14.023984 test
21 Q0 3130378 52 13.90143 test
21 Q0 3129970 53 13.867547 test
21 Q0 3128117 54 13.844299 test
21 Q0 3125058 55 13.639361 test
21 Q0 3128065 56 13.550335 test
21 Q0 3128066 57 13.468371 test
21 Q0 3125660 58 13.455566 test
21 Q0 3123635 59 13.430959 test
21 Q0 3132663 60 13.402089 test
21 Q0 3131728 61 13.37234 test
21 Q0 3128263 62 13.292001 test
21 Q0 3130585 63 13.237721 test
21 Q0 3121613 64 13.192404 test
21 Q0 3128598 65 13.164296 test
21 Q0 3124241 66 13.124606 test
21 Q0 3123749 67 13.053766 test
21 Q0 3132697 68 12.99902 test
21 Q0 3129317 69 12.98319 test
21 Q0 3127848 70 12.94733 test
21 Q0 3122619 71 12.945356 test
21 Q0 3123695 72 12.889359 test
21 Q0 3124888 73 12.880092 test
21 Q0 3120815 74 12.853551 test
21 Q0 3121673 75 12.745448 test
21 Q0 3127520 76 12.731745 test
21 Q0 3125344 77 12.715052 test
21 Q0 3131000 78 12.694705 test
21 Q0 3126282 79 12.641341 test
21 Q0 3132333 80 12.640962 test
21 Q0 3123286 81 12.622218 test
21 Q0 3130030 82 12.601883 test
21 Q0 3125380 83 12.579868 test
21 Q0 3125381 84 12.528276 test
21 Q0 3124948 85 12.513729 test
21 Q0 3132164 86 12.505572 test
21 Q0 3131246 87 12.4178095 test
21 Q0 3132028 88 12.414517 test
21 Q0 3121275 89 12.411786 test
21 Q0 3128100 90 12.382572 test
21 Q0 3130933 91 12.376158 test
21 Q0 3127517 92 12.367703 test
21 Q0 3130731 93 12.363619 test
21 Q0 3131233 94 12.359142 test
21 Q0 3125956 95 12.348475 test
21 Q0 3123550 96 12.298813 test
21 Q0 3130887 97 12.274086 test
21 Q0 3129017 98 12.272202 test
21 Q0 3131295 99 12.271081 test
21 Q0 3130681 100 12.2490015 test
21 Q0 3129945 101 12.24142 test
21 Q0 3121582 102 12.237057 test
21 Q0 3125384 103 12.200162 test
21 Q0 3130678 104 12.169637 test
21 Q0 3123548 105 12.168446 test
21 Q0 3129090 106 12.167166 test
21 Q0 3127578 107 12.165076 test
21 Q0 3132386 108 12.109343 test
21 Q0 3130835 109 12.104528 test
21 Q0 3130794 110 12.099661 test
21 Q0 3124481 111 12.0613365 test
21 Q0 3125036 112 12.027266 test
21 Q0 3124949 113 12.016175 test
21 Q0 3128095 114 12.00706 test
21 Q0 3130261 115 11.988657 test
21 Q0 3121752 116 11.986737 test
21 Q0 3131579 117 11.976811 test
21 Q0 3128103 118 11.936426 test
21 Q0 3121690 119 11.89187 test
21 Q0 3126728 120 11.884612 test
21 Q0 3123161 121 11.883947 test
21 Q0 3126782 122 11.848238 test
21 Q0 3131265 123 11.821055 test
21 Q0 3132027 124 11.81668 test
21 Q0 3126710 125 11.816403 test
21 Q0 3123225 126 11.771198 test
21 Q0 3126176 127 11.662938 test
21 Q0 3127103 128 11.657489 test
21 Q0 3132613 129 11.656098 test
21 Q0 3124674 130 11.63837 test
21 Q0 3129069 131 11.637594 test
21 Q0 3128896 132 11.617591 test
21 Q0 3129520 133 11.595704 test
21 Q0 3120715 134 11.584312 test
21 Q0 3132509 135 11.576119 test
21 Q0 3127514 136 11.563466 test
21 Q0 3130680 137 11.522621 test
21 Q0 3130588 138 11.522444 test
21 Q0 3132331 139 11.520601 test
21 Q0 3129582 140 11.498986 test
21 Q0 3130745 141 11.486745 test
21 Q0 3123549 142 11.484229 test
21 Q0 3128905 143 11.470263 test
21 Q0 3120799 144 11.449178 test
21 Q0 3132343 145 11.44052 test
21 Q0 3124387 146 11.393646 test
21 Q0 3129755 147 11.366481 test
21 Q0 3129114 148 11.358218 test
21 Q0 3130257 149 11.341357 test
21 Q0 3124505 150 11.322575 test
21 Q0 3124819 151 11.310932 test
21 Q0 3132090 152 11.310792 test
21 Q0 3130733 153 11.263104 test
21 Q0 3129962 154 11.259289 test
21 Q0 3131748 155 11.25249 test
21 Q0 3130746 156 11.249188 test
21 Q0 3120854 157 11.222227 test
21 Q0 3129038 158 11.217495 test
21 Q0 3132476 159 11.169754 test
21 Q0 3120713 160 11.168625 test
21 Q0 3129672 161 11.161093 test
21 Q0 3121280 162 11.135154 test
21 Q0 3125326 163 11.110108 test
21 Q0 3125750 164 11.06938 test
21 Q0 3125318 165 11.06582 test
21 Q0 3130920 166 11.065002 test
21 Q0 3121770 167 11.063116 test
21 Q0 3132616 168 11.059224 test
21 Q0 3128059 169 11.017626 test
21 Q0 3125662 170 10.986117 test
21 Q0 3123213 171 10.984733 test
21 Q0 3125065 172 10.958188 test
21 Q0 3123566 173 10.928946 test
21 Q0 3128942 174 10.927777 test
21 Q0 3125101 175 10.917244 test
21 Q0 3125049 176 10.909298 test
21 Q0 3125789 177 10.908552 test
21 Q0 3132328 178 10.901531 test
21 Q0 3123175 179 10.873398 test
21 Q0 3132021 180 10.858273 test
21 Q0 3125644 181 10.820478 test
21 Q0 3132711 182 10.781795 test
21 Q0 3125148 183 10.775194 test
21 Q0 3123322 184 10.774569 test
21 Q0 3131600 185 10.773381 test
21 Q0 3124396 186 10.771815 test
21 Q0 3120822 187 10.761843 test
21 Q0 3121731 188 10.758037 test
21 Q0 3130344 189 10.74339 test
21 Q0 3132721 190 10.741775 test
21 Q0 3130273 191 10.721407 test
21 Q0 3128585 192 10.720795 test
21 Q0 3127996 193 10.702418 test
21 Q0 3125389 194 10.700367 test
21 Q0 3121955 195 10.686979 test
21 Q0 3127822 196 10.68684 test
21 Q0 3131766 197 10.686284 test
21 Q0 3121630 198 10.685331 test
21 Q0 3124473 199 10.667229 test
21 Q0 3131721 200 10.667153 test
21 Q0 3130800 201 10.646572 test
21 Q0 3125320 202 10.6334915 test
21 Q0 3129581 203 10.5942545 test
21 Q0 3125120 204 10.588854 test
21 Q0 3125730 205 10.572043 test
21 Q0 3120849 206 10.536655 test
21 Q0 3126732 207 10.53258 test
21 Q0 3120688 208 10.513833 test
21 Q0 3124254 209 10.500124 test
21 Q0 3121065 210 10.468608 test
21 Q0 3130265 211 10.449336 test
21 Q0 3128004 212 10.447048 test
21 Q0 3130983 213 10.441666 test
21 Q0 3122958 214 10.441396 test
21 Q0 3121721 215 10.440769 test
21 Q0 3131798 216 10.428558 test
21 Q0 3120773 217 10.402168 test
21 Q0 3132278 218 10.401389 test
21 Q0 3123298 219 10.397864 test
21 Q0 3123187 220 10.397861 test
21 Q0 3130744 221 10.386309 test
21 Q0 3120712 222 10.370999 test
21 Q0 3131559 223 10.36891 test
21 Q0 3125236 224 10.351011 test
21 Q0 3120848 225 10.325515 test
21 Q0 3122121 226 10.30564 test
21 Q0 3129306 227 10.295275 test
21 Q0 3129678 228 10.289651 test
21 Q0 3127006 229 10.286644 test
21 Q0 3125151 230 10.276989 test
21 Q0 3132120 231 10.259226 test
21 Q0 3131733 232 10.250293 test
21 Q0 3128033 233 10.222893 test
21 Q0 3125655 234 10.220642 test
21 Q0 3124422 235 10.211037 test
21 Q0 3122715 236 10.201567 test
21 Q0 3126695 237 10.198936 test
21 Q0 3132746 238 10.187352 test
21 Q0 3121756 239 10.183911 test
21 Q0 3121595 240 10.17915 test
21 Q0 3126773 241 10.17245 test
21 Q0 3130031 242 10.156343 test
21 Q0 3128608 243 10.140853 test
21 Q0 3125192 244 10.135965 test
21 Q0 3121792 245 10.135899 test
21 Q0 3129759 246 10.100432 test
21 Q0 3121761 247 10.091509 test
21 Q0 3120880 248 10.074254 test
21 Q0 3124543 249 10.059546 test
21 Q0 3126341 250 10.028965 test
21 Q0 3129096 251 10.013388 test
21 Q0 3126707 252 10.011754 test
21 Q0 3127110 253 10.009017 test
21 Q0 3127420 254 10.000103 test
21 Q0 3125062 255 9.984602 test
21 Q0 3120851 256 9.973142 test
21 Q0 3127850 257 9.966008 test
21 Q0 3127125 258 9.957791 test
21 Q0 3130146 259 9.948249 test
21 Q0 3128054 260 9.948012 test
21 Q0 3127337 261 9.935221 test
21 Q0 3121265 262 9.930427 test
21 Q0 3131298 263 9.910132 test
21 Q0 3128863 264 9.887669 test
21 Q0 3123265 265 9.886545 test
21 Q0 3132439 266 9.874462 test
21 Q0 3126724 267 9.839396 test
21 Q0 3125030 268 9.809919 test
21 Q0 3120996 269 9.803401 test
21 Q0 3130996 270 9.802991 test
21 Q0 3125193 271 9.796917 test
21 Q0 3123744 272 9.796568 test
21 Q0 3126224 273 9.791261 test
21 Q0 3124471 274 9.781778 test
21 Q0 3128615 275 9.770626 test
21 Q0 3124550 276 9.765276 test
21 Q0 3125647 277 9.764964 test
21 Q0 3121653 278 9.755854 test
21 Q0 3129100 279 9.753868 test
21 Q0 3127298 280 9.746711 test
21 Q0 3120835 281 9.733504 test
21 Q0 3124712 282 9.728227 test
21 Q0 3124508 283 9.728174 test
21 Q0 3130666 284 9.725089 test
21 Q0 3130282 285 9.70665 test
21 Q0 3121061 286 9.693929 test
21 Q0 3126784 287 9.691763 test
21 Q0 3131598 288 9.686241 test
21 Q0 3128847 289 9.685029 test
21 Q0 3131196 290 9.651515 test
21 Q0 3131267 291 9.6449585 test
21 Q0 3125041 292 9.64109 test
21 Q0 3128936 293 9.636027 test
21 Q0 3121625 294 9.626251 test
21 Q0 3128365 295 9.613226 test
21 Q0 3131398 296 9.613118 test
21 Q0 3129950 297 9.60969 test
21 Q0 3121706 298 9.601585 test
21 Q0 3132043 299 9.599009 test
21 Q0 3128045 300 9.587707 test
21 Q0 3132722 301 9.581662 test
21 Q0 3123364 302 9.577768 test
21 Q0 3132276 303 9.569765 test
21 Q0 3120675 304 9.557882 test
21 Q0 3132097 305 9.550626 test
21 Q0 3130291 306 9.550078 test
21 Q0 3125063 307 9.548025 test
21 Q0 3132198 308 9.542686 test
21 Q0 3127117 309 9.514273 test
21 Q0 3127838 310 9.508931 test
21 Q0 3123464 311 9.504785 test
21 Q0 3123004 312 9.50041 test
21 Q0 3128097 313 9.494802 test
21 Q0 3132168 314 9.490689 test
21 Q0 3126726 315 9.489743 test
21 Q0 3120735 316 9.47234 test
21 Q0 3123173 317 9.464836 test
21 Q0 3127149 318 9.464335 test
21 Q0 3125339 319 9.450137 test
21 Q0 3120790 320 9.43834 test
21 Q0 3127810 321 9.43314 test
21 Q0 3132706 322 9.427585 test
21 Q0 3130037 323 9.423036 test
21 Q0 3125215 324 9.419459 test
21 Q0 3128206 325 9.405621 test
21 Q0 3129067 326 9.402663 test
21 Q0 3120973 327 9.392953 test
21 Q0 3131985 328 9.38647 test
21 Q0 3125718 329 9.375631 test
21 Q0 3125949 330 9.367718 test
21 Q0 3125328 331 9.366813 test
21 Q0 3128602 332 9.361708 test
21 Q0 3125270 333 9.359951 test
21 Q0 3124855 334 9.353184 test
21 Q0 3127506 335 9.345401 test
21 Q0 3127339 336 9.3451605 test
21 Q0 3128060 337 9.340825 test
21 Q0 3130665 338 9.325043 test
21 Q0 3130271 339 9.321435 test
21 Q0 3124886 340 9.318168 test
21 Q0 3127146 341 9.314153 test
21 Q0 3128581 342 9.295289 test
21 Q0 3124353 343 9.288954 test
21 Q0 3132421 344 9.284177 test
21 Q0 3125102 345 9.278108 test
21 Q0 3129059 346 9.251928 test
21 Q0 3129424 347 9.22044 test
21 Q0 3124498 348 9.219328 test
21 Q0 3129354 349 9.2159 test
21 Q0 3132057 350 9.210478 test
21 Q0 3124065 351 9.210001 test
21 Q0 3120867 352 9.197937 test
21 Q0 3130165 353 9.196375 test
21 Q0 3120691 354 9.1921 test
21 Q0 3122119 355 9.192026 test
21 Q0 3125297 356 9.188847 test
21 Q0 3121800 357 9.185558 test
21 Q0 3120682 358 9.183809 test
21 Q0 3126713 359 9.178165 test
21 Q0 3129500 360 9.175856 test
21 Q0 3125542 361 9.171792 test
21 Q0 3130578 362 9.169677 test
21 Q0 3126791 363 9.165538 test
21 Q0 3121605 364 9.164744 test
21 Q0 3124046 365 9.161825 test
21 Q0 3123743 366 9.154907 test
21 Q0 3127952 367 9.145673 test
21 Q0 3121716 368 9.137736 test
21 Q0 3130791 369 9.135903 test
21 Q0 3125143 370 9.131405 test
21 Q0 3127320 371 9.128655 test
21 Q0 3127813 372 9.127376 test
21 Q0 3130995 373 9.114644 test
21 Q0 3127111 374 9.1099825 test
21 Q0 3123266 375 9.104202 test
21 Q0 3127660 376 9.097735 test
21 Q0 3127340 377 9.090126 test
21 Q0 3127784 378 9.084045 test
21 Q0 3121747 379 9.073111 test
21 Q0 3132363 380 9.054564 test
21 Q0 3128861 381 9.042322 test
21 Q0 3128005 382 9.03058 test
21 Q0 3130893 383 9.026806 test
21 Q0 3129022 384 9.020157 test
21 Q0 3124151 385 9.007759 test
21 Q0 3123992 386 9.005078 test
21 Q0 3132772 387 8.997064 test
21 Q0 3123819 388 8.992145 test
21 Q0 3125652 389 8.985787 test
21 Q0 3128009 390 8.984588 test
21 Q0 3121118 391 8.983154 test
21 Q0 3132384 392 8.982755 test
21 Q0 3124215 393 8.978113 test
21 Q0 3124156 394 8.978083 test
21 Q0 3124108 395 8.97042 test
21 Q0 3128699 396 8.96413 test
21 Q0 3132641 397 8.955079 test
21 Q0 3132125 398 8.950761 test
21 Q0 3121788 399 8.944638 test
21 Q0 3128904 400 8.934887 test
21 Q0 3125645 401 8.93395 test
21 Q0 3125027 402 8.932489 test
21 Q0 3121789 403 8.9264765 test
21 Q0 3130050 404 8.920551 test
21 Q0 3124423 405 8.920066 test
21 Q0 3125657 406 8.910787 test
21 Q0 3123159 407 8.905701 test
21 Q0 3124728 408 8.904616 test
21 Q0 3132495 409 8.895035 test
21 Q0 3120739 410 8.850247 test
21 Q0 3124688 411 8.840566 test
21 Q0 3132704 412 8.821574 test
21 Q0 3130267 413 8.805871 test
21 Q0 3130354 414 8.8008995 test
21 Q0 3130460 415 8.799979 test
21 Q0 3129113 416 8.791353 test
21 Q0 3131384 417 8.7857485 test
21 Q0 3127961 418 8.780816 test
21 Q0 3122538 419 8.776994 test
21 Q0 3128000 420 8.776479 test
21 Q0 3128064 421 8.773174 test
21 Q0 3125720 422 8.755318 test
21 Q0 3127424 423 8.754772 test
21 Q0 3125224 424 8.7503605 test
21 Q0 3130468 425 8.738149 test
21 Q0 3130166 426 8.733968 test
21 Q0 3127981 427 8.732104 test
21 Q0 3128118 428 8.729728 test
21 Q0 3121740 429 8.724652 test
21 Q0 3132604 430 8.718751 test
21 Q0 3125736 431 8.717666 test
21 Q0 3121754 432 8.710211 test
21 Q0 3130988 433 8.709812 test
21 Q0 3126905 434 8.705769 test
21 Q0 3125780 435 8.70545 test
21 Q0 3129118 436 8.703649 test
21 Q0 3132446 437 8.698109 test
21 Q0 3125307 438 8.695154 test
21 Q0 3125006 439 8.694496 test
21 Q0 3132159 440 8.692463 test
21 Q0 3124419 441 8.689244 test
21 Q0 3128930 442 8.660871 test
21 Q0 3125285 443 8.657986 test
21 Q0 3129666 444 8.650164 test
21 Q0 3127397 445 8.647718 test
21 Q0 3129300 446 8.641346 test
21 Q0 3132502 447 8.641028 test
21 Q0 3125495 448 8.638995 test
21 Q0 3125066 449 8.63531 test
21 Q0 3123831 450 8.63303 test
21 Q0 3131580 451 8.61769 test
21 Q0 3131238 452 8.616441 test
21 Q0 3127135 453 8.60532 test
21 Q0 3130290 454 8.595255 test
21 Q0 3127307 455 8.591437 test
21 Q0 3125059 456 8.58879 test
21 Q0 3120771 457 8.584752 test
21 Q0 3122987 458 8.566723 test
21 Q0 3124494 459 8.549135 test
21 Q0 3125366 460 8.547805 test
21 Q0 3124860 461 8.545502 test
21 Q0 3131037 462 8.543391 test
21 Q0 3121600 463 8.529465 test
21 Q0 3123308 464 8.524773 test
21 Q0 3122560 465 8.524447 test
21 Q0 3132052 466 8.509066 test
21 Q0 3127740 467 8.507414 test
21 Q0 3120834 468 8.500551 test
21 Q0 3130575 469 8.497779 test
21 Q0 3123236 470 8.488045 test
21 Q0 3125186 471 8.484478 test
21 Q0 3123610 472 8.479121 test
21 Q0 3130907 473 8.477453 test
21 Q0 3125211 474 8.472789 test
21 Q0 3124487 475 8.471836 test
21 Q0 3121093 476 8.469044 test
21 Q0 3126694 477 8.464012 test
21 Q0 3122596 478 8.455595 test
21 Q0 3130192 479 8.452337 test
21 Q0 3130141 480 8.447069 test
21 Q0 3127732 481 8.446141 test
21 Q0 3124398 482 8.44382 test
21 Q0 3130379 483 8.440486 test
21 Q0 3131303 484 8.433247 test
21 Q0 3129355 485 8.429061 test
21 Q0 3125028 486 8.419911 test
21 Q0 3121796 487 8.416908 test
21 Q0 3124436 488 8.414435 test
21 Q0 3129049 489 8.4098215 test
21 Q0 3124495 490 8.40857 test
21 Q0 3121768 491 8.390749 test
21 Q0 3127819 492 8.388813 test
21 Q0 3125168 493 8.386915 test
21 Q0 3125155 494 8.383667 test
21 Q0 3132123 495 8.371497 test
21 Q0 3120791 496 8.370607 test
21 Q0 3131575 497 8.366897 test
21 Q0 3128457 498 8.366807 test
21 Q0 3128843 499 8.364528 test
21 Q0 3130258 500 8.363878 test
21 Q0 3121056 501 8.363701 test
21 Q0 3121620 502 8.361988 test
21 Q0 3132735 503 8.359427 test
21 Q0 3132744 504 8.355819 test
21 Q0 3132327 505 8.350947 test
21 Q0 3123623 506 8.350698 test
21 Q0 3120760 507 8.345484 test
21 Q0 3127310 508 8.335994 test
21 Q0 3129584 509 8.328957 test
21 Q0 3130582 510 8.324215 test
21 Q0 3125954 511 8.31902 test
21 Q0 3120706 512 8.313743 test
21 Q0 3128588 513 8.308823 test
21 Q0 3128071 514 8.297733 test
21 Q0 3121720 515 8.289854 test
21 Q0 3125461 516 8.286286 test
21 Q0 3131560 517 8.285501 test
21 Q0 3131582 518 8.263463 test
21 Q0 3125333 519 8.234993 test
21 Q0 3129070 520 8.231086 test
21 Q0 3127493 521 8.226087 test
21 Q0 3125661 522 8.212184 test
21 Q0 3126829 523 8.207253 test
21 Q0 3123587 524 8.194274 test
21 Q0 3130698 525 8.185143 test
21 Q0 3130721 526 8.181017 test
21 Q0 3131306 527 8.176099 test
21 Q0 3124871 528 8.175684 test
21 Q0 3128079 529 8.163972 test
21 Q0 3132375 530 8.161697 test
21 Q0 3123301 531 8.151446 test
21 Q0 3130278 532 8.143132 test
21 Q0 3121440 533 8.134258 test
21 Q0 3127116 534 8.130641 test
21 Q0 3121746 535 8.1305895 test
21 Q0 3131587 536 8.122919 test
21 Q0 3121713 537 8.111746 test
21 Q0 3132485 538 8.109568 test
21 Q0 3127303 539 8.106416 test
21 Q0 3123323 540 8.104861 test
21 Q0 3123346 541 8.103225 test
21 Q0 3132128 542 8.098871 test
21 Q0 3130915 543 8.098518 test
21 Q0 3132410 544 8.096656 test
21 Q0 3130256 545 8.096545 test
21 Q0 3125953 546 8.09455 test
21 Q0 3125106 547 8.089778 test
21 Q0 3130918 548 8.089111 test
21 Q0 3121793 549 8.067436 test
21 Q0 3130281 550 8.0665455 test
21 Q0 3131012 551 8.064822 test
21 Q0 3131250 552 8.06283 test
21 Q0 3123626 553 8.055677 test
21 Q0 3121423 554 8.055569 test
21 Q0 3125220 555 8.042807 test
21 Q0 3129351 556 8.032943 test
21 Q0 3131270 557 8.030269 test
21 Q0 3127147 558 8.027437 test
21 Q0 3122980 559 8.025571 test
21 Q0 3132758 560 8.024692 test
21 Q0 3124528 561 8.018246 test
21 Q0 3131674 562 8.017807 test
21 Q0 3127150 563 8.017666 test
21 Q0 3125268 564 8.010253 test
21 Q0 3127840 565 8.0023985 test
21 Q0 3130284 566 8.002301 test
21 Q0 3123123 567 8.0020685 test
21 Q0 3131290 568 7.9998136 test
21 Q0 3127947 569 7.9958787 test
21 Q0 3120708 570 7.9929132 test
21 Q0 3132374 571 7.9918504 test
21 Q0 3130262 572 7.9913254 test
21 Q0 3121794 573 7.979345 test
21 Q0 3125244 574 7.974769 test
21 Q0 3121428 575 7.965735 test
21 Q0 3130824 576 7.9585934 test
21 Q0 3132361 577 7.945225 test
21 Q0 3121631 578 7.9448376 test
21 Q0 3124859 579 7.9365172 test
21 Q0 3130136 580 7.9304543 test
21 Q0 3128367 581 7.929665 test
21 Q0 3120709 582 7.919091 test
21 Q0 3125121 583 7.9186893 test
21 Q0 3126738 584 7.9145203 test
21 Q0 3127131 585 7.909996 test
21 Q0 3121615 586 7.90296 test
21 Q0 3125201 587 7.9002275 test
21 Q0 3130048 588 7.900216 test
21 Q0 3127133 589 7.890894 test
21 Q0 3132228 590 7.8793793 test
21 Q0 3121722 591 7.878143 test
21 Q0 3128892 592 7.87542 test
21 Q0 3132357 593 7.865004 test
21 Q0 3132651 594 7.8633504 test
21 Q0 3129068 595 7.8579125 test
21 Q0 3121424 596 7.855629 test
21 Q0 3123339 597 7.8519197 test
21 Q0 3123242 598 7.8484344 test
21 Q0 3125243 599 7.848263 test
21 Q0 3131388 600 7.843225 test
21 Q0 3121277 601 7.84045 test
21 Q0 3120759 602 7.8352466 test
21 Q0 3124182 603 7.830508 test
21 Q0 3124289 604 7.8303485 test
21 Q0 3121882 605 7.828293 test
21 Q0 3123217 606 7.823592 test
21 Q0 3128744 607 7.8215103 test
21 Q0 3129324 608 7.817841 test
21 Q0 3124237 609 7.813223 test
21 Q0 3130655 610 7.811831 test
21 Q0 3129794 611 7.8044443 test
21 Q0 3125300 612 7.8032947 test
21 Q0 3124390 613 7.7970796 test
21 Q0 3132520 614 7.7885494 test
21 Q0 3128084 615 7.781477 test
21 Q0 3121967 616 7.77732 test
21 Q0 3129533 617 7.768418 test
21 Q0 3130139 618 7.7603135 test
21 Q0 3132668 619 7.760113 test
21 Q0 3128865 620 7.75925 test
21 Q0 3125738 621 7.7564983 test
21 Q0 3120781 622 7.752314 test
21 Q0 3132757 623 7.7500806 test
21 Q0 3123315 624 7.749451 test
21 Q0 3128557 625 7.745939 test
21 Q0 3126723 626 7.745159 test
21 Q0 3122096 627 7.7426767 test
21 Q0 3125626 628 7.740557 test
21 Q0 3130270 629 7.739933 test
21 Q0 3122894 630 7.739127 test
21 Q0 3128907 631 7.738606 test
21 Q0 3120856 632 7.736164 test
21 Q0 3132117 633 7.726847 test
21 Q0 3129133 634 7.7234287 test
21 Q0 3131527 635 7.7147517 test
21 Q0 3130906 636 7.7125597 test
21 Q0 3130279 637 7.7092404 test
21 Q0 3124483 638 7.7030644 test
21 Q0 3127207 639 7.7023187 test
21 Q0 3130748 640 7.7018037 test
21 Q0 3120784 641 7.7013235 test
21 Q0 3125216 642 7.696828 test
21 Q0 3128610 643 7.6942134 test
21 Q0 3125802 644 7.6863437 test
21 Q0 3123274 645 7.6761866 test
21 Q0 3128078 646 7.6740675 test
21 Q0 3128092 647 7.6709266 test
21 Q0 3120827 648 7.6665344 test
21 Q0 3128850 649 7.6649423 test
21 Q0 3128101 650 7.661579 test
21 Q0 3130289 651 7.6597037 test
21 Q0 3123373 652 7.6587987 test
21 Q0 3124393 653 7.6576366 test
21 Q0 3128069 654 7.6537538 test
21 Q0 3130260 655 7.6303377 test
21 Q0 3124486 656 7.623014 test
21 Q0 3126849 657 7.6192966 test
21 Q0 3130967 658 7.618578 test
21 Q0 3123456 659 7.610196 test
21 Q0 3129356 660 7.603666 test
21 Q0 3127825 661 7.6032085 test
21 Q0 3132012 662 7.602625 test
21 Q0 3123964 663 7.6019716 test
21 Q0 3126808 664 7.5975337 test
21 Q0 3132176 665 7.5963593 test
21 Q0 3121282 666 7.593027 test
21 Q0 3123351 667 7.5910096 test
21 Q0 3127745 668 7.584738 test
21 Q0 3125357 669 7.5815816 test
21 Q0 3130253 670 7.568512 test
21 Q0 3122593 671 7.5655494 test
21 Q0 3121695 672 7.557621 test
21 Q0 3127757 673 7.5563936 test
21 Q0 3131269 674 7.5517254 test
21 Q0 3125336 675 7.550734 test
21 Q0 3131434 676 7.5474133 test
21 Q0 3131546 677 7.5451655 test
21 Q0 3130024 678 7.5309806 test
21 Q0 3128992 679 7.525852 test
21 Q0 3130189 680 7.5241866 test
21 Q0 3121735 681 7.519127 test
21 Q0 3128121 682 7.508041 test
21 Q0 3125753 683 7.50635 test
21 Q0 3131241 684 7.501521 test
21 Q0 3127750 685 7.4988155 test
21 Q0 3132311 686 7.488173 test
21 Q0 3126818 687 7.487359 test
21 Q0 3131232 688 7.478236 test
21 Q0 3130168 689 7.4598045 test
21 Q0 3130285 690 7.459307 test
21 Q0 3122062 691 7.4576464 test
21 Q0 3132442 692 7.4568167 test
21 Q0 3132404 693 7.4544435 test
21 Q0 3125299 694 7.453581 test
21 Q0 3129964 695 7.4479976 test
21 Q0 3131068 696 7.441741 test
21 Q0 3128266 697 7.4384885 test
21 Q0 3129668 698 7.436043 test
21 Q0 3125359 699 7.435996 test
21 Q0 3120695 700 7.43362 test
21 Q0 3132046 701 7.4269457 test
21 Q0 3127949 702 7.425563 test
21 Q0 3123299 703 7.422554 test
21 Q0 3132121 704 7.4215546 test
21 Q0 3124273 705 7.419585 test
21 Q0 3127129 706 7.4120417 test
21 Q0 3125001 707 7.410525 test
21 Q0 3125177 708 7.4067426 test
21 Q0 3125276 709 7.405426 test
21 Q0 3125341 710 7.4019895 test
21 Q0 3124727 711 7.3927913 test
21 Q0 3121596 712 7.390236 test
21 Q0 3130777 713 7.388618 test
21 Q0 3120998 714 7.384151 test
21 Q0 3127760 715 7.3836455 test
21 Q0 3121766 716 7.382883 test
21 Q0 3125267 717 7.380778 test
21 Q0 3132776 718 7.3736696 test
21 Q0 3125513 719 7.370952 test
21 Q0 3132523 720 7.3685603 test
21 Q0 3129060 721 7.367567 test
21 Q0 3124488 722 7.365532 test
21 Q0 3120836 723 7.3579316 test
21 Q0 3131208 724 7.3548017 test
21 Q0 3128591 725 7.3538604 test
21 Q0 3120694 726 7.3538113 test
21 Q0 3129589 727 7.346171 test
21 Q0 3129676 728 7.3461437 test
21 Q0 3125239 729 7.3384485 test
21 Q0 3124469 730 7.336642 test
21 Q0 3128828 731 7.3233843 test
21 Q0 3130699 732 7.3208976 test
21 Q0 3125745 733 7.307475 test
21 Q0 3132683 734 7.3043323 test
21 Q0 3132091 735 7.3027673 test
21 Q0 3123540 736 7.29746 test
21 Q0 3127306 737 7.2924185 test
21 Q0 3123347 738 7.280341 test
21 Q0 3126514 739 7.2796693 test
21 Q0 3130145 740 7.279217 test
21 Q0 3124729 741 7.2729516 test
21 Q0 3120698 742 7.2677417 test
21 Q0 3130010 743 7.26759 test
21 Q0 3126563 744 7.258917 test
21 Q0 3121883 745 7.25584 test
21 Q0 3131301 746 7.2449408 test
21 Q0 3132473 747 7.2413297 test
21 Q0 3124439 748 7.238157 test
21 Q0 3128937 749 7.226522 test
21 Q0 3121254 750 7.223444 test
21 Q0 3128254 751 7.210174 test
21 Q0 3125025 752 7.208049 test
21 Q0 3123184 753 7.206972 test
21 Q0 3124491 754 7.2029314 test
21 Q0 3128743 755 7.1945906 test
21 Q0 3131141 756 7.19078 test
21 Q0 3129108 757 7.186658 test
21 Q0 3125752 758 7.1840763 test
21 Q0 3125352 759 7.172754 test
21 Q0 3129020 760 7.1690397 test
21 Q0 3130633 761 7.1674814 test
21 Q0 3131234 762 7.1655636 test
21 Q0 3130908 763 7.165131 test
21 Q0 3124044 764 7.1641793 test
21 Q0 3123466 765 7.163805 test
21 Q0 3124053 766 7.1624355 test
21 Q0 3125342 767 7.1613817 test
21 Q0 3121710 768 7.1579523 test
21 Q0 3121304 769 7.156866 test
21 Q0 3125274 770 7.1529355 test
21 Q0 3127293 771 7.1526747 test
21 Q0 3130009 772 7.1526227 test
21 Q0 3121117 773 7.150123 test
21 Q0 3124792 774 7.1458964 test
21 Q0 3120819 775 7.134659 test
21 Q0 3127778 776 7.131778 test
21 Q0 3128605 777 7.1092906 test
21 Q0 3130558 778 7.1056232 test
21 Q0 3121973 779 7.1053586 test
21 Q0 3123588 780 7.094832 test
21 Q0 3121743 781 7.093797 test
21 Q0 3132633 782 7.093493 test
21 Q0 3122348 783 7.0844936 test
21 Q0 3132756 784 7.08015 test
21 Q0 3123745 785 7.0784993 test
21 Q0 3125358 786 7.07802 test
21 Q0 3121748 787 7.0726466 test
21 Q0 3127791 788 7.0682716 test
21 Q0 3132687 789 7.0627127 test
21 Q0 3125252 790 7.061472 test
21 Q0 3130642 791 7.0596223 test
21 Q0 3127401 792 7.0580325 test
21 Q0 3132420 793 7.055959 test
21 Q0 3131266 794 7.052737 test
21 Q0 3126807 795 7.048022 test
21 Q0 3121281 796 7.0417066 test
21 Q0 3129576 797 7.040741 test
21 Q0 3125803 798 7.0368257 test
21 Q0 3121799 799 7.0342307 test
21 Q0 3132124 800 7.020528 test
21 Q0 3121135 801 7.0177197 test
21 Q0 3131050 802 7.0140085 test
21 Q0 3128089 803 7.0119863 test
21 Q0 3120733 804 7.0102396 test
21 Q0 3130785 805 7.0064197 test
21 Q0 3124536 806 7.0040646 test
21 Q0 3129345 807 6.9923525 test
21 Q0 3128592 808 6.989579 test
21 Q0 3127811 809 6.9785037 test
21 Q0 3131529 810 6.977485 test
21 Q0 3131697 811 6.9750514 test
21 Q0 3120821 812 6.968557 test
21 Q0 3123340 813 6.965037 test
21 Q0 3127857 814 6.9642425 test
21 Q0 3121795 815 6.958731 test
21 Q0 3121616 816 6.9563384 test
21 Q0 3127510 817 6.9461527 test
21 Q0 3131278 818 6.940071 test
21 Q0 3123354 819 6.939676 test
21 Q0 3127990 820 6.9382935 test
21 Q0 3127991 821 6.9350257 test
21 Q0 3129065 822 6.9340153 test
21 Q0 3125223 823 6.932847 test
21 Q0 3130696 824 6.9323206 test
21 Q0 3124295 825 6.930805 test
21 Q0 3129343 826 6.924957 test
21 Q0 3126766 827 6.917373 test
21 Q0 3120740 828 6.9101915 test
21 Q0 3123171 829 6.9073544 test
21 Q0 3123467 830 6.9046936 test
21 Q0 3128862 831 6.9033604 test
21 Q0 3127954 832 6.901685 test
21 Q0 3124397 833 6.898518 test
21 Q0 3121421 834 6.898208 test
21 Q0 3123604 835 6.8972077 test
21 Q0 3132239 836 6.895858 test
21 Q0 3132660 837 6.895829 test
21 Q0 3120993 838 6.8955717 test
21 Q0 3121755 839 6.887521 test
21 Q0 3131149 840 6.886444 test
21 Q0 3122151 841 6.8811235 test
21 Q0 3129318 842 6.879814 test
21 Q0 3126734 843 6.877633 test
21 Q0 3123628 844 6.8674836 test
21 Q0 3122104 845 6.8642383 test
21 Q0 3121727 846 6.857368 test
21 Q0 3121707 847 6.856837 test
21 Q0 3129969 848 6.852909 test
21 Q0 3131597 849 6.851459 test
21 Q0 3125582 850 6.8461924 test
21 Q0 3131302 851 6.8375063 test
21 Q0 3123355 852 6.834075 test
21 Q0 3131291 853 6.831304 test
21 Q0 3125812 854 6.8287525 test
21 Q0 3121230 855 6.822129 test
21 Q0 3126783 856 6.82135 test
21 Q0 3125329 857 6.819471 test
21 Q0 3125786 858 6.818495 test
21 Q0 3128580 859 6.808327 test
21 Q0 3122595 860 6.804534 test
21 Q0 3129353 861 6.8016844 test
21 Q0 3128090 862 6.801508 test
21 Q0 3120873 863 6.800568 test
21 Q0 3125205 864 6.799927 test
21 Q0 3129301 865 6.794907 test
21 Q0 3128976 866 6.7937813 test
21 Q0 3126779 867 6.786441 test
21 Q0 3124839 868 6.785651 test
21 Q0 3130263 869 6.785484 test
21 Q0 3128053 870 6.779087 test
21 Q0 3120778 871 6.778188 test
21 Q0 3125160 872 6.767866 test
21 Q0 3124135 873 6.75364 test
21 Q0 3129753 874 6.747821 test
21 Q0 3124388 875 6.736441 test
21 Q0 3130712 876 6.735216 test
21 Q0 3124430 877 6.734279 test
21 Q0 3125074 878 6.7338266 test
21 Q0 3121136 879 6.732796 test
21 Q0 3129039 880 6.7325644 test
21 Q0 3123994 881 6.730122 test
21 Q0 3125200 882 6.7236753 test
21 Q0 3121778 883 6.72334 test
21 Q0 3127132 884 6.7167826 test
21 Q0 3124433 885 6.716655 test
21 Q0 3121753 886 6.7163486 test
21 Q0 3127817 887 6.710844 test
21 Q0 3124934 888 6.710193 test
21 Q0 3120986 889 6.7092934 test
21 Q0 3126848 890 6.7064633 test
21 Q0 3125663 891 6.706295 test
21 Q0 3121751 892 6.7049317 test
21 Q0 3132380 893 6.698566 test
21 Q0 3130185 894 6.692373 test
21 Q0 3125302 895 6.690709 test
21 Q0 3131567 896 6.6859694 test
21 Q0 3129316 897 6.6812086 test
21 Q0 3128108 898 6.6725383 test
21 Q0 3125189 899 6.671704 test
21 Q0 3122152 900 6.6676555 test
21 Q0 3123248 901 6.662787 test
21 Q0 3129046 902 6.6612773 test
21 Q0 3128120 903 6.6611705 test
21 Q0 3120738 904 6.6601605 test
21 Q0 3124051 905 6.6595488 test
21 Q0 3128039 906 6.655265 test
21 Q0 3125955 907 6.645638 test
21 Q0 3129315 908 6.642789 test
21 Q0 3126817 909 6.633735 test
21 Q0 3129525 910 6.63319 test
21 Q0 3128127 911 6.6325 test
21 Q0 3124522 912 6.63153 test
21 Q0 3120732 913 6.6257744 test
21 Q0 3124409 914 6.61157 test
21 Q0 3124394 915 6.6061068 test
21 Q0 3128112 916 6.600924 test
21 Q0 3123254 917 6.5976276 test
21 Q0 3123238 918 6.5967145 test
21 Q0 312598 919 6.5954747 test
21 Q0 3121692 920 6.5909715 test
21 Q0 3132058 921 6.5876403 test
21 Q0 3125296 922 6.5863614 test
21 Q0 3120680 923 6.5831304 test
21 Q0 3124541 924 6.57813 test
21 Q0 3132712 925 6.577728 test
21 Q0 3130275 926 6.5755453 test
21 Q0 3124441 927 6.5727067 test
21 Q0 3126854 928 6.5696864 test
21 Q0 3128122 929 6.566436 test
21 Q0 3121873 930 6.5661435 test
21 Q0 3121248 931 6.5642524 test
21 Q0 3121618 932 6.5550423 test
21 Q0 3130765 933 6.5518413 test
21 Q0 3121667 934 6.548872 test
21 Q0 3129693 935 6.5429177 test
21 Q0 3128854 936 6.542916 test
21 Q0 3130664 937 6.5386233 test
21 Q0 3126823 938 6.527395 test
21 Q0 3127772 939 6.525568 test
21 Q0 3121682 940 6.5213885 test
21 Q0 3130477 941 6.5200496 test
21 Q0 3124442 942 6.519831 test
21 Q0 3122089 943 6.519586 test
21 Q0 3124490 944 6.5163393 test
21 Q0 3132448 945 6.516089 test
21 Q0 3131065 946 6.5119796 test
21 Q0 3131284 947 6.502783 test
21 Q0 3126750 948 6.5019174 test
21 Q0 3132009 949 6.5016503 test
21 Q0 3132688 950 6.4895577 test
21 Q0 3120783 951 6.489316 test
21 Q0 3129058 952 6.488754 test
21 Q0 3125315 953 6.4843736 test
21 Q0 3120964 954 6.478482 test
21 Q0 3130164 955 6.4771867 test
21 Q0 3131282 956 6.472559 test
21 Q0 3127950 957 6.46979 test
21 Q0 3126798 958 6.4693084 test
21 Q0 3122066 959 6.4673047 test
21 Q0 3130705 960 6.4650865 test
21 Q0 3121339 961 6.464522 test
21 Q0 3126804 962 6.46079 test
21 Q0 3122055 963 6.458955 test
21 Q0 3128980 964 6.457269 test
21 Q0 3121937 965 6.455694 test
21 Q0 3130553 966 6.4539533 test
21 Q0 3131395 967 6.4478455 test
21 Q0 3127130 968 6.447637 test
21 Q0 3125304 969 6.441987 test
21 Q0 3122120 970 6.438147 test
21 Q0 3123779 971 6.4371886 test
21 Q0 3132335 972 6.4370527 test
21 Q0 3132430 973 6.4364414 test
21 Q0 3123158 974 6.433277 test
21 Q0 3126832 975 6.430311 test
21 Q0 3125793 976 6.4298344 test
21 Q0 3130695 977 6.426574 test
21 Q0 3124125 978 6.4223948 test
21 Q0 3131286 979 6.420502 test
21 Q0 3131255 980 6.41975 test
21 Q0 3129081 981 6.416267 test
21 Q0 3132044 982 6.4144635 test
21 Q0 3131009 983 6.408803 test
21 Q0 3124287 984 6.4061666 test
21 Q0 3123706 985 6.3970604 test
21 Q0 3130903 986 6.393539 test
21 Q0 3132737 987 6.3934216 test
21 Q0 3129117 988 6.387548 test
21 Q0 3124327 989 6.385796 test
21 Q0 3123707 990 6.38246 test
21 Q0 3132338 991 6.378174 test
21 Q0 3128463 992 6.377871 test
21 Q0 3130767 993 6.370842 test
21 Q0 3120863 994 6.365633 test
21 Q0 3130175 995 6.3639736 test
21 Q0 3123605 996 6.3611484 test
21 Q0 3125417 997 6.3540277 test
21 Q0 3129016 998 6.3491406 test
21 Q0 3123235 999 6.338522 test
21 Q0 3120710 1000 6.3325706 test
22 Q0 3125360 1 28.011063 test
22 Q0 3124725 2 21.888252 test
22 Q0 3129069 3 20.912474 test
22 Q0 3123852 4 20.833733 test
22 Q0 3132129 5 20.594755 test
22 Q0 3127841 6 19.724382 test
22 Q0 3126734 7 19.24687 test
22 Q0 3132123 8 19.245726 test
22 Q0 3132161 9 18.205444 test
22 Q0 3129082 10 18.05342 test
22 Q0 3129060 11 18.004581 test
22 Q0 3124248 12 17.486378 test
22 Q0 3123241 13 17.318434 test
22 Q0 3123010 14 16.89774 test
22 Q0 3125031 15 16.867147 test
22 Q0 3124672 16 16.798784 test
22 Q0 3130566 17 16.564642 test
22 Q0 3125062 18 16.51529 test
22 Q0 3132493 19 16.434134 test
22 Q0 3124135 20 16.430302 test
22 Q0 3129124 21 16.379076 test
22 Q0 3129090 22 16.255589 test
22 Q0 3121608 23 16.20355 test
22 Q0 3120793 24 15.664786 test
22 Q0 3127315 25 15.610742 test
22 Q0 3122099 26 15.505433 test
22 Q0 3131759 27 15.4668455 test
22 Q0 3123911 28 15.429566 test
22 Q0 3124345 29 15.346532 test
22 Q0 3125115 30 15.121865 test
22 Q0 3130717 31 15.108958 test
22 Q0 3127765 32 14.920329 test
22 Q0 3121094 33 14.679985 test
22 Q0 3132385 34 14.552524 test
22 Q0 3124289 35 14.309254 test
22 Q0 3123642 36 14.187188 test
22 Q0 3124459 37 14.158944 test
22 Q0 3124241 38 14.140962 test
22 Q0 3122958 39 14.096169 test
22 Q0 3132373 40 14.053542 test
22 Q0 3132122 41 13.906256 test
22 Q0 3132370 42 13.864282 test
22 Q0 3127314 43 13.8607 test
22 Q0 3132419 44 13.793581 test
22 Q0 3132446 45 13.438374 test
22 Q0 3130473 46 13.381958 test
22 Q0 3129114 47 13.361741 test
22 Q0 3132483 48 13.351728 test
22 Q0 3120749 49 13.243422 test
22 Q0 3127492 50 13.172037 test
22 Q0 3128254 51 13.096544 test
22 Q0 3120678 52 13.069159 test
22 Q0 3127151 53 13.050421 test
22 Q0 3129299 54 13.007632 test
22 Q0 3125379 55 12.9735775 test
22 Q0 3123183 56 12.861777 test
22 Q0 3130635 57 12.532025 test
22 Q0 3131249 58 12.489568 test
22 Q0 3128041 59 12.465145 test
22 Q0 3127318 60 12.446351 test
22 Q0 3132497 61 12.444552 test
22 Q0 3123554 62 12.347326 test
22 Q0 3125663 63 12.328577 test
22 Q0 3127794 64 12.327379 test
22 Q0 3129761 65 12.254814 test
22 Q0 3131766 66 12.237372 test
22 Q0 3132376 67 12.227437 test
22 Q0 3128723 68 12.19125 test
22 Q0 3125660 69 12.154762 test
22 Q0 3126780 70 12.128875 test
22 Q0 3128854 71 12.080192 test
22 Q0 3127017 72 12.068542 test
22 Q0 3130982 73 12.066071 test
22 Q0 3132695 74 12.063028 test
22 Q0 3127806 75 12.016539 test
22 Q0 3132368 76 11.9359865 test
22 Q0 3132476 77 11.864961 test
22 Q0 3127292 78 11.815338 test
22 Q0 3120809 79 11.798775 test
22 Q0 3128826 80 11.775366 test
22 Q0 3126762 81 11.759623 test
22 Q0 3122097 82 11.749766 test
22 Q0 3125342 83 11.694815 test
22 Q0 3122584 84 11.595228 test
22 Q0 3129087 85 11.587051 test
22 Q0 3125120 86 11.54893 test
22 Q0 3122984 87 11.541953 test
22 Q0 3130577 88 11.485169 test
22 Q0 3130956 89 11.478456 test
22 Q0 3128257 90 11.438671 test
22 Q0 3126768 91 11.429412 test
22 Q0 3132117 92 11.392532 test
22 Q0 3132700 93 11.369364 test
22 Q0 3121673 94 11.36059 test
22 Q0 3123906 95 11.319687 test
22 Q0 3128842 96 11.263346 test
22 Q0 3125279 97 11.221701 test
22 Q0 3129305 98 11.185729 test
22 Q0 3130492 99 11.020971 test
22 Q0 3127808 100 11.00923 test
22 Q0 3132663 101 11.007917 test
22 Q0 3123550 102 11.005638 test
22 Q0 3123159 103 10.972011 test
22 Q0 3122118 104 10.890666 test
22 Q0 3129577 105 10.877548 test
22 Q0 3128847 106 10.839422 test
22 Q0 3130805 107 10.825742 test
22 Q0 3123820 108 10.824411 test
22 Q0 3121108 109 10.738401 test
22 Q0 3132119 110 10.7296 test
22 Q0 3131281 111 10.704992 test
22 Q0 3123206 112 10.698389 test
22 Q0 3120745 113 10.693217 test
22 Q0 3132329 114 10.689228 test
22 Q0 3125316 115 10.687821 test
22 Q0 3122366 116 10.670743 test
22 Q0 3121248 117 10.667823 test
22 Q0 3130041 118 10.656754 test
22 Q0 3121581 119 10.635629 test
22 Q0 3123823 120 10.6306 test
22 Q0 3132032 121 10.5965185 test
22 Q0 3132091 122 10.545126 test
22 Q0 3128858 123 10.54133 test
22 Q0 3130360 124 10.507235 test
22 Q0 3132366 125 10.457174 test
22 Q0 3124426 126 10.369774 test
22 Q0 3124729 127 10.329302 test
22 Q0 3123589 128 10.328319 test
22 Q0 3121267 129 10.32522 test
22 Q0 3125001 130 10.3077965 test
22 Q0 3124326 131 10.276518 test
22 Q0 3128929 132 10.229593 test
22 Q0 3124991 133 10.213045 test
22 Q0 3124301 134 10.179167 test
22 Q0 3123269 135 10.1220255 test
22 Q0 3127149 136 10.069383 test
22 Q0 3132696 137 10.065871 test
22 Q0 3124455 138 10.056628 test
22 Q0 3132325 139 10.036544 test
22 Q0 3125661 140 9.925685 test
22 Q0 3124319 141 9.912697 test
22 Q0 3120773 142 9.911191 test
22 Q0 3126695 143 9.848076 test
22 Q0 3124321 144 9.804904 test
22 Q0 3130720 145 9.800886 test
22 Q0 3124269 146 9.786567 test
22 Q0 3121000 147 9.776916 test
22 Q0 3130700 148 9.756616 test
22 Q0 3122088 149 9.750594 test
22 Q0 3123512 150 9.694348 test
22 Q0 3132125 151 9.669476 test
22 Q0 3122502 152 9.638224 test
22 Q0 3126983 153 9.604503 test
22 Q0 3129774 154 9.601731 test
22 Q0 3128264 155 9.5597925 test
22 Q0 3130920 156 9.555718 test
22 Q0 3132333 157 9.540761 test
22 Q0 3132386 158 9.532191 test
22 Q0 3132363 159 9.524054 test
22 Q0 3121609 160 9.519092 test
22 Q0 3124261 161 9.496586 test
22 Q0 3128722 162 9.490418 test
22 Q0 3125530 163 9.468256 test
22 Q0 3127313 164 9.456356 test
22 Q0 3131026 165 9.397028 test
22 Q0 3123169 166 9.316446 test
22 Q0 3121623 167 9.315472 test
22 Q0 3120971 168 9.305792 test
22 Q0 3120735 169 9.305495 test
22 Q0 3131021 170 9.281758 test
22 Q0 3127834 171 9.277032 test
22 Q0 3127842 172 9.269683 test
22 Q0 3123218 173 9.25157 test
22 Q0 3130474 174 9.241016 test
22 Q0 3123162 175 9.236392 test
22 Q0 3125277 176 9.22237 test
22 Q0 3125361 177 9.185719 test
22 Q0 3120727 178 9.1535635 test
22 Q0 3130472 179 9.146787 test
22 Q0 3123629 180 9.136617 test
22 Q0 3132500 181 9.130882 test
22 Q0 3121634 182 9.12398 test
22 Q0 3132392 183 9.10571 test
22 Q0 3127251 184 9.100735 test
22 Q0 3127782 185 9.097022 test
22 Q0 3127749 186 9.089997 test
22 Q0 3127493 187 9.077969 test
22 Q0 3129103 188 9.051813 test
22 Q0 3123643 189 9.051736 test
22 Q0 3126735 190 9.027803 test
22 Q0 3123821 191 9.004771 test
22 Q0 3123188 192 9.000652 test
22 Q0 3130916 193 8.993148 test
22 Q0 3129070 194 8.985159 test
22 Q0 3126799 195 8.967384 test
22 Q0 3132379 196 8.963523 test
22 Q0 3124550 197 8.944547 test
22 Q0 3129319 198 8.943848 test
22 Q0 3125509 199 8.925432 test
22 Q0 3123250 200 8.922726 test
22 Q0 3129648 201 8.917992 test
22 Q0 3122547 202 8.909155 test
22 Q0 3124324 203 8.853689 test
22 Q0 3123207 204 8.842762 test
22 Q0 3126763 205 8.820077 test
22 Q0 3124465 206 8.781254 test
22 Q0 3122511 207 8.779265 test
22 Q0 3123744 208 8.768821 test
22 Q0 3132277 209 8.758327 test
22 Q0 3128843 210 8.742709 test
22 Q0 3130143 211 8.740489 test
22 Q0 3132439 212 8.7273445 test
22 Q0 3125065 213 8.633014 test
22 Q0 3130494 214 8.629345 test
22 Q0 3132214 215 8.623704 test
22 Q0 3127495 216 8.612098 test
22 Q0 3123178 217 8.58623 test
22 Q0 3125508 218 8.563451 test
22 Q0 3132706 219 8.524384 test
22 Q0 3123656 220 8.518711 test
22 Q0 3130969 221 8.513151 test
22 Q0 3132276 222 8.482512 test
22 Q0 3128039 223 8.471251 test
22 Q0 3132721 224 8.4345045 test
22 Q0 3132690 225 8.431933 test
22 Q0 3122163 226 8.407234 test
22 Q0 3126814 227 8.403437 test
22 Q0 3121095 228 8.397401 test
22 Q0 3124855 229 8.391906 test
22 Q0 3127497 230 8.390802 test
22 Q0 3123514 231 8.388837 test
22 Q0 3130481 232 8.386005 test
22 Q0 3122596 233 8.332991 test
22 Q0 3132709 234 8.327028 test
22 Q0 3120835 235 8.325383 test
22 Q0 3125177 236 8.322442 test
22 Q0 3123615 237 8.315631 test
22 Q0 3126711 238 8.295415 test
22 Q0 3127296 239 8.286838 test
22 Q0 3130983 240 8.283967 test
22 Q0 3121732 241 8.2786665 test
22 Q0 3120807 242 8.253921 test
22 Q0 3128412 243 8.219156 test
22 Q0 3125475 244 8.210608 test
22 Q0 3130137 245 8.208684 test
22 Q0 3124543 246 8.203984 test
22 Q0 3132697 247 8.198871 test
22 Q0 3128697 248 8.183475 test
22 Q0 3125387 249 8.134209 test
22 Q0 3122544 250 8.1254425 test
22 Q0 3127793 251 8.112748 test
22 Q0 3130719 252 8.072814 test
22 Q0 3120996 253 8.058457 test
22 Q0 3123559 254 8.041176 test
22 Q0 3123553 255 8.035984 test
22 Q0 3127741 256 8.031573 test
22 Q0 3129135 257 8.008381 test
22 Q0 3121075 258 7.987865 test
22 Q0 3131025 259 7.9801416 test
22 Q0 3123934 260 7.975165 test
22 Q0 3123964 261 7.965741 test
22 Q0 3130668 262 7.9470468 test
22 Q0 3128839 263 7.9449687 test
22 Q0 3123560 264 7.929951 test
22 Q0 3123003 265 7.921654 test
22 Q0 3130373 266 7.913177 test
22 Q0 3125645 267 7.9082184 test
22 Q0 3130973 268 7.9022093 test
22 Q0 3120703 269 7.872644 test
22 Q0 3131287 270 7.860433 test
22 Q0 3132121 271 7.840983 test
22 Q0 3123583 272 7.8338833 test
22 Q0 3120872 273 7.831385 test
22 Q0 3127762 274 7.8141246 test
22 Q0 3121712 275 7.807747 test
22 Q0 3122997 276 7.7827406 test
22 Q0 3125253 277 7.7823987 test
22 Q0 3127500 278 7.7747326 test
22 Q0 3125662 279 7.773327 test
22 Q0 3123769 280 7.7642827 test
22 Q0 3125655 281 7.758958 test
22 Q0 3132056 282 7.758759 test
22 Q0 3128593 283 7.7554502 test
22 Q0 3130639 284 7.751933 test
22 Q0 3132279 285 7.720865 test
22 Q0 3131023 286 7.7188616 test
22 Q0 3131748 287 7.7133207 test
22 Q0 3129943 288 7.700253 test
22 Q0 3122091 289 7.688837 test
22 Q0 3121660 290 7.682782 test
22 Q0 3129059 291 7.6801386 test
22 Q0 3132390 292 7.6797547 test
22 Q0 3123515 293 7.679751 test
22 Q0 3124153 294 7.6796565 test
22 Q0 3131029 295 7.6540904 test
22 Q0 3125666 296 7.6435785 test
22 Q0 3125308 297 7.635267 test
22 Q0 3122500 298 7.624488 test
22 Q0 3121588 299 7.611912 test
22 Q0 3125063 300 7.6087656 test
22 Q0 3123601 301 7.5963345 test
22 Q0 3120792 302 7.5933447 test
22 Q0 3123965 303 7.5888243 test
22 Q0 3122121 304 7.576679 test
22 Q0 3124933 305 7.574033 test
22 Q0 3130650 306 7.5722804 test
22 Q0 3130482 307 7.5538964 test
22 Q0 3124463 308 7.549222 test
22 Q0 3128206 309 7.5417337 test
22 Q0 3124731 310 7.516055 test
22 Q0 3129953 311 7.5107913 test
22 Q0 3132240 312 7.4933157 test
22 Q0 3130586 313 7.4858217 test
22 Q0 3123822 314 7.481813 test
22 Q0 3132229 315 7.473386 test
22 Q0 3132331 316 7.4677687 test
22 Q0 3130997 317 7.449971 test
22 Q0 3132053 318 7.442056 test
22 Q0 3125233 319 7.416064 test
22 Q0 3127836 320 7.412623 test
22 Q0 3127312 321 7.407265 test
22 Q0 3125659 322 7.402647 test
22 Q0 3124892 323 7.3937855 test
22 Q0 3126706 324 7.3855357 test
22 Q0 3129770 325 7.352162 test
22 Q0 3125385 326 7.3515143 test
22 Q0 3130976 327 7.347421 test
22 Q0 3125386 328 7.3470097 test
22 Q0 3128895 329 7.3447795 test
22 Q0 3125657 330 7.34434 test
22 Q0 3121762 331 7.340901 test
22 Q0 3123210 332 7.337803 test
22 Q0 3132671 333 7.303011 test
22 Q0 3122092 334 7.2998886 test
22 Q0 3123714 335 7.295185 test
22 Q0 3124330 336 7.29005 test
22 Q0 3123967 337 7.269934 test
22 Q0 3121736 338 7.2628837 test
22 Q0 3123614 339 7.2543807 test
22 Q0 3132341 340 7.2436566 test
22 Q0 3125064 341 7.237493 test
22 Q0 3125337 342 7.237346 test
22 Q0 3121584 343 7.234795 test
22 Q0 3125362 344 7.2191505 test
22 Q0 3132045 345 7.217126 test
22 Q0 3127499 346 7.2043514 test
22 Q0 3124992 347 7.202829 test
22 Q0 3125214 348 7.1779404 test
22 Q0 3120779 349 7.1665754 test
22 Q0 3130679 350 7.150083 test
22 Q0 3120794 351 7.1455855 test
22 Q0 3130468 352 7.1420527 test
22 Q0 3131543 353 7.140772 test
22 Q0 3132334 354 7.1251655 test
22 Q0 3130475 355 7.1213055 test
22 Q0 3125656 356 7.120076 test
22 Q0 3120883 357 7.1151953 test
22 Q0 3126748 358 7.1108074 test
22 Q0 3125529 359 7.108538 test
22 Q0 3125351 360 7.1066093 test
22 Q0 3131295 361 7.0937057 test
22 Q0 3128011 362 7.0767703 test
22 Q0 3127745 363 7.072807 test
22 Q0 3128018 364 7.0721674 test
22 Q0 3131754 365 7.067977 test
22 Q0 3127994 366 7.0644646 test
22 Q0 3130610 367 7.0367475 test
22 Q0 3127774 368 7.035801 test
22 Q0 3130977 369 7.02838 test
22 Q0 3131390 370 7.022511 test
22 Q0 3127303 371 7.0001416 test
22 Q0 3132369 372 6.9874544 test
22 Q0 3123700 373 6.9871325 test
22 Q0 3123701 374 6.98471 test
22 Q0 3122545 375 6.9695396 test
22 Q0 3131713 376 6.9693007 test
22 Q0 3132164 377 6.9611306 test
22 Q0 3123272 378 6.956589 test
22 Q0 3123586 379 6.9478593 test
22 Q0 3132542 380 6.944481 test
22 Q0 3128261 381 6.9364944 test
22 Q0 3130457 382 6.9216876 test
22 Q0 3129292 383 6.9209065 test
22 Q0 3127308 384 6.914425 test
22 Q0 3130692 385 6.910567 test
22 Q0 3121092 386 6.9097357 test
22 Q0 3122589 387 6.903465 test
22 Q0 3128024 388 6.9023013 test
22 Q0 3125033 389 6.901883 test
22 Q0 3129951 390 6.8962474 test
22 Q0 3123165 391 6.8903117 test
22 Q0 3121755 392 6.876942 test
22 Q0 3131117 393 6.8740377 test
22 Q0 3132402 394 6.850402 test
22 Q0 3123513 395 6.8431783 test
22 Q0 3128607 396 6.830856 test
22 Q0 3121583 397 6.830453 test
22 Q0 3129312 398 6.8185287 test
22 Q0 3127383 399 6.8162694 test
22 Q0 3129353 400 6.8151627 test
22 Q0 3127420 401 6.810609 test
22 Q0 3128978 402 6.806981 test
22 Q0 3132347 403 6.805868 test
22 Q0 3125654 404 6.798111 test
22 Q0 3132035 405 6.7934294 test
22 Q0 3122089 406 6.78524 test
22 Q0 3132228 407 6.784726 test
22 Q0 3124266 408 6.7831774 test
22 Q0 3121661 409 6.7813454 test
22 Q0 3132318 410 6.7807264 test
22 Q0 3125192 411 6.7785897 test
22 Q0 3130996 412 6.7783513 test
22 Q0 3130571 413 6.7742276 test
22 Q0 3122094 414 6.770729 test
22 Q0 3132350 415 6.7552876 test
22 Q0 3122380 416 6.7490716 test
22 Q0 3127773 417 6.74006 test
22 Q0 3132521 418 6.7371264 test
22 Q0 3121268 419 6.736188 test
22 Q0 3130921 420 6.730968 test
22 Q0 3121698 421 6.727206 test
22 Q0 3121263 422 6.7239504 test
22 Q0 3124318 423 6.707791 test
22 Q0 3120781 424 6.6837177 test
22 Q0 3125667 425 6.6733227 test
22 Q0 3124508 426 6.6435633 test
22 Q0 3124196 427 6.6399035 test
22 Q0 3126717 428 6.6252866 test
22 Q0 3120733 429 6.6237307 test
22 Q0 3120769 430 6.619338 test
22 Q0 3132118 431 6.584536 test
22 Q0 3129345 432 6.5827613 test
22 Q0 3124858 433 6.5652947 test
22 Q0 3123577 434 6.561702 test
22 Q0 3130582 435 6.552626 test
22 Q0 3124158 436 6.5510793 test
22 Q0 3130462 437 6.5495567 test
22 Q0 3127758 438 6.5455647 test
22 Q0 3127118 439 6.537046 test
22 Q0 3132693 440 6.536581 test
22 Q0 3121957 441 6.5339136 test
22 Q0 3130579 442 6.52828 test
22 Q0 3132059 443 6.526743 test
22 Q0 3121676 444 6.5235367 test
22 Q0 3122093 445 6.519308 test
22 Q0 3132316 446 6.5032544 test
22 Q0 3121967 447 6.490148 test
22 Q0 3130893 448 6.480059 test
22 Q0 3127354 449 6.472761 test
22 Q0 3126787 450 6.4692435 test
22 Q0 3131115 451 6.462537 test
22 Q0 3131031 452 6.462067 test
22 Q0 3120978 453 6.4615335 test
22 Q0 3127995 454 6.455846 test
22 Q0 3127852 455 6.4444795 test
22 Q0 3129077 456 6.437633 test
22 Q0 3129079 457 6.43677 test
22 Q0 3125254 458 6.4315996 test
22 Q0 3132216 459 6.4285 test
22 Q0 3127769 460 6.4251137 test
22 Q0 3130584 461 6.421977 test
22 Q0 3124948 462 6.4184775 test
22 Q0 3128902 463 6.4164577 test
22 Q0 3124871 464 6.412431 test
22 Q0 3131034 465 6.410964 test
22 Q0 3132362 466 6.4107285 test
22 Q0 3120995 467 6.400062 test
22 Q0 3125324 468 6.3959837 test
22 Q0 3132751 469 6.394201 test
22 Q0 3129939 470 6.393605 test
22 Q0 3123311 471 6.373142 test
22 Q0 3121279 472 6.369959 test
22 Q0 3123176 473 6.3459806 test
22 Q0 3125058 474 6.338747 test
22 Q0 3121093 475 6.3310513 test
22 Q0 3131711 476 6.3167973 test
22 Q0 3129534 477 6.313569 test
22 Q0 3124273 478 6.3129497 test
22 Q0 3124732 479 6.297979 test
22 Q0 3132633 480 6.296591 test
22 Q0 3124424 481 6.2906914 test
22 Q0 3127298 482 6.28642 test
22 Q0 3128738 483 6.284264 test
22 Q0 3125243 484 6.2796607 test
22 Q0 3127421 485 6.27755 test
22 Q0 3123649 486 6.2716794 test
22 Q0 3129095 487 6.2599087 test
22 Q0 3131987 488 6.2541833 test
22 Q0 3124460 489 6.252753 test
22 Q0 3123258 490 6.2520943 test
22 Q0 3125311 491 6.237029 test
22 Q0 3123817 492 6.2328854 test
22 Q0 3129108 493 6.2208056 test
22 Q0 3132660 494 6.218173 test
22 Q0 3123009 495 6.2148337 test
22 Q0 3121653 496 6.212677 test
22 Q0 3122587 497 6.2114277 test
22 Q0 3127738 498 6.200094 test
22 Q0 3123811 499 6.1962647 test
22 Q0 3121958 500 6.1927514 test
22 Q0 3125334 501 6.1879835 test
22 Q0 3130636 502 6.146711 test
22 Q0 3130903 503 6.1439586 test
22 Q0 3125002 504 6.137132 test
22 Q0 3123191 505 6.129839 test
22 Q0 3123294 506 6.1242065 test
22 Q0 3131248 507 6.117053 test
22 Q0 3120986 508 6.113979 test
22 Q0 3123222 509 6.109885 test
22 Q0 3129307 510 6.104758 test
22 Q0 3125335 511 6.1013794 test
22 Q0 3129950 512 6.0748305 test
22 Q0 3132095 513 6.073928 test
22 Q0 3129952 514 6.0654817 test
22 Q0 3130923 515 6.0651746 test
22 Q0 3126845 516 6.0642962 test
22 Q0 3122085 517 6.0302687 test
22 Q0 3126694 518 6.030054 test
22 Q0 3123166 519 6.0201907 test
22 Q0 3132043 520 6.0001493 test
22 Q0 3125247 521 5.9959965 test
22 Q0 3123184 522 5.98491 test
22 Q0 3130654 523 5.984697 test
22 Q0 3131397 524 5.9812083 test
22 Q0 3129535 525 5.9635296 test
22 Q0 3128584 526 5.9605913 test
22 Q0 3125011 527 5.959757 test
22 Q0 3128705 528 5.959112 test
22 Q0 3127828 529 5.942707 test
22 Q0 3128258 530 5.941488 test
22 Q0 3130570 531 5.935385 test
22 Q0 3126742 532 5.9319873 test
22 Q0 3132418 533 5.9251814 test
22 Q0 3130139 534 5.9119124 test
22 Q0 3126789 535 5.9062657 test
22 Q0 3128256 536 5.8948174 test
22 Q0 3130645 537 5.8752217 test
22 Q0 3124387 538 5.8680134 test
22 Q0 3130905 539 5.8653717 test
22 Q0 3132725 540 5.8600354 test
22 Q0 3130933 541 5.8497047 test
22 Q0 3124829 542 5.843251 test
22 Q0 3129055 543 5.8335786 test
22 Q0 3130575 544 5.833495 test
22 Q0 3132049 545 5.833343 test
22 Q0 3132024 546 5.8327804 test
22 Q0 3131509 547 5.829261 test
22 Q0 3132036 548 5.829041 test
22 Q0 3128702 549 5.8249545 test
22 Q0 3127954 550 5.820141 test
22 Q0 3126764 551 5.813601 test
22 Q0 3127982 552 5.813006 test
22 Q0 3129061 553 5.8124676 test
22 Q0 3130919 554 5.803102 test
22 Q0 3121659 555 5.8009634 test
22 Q0 3122324 556 5.800245 test
22 Q0 3121730 557 5.798692 test
22 Q0 3121658 558 5.7945395 test
22 Q0 3132315 559 5.7930784 test
22 Q0 3131019 560 5.7855287 test
22 Q0 3128848 561 5.7803645 test
22 Q0 3121685 562 5.7799892 test
22 Q0 3123558 563 5.773934 test
22 Q0 3131797 564 5.7599826 test
22 Q0 3120677 565 5.7576833 test
22 Q0 3132642 566 5.7564836 test
22 Q0 3123211 567 5.7477574 test
22 Q0 3132699 568 5.741778 test
22 Q0 3123611 569 5.739496 test
22 Q0 3125275 570 5.73802 test
22 Q0 3124953 571 5.72841 test
22 Q0 3128016 572 5.716538 test
22 Q0 3129662 573 5.7075768 test
22 Q0 3123375 574 5.69644 test
22 Q0 3127805 575 5.684476 test
22 Q0 3130708 576 5.675425 test
22 Q0 3123909 577 5.6714616 test
22 Q0 3120758 578 5.6651487 test
22 Q0 3132353 579 5.664723 test
22 Q0 3130964 580 5.66402 test
22 Q0 3127152 581 5.6597924 test
22 Q0 3128262 582 5.6594014 test
22 Q0 3125246 583 5.657577 test
22 Q0 3122510 584 5.6527557 test
22 Q0 3122300 585 5.6493077 test
22 Q0 3124486 586 5.6480184 test
22 Q0 3128325 587 5.6370826 test
22 Q0 3124726 588 5.634032 test
22 Q0 3124886 589 5.633093 test
22 Q0 3121091 590 5.6193705 test
22 Q0 3131037 591 5.6154246 test
22 Q0 3132367 592 5.611553 test
22 Q0 3131751 593 5.6077967 test
22 Q0 3128364 594 5.602174 test
22 Q0 3130699 595 5.6017275 test
22 Q0 3126997 596 5.599698 test
22 Q0 3128580 597 5.589663 test
22 Q0 3125516 598 5.582578 test
22 Q0 3132722 599 5.580464 test
22 Q0 3126998 600 5.579163 test
22 Q0 3127516 601 5.577182 test
22 Q0 3132342 602 5.5750895 test
22 Q0 3128133 603 5.5719924 test
22 Q0 3122086 604 5.5707064 test
22 Q0 3128946 605 5.568381 test
22 Q0 3132238 606 5.5589547 test
22 Q0 3125235 607 5.553162 test
22 Q0 3123585 608 5.5529313 test
22 Q0 3126707 609 5.5521827 test
22 Q0 3128260 610 5.5463977 test
22 Q0 3125512 611 5.5408115 test
22 Q0 3132337 612 5.53974 test
22 Q0 3125356 613 5.529377 test
22 Q0 3129968 614 5.5240035 test
22 Q0 3124520 615 5.5164523 test
22 Q0 3122998 616 5.515535 test
22 Q0 3125664 617 5.506575 test
22 Q0 3124016 618 5.503153 test
22 Q0 3124894 619 5.477756 test
22 Q0 3128625 620 5.4726553 test
22 Q0 3132029 621 5.4673305 test
22 Q0 3132371 622 5.460406 test
22 Q0 3129586 623 5.4596934 test
22 Q0 3123256 624 5.4559627 test
22 Q0 3127753 625 5.4553103 test
22 Q0 3125004 626 5.4493184 test
22 Q0 3125036 627 5.446301 test
22 Q0 3122541 628 5.4406686 test
22 Q0 3125960 629 5.4320216 test
22 Q0 3120994 630 5.4293094 test
22 Q0 3122983 631 5.4150057 test
22 Q0 3126770 632 5.414189 test
22 Q0 3132374 633 5.4117203 test
22 Q0 3132283 634 5.405122 test
22 Q0 3126840 635 5.405019 test
22 Q0 3130728 636 5.4035373 test
22 Q0 3131393 637 5.392809 test
22 Q0 3121881 638 5.3925347 test
22 Q0 3123709 639 5.3877406 test
22 Q0 3125720 640 5.3830743 test
22 Q0 3131758 641 5.3727145 test
22 Q0 3120998 642 5.371108 test
22 Q0 3121643 643 5.3710237 test
22 Q0 3125330 644 5.369898 test
22 Q0 3124982 645 5.3694057 test
22 Q0 3121715 646 5.369169 test
22 Q0 3128732 647 5.36539 test
22 Q0 3123255 648 5.3649526 test
22 Q0 3123340 649 5.35575 test
22 Q0 3128029 650 5.352087 test
22 Q0 3127305 651 5.3515134 test
22 Q0 3121437 652 5.3403544 test
22 Q0 3121582 653 5.329158 test
22 Q0 3125536 654 5.319591 test
22 Q0 3125646 655 5.3192987 test
22 Q0 3127759 656 5.317144 test
22 Q0 3123598 657 5.3117566 test
22 Q0 3122593 658 5.30529 test
22 Q0 3129088 659 5.298148 test
22 Q0 3130632 660 5.2934756 test
22 Q0 3128857 661 5.2874117 test
22 Q0 3129322 662 5.2863865 test
22 Q0 3127743 663 5.2792797 test
22 Q0 3132096 664 5.2778387 test
22 Q0 3130588 665 5.2692637 test
22 Q0 3121229 666 5.264451 test
22 Q0 3132016 667 5.2640634 test
22 Q0 3131592 668 5.2490172 test
22 Q0 3130780 669 5.248803 test
22 Q0 3125263 670 5.246366 test
22 Q0 3131392 671 5.2449303 test
22 Q0 3130957 672 5.239978 test
22 Q0 3123912 673 5.2359166 test
22 Q0 3132372 674 5.224318 test
22 Q0 3122096 675 5.2243176 test
22 Q0 3127764 676 5.220736 test
22 Q0 3129073 677 5.2138104 test
22 Q0 3122986 678 5.212424 test
22 Q0 3123557 679 5.212386 test
22 Q0 3125648 680 5.2099624 test
22 Q0 3125194 681 5.2099123 test
22 Q0 3131723 682 5.205813 test
22 Q0 3132591 683 5.198445 test
22 Q0 3124320 684 5.196454 test
22 Q0 3131080 685 5.1926064 test
22 Q0 3125066 686 5.190795 test
22 Q0 3132393 687 5.188348 test
22 Q0 3128028 688 5.185288 test
22 Q0 3128735 689 5.1843276 test
22 Q0 3123708 690 5.1766415 test
22 Q0 3124140 691 5.1739902 test
22 Q0 3120808 692 5.1710296 test
22 Q0 3128071 693 5.1690316 test
22 Q0 3126776 694 5.16885 test
22 Q0 3131981 695 5.1686463 test
22 Q0 3132354 696 5.168593 test
22 Q0 3121087 697 5.1615934 test
22 Q0 3125329 698 5.1504784 test
22 Q0 3129964 699 5.1451936 test
22 Q0 3132198 700 5.1445413 test
22 Q0 3131273 701 5.13903 test
22 Q0 3132050 702 5.1385884 test
22 Q0 3132364 703 5.13621 test
22 Q0 3130658 704 5.135195 test
22 Q0 3132377 705 5.1263733 test
22 Q0 3129533 706 5.117735 test
22 Q0 3130438 707 5.111395 test
22 Q0 3127301 708 5.108161 test
22 Q0 3129576 709 5.107794 test
22 Q0 3121956 710 5.106978 test
22 Q0 3121088 711 5.103959 test
22 Q0 3130590 712 5.1001687 test
22 Q0 3125644 713 5.099845 test
22 Q0 3131431 714 5.0967703 test
22 Q0 3128736 715 5.094086 test
22 Q0 3130049 716 5.0928545 test
22 Q0 3127309 717 5.0887766 test
22 Q0 3123816 718 5.0769777 test
22 Q0 3121018 719 5.0624905 test
22 Q0 3132490 720 5.060268 test
22 Q0 3127832 721 5.059308 test
22 Q0 3124275 722 5.0579405 test
22 Q0 3131982 723 5.0573983 test
22 Q0 3121428 724 5.0567403 test
22 Q0 3129078 725 5.055103 test
22 Q0 3123658 726 5.042281 test
22 Q0 3131050 727 5.039064 test
22 Q0 3123829 728 5.038175 test
22 Q0 3132157 729 5.033689 test
22 Q0 3132020 730 5.0276127 test
22 Q0 3132352 731 5.026812 test
22 Q0 3130928 732 5.0225 test
22 Q0 3127760 733 5.0222197 test
22 Q0 3132120 734 5.019217 test
22 Q0 3127385 735 5.0137396 test
22 Q0 3120868 736 5.0130873 test
22 Q0 3123001 737 5.0127845 test
22 Q0 3129348 738 5.0120077 test
22 Q0 3125000 739 5.0090604 test
22 Q0 3121630 740 5.008382 test
22 Q0 3125309 741 4.9991193 test
22 Q0 3121282 742 4.998043 test
22 Q0 3121596 743 4.9961643 test
22 Q0 3131791 744 4.984875 test
22 Q0 3123282 745 4.982789 test
22 Q0 3129941 746 4.981376 test
22 Q0 3126798 747 4.958637 test
22 Q0 3131760 748 4.9564447 test
22 Q0 3123004 749 4.9564447 test
22 Q0 3130489 750 4.947967 test
22 Q0 3123996 751 4.9407983 test
22 Q0 3130975 752 4.93606 test
22 Q0 3130709 753 4.9337473 test
22 Q0 3129104 754 4.9332504 test
22 Q0 3121943 755 4.9318695 test
22 Q0 3121657 756 4.92708 test
22 Q0 3127335 757 4.914591 test
22 Q0 3130173 758 4.912801 test
22 Q0 3121637 759 4.912117 test
22 Q0 3125218 760 4.910058 test
22 Q0 3124410 761 4.8964214 test
22 Q0 3121716 762 4.892938 test
22 Q0 3127291 763 4.891761 test
22 Q0 3132632 764 4.888259 test
22 Q0 3125384 765 4.8839645 test
22 Q0 3123467 766 4.879909 test
22 Q0 3124418 767 4.8773527 test
22 Q0 3121656 768 4.874758 test
22 Q0 3124322 769 4.8675127 test
22 Q0 3124447 770 4.8666058 test
22 Q0 3125124 771 4.8626566 test
22 Q0 3124391 772 4.8605275 test
22 Q0 3127381 773 4.8602104 test
22 Q0 3122151 774 4.855821 test
22 Q0 3123632 775 4.8545256 test
22 Q0 3132464 776 4.853069 test
22 Q0 3125389 777 4.851079 test
22 Q0 3130747 778 4.848877 test
22 Q0 3123302 779 4.843837 test
22 Q0 3124994 780 4.838585 test
22 Q0 3126977 781 4.837206 test
22 Q0 3124264 782 4.830521 test
22 Q0 3132336 783 4.829524 test
22 Q0 3123991 784 4.8285866 test
22 Q0 3123845 785 4.828586 test
22 Q0 3128711 786 4.822644 test
22 Q0 3124996 787 4.8195024 test
22 Q0 3129940 788 4.817657 test
22 Q0 3131539 789 4.816945 test
22 Q0 3129125 790 4.815584 test
22 Q0 3130925 791 4.809012 test
22 Q0 3130902 792 4.8085146 test
22 Q0 3127316 793 4.808514 test
22 Q0 3132513 794 4.8074517 test
22 Q0 3132720 795 4.803473 test
22 Q0 3124720 796 4.796372 test
22 Q0 3132332 797 4.7944436 test
22 Q0 3132608 798 4.792351 test
22 Q0 3125376 799 4.7888618 test
22 Q0 3132015 800 4.786518 test
22 Q0 3123813 801 4.78643 test
22 Q0 3130040 802 4.784692 test
22 Q0 3131001 803 4.784615 test
22 Q0 3128841 804 4.779181 test
22 Q0 3130359 805 4.7768044 test
22 Q0 3120964 806 4.7751293 test
22 Q0 3130356 807 4.7706933 test
22 Q0 3123238 808 4.769877 test
22 Q0 3121751 809 4.769053 test
22 Q0 3130912 810 4.7681265 test
22 Q0 3123457 811 4.7653384 test
22 Q0 3127387 812 4.764186 test
22 Q0 3124027 813 4.7612963 test
22 Q0 3124839 814 4.749466 test
22 Q0 3123209 815 4.7486367 test
22 Q0 3123581 816 4.7480693 test
22 Q0 3121796 817 4.7437143 test
22 Q0 3125255 818 4.739699 test
22 Q0 3123012 819 4.739063 test
22 Q0 3126743 820 4.738571 test
22 Q0 3130427 821 4.734397 test
22 Q0 3131709 822 4.731846 test
22 Q0 3125347 823 4.7301135 test
22 Q0 3121059 824 4.727761 test
22 Q0 3130126 825 4.7268715 test
22 Q0 3130681 826 4.724691 test
22 Q0 3125061 827 4.724432 test
22 Q0 3124225 828 4.7200475 test
22 Q0 3131234 829 4.7184124 test
22 Q0 3128105 830 4.718156 test
22 Q0 3131525 831 4.716162 test
22 Q0 3128007 832 4.7156267 test
22 Q0 3129574 833 4.712013 test
22 Q0 3127346 834 4.705603 test
22 Q0 3132038 835 4.7055006 test
22 Q0 3128360 836 4.695983 test
22 Q0 3124832 837 4.692551 test
22 Q0 3127789 838 4.688184 test
22 Q0 3124049 839 4.6855173 test
22 Q0 3130486 840 4.685295 test
22 Q0 3120985 841 4.6839275 test
22 Q0 3127153 842 4.682428 test
22 Q0 3132201 843 4.6802998 test
22 Q0 3130460 844 4.676281 test
22 Q0 3130730 845 4.674297 test
22 Q0 3130894 846 4.674081 test
22 Q0 3127300 847 4.6711836 test
22 Q0 3132610 848 4.6708965 test
22 Q0 3125229 849 4.6698513 test
22 Q0 3123607 850 4.666651 test
22 Q0 3125304 851 4.658248 test
22 Q0 3130702 852 4.6549344 test
22 Q0 3127807 853 4.654921 test
22 Q0 3123587 854 4.651225 test
22 Q0 3125223 855 4.6502714 test
22 Q0 3123745 856 4.6458383 test
22 Q0 3123818 857 4.6424313 test
22 Q0 3122586 858 4.640951 test
22 Q0 3121430 859 4.6305633 test
22 Q0 3121086 860 4.6277475 test
22 Q0 3124412 861 4.6269326 test
22 Q0 3121639 862 4.6243696 test
22 Q0 3129056 863 4.6159377 test
22 Q0 3124494 864 4.5965 test
22 Q0 3130578 865 4.593951 test
22 Q0 3130771 866 4.5857024 test
22 Q0 3128601 867 4.5761466 test
22 Q0 3128021 868 4.573505 test
22 Q0 3122592 869 4.5664673 test
22 Q0 3130138 870 4.544723 test
22 Q0 3131985 871 4.5429497 test
22 Q0 3129022 872 4.542085 test
22 Q0 3130467 873 4.5410495 test
22 Q0 3123544 874 4.53999 test
22 Q0 3124730 875 4.537651 test
22 Q0 3130153 876 4.5335693 test
22 Q0 3132588 877 4.529397 test
22 Q0 3126858 878 4.5163913 test
22 Q0 3129113 879 4.5085163 test
22 Q0 3130782 880 4.5077486 test
22 Q0 3130485 881 4.505638 test
22 Q0 3121671 882 4.500846 test
22 Q0 3131541 883 4.4954047 test
22 Q0 3131384 884 4.4936705 test
22 Q0 3132375 885 4.493606 test
22 Q0 3128265 886 4.4905524 test
22 Q0 3130440 887 4.4901237 test
22 Q0 3128844 888 4.4880633 test
22 Q0 3130682 889 4.4757066 test
22 Q0 3131038 890 4.4716496 test
22 Q0 3121056 891 4.4704022 test
22 Q0 3129957 892 4.467465 test
22 Q0 3128067 893 4.4656105 test
22 Q0 3127966 894 4.46377 test
22 Q0 3132498 895 4.462586 test
22 Q0 3124302 896 4.461768 test
22 Q0 3128120 897 4.45956 test
22 Q0 3122542 898 4.457593 test
22 Q0 3132163 899 4.4563785 test
22 Q0 3127781 900 4.4549055 test
22 Q0 3128930 901 4.453511 test
22 Q0 3122077 902 4.4515023 test
22 Q0 3124838 903 4.449014 test
22 Q0 3132124 904 4.448619 test
22 Q0 3130464 905 4.4461246 test
22 Q0 3120827 906 4.444597 test
22 Q0 3123541 907 4.441396 test
22 Q0 3125108 908 4.432864 test
22 Q0 3130362 909 4.427424 test
22 Q0 3131558 910 4.42572 test
22 Q0 3125649 911 4.424723 test
22 Q0 3131716 912 4.424096 test
22 Q0 3129760 913 4.419659 test
22 Q0 3126760 914 4.4132934 test
22 Q0 3132235 915 4.4120064 test
22 Q0 3123578 916 4.409355 test
22 Q0 3125287 917 4.408515 test
22 Q0 3124721 918 4.399914 test
22 Q0 3122560 919 4.3976474 test
22 Q0 3127496 920 4.3966417 test
22 Q0 3132097 921 4.3961234 test
22 Q0 3123301 922 4.3926635 test
22 Q0 3128023 923 4.3921895 test
22 Q0 3123011 924 4.3911552 test
22 Q0 3126710 925 4.3773966 test
22 Q0 3129762 926 4.375377 test
22 Q0 3132731 927 4.3718343 test
22 Q0 3130480 928 4.365551 test
22 Q0 3120731 929 4.362992 test
22 Q0 3132698 930 4.353295 test
22 Q0 3131522 931 4.346219 test
22 Q0 3126719 932 4.340903 test
22 Q0 3121951 933 4.3303638 test
22 Q0 3131233 934 4.330034 test
22 Q0 3131097 935 4.3276563 test
22 Q0 3126773 936 4.3265257 test
22 Q0 3126991 937 4.324968 test
22 Q0 3129122 938 4.3232856 test
22 Q0 3123461 939 4.318628 test
22 Q0 3131986 940 4.313673 test
22 Q0 3123907 941 4.312908 test
22 Q0 3121070 942 4.3050423 test
22 Q0 3127983 943 4.30401 test
22 Q0 3125039 944 4.2987204 test
22 Q0 3127324 945 4.297194 test
22 Q0 3125363 946 4.2960973 test
22 Q0 3129101 947 4.2934933 test
22 Q0 3131715 948 4.2894025 test
22 Q0 3126759 949 4.2812347 test
22 Q0 3123228 950 4.2782397 test
22 Q0 3128259 951 4.275435 test
22 Q0 3132691 952 4.2745657 test
22 Q0 3120836 953 4.2740684 test
22 Q0 3121782 954 4.272595 test
22 Q0 3120722 955 4.27151 test
22 Q0 3129974 956 4.270958 test
22 Q0 3124458 957 4.2697287 test
22 Q0 3126713 958 4.2646074 test
22 Q0 3121001 959 4.264479 test
22 Q0 3129068 960 4.262139 test
22 Q0 3130746 961 4.254777 test
22 Q0 3132481 962 4.2527437 test
22 Q0 3132746 963 4.250749 test
22 Q0 3129763 964 4.250013 test
22 Q0 3121594 965 4.2471347 test
22 Q0 3128828 966 4.246702 test
22 Q0 3123563 967 4.2441053 test
22 Q0 3121613 968 4.2400713 test
22 Q0 3121612 969 4.237029 test
22 Q0 3127964 970 4.23445 test
22 Q0 3121601 971 4.2287803 test
22 Q0 3131546 972 4.225252 test
22 Q0 3128084 973 4.218946 test
22 Q0 3121737 974 4.2183414 test
22 Q0 3124432 975 4.2159753 test
22 Q0 3132205 976 4.2141137 test
22 Q0 3127960 977 4.2116723 test
22 Q0 3127310 978 4.206194 test
22 Q0 3125250 979 4.2037907 test
22 Q0 3128727 980 4.2031164 test
22 Q0 3121085 981 4.200818 test
22 Q0 3126778 982 4.198996 test
22 Q0 3120736 983 4.196689 test
22 Q0 3130667 984 4.1966233 test
22 Q0 3121090 985 4.1954985 test
22 Q0 3128244 986 4.192039 test
22 Q0 3121680 987 4.184819 test
22 Q0 3120748 988 4.1844273 test
22 Q0 3128853 989 4.1835837 test
22 Q0 3130023 990 4.180406 test
22 Q0 3121595 991 4.1803517 test
22 Q0 3130930 992 4.176475 test
22 Q0 3130469 993 4.1742234 test
22 Q0 3123326 994 4.1728477 test
22 Q0 3127854 995 4.16699 test
22 Q0 3131728 996 4.165541 test
22 Q0 3125502 997 4.161722 test
22 Q0 3130490 998 4.1587725 test
22 Q0 3128129 999 4.156664 test
22 Q0 3128000 1000 4.156034 test
23 Q0 3132376 1 31.154566 test
23 Q0 3131777 2 30.55286 test
23 Q0 3131766 3 28.286667 test
23 Q0 3124326 4 28.034119 test
23 Q0 3132716 5 27.332241 test
23 Q0 3125033 6 25.001223 test
23 Q0 3129060 7 24.321974 test
23 Q0 3132162 8 23.454676 test
23 Q0 3127313 9 23.363703 test
23 Q0 3127306 10 23.16272 test
23 Q0 3120871 11 23.149994 test
23 Q0 3131759 12 22.776142 test
23 Q0 3120686 13 22.471691 test
23 Q0 3124891 14 22.255981 test
23 Q0 3121282 15 21.530144 test
23 Q0 3126719 16 21.521389 test
23 Q0 3126749 17 21.283028 test
23 Q0 3132375 18 20.478125 test
23 Q0 3132325 19 20.276405 test
23 Q0 3121733 20 20.20726 test
23 Q0 3129325 21 20.117868 test
23 Q0 3121064 22 19.877876 test
23 Q0 3126759 23 19.780994 test
23 Q0 3120749 24 19.682037 test
23 Q0 3120727 25 19.456512 test
23 Q0 3131753 26 19.393484 test
23 Q0 3121612 27 19.1924 test
23 Q0 3121086 28 18.928438 test
23 Q0 3121737 29 18.70789 test
23 Q0 3124463 30 18.382105 test
23 Q0 3131773 31 18.269632 test
23 Q0 3128042 32 17.999575 test
23 Q0 3132720 33 17.872627 test
23 Q0 3131758 34 17.634163 test
23 Q0 3127318 35 17.582039 test
23 Q0 3132364 36 17.345657 test
23 Q0 3131791 37 17.285982 test
23 Q0 3124731 38 17.212505 test
23 Q0 3127153 39 17.163687 test
23 Q0 3122596 40 16.962715 test
23 Q0 3125360 41 16.668102 test
23 Q0 3121092 42 16.452608 test
23 Q0 3131757 43 16.418465 test
23 Q0 3132140 44 16.329906 test
23 Q0 3121634 45 16.305592 test
23 Q0 3132697 46 16.208088 test
23 Q0 3132610 47 15.827665 test
23 Q0 3123219 48 15.748399 test
23 Q0 3131755 49 15.744264 test
23 Q0 3121963 50 15.743647 test
23 Q0 3123350 51 15.697944 test
23 Q0 3126789 52 15.690305 test
23 Q0 3122509 53 15.438886 test
23 Q0 3123323 54 15.290392 test
23 Q0 3123821 55 15.238452 test
23 Q0 3131748 56 15.158259 test
23 Q0 3125342 57 15.142256 test
23 Q0 3123212 58 15.137674 test
23 Q0 3130682 59 15.071482 test
23 Q0 3130703 60 15.050838 test
23 Q0 3131760 61 15.031583 test
23 Q0 3120669 62 14.988261 test
23 Q0 3131284 63 14.963492 test
23 Q0 3123513 64 14.950629 test
23 Q0 3125024 65 14.931523 test
23 Q0 3120684 66 14.922474 test
23 Q0 3129097 67 14.912154 test
23 Q0 3132709 68 14.870604 test
23 Q0 3123700 69 14.7692995 test
23 Q0 3128727 70 14.632011 test
23 Q0 3129061 71 14.6232815 test
23 Q0 3121095 72 14.421959 test
23 Q0 3123283 73 14.388555 test
23 Q0 3128075 74 14.344803 test
23 Q0 3132754 75 14.321924 test
23 Q0 3129356 76 14.1991625 test
23 Q0 3125023 77 14.184927 test
23 Q0 3123170 78 14.059529 test
23 Q0 3126745 79 13.877889 test
23 Q0 3124965 80 13.765218 test
23 Q0 3124193 81 13.630749 test
23 Q0 3123705 82 13.621627 test
23 Q0 3129967 83 13.617536 test
23 Q0 3123906 84 13.608117 test
23 Q0 3132698 85 13.592073 test
23 Q0 3127000 86 13.545231 test
23 Q0 3123269 87 13.483423 test
23 Q0 3132370 88 13.438448 test
23 Q0 3123558 89 13.394195 test
23 Q0 3129133 90 13.381957 test
23 Q0 3131130 91 13.332325 test
23 Q0 3125655 92 13.3039465 test
23 Q0 3132365 93 13.301442 test
23 Q0 3127500 94 13.2360115 test
23 Q0 3128896 95 13.2069 test
23 Q0 3128600 96 13.138371 test
23 Q0 3128016 97 13.105361 test
23 Q0 3128267 98 13.038608 test
23 Q0 3127380 99 13.020942 test
23 Q0 3128020 100 12.970206 test
23 Q0 3125392 101 12.956208 test
23 Q0 3125363 102 12.923703 test
23 Q0 3130684 103 12.85845 test
23 Q0 3125006 104 12.824381 test
23 Q0 3127981 105 12.753292 test
23 Q0 3132318 106 12.740297 test
23 Q0 3129960 107 12.687609 test
23 Q0 3123161 108 12.634664 test
23 Q0 3124301 109 12.546458 test
23 Q0 3120855 110 12.490494 test
23 Q0 3121584 111 12.477859 test
23 Q0 3129577 112 12.393611 test
23 Q0 3128827 113 12.358169 test
23 Q0 3124954 114 12.332424 test
23 Q0 3127321 115 12.304104 test
23 Q0 3121093 116 12.184897 test
23 Q0 3120998 117 12.147538 test
23 Q0 3125654 118 12.106824 test
23 Q0 3127314 119 12.086714 test
23 Q0 3129114 120 12.036557 test
23 Q0 3126695 121 12.01371 test
23 Q0 3124413 122 11.994071 test
23 Q0 3124933 123 11.928487 test
23 Q0 3127755 124 11.913043 test
23 Q0 3128362 125 11.880475 test
23 Q0 3125193 126 11.755057 test
23 Q0 3121581 127 11.73963 test
23 Q0 3127317 128 11.713738 test
23 Q0 3132418 129 11.64302 test
23 Q0 3129348 130 11.591271 test
23 Q0 3129942 131 11.52842 test
23 Q0 3127765 132 11.506251 test
23 Q0 3132366 133 11.4886 test
23 Q0 3130997 134 11.438366 test
23 Q0 3129578 135 11.42703 test
23 Q0 3126709 136 11.372938 test
23 Q0 3122670 137 11.360435 test
23 Q0 3131278 138 11.347648 test
23 Q0 3127304 139 11.328366 test
23 Q0 3121254 140 11.321276 test
23 Q0 3125311 141 11.300617 test
23 Q0 3132331 142 11.279694 test
23 Q0 3127319 143 11.259736 test
23 Q0 3127495 144 11.08357 test
23 Q0 3126736 145 10.895006 test
23 Q0 3128843 146 10.882338 test
23 Q0 3132374 147 10.873564 test
23 Q0 3128845 148 10.83221 test
23 Q0 3127745 149 10.821127 test
23 Q0 3121284 150 10.816285 test
23 Q0 3132501 151 10.760254 test
23 Q0 3127323 152 10.735457 test
23 Q0 3123003 153 10.724329 test
23 Q0 3128365 154 10.679263 test
23 Q0 3130647 155 10.655998 test
23 Q0 3132028 156 10.64115 test
23 Q0 3127009 157 10.620515 test
23 Q0 3129100 158 10.585657 test
23 Q0 3124982 159 10.562556 test
23 Q0 3128263 160 10.524732 test
23 Q0 3124275 161 10.522269 test
23 Q0 3124325 162 10.493703 test
23 Q0 3123649 163 10.46257 test
23 Q0 3130020 164 10.411979 test
23 Q0 3129950 165 10.37042 test
23 Q0 3127324 166 10.321558 test
23 Q0 3127315 167 10.311925 test
23 Q0 3124226 168 10.2981205 test
23 Q0 3131751 169 10.283823 test
23 Q0 3130283 170 10.267786 test
23 Q0 3128978 171 10.241475 test
23 Q0 3132444 172 10.231492 test
23 Q0 3129079 173 10.216331 test
23 Q0 3120722 174 10.215902 test
23 Q0 3121787 175 10.167889 test
23 Q0 3121339 176 10.167379 test
23 Q0 3125254 177 10.161284 test
23 Q0 3132060 178 10.152798 test
23 Q0 3127327 179 10.1480055 test
23 Q0 3131786 180 10.125647 test
23 Q0 3125224 181 10.119461 test
23 Q0 3120745 182 10.063473 test
23 Q0 3123286 183 10.049886 test
23 Q0 3127338 184 9.992753 test
23 Q0 3121704 185 9.988678 test
23 Q0 3129580 186 9.975409 test
23 Q0 3129096 187 9.97398 test
23 Q0 3123515 188 9.928898 test
23 Q0 3130699 189 9.858552 test
23 Q0 3129947 190 9.854966 test
23 Q0 3132600 191 9.839388 test
23 Q0 3125309 192 9.83407 test
23 Q0 3130010 193 9.826418 test
23 Q0 3125550 194 9.821901 test
23 Q0 3123190 195 9.821299 test
23 Q0 3123572 196 9.760449 test
23 Q0 3123294 197 9.756479 test
23 Q0 3123579 198 9.7518425 test
23 Q0 3129073 199 9.750327 test
23 Q0 3130168 200 9.750249 test
23 Q0 3120882 201 9.745362 test
23 Q0 3124285 202 9.7017565 test
23 Q0 3123461 203 9.69946 test
23 Q0 3131193 204 9.682176 test
23 Q0 3121083 205 9.671913 test
23 Q0 3125660 206 9.655308 test
23 Q0 3128934 207 9.639919 test
23 Q0 3128326 208 9.594481 test
23 Q0 3128819 209 9.535848 test
23 Q0 3128585 210 9.534785 test
23 Q0 3123577 211 9.512085 test
23 Q0 3127743 212 9.486441 test
23 Q0 3131513 213 9.469503 test
23 Q0 3124272 214 9.462328 test
23 Q0 3122113 215 9.461355 test
23 Q0 3121879 216 9.453039 test
23 Q0 3126775 217 9.425085 test
23 Q0 3120793 218 9.383623 test
23 Q0 3124392 219 9.372415 test
23 Q0 3132328 220 9.361116 test
23 Q0 3123228 221 9.339158 test
23 Q0 3125048 222 9.29649 test
23 Q0 3131243 223 9.290251 test
23 Q0 3123011 224 9.286521 test
23 Q0 3123000 225 9.286521 test
23 Q0 3125366 226 9.280482 test
23 Q0 3130903 227 9.254186 test
23 Q0 3120735 228 9.251264 test
23 Q0 3127492 229 9.250188 test
23 Q0 3132312 230 9.24729 test
23 Q0 3130333 231 9.219549 test
23 Q0 3125522 232 9.197302 test
23 Q0 3126764 233 9.18748 test
23 Q0 3131599 234 9.173626 test
23 Q0 3123517 235 9.167353 test
23 Q0 3124461 236 9.166868 test
23 Q0 3128206 237 9.156381 test
23 Q0 3123709 238 9.154957 test
23 Q0 3123457 239 9.153163 test
23 Q0 3130006 240 9.134466 test
23 Q0 3120996 241 9.121725 test
23 Q0 3128709 242 9.119359 test
23 Q0 3125330 243 9.100065 test
23 Q0 3127320 244 9.095667 test
23 Q0 3127146 245 9.093246 test
23 Q0 3132700 246 9.088306 test
23 Q0 3130719 247 9.078773 test
23 Q0 3121091 248 9.068656 test
23 Q0 3132693 249 9.067695 test
23 Q0 3127779 250 9.026948 test
23 Q0 3124525 251 8.989599 test
23 Q0 3124295 252 8.988572 test
23 Q0 3131270 253 8.978554 test
23 Q0 3126984 254 8.978185 test
23 Q0 3128018 255 8.970727 test
23 Q0 3121136 256 8.968549 test
23 Q0 3124448 257 8.9493065 test
23 Q0 3124068 258 8.940801 test
23 Q0 3132118 259 8.92823 test
23 Q0 3129767 260 8.922829 test
23 Q0 3132353 261 8.910254 test
23 Q0 3121285 262 8.867844 test
23 Q0 3121075 263 8.850227 test
23 Q0 3123002 264 8.848319 test
23 Q0 3127357 265 8.839959 test
23 Q0 3132358 266 8.837971 test
23 Q0 3123302 267 8.81376 test
23 Q0 3123509 268 8.809929 test
23 Q0 3121089 269 8.7925005 test
23 Q0 3120781 270 8.775214 test
23 Q0 3132409 271 8.767273 test
23 Q0 3120822 272 8.731375 test
23 Q0 3127455 273 8.7234 test
23 Q0 3125277 274 8.711269 test
23 Q0 3130060 275 8.705456 test
23 Q0 3124839 276 8.699814 test
23 Q0 3126725 277 8.693216 test
23 Q0 3123540 278 8.689369 test
23 Q0 3130693 279 8.667586 test
23 Q0 3128277 280 8.663186 test
23 Q0 3123747 281 8.654393 test
23 Q0 3127817 282 8.653534 test
23 Q0 3130783 283 8.649164 test
23 Q0 3125364 284 8.64314 test
23 Q0 3125004 285 8.638457 test
23 Q0 3127808 286 8.628121 test
23 Q0 3130373 287 8.603483 test
23 Q0 3123643 288 8.581793 test
23 Q0 3125584 289 8.567166 test
23 Q0 3131697 290 8.563326 test
23 Q0 3125220 291 8.557256 test
23 Q0 3129308 292 8.556953 test
23 Q0 3130047 293 8.54742 test
23 Q0 3129021 294 8.527641 test
23 Q0 3127998 295 8.517366 test
23 Q0 3125215 296 8.5144825 test
23 Q0 3125108 297 8.498585 test
23 Q0 3120878 298 8.493665 test
23 Q0 3124126 299 8.462688 test
23 Q0 3127497 300 8.456066 test
23 Q0 3125701 301 8.437545 test
23 Q0 3130126 302 8.42795 test
23 Q0 3127137 303 8.416387 test
23 Q0 3130343 304 8.416182 test
23 Q0 3125658 305 8.415135 test
23 Q0 3121590 306 8.407518 test
23 Q0 3132016 307 8.4075 test
23 Q0 3129353 308 8.3911705 test
23 Q0 3132368 309 8.384174 test
23 Q0 3130790 310 8.380237 test
23 Q0 3129290 311 8.371999 test
23 Q0 3121954 312 8.367827 test
23 Q0 3120689 313 8.355425 test
23 Q0 3130788 314 8.3512335 test
23 Q0 3132682 315 8.347289 test
23 Q0 3121629 316 8.3340225 test
23 Q0 3124122 317 8.305209 test
23 Q0 3120757 318 8.304847 test
23 Q0 3123541 319 8.288493 test
23 Q0 3129961 320 8.279412 test
23 Q0 3125667 321 8.271885 test
23 Q0 3121618 322 8.268374 test
23 Q0 3124051 323 8.255143 test
23 Q0 3128936 324 8.23883 test
23 Q0 3123220 325 8.227835 test
23 Q0 3123845 326 8.224021 test
23 Q0 3130894 327 8.2226515 test
23 Q0 3132130 328 8.195408 test
23 Q0 3121795 329 8.18938 test
23 Q0 3122981 330 8.189191 test
23 Q0 3131714 331 8.187843 test
23 Q0 3128254 332 8.184819 test
23 Q0 3132706 333 8.17048 test
23 Q0 3127295 334 8.1683855 test
23 Q0 3124398 335 8.1646385 test
23 Q0 3124137 336 8.161709 test
23 Q0 3120863 337 8.160496 test
23 Q0 3125207 338 8.15884 test
23 Q0 3129045 339 8.158027 test
23 Q0 3120968 340 8.153808 test
23 Q0 3132377 341 8.15309 test
23 Q0 3121636 342 8.150644 test
23 Q0 3123215 343 8.150219 test
23 Q0 3128907 344 8.147786 test
23 Q0 3129104 345 8.136979 test
23 Q0 3125337 346 8.136042 test
23 Q0 3127686 347 8.134269 test
23 Q0 3123578 348 8.125889 test
23 Q0 3128861 349 8.107525 test
23 Q0 3127754 350 8.106297 test
23 Q0 3132280 351 8.104771 test
23 Q0 3128019 352 8.089643 test
23 Q0 3125218 353 8.084896 test
23 Q0 3125516 354 8.081197 test
23 Q0 3128603 355 8.067443 test
23 Q0 3125258 356 8.064897 test
23 Q0 3125036 357 8.063272 test
23 Q0 3130051 358 8.057829 test
23 Q0 3132278 359 8.0570345 test
23 Q0 3128264 360 8.053608 test
23 Q0 3122062 361 8.053263 test
23 Q0 3125027 362 8.037 test
23 Q0 3129024 363 8.035104 test
23 Q0 3127415 364 8.019841 test
23 Q0 3121580 365 8.019741 test
23 Q0 3130292 366 8.01208 test
23 Q0 3126405 367 8.007562 test
23 Q0 3130278 368 7.997835 test
23 Q0 3126999 369 7.9961033 test
23 Q0 3129533 370 7.9960527 test
23 Q0 3132285 371 7.994706 test
23 Q0 3129693 372 7.992097 test
23 Q0 3125221 373 7.9764457 test
23 Q0 3131607 374 7.956006 test
23 Q0 3132696 375 7.9520016 test
23 Q0 3122958 376 7.9498143 test
23 Q0 3121960 377 7.9379373 test
23 Q0 3126748 378 7.929058 test
23 Q0 3128065 379 7.926168 test
23 Q0 3128858 380 7.9248605 test
23 Q0 3123642 381 7.921391 test
23 Q0 3132369 382 7.9159756 test
23 Q0 3129574 383 7.8932834 test
23 Q0 3124552 384 7.8893113 test
23 Q0 3130040 385 7.886566 test
23 Q0 3127294 386 7.876493 test
23 Q0 3131761 387 7.8757925 test
23 Q0 3128048 388 7.864342 test
23 Q0 3125341 389 7.8523192 test
23 Q0 3132232 390 7.8498664 test
23 Q0 3124322 391 7.827182 test
23 Q0 3124270 392 7.8216043 test
23 Q0 3127778 393 7.821217 test
23 Q0 3123174 394 7.804567 test
23 Q0 3132699 395 7.7916145 test
23 Q0 3128702 396 7.7898607 test
23 Q0 3124859 397 7.779961 test
23 Q0 3132119 398 7.777296 test
23 Q0 3132097 399 7.774121 test
23 Q0 3132497 400 7.772226 test
23 Q0 3130495 401 7.762201 test
23 Q0 3121085 402 7.7612433 test
23 Q0 3122269 403 7.750399 test
23 Q0 3131195 404 7.749062 test
23 Q0 3127751 405 7.744429 test
23 Q0 3132757 406 7.7284484 test
23 Q0 3120783 407 7.7229877 test
23 Q0 3121740 408 7.715446 test
23 Q0 3128079 409 7.7010775 test
23 Q0 3132202 410 7.69307 test
23 Q0 3128839 411 7.6924953 test
23 Q0 3132536 412 7.681985 test
23 Q0 3132688 413 7.6743884 test
23 Q0 3125960 414 7.651988 test
23 Q0 3126991 415 7.6515627 test
23 Q0 3123520 416 7.64938 test
23 Q0 3126710 417 7.6472845 test
23 Q0 3131721 418 7.6356287 test
23 Q0 3129500 419 7.6356235 test
23 Q0 3120812 420 7.633946 test
23 Q0 3132363 421 7.6279507 test
23 Q0 3132639 422 7.627814 test
23 Q0 3132547 423 7.620495 test
23 Q0 3132468 424 7.604383 test
23 Q0 3121751 425 7.6012616 test
23 Q0 3121765 426 7.600743 test
23 Q0 3127818 427 7.5989046 test
23 Q0 3121585 428 7.5843678 test
23 Q0 3126977 429 7.5814996 test
23 Q0 3130734 430 7.5784535 test
23 Q0 3128860 431 7.572617 test
23 Q0 3132500 432 7.572391 test
23 Q0 3121955 433 7.570548 test
23 Q0 3124991 434 7.55773 test
23 Q0 3129103 435 7.5563354 test
23 Q0 3121074 436 7.5553117 test
23 Q0 3121766 437 7.5463734 test
23 Q0 3122619 438 7.545529 test
23 Q0 3124985 439 7.5409403 test
23 Q0 3128862 440 7.5392327 test
23 Q0 3123708 441 7.5390854 test
23 Q0 3127995 442 7.5320673 test
23 Q0 3127771 443 7.52144 test
23 Q0 3124144 444 7.5053735 test
23 Q0 3121276 445 7.505161 test
23 Q0 3129047 446 7.4937572 test
23 Q0 3125355 447 7.481781 test
23 Q0 3132661 448 7.452103 test
23 Q0 3125180 449 7.450048 test
23 Q0 3120682 450 7.4496403 test
23 Q0 3125063 451 7.4486055 test
23 Q0 3124048 452 7.447742 test
23 Q0 3129349 453 7.44525 test
23 Q0 3123322 454 7.4403143 test
23 Q0 3126734 455 7.440259 test
23 Q0 3130276 456 7.436802 test
23 Q0 3128107 457 7.4276476 test
23 Q0 3128014 458 7.4274287 test
23 Q0 3125287 459 7.425802 test
23 Q0 3132710 460 7.4110866 test
23 Q0 3122994 461 7.3946996 test
23 Q0 3128612 462 7.394266 test
23 Q0 3130668 463 7.390207 test
23 Q0 3123183 464 7.378665 test
23 Q0 3130036 465 7.3774014 test
23 Q0 3121620 466 7.3770785 test
23 Q0 3124948 467 7.369914 test
23 Q0 3132660 468 7.3677335 test
23 Q0 3127309 469 7.366542 test
23 Q0 3123934 470 7.364059 test
23 Q0 3125297 471 7.3442492 test
23 Q0 3124477 472 7.341662 test
23 Q0 3130360 473 7.3195844 test
23 Q0 3121594 474 7.316139 test
23 Q0 3122086 475 7.3148284 test
23 Q0 3130720 476 7.311353 test
23 Q0 3121633 477 7.310122 test
23 Q0 3131729 478 7.2931914 test
23 Q0 3121951 479 7.2927523 test
23 Q0 3130768 480 7.2860756 test
23 Q0 3130259 481 7.283256 test
23 Q0 3124469 482 7.271763 test
23 Q0 3131750 483 7.2672987 test
23 Q0 3124640 484 7.265161 test
23 Q0 3121272 485 7.246744 test
23 Q0 3127125 486 7.245003 test
23 Q0 3129044 487 7.2413745 test
23 Q0 3123693 488 7.2412124 test
23 Q0 3132128 489 7.2378993 test
23 Q0 3126176 490 7.2367167 test
23 Q0 3122545 491 7.2350125 test
23 Q0 3123216 492 7.234728 test
23 Q0 3121589 493 7.232514 test
23 Q0 3121757 494 7.232442 test
23 Q0 3130588 495 7.228174 test
23 Q0 3125582 496 7.21825 test
23 Q0 3123187 497 7.2182317 test
23 Q0 3130050 498 7.1931953 test
23 Q0 3129679 499 7.1875677 test
23 Q0 3130681 500 7.1836104 test
23 Q0 3121937 501 7.178717 test
23 Q0 3120811 502 7.1741424 test
23 Q0 3125961 503 7.169148 test
23 Q0 3132095 504 7.16409 test
23 Q0 3122093 505 7.153274 test
23 Q0 3125385 506 7.1509504 test
23 Q0 3130481 507 7.1423264 test
23 Q0 3121440 508 7.1362834 test
23 Q0 3123158 509 7.132849 test
23 Q0 3127807 510 7.128631 test
23 Q0 3131266 511 7.1220446 test
23 Q0 3125041 512 7.1115646 test
23 Q0 3127385 513 7.110217 test
23 Q0 3132522 514 7.1098104 test
23 Q0 3120821 515 7.105522 test
23 Q0 3123162 516 7.1042953 test
23 Q0 3130524 517 7.1031857 test
23 Q0 3130695 518 7.1007447 test
23 Q0 3128571 519 7.099005 test
23 Q0 3132540 520 7.0937786 test
23 Q0 3128716 521 7.08425 test
23 Q0 3128980 522 7.076493 test
23 Q0 3120997 523 7.0755386 test
23 Q0 3123599 524 7.0755367 test
23 Q0 3132606 525 7.075367 test
23 Q0 3126840 526 7.067558 test
23 Q0 3128928 527 7.0662026 test
23 Q0 3129306 528 7.064159 test
23 Q0 3123466 529 7.05876 test
23 Q0 3130031 530 7.058361 test
23 Q0 3132695 531 7.0508337 test
23 Q0 3130169 532 7.0460405 test
23 Q0 3131026 533 7.036646 test
23 Q0 3124053 534 7.036276 test
23 Q0 3132744 535 7.0260296 test
23 Q0 3131602 536 7.0187054 test
23 Q0 3131561 537 7.0118136 test
23 Q0 3121094 538 7.011813 test
23 Q0 3124730 539 7.0109687 test
23 Q0 3121761 540 7.008618 test
23 Q0 3120980 541 7.008252 test
23 Q0 3124528 542 7.00812 test
23 Q0 3124316 543 7.0052657 test
23 Q0 3121880 544 7.0003986 test
23 Q0 3127977 545 6.998413 test
23 Q0 3127718 546 6.9976735 test
23 Q0 3128849 547 6.989131 test
23 Q0 3130027 548 6.9876714 test
23 Q0 3129090 549 6.987541 test
23 Q0 3132053 550 6.9874163 test
23 Q0 3131395 551 6.986288 test
23 Q0 3124714 552 6.981732 test
23 Q0 3124719 553 6.9793677 test
23 Q0 3128261 554 6.977934 test
23 Q0 3130590 555 6.9626436 test
23 Q0 3129576 556 6.953968 test
23 Q0 3132393 557 6.949521 test
23 Q0 3130289 558 6.948112 test
23 Q0 3131677 559 6.9450917 test
23 Q0 3125329 560 6.9383636 test
23 Q0 3128591 561 6.9380164 test
23 Q0 3128748 562 6.93753 test
23 Q0 3125000 563 6.937242 test
23 Q0 3124063 564 6.930188 test
23 Q0 3128707 565 6.9298697 test
23 Q0 3132719 566 6.920997 test
23 Q0 3126768 567 6.911022 test
23 Q0 3131725 568 6.9071674 test
23 Q0 3124293 569 6.9058275 test
23 Q0 3130698 570 6.9042435 test
23 Q0 3125230 571 6.9021144 test
23 Q0 3130153 572 6.896105 test
23 Q0 3125002 573 6.885834 test
23 Q0 3122305 574 6.882972 test
23 Q0 3129519 575 6.877402 test
23 Q0 3123361 576 6.8766804 test
23 Q0 3121057 577 6.874133 test
23 Q0 3128010 578 6.8620524 test
23 Q0 3127311 579 6.8612566 test
23 Q0 3127841 580 6.8486733 test
23 Q0 3123467 581 6.8463655 test
23 Q0 3131123 582 6.840064 test
23 Q0 3123991 583 6.838128 test
23 Q0 3121964 584 6.836562 test
23 Q0 3121666 585 6.8334684 test
23 Q0 3130920 586 6.830222 test
23 Q0 3128071 587 6.8279967 test
23 Q0 3124860 588 6.8244066 test
23 Q0 3130182 589 6.8206835 test
23 Q0 3122065 590 6.8192105 test
23 Q0 3120670 591 6.8140574 test
23 Q0 3122038 592 6.8106 test
23 Q0 3131127 593 6.8094096 test
23 Q0 3124055 594 6.807057 test
23 Q0 3128863 595 6.804171 test
23 Q0 3132459 596 6.798184 test
23 Q0 3128847 597 6.7977395 test
23 Q0 3128751 598 6.7959948 test
23 Q0 3123254 599 6.7956114 test
23 Q0 3121683 600 6.789283 test
23 Q0 3125280 601 6.785105 test
23 Q0 3126563 602 6.7843733 test
23 Q0 3131265 603 6.782018 test
23 Q0 3128029 604 6.7798476 test
23 Q0 3124487 605 6.7632794 test
23 Q0 3126712 606 6.7620587 test
23 Q0 3127109 607 6.761271 test
23 Q0 3121712 608 6.760133 test
23 Q0 3129042 609 6.757653 test
23 Q0 3123567 610 6.7569423 test
23 Q0 3131604 611 6.7557673 test
23 Q0 3126727 612 6.7556605 test
23 Q0 3124723 613 6.7458262 test
23 Q0 3127747 614 6.7451725 test
23 Q0 3129749 615 6.743144 test
23 Q0 3127816 616 6.728947 test
23 Q0 3121788 617 6.7288947 test
23 Q0 3125274 618 6.7093887 test
23 Q0 3130674 619 6.6999307 test
23 Q0 3124465 620 6.6971245 test
23 Q0 3131563 621 6.6918077 test
23 Q0 3124431 622 6.684902 test
23 Q0 3127403 623 6.6835103 test
23 Q0 3125390 624 6.681444 test
23 Q0 3124952 625 6.6740685 test
23 Q0 3124292 626 6.6662517 test
23 Q0 3121335 627 6.6617904 test
23 Q0 3128852 628 6.656557 test
23 Q0 3123602 629 6.6533275 test
23 Q0 3124482 630 6.6507683 test
23 Q0 3123169 631 6.649027 test
23 Q0 3124836 632 6.6448107 test
23 Q0 3125308 633 6.6403 test
23 Q0 3127854 634 6.6402693 test
23 Q0 3121799 635 6.639545 test
23 Q0 3127960 636 6.634307 test
23 Q0 3130473 637 6.634264 test
23 Q0 3121439 638 6.627449 test
23 Q0 3131269 639 6.627274 test
23 Q0 3128369 640 6.6246495 test
23 Q0 3132048 641 6.606916 test
23 Q0 3121643 642 6.5988827 test
23 Q0 3131434 643 6.596483 test
23 Q0 3125394 644 6.5889535 test
23 Q0 3130287 645 6.5844855 test
23 Q0 3125011 646 6.5830636 test
23 Q0 3121265 647 6.580013 test
23 Q0 3124987 648 6.5789294 test
23 Q0 3131676 649 6.5713863 test
23 Q0 3124434 650 6.5697865 test
23 Q0 3123514 651 6.567886 test
23 Q0 3130151 652 6.5671678 test
23 Q0 3130260 653 6.562699 test
23 Q0 3128367 654 6.5504136 test
23 Q0 3125393 655 6.5462437 test
23 Q0 3127991 656 6.5451818 test
23 Q0 3130982 657 6.5446916 test
23 Q0 3130460 658 6.5427594 test
23 Q0 3128816 659 6.5414267 test
23 Q0 3130652 660 6.5377812 test
23 Q0 3128096 661 6.5275064 test
23 Q0 3130263 662 6.5244684 test
23 Q0 3131249 663 6.5240593 test
23 Q0 3128114 664 6.5207653 test
23 Q0 3132215 665 6.5203743 test
23 Q0 3131732 666 6.5125265 test
23 Q0 3132463 667 6.5093007 test
23 Q0 3130771 668 6.501079 test
23 Q0 3125312 669 6.4966245 test
23 Q0 3127312 670 6.488833 test
23 Q0 3125515 671 6.4884195 test
23 Q0 3127383 672 6.484398 test
23 Q0 3122858 673 6.4780827 test
23 Q0 3129082 674 6.4752097 test
23 Q0 3131592 675 6.4748173 test
23 Q0 3129974 676 6.4699774 test
23 Q0 3127106 677 6.457391 test
23 Q0 3120835 678 6.4543023 test
23 Q0 3124935 679 6.4470305 test
23 Q0 3129169 680 6.446133 test
23 Q0 3122589 681 6.4460855 test
23 Q0 3127834 682 6.4264207 test
23 Q0 3127794 683 6.4181085 test
23 Q0 3122181 684 6.414049 test
23 Q0 3128697 685 6.4046865 test
23 Q0 3125223 686 6.402848 test
23 Q0 3126714 687 6.398917 test
23 Q0 3123639 688 6.385306 test
23 Q0 3120765 689 6.383033 test
23 Q0 3120728 690 6.3805914 test
23 Q0 3121002 691 6.380091 test
23 Q0 3124549 692 6.3782744 test
23 Q0 3124420 693 6.3767676 test
23 Q0 3132598 694 6.375445 test
23 Q0 3122077 695 6.37472 test
23 Q0 3125461 696 6.3681536 test
23 Q0 3126703 697 6.3642883 test
23 Q0 3121732 698 6.360937 test
23 Q0 3130279 699 6.3601055 test
23 Q0 3120978 700 6.3499317 test
23 Q0 3124977 701 6.339425 test
23 Q0 3122590 702 6.337516 test
23 Q0 3125323 703 6.330112 test
23 Q0 3128121 704 6.32801 test
23 Q0 3131520 705 6.3263493 test
23 Q0 3129110 706 6.3206806 test
23 Q0 3126751 707 6.320539 test
23 Q0 3127994 708 6.3192415 test
23 Q0 3129955 709 6.31566 test
23 Q0 3128854 710 6.3152165 test
23 Q0 3131234 711 6.30168 test
23 Q0 3132041 712 6.3007293 test
23 Q0 3120672 713 6.30016 test
23 Q0 3132538 714 6.2942524 test
23 Q0 3129068 715 6.2819448 test
23 Q0 3132746 716 6.278867 test
23 Q0 3131001 717 6.277946 test
23 Q0 3123552 718 6.273722 test
23 Q0 3128931 719 6.2710433 test
23 Q0 3122122 720 6.2698245 test
23 Q0 3120849 721 6.268792 test
23 Q0 3121667 722 6.25847 test
23 Q0 3122090 723 6.2578416 test
23 Q0 3128602 724 6.257736 test
23 Q0 3132009 725 6.254257 test
23 Q0 3127732 726 6.2533 test
23 Q0 3132730 727 6.2475886 test
23 Q0 3127578 728 6.243178 test
23 Q0 3126822 729 6.2431192 test
23 Q0 3127760 730 6.242609 test
23 Q0 3121267 731 6.2412367 test
23 Q0 3130317 732 6.2338114 test
23 Q0 3125176 733 6.233649 test
23 Q0 3131749 734 6.2277813 test
23 Q0 3131208 735 6.226441 test
23 Q0 3130164 736 6.2245593 test
23 Q0 3129051 737 6.2244678 test
23 Q0 3122061 738 6.2231383 test
23 Q0 3131711 739 6.219553 test
23 Q0 3127110 740 6.214613 test
23 Q0 3122055 741 6.213671 test
23 Q0 3127770 742 6.2114587 test
23 Q0 3126993 743 6.205581 test
23 Q0 3123658 744 6.2046876 test
23 Q0 3127326 745 6.201976 test
23 Q0 3132143 746 6.200862 test
23 Q0 3131799 747 6.195886 test
23 Q0 3131194 748 6.191838 test
23 Q0 3127296 749 6.1896257 test
23 Q0 3128859 750 6.185149 test
23 Q0 3128844 751 6.1829805 test
23 Q0 3129022 752 6.176793 test
23 Q0 3125301 753 6.171825 test
23 Q0 3120755 754 6.171018 test
23 Q0 3131588 755 6.170371 test
23 Q0 3120851 756 6.166298 test
23 Q0 3120737 757 6.1615295 test
23 Q0 3122066 758 6.161414 test
23 Q0 3126826 759 6.1534686 test
23 Q0 3129041 760 6.153301 test
23 Q0 3131514 761 6.14895 test
23 Q0 3127516 762 6.1467066 test
23 Q0 3126708 763 6.1432285 test
23 Q0 3124491 764 6.142581 test
23 Q0 3132379 765 6.136355 test
23 Q0 3121770 766 6.1353526 test
23 Q0 3131064 767 6.130318 test
23 Q0 3126853 768 6.129433 test
23 Q0 3123681 769 6.1284595 test
23 Q0 3120712 770 6.1282988 test
23 Q0 3123563 771 6.126529 test
23 Q0 3122089 772 6.123147 test
23 Q0 3128051 773 6.1219034 test
23 Q0 3128838 774 6.120955 test
23 Q0 3121673 775 6.113967 test
23 Q0 3125005 776 6.1100698 test
23 Q0 3123009 777 6.1100698 test
23 Q0 3132290 778 6.104453 test
23 Q0 3124108 779 6.103005 test
23 Q0 3131567 780 6.100917 test
23 Q0 3128556 781 6.084586 test
23 Q0 3128974 782 6.080437 test
23 Q0 3128619 783 6.077213 test
23 Q0 3130486 784 6.074381 test
23 Q0 3129750 785 6.0725493 test
23 Q0 3130632 786 6.063896 test
23 Q0 3131586 787 6.062143 test
23 Q0 3129673 788 6.0558147 test
23 Q0 3127417 789 6.054878 test
23 Q0 3127020 790 6.0412345 test
23 Q0 3128589 791 6.0411615 test
23 Q0 3131402 792 6.0401545 test
23 Q0 3128738 793 6.036582 test
23 Q0 3128740 794 6.035556 test
23 Q0 3123209 795 6.03518 test
23 Q0 3125503 796 6.030057 test
23 Q0 3123545 797 6.025868 test
23 Q0 3122125 798 6.0213275 test
23 Q0 3125074 799 6.0185733 test
23 Q0 3130165 800 6.018304 test
23 Q0 3131141 801 6.0170856 test
23 Q0 3123465 802 6.0162926 test
23 Q0 3128036 803 6.012664 test
23 Q0 3123224 804 6.011254 test
23 Q0 3124462 805 6.010615 test
23 Q0 3128720 806 6.008876 test
23 Q0 3132705 807 6.008416 test
23 Q0 3121115 808 6.0074043 test
23 Q0 3132480 809 6.0063424 test
23 Q0 3123250 810 5.9980903 test
23 Q0 3120820 811 5.9886546 test
23 Q0 3123173 812 5.9856343 test
23 Q0 3123344 813 5.982121 test
23 Q0 3128856 814 5.9800415 test
23 Q0 3122228 815 5.9780216 test
23 Q0 3129289 816 5.976916 test
23 Q0 3124304 817 5.974488 test
23 Q0 3125142 818 5.9664545 test
23 Q0 3128066 819 5.9605174 test
23 Q0 3123814 820 5.957896 test
23 Q0 3130685 821 5.9576254 test
23 Q0 3131724 822 5.9575605 test
23 Q0 3127800 823 5.954527 test
23 Q0 3125267 824 5.9469976 test
23 Q0 3122372 825 5.9459314 test
23 Q0 3132745 826 5.942666 test
23 Q0 3131050 827 5.942651 test
23 Q0 3126811 828 5.9421372 test
23 Q0 3123175 829 5.9411945 test
23 Q0 3125504 830 5.9411683 test
23 Q0 3130181 831 5.9381857 test
23 Q0 3123198 832 5.934135 test
23 Q0 3120741 833 5.922832 test
23 Q0 3123911 834 5.9166784 test
23 Q0 3127744 835 5.91658 test
23 Q0 3123993 836 5.908273 test
23 Q0 3128947 837 5.907202 test
23 Q0 3125206 838 5.9041595 test
23 Q0 3129753 839 5.902164 test
23 Q0 3120866 840 5.897476 test
23 Q0 3124464 841 5.88876 test
23 Q0 3127305 842 5.8871994 test
23 Q0 3128700 843 5.8864985 test
23 Q0 3123343 844 5.8779516 test
23 Q0 3128299 845 5.8713894 test
23 Q0 3126828 846 5.8576612 test
23 Q0 3127130 847 5.856333 test
23 Q0 3129083 848 5.851729 test
23 Q0 3131238 849 5.845054 test
23 Q0 3127814 850 5.8442154 test
23 Q0 3125210 851 5.844053 test
23 Q0 3122056 852 5.8401146 test
23 Q0 3127123 853 5.8390927 test
23 Q0 3120965 854 5.835893 test
23 Q0 3131720 855 5.8358207 test
23 Q0 3128366 856 5.8347945 test
23 Q0 3125186 857 5.8269663 test
23 Q0 3128993 858 5.8242264 test
23 Q0 3123267 859 5.823509 test
23 Q0 3125507 860 5.8199053 test
23 Q0 3128607 861 5.817894 test
23 Q0 3123562 862 5.8155584 test
23 Q0 3124024 863 5.81269 test
23 Q0 3130579 864 5.810403 test
23 Q0 3128256 865 5.8041477 test
23 Q0 3123315 866 5.803156 test
23 Q0 3130163 867 5.802293 test
23 Q0 3123242 868 5.8010373 test
23 Q0 3123202 869 5.796441 test
23 Q0 3127329 870 5.792757 test
23 Q0 3127121 871 5.792632 test
23 Q0 3131257 872 5.792192 test
23 Q0 3130274 873 5.790461 test
23 Q0 3124489 874 5.7898407 test
23 Q0 3125249 875 5.788684 test
23 Q0 3131306 876 5.787113 test
23 Q0 3129032 877 5.786829 test
23 Q0 3128070 878 5.7829223 test
23 Q0 3120776 879 5.7796597 test
23 Q0 3132612 880 5.778663 test
23 Q0 3128620 881 5.7755733 test
23 Q0 3131716 882 5.7738323 test
23 Q0 3121116 883 5.7730675 test
23 Q0 3121713 884 5.772784 test
23 Q0 3125194 885 5.772091 test
23 Q0 3127316 886 5.770059 test
23 Q0 3124390 887 5.7697587 test
23 Q0 3123261 888 5.7677794 test
23 Q0 3126784 889 5.767509 test
23 Q0 3123303 890 5.7636995 test
23 Q0 3120675 891 5.7599998 test
23 Q0 3124800 892 5.7549877 test
23 Q0 3130178 893 5.751372 test
23 Q0 3131251 894 5.750806 test
23 Q0 3130048 895 5.7502117 test
23 Q0 3129293 896 5.7484493 test
23 Q0 3129312 897 5.746961 test
23 Q0 3131392 898 5.742592 test
23 Q0 3124838 899 5.7413063 test
23 Q0 3130190 900 5.7207017 test
23 Q0 3127307 901 5.7188325 test
23 Q0 3125219 902 5.71707 test
23 Q0 3130378 903 5.713408 test
23 Q0 3131564 904 5.7116566 test
23 Q0 3124397 905 5.706219 test
23 Q0 3128092 906 5.7036076 test
23 Q0 3130906 907 5.7029576 test
23 Q0 3126996 908 5.700209 test
23 Q0 3126765 909 5.690341 test
23 Q0 3131302 910 5.6883407 test
23 Q0 3131543 911 5.6864796 test
23 Q0 3127822 912 5.6796775 test
23 Q0 3127117 913 5.6779246 test
23 Q0 3129754 914 5.6740246 test
23 Q0 3128586 915 5.6739273 test
23 Q0 3125949 916 5.6735773 test
23 Q0 3132124 917 5.673123 test
23 Q0 3120731 918 5.6722784 test
23 Q0 3124963 919 5.671134 test
23 Q0 3131244 920 5.6660156 test
23 Q0 3120761 921 5.6640663 test
23 Q0 3128939 922 5.66391 test
23 Q0 3130785 923 5.663087 test
23 Q0 3131246 924 5.659328 test
23 Q0 3130679 925 5.6588783 test
23 Q0 3131303 926 5.6569643 test
23 Q0 3128265 927 5.656733 test
23 Q0 3127797 928 5.655773 test
23 Q0 3125318 929 5.6539927 test
23 Q0 3124178 930 5.6413517 test
23 Q0 3132602 931 5.6412697 test
23 Q0 3121119 932 5.6399293 test
23 Q0 3127836 933 5.634873 test
23 Q0 3130143 934 5.6319075 test
23 Q0 3124969 935 5.6309834 test
23 Q0 3130577 936 5.6297846 test
23 Q0 3123699 937 5.628132 test
23 Q0 3127114 938 5.6198096 test
23 Q0 3125720 939 5.6176963 test
23 Q0 3126713 940 5.604891 test
23 Q0 3121768 941 5.6047044 test
23 Q0 3124023 942 5.6042924 test
23 Q0 3131295 943 5.6024513 test
23 Q0 3132392 944 5.6014194 test
23 Q0 3125059 945 5.600503 test
23 Q0 3125340 946 5.599573 test
23 Q0 3129011 947 5.595683 test
23 Q0 3123966 948 5.594559 test
23 Q0 3127382 949 5.590924 test
23 Q0 3127006 950 5.5900865 test
23 Q0 3132125 951 5.588915 test
23 Q0 3127969 952 5.585717 test
23 Q0 3129296 953 5.5852995 test
23 Q0 3123963 954 5.583378 test
23 Q0 3125276 955 5.582129 test
23 Q0 3132588 956 5.579373 test
23 Q0 3132164 957 5.579102 test
23 Q0 3126711 958 5.578254 test
23 Q0 3125404 959 5.5772696 test
23 Q0 3132530 960 5.5763874 test
23 Q0 3127806 961 5.5732765 test
23 Q0 3121758 962 5.5701723 test
23 Q0 3123637 963 5.5698094 test
23 Q0 3124430 964 5.565597 test
23 Q0 3122058 965 5.5652328 test
23 Q0 3127490 966 5.564802 test
23 Q0 3123339 967 5.561354 test
23 Q0 3123180 968 5.560737 test
23 Q0 3122310 969 5.559919 test
23 Q0 3123176 970 5.553967 test
23 Q0 3128135 971 5.549225 test
23 Q0 3127310 972 5.5478525 test
23 Q0 3125307 973 5.5463204 test
23 Q0 3127812 974 5.5421824 test
23 Q0 3124483 975 5.5419626 test
23 Q0 3129676 976 5.5372324 test
23 Q0 3131442 977 5.5314 test
23 Q0 3132499 978 5.5313797 test
23 Q0 3129070 979 5.531233 test
23 Q0 3120788 980 5.5297475 test
23 Q0 3130786 981 5.5280976 test
23 Q0 3130718 982 5.5280623 test
23 Q0 3131591 983 5.5151873 test
23 Q0 3124264 984 5.513623 test
23 Q0 3123707 985 5.512544 test
23 Q0 3130634 986 5.512265 test
23 Q0 3132539 987 5.501482 test
23 Q0 3125268 988 5.5007086 test
23 Q0 3128457 989 5.498842 test
23 Q0 3128598 990 5.493295 test
23 Q0 3131233 991 5.4932685 test
23 Q0 3129315 992 5.4930377 test
23 Q0 3123627 993 5.4891458 test
23 Q0 3132603 994 5.489054 test
23 Q0 3132749 995 5.483943 test
23 Q0 3130261 996 5.4825816 test
23 Q0 3129590 997 5.4741793 test
23 Q0 3121063 998 5.470913 test
23 Q0 3121695 999 5.4704323 test
23 Q0 3123586 1000 5.4673114 test
24 Q0 3121590 1 26.480923 test
24 Q0 3129070 2 25.89574 test
24 Q0 3126694 3 23.719398 test
24 Q0 3123003 4 23.698149 test
24 Q0 3129079 5 22.963678 test
24 Q0 3132118 6 22.96263 test
24 Q0 3125115 7 22.55084 test
24 Q0 3123515 8 22.187128 test
24 Q0 3124992 9 22.034706 test
24 Q0 3129103 10 21.41049 test
24 Q0 3123178 11 21.391535 test
24 Q0 3124465 12 21.073149 test
24 Q0 3130493 13 21.06553 test
24 Q0 3122596 14 21.037773 test
24 Q0 3132129 15 20.821619 test
24 Q0 3124391 16 20.694138 test
24 Q0 3129951 17 20.386988 test
24 Q0 3128041 18 20.372265 test
24 Q0 3125360 19 20.325909 test
24 Q0 3125215 20 20.2926 test
24 Q0 3132379 21 20.239477 test
24 Q0 3129077 22 20.062061 test
24 Q0 3130982 23 20.047798 test
24 Q0 3125033 24 19.940296 test
24 Q0 3132376 25 19.393785 test
24 Q0 3132316 26 19.376684 test
24 Q0 3124731 27 19.238556 test
24 Q0 3132373 28 19.212626 test
24 Q0 3130457 29 19.004034 test
24 Q0 3132370 30 18.600613 test
24 Q0 3131766 31 18.316599 test
24 Q0 3125384 32 18.31356 test
24 Q0 3130894 33 18.065163 test
24 Q0 3129059 34 17.954247 test
24 Q0 3130920 35 17.949581 test
24 Q0 3125003 36 17.88117 test
24 Q0 3130717 37 17.765947 test
24 Q0 3126840 38 17.757944 test
24 Q0 3124933 39 17.730577 test
24 Q0 3129060 40 17.650684 test
24 Q0 3122380 41 17.627525 test
24 Q0 3123546 42 17.503803 test
24 Q0 3127318 43 17.449085 test
24 Q0 3123586 44 17.444838 test
24 Q0 3127952 45 17.41442 test
24 Q0 3130440 46 17.33929 test
24 Q0 3122545 47 17.214333 test
24 Q0 3125654 48 17.130863 test
24 Q0 3125342 49 17.111034 test
24 Q0 3125656 50 17.0997 test
24 Q0 3126753 51 17.097677 test
24 Q0 3123207 52 17.027285 test
24 Q0 3129093 53 16.98182 test
24 Q0 3125389 54 16.961618 test
24 Q0 3132374 55 16.91923 test
24 Q0 3132360 56 16.88516 test
24 Q0 3122587 57 16.864212 test
24 Q0 3127794 58 16.751314 test
24 Q0 3123642 59 16.63734 test
24 Q0 3132371 60 16.62332 test
24 Q0 3130933 61 16.599812 test
24 Q0 3130922 62 16.46244 test
24 Q0 3123294 63 16.437382 test
24 Q0 3126768 64 16.38339 test
24 Q0 3132119 65 16.291374 test
24 Q0 3129123 66 16.204163 test
24 Q0 3120792 67 16.17414 test
24 Q0 3122091 68 16.131758 test
24 Q0 3132160 69 16.073906 test
24 Q0 3132283 70 16.04525 test
24 Q0 3122379 71 16.021154 test
24 Q0 3131560 72 15.97793 test
24 Q0 3127854 73 15.967298 test
24 Q0 3129966 74 15.807499 test
24 Q0 3123560 75 15.752706 test
24 Q0 3132123 76 15.702106 test
24 Q0 3132331 77 15.692736 test
24 Q0 3124301 78 15.661045 test
24 Q0 3131760 79 15.656434 test
24 Q0 3121614 80 15.588331 test
24 Q0 3126780 81 15.586506 test
24 Q0 3128270 82 15.44066 test
24 Q0 3131522 83 15.419505 test
24 Q0 3130462 84 15.371113 test
24 Q0 3130192 85 15.364485 test
24 Q0 3127312 86 15.259469 test
24 Q0 3122094 87 15.255596 test
24 Q0 3132368 88 15.208077 test
24 Q0 3132697 89 15.160703 test
24 Q0 3128123 90 15.140266 test
24 Q0 3123000 91 15.138086 test
24 Q0 3130473 92 15.130052 test
24 Q0 3132325 93 15.107814 test
24 Q0 3132237 94 15.056135 test
24 Q0 3129353 95 15.030574 test
24 Q0 3132367 96 15.006389 test
24 Q0 3125277 97 14.908555 test
24 Q0 3122163 98 14.900857 test
24 Q0 3123554 99 14.835227 test
24 Q0 3127991 100 14.82205 test
24 Q0 3125063 101 14.813004 test
24 Q0 3131615 102 14.702669 test
24 Q0 3128049 103 14.615997 test
24 Q0 3127982 104 14.607645 test
24 Q0 3127750 105 14.592192 test
24 Q0 3127495 106 14.561692 test
24 Q0 3129757 107 14.536724 test
24 Q0 3125550 108 14.526901 test
24 Q0 3132120 109 14.515975 test
24 Q0 3128133 110 14.505115 test
24 Q0 3120793 111 14.489368 test
24 Q0 3130362 112 14.486058 test
24 Q0 3132176 113 14.474298 test
24 Q0 3129113 114 14.466133 test
24 Q0 3127492 115 14.43783 test
24 Q0 3132693 116 14.423195 test
24 Q0 3132353 117 14.341638 test
24 Q0 3132663 118 14.293259 test
24 Q0 3132699 119 14.2826805 test
24 Q0 3125194 120 14.273832 test
24 Q0 3129964 121 14.251756 test
24 Q0 3128895 122 14.245774 test
24 Q0 3126713 123 14.2251625 test
24 Q0 3127315 124 14.221149 test
24 Q0 3129307 125 14.205665 test
24 Q0 3121610 126 14.180558 test
24 Q0 3132375 127 14.154258 test
24 Q0 3129354 128 14.128419 test
24 Q0 3120727 129 14.125137 test
24 Q0 3127152 130 14.121278 test
24 Q0 3128597 131 14.085285 test
24 Q0 3123199 132 14.055451 test
24 Q0 3120851 133 14.043844 test
24 Q0 3123173 134 14.000296 test
24 Q0 3121695 135 13.994762 test
24 Q0 3120990 136 13.991347 test
24 Q0 3121067 137 13.983305 test
24 Q0 3125026 138 13.953055 test
24 Q0 3125011 139 13.924083 test
24 Q0 3132046 140 13.912155 test
24 Q0 3125253 141 13.910769 test
24 Q0 3126764 142 13.91032 test
24 Q0 3132361 143 13.860836 test
24 Q0 3130492 144 13.85815 test
24 Q0 3132366 145 13.857349 test
24 Q0 3132721 146 13.828719 test
24 Q0 3124320 147 13.822971 test
24 Q0 3123009 148 13.821231 test
24 Q0 3128826 149 13.792829 test
24 Q0 3124991 150 13.7612095 test
24 Q0 3132125 151 13.751973 test
24 Q0 3132744 152 13.741738 test
24 Q0 3121755 153 13.72884 test
24 Q0 3127801 154 13.724684 test
24 Q0 3127499 155 13.682918 test
24 Q0 3123964 156 13.643581 test
24 Q0 3129576 157 13.641594 test
24 Q0 3126742 158 13.639434 test
24 Q0 3121095 159 13.612178 test
24 Q0 3132362 160 13.587773 test
24 Q0 3132337 161 13.585421 test
24 Q0 3124135 162 13.576137 test
24 Q0 3123966 163 13.545715 test
24 Q0 3125064 164 13.5432 test
24 Q0 3123512 165 13.528986 test
24 Q0 3127764 166 13.519451 test
24 Q0 3132476 167 13.519371 test
24 Q0 3126711 168 13.502983 test
24 Q0 3132097 169 13.501499 test
24 Q0 3123194 170 13.494488 test
24 Q0 3124725 171 13.488625 test
24 Q0 3124459 172 13.472785 test
24 Q0 3132161 173 13.426361 test
24 Q0 3125354 174 13.423422 test
24 Q0 3132695 175 13.388811 test
24 Q0 3126827 176 13.368645 test
24 Q0 3132369 177 13.336094 test
24 Q0 3127319 178 13.328253 test
24 Q0 3127153 179 13.316967 test
24 Q0 3121595 180 13.306917 test
24 Q0 3132235 181 13.250523 test
24 Q0 3121956 182 13.247705 test
24 Q0 3121245 183 13.245995 test
24 Q0 3120880 184 13.222005 test
24 Q0 3125655 185 13.208352 test
24 Q0 3123614 186 13.204501 test
24 Q0 3129105 187 13.176723 test
24 Q0 3125645 188 13.172691 test
24 Q0 3127306 189 13.153825 test
24 Q0 3128084 190 13.144591 test
24 Q0 3127497 191 13.100721 test
24 Q0 3129344 192 13.086237 test
24 Q0 3122589 193 13.062886 test
24 Q0 3124319 194 13.054879 test
24 Q0 3121596 195 13.051917 test
24 Q0 3125065 196 13.032345 test
24 Q0 3130472 197 13.027729 test
24 Q0 3127760 198 13.004513 test
24 Q0 3124324 199 12.984178 test
24 Q0 3130729 200 12.950721 test
24 Q0 3132048 201 12.828973 test
24 Q0 3127309 202 12.820749 test
24 Q0 3132357 203 12.77986 test
24 Q0 3124016 204 12.7712965 test
24 Q0 3124530 205 12.753447 test
24 Q0 3126708 206 12.749381 test
24 Q0 3123340 207 12.744467 test
24 Q0 3125361 208 12.717893 test
24 Q0 3132497 209 12.685042 test
24 Q0 3132720 210 12.68114 test
24 Q0 3132709 211 12.676253 test
24 Q0 3121660 212 12.651572 test
24 Q0 3129355 213 12.617235 test
24 Q0 3128817 214 12.609291 test
24 Q0 3127151 215 12.586845 test
24 Q0 3124500 216 12.570781 test
24 Q0 3124124 217 12.564972 test
24 Q0 3121075 218 12.562063 test
24 Q0 3130378 219 12.561308 test
24 Q0 3124432 220 12.532277 test
24 Q0 3129061 221 12.530515 test
24 Q0 3127303 222 12.5038595 test
24 Q0 3128612 223 12.481757 test
24 Q0 3127346 224 12.45719 test
24 Q0 3120994 225 12.456936 test
24 Q0 3126837 226 12.450116 test
24 Q0 3123169 227 12.426653 test
24 Q0 3124408 228 12.424336 test
24 Q0 3127807 229 12.404594 test
24 Q0 3125660 230 12.376132 test
24 Q0 3121643 231 12.375112 test
24 Q0 3130681 232 12.3352995 test
24 Q0 3125958 233 12.333051 test
24 Q0 3123822 234 12.331563 test
24 Q0 3125203 235 12.323395 test
24 Q0 3129667 236 12.319356 test
24 Q0 3129943 237 12.317175 test
24 Q0 3132722 238 12.3047905 test
24 Q0 3128749 239 12.304315 test
24 Q0 3132332 240 12.284669 test
24 Q0 3123562 241 12.281818 test
24 Q0 3128700 242 12.279815 test
24 Q0 3124326 243 12.261008 test
24 Q0 3120681 244 12.24468 test
24 Q0 3125667 245 12.226291 test
24 Q0 3132542 246 12.207718 test
24 Q0 3126776 247 12.207574 test
24 Q0 3131716 248 12.195737 test
24 Q0 3123008 249 12.19352 test
24 Q0 3124023 250 12.185366 test
24 Q0 3132588 251 12.1784725 test
24 Q0 3124874 252 12.164535 test
24 Q0 3130996 253 12.152055 test
24 Q0 3128135 254 12.139746 test
24 Q0 3123581 255 12.115335 test
24 Q0 3126703 256 12.108389 test
24 Q0 3121659 257 12.091801 test
24 Q0 3125196 258 12.065176 test
24 Q0 3121951 259 12.05778 test
24 Q0 3129065 260 12.040634 test
24 Q0 3130781 261 12.033171 test
24 Q0 3120745 262 12.019415 test
24 Q0 3132364 263 12.017281 test
24 Q0 3130728 264 12.017272 test
24 Q0 3128930 265 12.004995 test
24 Q0 3125006 266 11.981577 test
24 Q0 3129352 267 11.973857 test
24 Q0 3130485 268 11.954077 test
24 Q0 3125664 269 11.953016 test
24 Q0 3130468 270 11.949297 test
24 Q0 3123185 271 11.909435 test
24 Q0 3131986 272 11.905924 test
24 Q0 3128058 273 11.897796 test
24 Q0 3127841 274 11.886684 test
24 Q0 3129345 275 11.884768 test
24 Q0 3132276 276 11.870397 test
24 Q0 3132365 277 11.847153 test
24 Q0 3121584 278 11.845041 test
24 Q0 3123004 279 11.840467 test
24 Q0 3130189 280 11.808559 test
24 Q0 3127316 281 11.7972355 test
24 Q0 3124029 282 11.794752 test
24 Q0 3132500 283 11.793117 test
24 Q0 3130928 284 11.791851 test
24 Q0 3129096 285 11.788941 test
24 Q0 3132390 286 11.785523 test
24 Q0 3132493 287 11.775336 test
24 Q0 3120820 288 11.772204 test
24 Q0 3123700 289 11.745184 test
24 Q0 3121661 290 11.72515 test
24 Q0 3127105 291 11.723303 test
24 Q0 3131525 292 11.711601 test
24 Q0 3121091 293 11.708155 test
24 Q0 3125659 294 11.698416 test
24 Q0 3127321 295 11.646286 test
24 Q0 3132443 296 11.643446 test
24 Q0 3130023 297 11.640819 test
24 Q0 3129095 298 11.637007 test
24 Q0 3125235 299 11.62706 test
24 Q0 3132540 300 11.603354 test
24 Q0 3121876 301 11.600416 test
24 Q0 3120790 302 11.599444 test
24 Q0 3131130 303 11.588147 test
24 Q0 3132713 304 11.571001 test
24 Q0 3124454 305 11.55195 test
24 Q0 3124732 306 11.542353 test
24 Q0 3121267 307 11.528567 test
24 Q0 3126989 308 11.525684 test
24 Q0 3121058 309 11.515647 test
24 Q0 3124855 310 11.510325 test
24 Q0 3127969 311 11.509404 test
24 Q0 3126695 312 11.488592 test
24 Q0 3128854 313 11.473909 test
24 Q0 3130490 314 11.4679365 test
24 Q0 3132359 315 11.464375 test
24 Q0 3132372 316 11.439432 test
24 Q0 3124289 317 11.413415 test
24 Q0 3126514 318 11.373303 test
24 Q0 3127795 319 11.369608 test
24 Q0 3124982 320 11.361124 test
24 Q0 3121964 321 11.354166 test
24 Q0 3125205 322 11.33453 test
24 Q0 3121334 323 11.332934 test
24 Q0 3124237 324 11.317283 test
24 Q0 3130975 325 11.29811 test
24 Q0 3121066 326 11.292309 test
24 Q0 3123714 327 11.277916 test
24 Q0 3132521 328 11.265485 test
24 Q0 3127986 329 11.262945 test
24 Q0 3129083 330 11.261794 test
24 Q0 3129090 331 11.234269 test
24 Q0 3132700 332 11.200943 test
24 Q0 3131189 333 11.186498 test
24 Q0 3128727 334 11.166054 test
24 Q0 3125309 335 11.149295 test
24 Q0 3126999 336 11.148476 test
24 Q0 3127758 337 11.120941 test
24 Q0 3120848 338 11.112097 test
24 Q0 3132377 339 11.101572 test
24 Q0 3124460 340 11.092912 test
24 Q0 3131249 341 11.092043 test
24 Q0 3124397 342 11.080299 test
24 Q0 3127762 343 11.079894 test
24 Q0 3131302 344 11.073523 test
24 Q0 3130460 345 11.062641 test
24 Q0 3122085 346 11.05321 test
24 Q0 3131779 347 11.050106 test
24 Q0 3128045 348 11.03648 test
24 Q0 3123906 349 11.02343 test
24 Q0 3122097 350 11.018058 test
24 Q0 3128894 351 11.015781 test
24 Q0 3127838 352 11.003979 test
24 Q0 3124423 353 10.999919 test
24 Q0 3122547 354 10.966089 test
24 Q0 3122984 355 10.964301 test
24 Q0 3131254 356 10.962558 test
24 Q0 3130668 357 10.960789 test
24 Q0 3123010 358 10.9520235 test
24 Q0 3125364 359 10.944715 test
24 Q0 3127999 360 10.924925 test
24 Q0 3126749 361 10.911487 test
24 Q0 3132335 362 10.909963 test
24 Q0 3121608 363 10.891343 test
24 Q0 3123310 364 10.8828125 test
24 Q0 3125004 365 10.864395 test
24 Q0 3127313 366 10.851888 test
24 Q0 3124970 367 10.83554 test
24 Q0 3123637 368 10.823528 test
24 Q0 3132483 369 10.810083 test
24 Q0 3122093 370 10.791281 test
24 Q0 3132711 371 10.786689 test
24 Q0 3120735 372 10.765758 test
24 Q0 3129758 373 10.759594 test
24 Q0 3123368 374 10.753014 test
24 Q0 3121692 375 10.7505 test
24 Q0 3126757 376 10.7464905 test
24 Q0 3127765 377 10.744344 test
24 Q0 3124345 378 10.729756 test
24 Q0 3127146 379 10.724434 test
24 Q0 3121001 380 10.72377 test
24 Q0 3126563 381 10.71873 test
24 Q0 3124453 382 10.708937 test
24 Q0 3125736 383 10.706877 test
24 Q0 3123012 384 10.696986 test
24 Q0 3122987 385 10.694552 test
24 Q0 3124728 386 10.692237 test
24 Q0 3126736 387 10.688834 test
24 Q0 3131545 388 10.685595 test
24 Q0 3127578 389 10.674548 test
24 Q0 3131295 390 10.67434 test
24 Q0 3126977 391 10.67011 test
24 Q0 3124322 392 10.656852 test
24 Q0 3129953 393 10.6482315 test
24 Q0 3132032 394 10.640039 test
24 Q0 3132725 395 10.6264 test
24 Q0 3129760 396 10.621414 test
24 Q0 3128845 397 10.613675 test
24 Q0 3132121 398 10.611475 test
24 Q0 3121942 399 10.608219 test
24 Q0 3122986 400 10.607151 test
24 Q0 3121727 401 10.594003 test
24 Q0 3132363 402 10.589507 test
24 Q0 3125250 403 10.5862255 test
24 Q0 3131267 404 10.58432 test
24 Q0 3128750 405 10.570449 test
24 Q0 3126997 406 10.57016 test
24 Q0 3127770 407 10.561549 test
24 Q0 3131270 408 10.556853 test
24 Q0 3125031 409 10.54821 test
24 Q0 3123656 410 10.54409 test
24 Q0 3123187 411 10.527245 test
24 Q0 3132539 412 10.525908 test
24 Q0 3122555 413 10.483735 test
24 Q0 3125369 414 10.472247 test
24 Q0 3132128 415 10.458802 test
24 Q0 3126983 416 10.458323 test
24 Q0 3125349 417 10.453924 test
24 Q0 3124935 418 10.453115 test
24 Q0 3125657 419 10.449927 test
24 Q0 3127806 420 10.44958 test
24 Q0 3124330 421 10.443465 test
24 Q0 3123967 422 10.4425745 test
24 Q0 3121758 423 10.424283 test
24 Q0 3129116 424 10.406075 test
24 Q0 3121925 425 10.398959 test
24 Q0 3125745 426 10.398455 test
24 Q0 3122114 427 10.397438 test
24 Q0 3131797 428 10.3915615 test
24 Q0 3132230 429 10.370228 test
24 Q0 3125254 430 10.362642 test
24 Q0 3128896 431 10.3544035 test
24 Q0 3124412 432 10.349874 test
24 Q0 3132029 433 10.335684 test
24 Q0 3124544 434 10.334632 test
24 Q0 3128905 435 10.3171425 test
24 Q0 3132589 436 10.314343 test
24 Q0 3127386 437 10.302858 test
24 Q0 3126720 438 10.300236 test
24 Q0 3124274 439 10.297682 test
24 Q0 3120836 440 10.2804785 test
24 Q0 3127329 441 10.277188 test
24 Q0 3123011 442 10.275827 test
24 Q0 3129120 443 10.274278 test
24 Q0 3132481 444 10.271606 test
24 Q0 3122892 445 10.25975 test
24 Q0 3121585 446 10.253567 test
24 Q0 3121064 447 10.248719 test
24 Q0 3127840 448 10.239314 test
24 Q0 3132392 449 10.236738 test
24 Q0 3128705 450 10.231775 test
24 Q0 3127308 451 10.223736 test
24 Q0 3122597 452 10.2236395 test
24 Q0 3131238 453 10.220731 test
24 Q0 3129942 454 10.2167425 test
24 Q0 3123228 455 10.212497 test
24 Q0 3123831 456 10.2104645 test
24 Q0 3125144 457 10.208446 test
24 Q0 3128363 458 10.206952 test
24 Q0 3123702 459 10.200262 test
24 Q0 3131697 460 10.165377 test
24 Q0 3130148 461 10.150598 test
24 Q0 3132351 462 10.140277 test
24 Q0 3124323 463 10.138204 test
24 Q0 3124159 464 10.126533 test
24 Q0 3130647 465 10.121268 test
24 Q0 3122590 466 10.115039 test
24 Q0 3120862 467 10.083008 test
24 Q0 3125720 468 10.081755 test
24 Q0 3128746 469 10.063007 test
24 Q0 3132205 470 10.05821 test
24 Q0 3123736 471 10.054097 test
24 Q0 3129078 472 10.05333 test
24 Q0 3132703 473 10.051068 test
24 Q0 3121748 474 10.049463 test
24 Q0 3123250 475 10.045404 test
24 Q0 3126729 476 10.039664 test
24 Q0 3125516 477 10.0359535 test
24 Q0 3123191 478 10.035581 test
24 Q0 3130698 479 10.01727 test
24 Q0 3130480 480 10.007935 test
24 Q0 3123369 481 10.006947 test
24 Q0 3131723 482 9.998242 test
24 Q0 3128079 483 9.996156 test
24 Q0 3125324 484 9.995658 test
24 Q0 3125520 485 9.99233 test
24 Q0 3129115 486 9.990255 test
24 Q0 3120677 487 9.983581 test
24 Q0 3132091 488 9.976023 test
24 Q0 3124832 489 9.970043 test
24 Q0 3126707 490 9.967073 test
24 Q0 3123211 491 9.965314 test
24 Q0 3125376 492 9.957834 test
24 Q0 3122088 493 9.95759 test
24 Q0 3124321 494 9.9539175 test
24 Q0 3132050 495 9.946728 test
24 Q0 3126766 496 9.927551 test
24 Q0 3130360 497 9.925801 test
24 Q0 3129582 498 9.925099 test
24 Q0 3129124 499 9.918724 test
24 Q0 3122584 500 9.909821 test
24 Q0 3131037 501 9.906577 test
24 Q0 3128625 502 9.906284 test
24 Q0 3130006 503 9.902567 test
24 Q0 3121601 504 9.902385 test
24 Q0 3127415 505 9.868812 test
24 Q0 3122366 506 9.868678 test
24 Q0 3124224 507 9.863366 test
24 Q0 3122092 508 9.859403 test
24 Q0 3127744 509 9.858422 test
24 Q0 3122339 510 9.849382 test
24 Q0 3130466 511 9.832418 test
24 Q0 3124140 512 9.824493 test
24 Q0 3129768 513 9.822151 test
24 Q0 3124446 514 9.818935 test
24 Q0 3130361 515 9.810599 test
24 Q0 3131983 516 9.791229 test
24 Q0 3124047 517 9.779421 test
24 Q0 3132607 518 9.758809 test
24 Q0 3126710 519 9.751074 test
24 Q0 3125289 520 9.749447 test
24 Q0 3131800 521 9.7471485 test
24 Q0 3130488 522 9.745545 test
24 Q0 3132529 523 9.741282 test
24 Q0 3127739 524 9.739197 test
24 Q0 3121282 525 9.736294 test
24 Q0 3125297 526 9.735454 test
24 Q0 3132122 527 9.7330475 test
24 Q0 3129774 528 9.731142 test
24 Q0 3124639 529 9.730561 test
24 Q0 3125108 530 9.72483 test
24 Q0 3127808 531 9.721296 test
24 Q0 3120722 532 9.713816 test
24 Q0 3120819 533 9.708347 test
24 Q0 3124264 534 9.701111 test
24 Q0 3129305 535 9.700403 test
24 Q0 3123550 536 9.699302 test
24 Q0 3123934 537 9.685286 test
24 Q0 3124449 538 9.684086 test
24 Q0 3121582 539 9.683212 test
24 Q0 3121287 540 9.678899 test
24 Q0 3125334 541 9.673957 test
24 Q0 3128080 542 9.669995 test
24 Q0 3132418 543 9.660588 test
24 Q0 3127385 544 9.654571 test
24 Q0 3132354 545 9.650382 test
24 Q0 3121658 546 9.645275 test
24 Q0 3127998 547 9.631932 test
24 Q0 3131792 548 9.630915 test
24 Q0 3130056 549 9.629104 test
24 Q0 3121618 550 9.619124 test
24 Q0 3132234 551 9.610549 test
24 Q0 3125331 552 9.603763 test
24 Q0 3131399 553 9.591827 test
24 Q0 3130679 554 9.5908165 test
24 Q0 3126719 555 9.589478 test
24 Q0 3132490 556 9.581451 test
24 Q0 3121090 557 9.562584 test
24 Q0 3128359 558 9.5571375 test
24 Q0 3130695 559 9.556362 test
24 Q0 3123615 560 9.5449 test
24 Q0 3132730 561 9.53761 test
24 Q0 3127738 562 9.530132 test
24 Q0 3130169 563 9.52893 test
24 Q0 3121731 564 9.515648 test
24 Q0 3124241 565 9.512873 test
24 Q0 3131984 566 9.493705 test
24 Q0 3129055 567 9.4922495 test
24 Q0 3131791 568 9.490424 test
24 Q0 3124447 569 9.484421 test
24 Q0 3125218 570 9.482051 test
24 Q0 3125211 571 9.479543 test
24 Q0 3124717 572 9.465771 test
24 Q0 3132049 573 9.464154 test
24 Q0 3122089 574 9.46283 test
24 Q0 3120733 575 9.455719 test
24 Q0 3131243 576 9.452295 test
24 Q0 3129755 577 9.44991 test
24 Q0 3124861 578 9.449155 test
24 Q0 3124248 579 9.446709 test
24 Q0 3131050 580 9.445249 test
24 Q0 3129126 581 9.443996 test
24 Q0 3123644 582 9.44373 test
24 Q0 3127004 583 9.442858 test
24 Q0 3129068 584 9.431745 test
24 Q0 3124122 585 9.428232 test
24 Q0 3128941 586 9.427559 test
24 Q0 3130273 587 9.421343 test
24 Q0 3123290 588 9.411935 test
24 Q0 3131717 589 9.411803 test
24 Q0 3128819 590 9.406174 test
24 Q0 3121716 591 9.403566 test
24 Q0 3126784 592 9.39527 test
24 Q0 3130138 593 9.391011 test
24 Q0 3128134 594 9.38498 test
24 Q0 3125236 595 9.371378 test
24 Q0 3120781 596 9.3637085 test
24 Q0 3130672 597 9.362354 test
24 Q0 3130716 598 9.357941 test
24 Q0 3120671 599 9.357496 test
24 Q0 3124048 600 9.351862 test
24 Q0 3131251 601 9.348998 test
24 Q0 3125255 602 9.343108 test
24 Q0 3124318 603 9.335511 test
24 Q0 3124225 604 9.32556 test
24 Q0 3120673 605 9.325531 test
24 Q0 3131772 606 9.31994 test
24 Q0 3125058 607 9.315162 test
24 Q0 3121728 608 9.303689 test
24 Q0 3123281 609 9.299257 test
24 Q0 3131982 610 9.289943 test
24 Q0 3120747 611 9.286318 test
24 Q0 3123993 612 9.283804 test
24 Q0 3131277 613 9.278491 test
24 Q0 3121943 614 9.259937 test
24 Q0 3130037 615 9.249914 test
24 Q0 3127755 616 9.234937 test
24 Q0 3121422 617 9.230343 test
24 Q0 3128088 618 9.219223 test
24 Q0 3121056 619 9.218324 test
24 Q0 3131234 620 9.217657 test
24 Q0 3132238 621 9.212244 test
24 Q0 3131598 622 9.197914 test
24 Q0 3123852 623 9.197909 test
24 Q0 3121741 624 9.196337 test
24 Q0 3126762 625 9.182822 test
24 Q0 3124410 626 9.175677 test
24 Q0 3124193 627 9.172501 test
24 Q0 3125041 628 9.162656 test
24 Q0 3128026 629 9.159616 test
24 Q0 3132063 630 9.156704 test
24 Q0 3128022 631 9.151952 test
24 Q0 3128861 632 9.151754 test
24 Q0 3120736 633 9.15163 test
24 Q0 3123304 634 9.134012 test
24 Q0 3130185 635 9.133756 test
24 Q0 3123882 636 9.130477 test
24 Q0 3128599 637 9.127931 test
24 Q0 3130775 638 9.125397 test
24 Q0 3132610 639 9.121144 test
24 Q0 3120742 640 9.118937 test
24 Q0 3120817 641 9.117734 test
24 Q0 3131001 642 9.114547 test
24 Q0 3124461 643 9.106922 test
24 Q0 3129794 644 9.102703 test
24 Q0 3132061 645 9.091442 test
24 Q0 3128116 646 9.085808 test
24 Q0 3129082 647 9.075247 test
24 Q0 3123258 648 9.06639 test
24 Q0 3120773 649 9.066011 test
24 Q0 3132034 650 9.063727 test
24 Q0 3132464 651 9.06221 test
24 Q0 3124302 652 9.04342 test
24 Q0 3125308 653 9.040212 test
24 Q0 3128726 654 9.039685 test
24 Q0 3124931 655 9.030324 test
24 Q0 3121080 656 9.027663 test
24 Q0 3123322 657 9.0206785 test
24 Q0 3128587 658 9.016605 test
24 Q0 3123467 659 9.002994 test
24 Q0 3122348 660 9.002223 test
24 Q0 3125002 661 9.000834 test
24 Q0 3121638 662 8.993672 test
24 Q0 3128014 663 8.99026 test
24 Q0 3123811 664 8.979266 test
24 Q0 3130998 665 8.974036 test
24 Q0 3130746 666 8.97401 test
24 Q0 3130690 667 8.969704 test
24 Q0 3120803 668 8.93766 test
24 Q0 3130568 669 8.932707 test
24 Q0 3125666 670 8.931117 test
24 Q0 3123255 671 8.928444 test
24 Q0 3129289 672 8.927575 test
24 Q0 3120875 673 8.926934 test
24 Q0 3130467 674 8.9227705 test
24 Q0 3120678 675 8.917157 test
24 Q0 3124473 676 8.9161005 test
24 Q0 3127020 677 8.909309 test
24 Q0 3131030 678 8.907145 test
24 Q0 3121958 679 8.904761 test
24 Q0 3128607 680 8.901553 test
24 Q0 3120749 681 8.900008 test
24 Q0 3121739 682 8.898982 test
24 Q0 3128602 683 8.898313 test
24 Q0 3120816 684 8.895925 test
24 Q0 3122502 685 8.893863 test
24 Q0 3128859 686 8.892289 test
24 Q0 3130045 687 8.877972 test
24 Q0 3125265 688 8.871732 test
24 Q0 3126176 689 8.86375 test
24 Q0 3122310 690 8.846642 test
24 Q0 3130011 691 8.839687 test
24 Q0 3132673 692 8.832707 test
24 Q0 3123640 693 8.826582 test
24 Q0 3127108 694 8.826286 test
24 Q0 3123597 695 8.811799 test
24 Q0 3131507 696 8.808461 test
24 Q0 3125148 697 8.792513 test
24 Q0 3131078 698 8.791519 test
24 Q0 3125204 699 8.786229 test
24 Q0 3132044 700 8.781036 test
24 Q0 3120714 701 8.780445 test
24 Q0 3130765 702 8.77677 test
24 Q0 3123257 703 8.775107 test
24 Q0 3121084 704 8.773639 test
24 Q0 3121680 705 8.767905 test
24 Q0 3128266 706 8.761259 test
24 Q0 3130469 707 8.748845 test
24 Q0 3122899 708 8.748374 test
24 Q0 3131394 709 8.747664 test
24 Q0 3122998 710 8.743138 test
24 Q0 3131265 711 8.741636 test
24 Q0 3122096 712 8.734481 test
24 Q0 3132355 713 8.709729 test
24 Q0 3125647 714 8.7037325 test
24 Q0 3125390 715 8.693582 test
24 Q0 3130909 716 8.691812 test
24 Q0 3122086 717 8.684367 test
24 Q0 3127491 718 8.679798 test
24 Q0 3121432 719 8.679748 test
24 Q0 3132670 720 8.678457 test
24 Q0 3130164 721 8.657815 test
24 Q0 3121591 722 8.6446905 test
24 Q0 3127299 723 8.637394 test
24 Q0 3128732 724 8.636027 test
24 Q0 3122728 725 8.632082 test
24 Q0 3124727 726 8.6258745 test
24 Q0 3121681 727 8.623313 test
24 Q0 3121248 728 8.62212 test
24 Q0 3123706 729 8.606546 test
24 Q0 3121083 730 8.606143 test
24 Q0 3121587 731 8.595122 test
24 Q0 3132446 732 8.589657 test
24 Q0 3121069 733 8.583832 test
24 Q0 3127296 734 8.578346 test
24 Q0 3130670 735 8.5756035 test
24 Q0 3124176 736 8.573187 test
24 Q0 3123703 737 8.566498 test
24 Q0 3124462 738 8.562851 test
24 Q0 3129117 739 8.540043 test
24 Q0 3123635 740 8.53751 test
24 Q0 3132043 741 8.519107 test
24 Q0 3128598 742 8.517263 test
24 Q0 3126726 743 8.515114 test
24 Q0 3125960 744 8.501263 test
24 Q0 3130768 745 8.489442 test
24 Q0 3130930 746 8.480203 test
24 Q0 3125141 747 8.473022 test
24 Q0 3122670 748 8.463953 test
24 Q0 3130735 749 8.444352 test
24 Q0 3123814 750 8.442846 test
24 Q0 3121674 751 8.438355 test
24 Q0 3128902 752 8.432489 test
24 Q0 3127301 753 8.43068 test
24 Q0 3120871 754 8.412059 test
24 Q0 3124989 755 8.409978 test
24 Q0 3128722 756 8.409686 test
24 Q0 3124273 757 8.408052 test
24 Q0 3128127 758 8.407207 test
24 Q0 3129114 759 8.397981 test
24 Q0 3122593 760 8.389965 test
24 Q0 3131269 761 8.386934 test
24 Q0 3121337 762 8.368333 test
24 Q0 3125318 763 8.368232 test
24 Q0 3120732 764 8.364987 test
24 Q0 3129577 765 8.361736 test
24 Q0 3129092 766 8.352014 test
24 Q0 3123821 767 8.34961 test
24 Q0 3128591 768 8.342929 test
24 Q0 3128818 769 8.337407 test
24 Q0 3130166 770 8.326859 test
24 Q0 3127355 771 8.318898 test
24 Q0 3132486 772 8.31889 test
24 Q0 3128593 773 8.316529 test
24 Q0 3123578 774 8.314042 test
24 Q0 3122099 775 8.313957 test
24 Q0 3125330 776 8.303148 test
24 Q0 3132498 777 8.303083 test
24 Q0 3128457 778 8.302103 test
24 Q0 3129063 779 8.30142 test
24 Q0 3130373 780 8.299742 test
24 Q0 3128016 781 8.299442 test
24 Q0 3128102 782 8.29234 test
24 Q0 3127383 783 8.2913 test
24 Q0 3127964 784 8.28901 test
24 Q0 3125961 785 8.286009 test
24 Q0 3123566 786 8.285416 test
24 Q0 3124953 787 8.285319 test
24 Q0 3131987 788 8.265181 test
24 Q0 3126982 789 8.263725 test
24 Q0 3132201 790 8.247642 test
24 Q0 3131386 791 8.236844 test
24 Q0 3124838 792 8.236628 test
24 Q0 3129500 793 8.232406 test
24 Q0 3121135 794 8.232136 test
24 Q0 3124051 795 8.224053 test
24 Q0 3127305 796 8.208633 test
24 Q0 3132448 797 8.208275 test
24 Q0 3123261 798 8.206235 test
24 Q0 3127828 799 8.197582 test
24 Q0 3120809 800 8.192438 test
24 Q0 3132352 801 8.184722 test
24 Q0 3128850 802 8.181054 test
24 Q0 3121603 803 8.180089 test
24 Q0 3120997 804 8.1748495 test
24 Q0 3125513 805 8.1650715 test
24 Q0 3128980 806 8.165014 test
24 Q0 3120835 807 8.162566 test
24 Q0 3128365 808 8.161751 test
24 Q0 3122056 809 8.158511 test
24 Q0 3122045 810 8.153162 test
24 Q0 3128843 811 8.149903 test
24 Q0 3121656 812 8.133256 test
24 Q0 3130715 813 8.124443 test
24 Q0 3124027 814 8.122625 test
24 Q0 3131272 815 8.121514 test
24 Q0 3128263 816 8.11099 test
24 Q0 3125722 817 8.108352 test
24 Q0 3123995 818 8.10314 test
24 Q0 3123222 819 8.102397 test
24 Q0 3120684 820 8.102372 test
24 Q0 3122548 821 8.100799 test
24 Q0 3123909 822 8.100475 test
24 Q0 3127800 823 8.093517 test
24 Q0 3123963 824 8.089896 test
24 Q0 3132752 825 8.087454 test
24 Q0 3125149 826 8.084405 test
24 Q0 3130345 827 8.074523 test
24 Q0 3124723 828 8.063055 test
24 Q0 3121651 829 8.058888 test
24 Q0 3128614 830 8.045457 test
24 Q0 3121666 831 8.0351715 test
24 Q0 3131125 832 8.034328 test
24 Q0 3132756 833 8.032285 test
24 Q0 3128030 834 8.022518 test
24 Q0 3121954 835 8.020698 test
24 Q0 3124396 836 8.019375 test
24 Q0 3128052 837 8.019331 test
24 Q0 3124070 838 8.017526 test
24 Q0 3130714 839 8.015747 test
24 Q0 3121950 840 8.014819 test
24 Q0 3125276 841 8.011951 test
24 Q0 3123221 842 8.011745 test
24 Q0 3129581 843 8.008649 test
24 Q0 3131009 844 8.007687 test
24 Q0 3128725 845 8.006631 test
24 Q0 3124141 846 7.998746 test
24 Q0 3121092 847 7.9959025 test
24 Q0 3130912 848 7.99416 test
24 Q0 3121108 849 7.9926643 test
24 Q0 3123457 850 7.9904294 test
24 Q0 3120823 851 7.989299 test
24 Q0 3124253 852 7.9882965 test
24 Q0 3123634 853 7.9867826 test
24 Q0 3128736 854 7.9845886 test
24 Q0 3125359 855 7.980423 test
24 Q0 3123833 856 7.970377 test
24 Q0 3124729 857 7.9684424 test
24 Q0 3131233 858 7.960825 test
24 Q0 3125312 859 7.959133 test
24 Q0 3123317 860 7.955483 test
24 Q0 3129575 861 7.955119 test
24 Q0 3125646 862 7.949486 test
24 Q0 3132095 863 7.94883 test
24 Q0 3127976 864 7.944056 test
24 Q0 3121423 865 7.943914 test
24 Q0 3125951 866 7.9435186 test
24 Q0 3124964 867 7.936034 test
24 Q0 3123162 868 7.933536 test
24 Q0 3125317 869 7.928895 test
24 Q0 3121880 870 7.927806 test
24 Q0 3132035 871 7.925242 test
24 Q0 3131606 872 7.9241223 test
24 Q0 3125702 873 7.923793 test
24 Q0 3129121 874 7.9178367 test
24 Q0 3128863 875 7.9107976 test
24 Q0 3120795 876 7.9046216 test
24 Q0 3129053 877 7.9036565 test
24 Q0 3129763 878 7.90361 test
24 Q0 3122893 879 7.9009695 test
24 Q0 3126774 880 7.887188 test
24 Q0 3123643 881 7.884305 test
24 Q0 3122560 882 7.8789067 test
24 Q0 3131434 883 7.8775578 test
24 Q0 3126773 884 7.8773627 test
24 Q0 3130265 885 7.8769364 test
24 Q0 3127002 886 7.8730817 test
24 Q0 3130674 887 7.8728995 test
24 Q0 3130713 888 7.865467 test
24 Q0 3124409 889 7.857311 test
24 Q0 3130658 890 7.856099 test
24 Q0 3125229 891 7.855771 test
24 Q0 3128711 892 7.8543024 test
24 Q0 3126733 893 7.8537083 test
24 Q0 3127420 894 7.847079 test
24 Q0 3132240 895 7.844907 test
24 Q0 3130997 896 7.8418107 test
24 Q0 3121440 897 7.8360915 test
24 Q0 3129776 898 7.834444 test
24 Q0 3120850 899 7.8281345 test
24 Q0 3125268 900 7.8272643 test
24 Q0 3124483 901 7.8242674 test
24 Q0 3132358 902 7.8217344 test
24 Q0 3124550 903 7.8191257 test
24 Q0 3123648 904 7.803508 test
24 Q0 3122118 905 7.802954 test
24 Q0 3122069 906 7.800877 test
24 Q0 3129089 907 7.800215 test
24 Q0 3128128 908 7.7858233 test
24 Q0 3131303 909 7.7827134 test
24 Q0 3130903 910 7.779502 test
24 Q0 3127852 911 7.779108 test
24 Q0 3128742 912 7.7713695 test
24 Q0 3120752 913 7.760434 test
24 Q0 3129311 914 7.751614 test
24 Q0 3120973 915 7.7515345 test
24 Q0 3128849 916 7.72939 test
24 Q0 3121650 917 7.7261786 test
24 Q0 3121598 918 7.7252016 test
24 Q0 3130342 919 7.715193 test
24 Q0 3128110 920 7.714513 test
24 Q0 3130481 921 7.7087636 test
24 Q0 3129778 922 7.7083435 test
24 Q0 3130113 923 7.7063766 test
24 Q0 3122901 924 7.705409 test
24 Q0 3124521 925 7.69747 test
24 Q0 3125353 926 7.690229 test
24 Q0 3121757 927 7.6890473 test
24 Q0 3122334 928 7.686489 test
24 Q0 3126714 929 7.6820607 test
24 Q0 3127324 930 7.6801596 test
24 Q0 3126976 931 7.679663 test
24 Q0 3129291 932 7.678291 test
24 Q0 3130800 933 7.677025 test
24 Q0 3125283 934 7.670947 test
24 Q0 3126981 935 7.6672835 test
24 Q0 3121652 936 7.6650143 test
24 Q0 3123001 937 7.658686 test
24 Q0 3131543 938 7.652196 test
24 Q0 3125171 939 7.64799 test
24 Q0 3124303 940 7.6446276 test
24 Q0 3121676 941 7.643292 test
24 Q0 3125786 942 7.6381946 test
24 Q0 3129110 943 7.635746 test
24 Q0 3122997 944 7.634579 test
24 Q0 3125228 945 7.630912 test
24 Q0 3121435 946 7.6305175 test
24 Q0 3127817 947 7.6292305 test
24 Q0 312597 948 7.617912 test
24 Q0 3127295 949 7.616589 test
24 Q0 3132528 950 7.611432 test
24 Q0 3127790 951 7.611052 test
24 Q0 3123652 952 7.6103277 test
24 Q0 3125372 953 7.6081376 test
24 Q0 3128904 954 7.6039033 test
24 Q0 3121945 955 7.6027336 test
24 Q0 3121714 956 7.599907 test
24 Q0 3124261 957 7.5975876 test
24 Q0 3128242 958 7.5922165 test
24 Q0 3121633 959 7.5919423 test
24 Q0 3131192 960 7.5861626 test
24 Q0 3123613 961 7.585248 test
24 Q0 3126852 962 7.585208 test
24 Q0 3125101 963 7.58447 test
24 Q0 3129130 964 7.5836506 test
24 Q0 3121427 965 7.578403 test
24 Q0 3131418 966 7.5759926 test
24 Q0 3127778 967 7.575828 test
24 Q0 3126854 968 7.5714955 test
24 Q0 3123210 969 7.570025 test
24 Q0 3121747 970 7.5692225 test
24 Q0 3130558 971 7.5678296 test
24 Q0 3127353 972 7.566319 test
24 Q0 3123557 973 7.565817 test
24 Q0 3129342 974 7.565554 test
24 Q0 3122999 975 7.5570536 test
24 Q0 3130921 976 7.553035 test
24 Q0 3123270 977 7.547399 test
24 Q0 3127327 978 7.543831 test
24 Q0 3120726 979 7.542084 test
24 Q0 3123285 980 7.533418 test
24 Q0 3120841 981 7.5316515 test
24 Q0 3121253 982 7.530922 test
24 Q0 3122068 983 7.5154967 test
24 Q0 3127307 984 7.513059 test
24 Q0 3126767 985 7.5094233 test
24 Q0 3130984 986 7.509005 test
24 Q0 3121138 987 7.5082536 test
24 Q0 3121443 988 7.5055666 test
24 Q0 3131012 989 7.501114 test
24 Q0 3123696 990 7.4894385 test
24 Q0 3130983 991 7.4878836 test
24 Q0 3130135 992 7.487092 test
24 Q0 3127742 993 7.4846764 test
24 Q0 3127833 994 7.477529 test
24 Q0 3132702 995 7.4760885 test
24 Q0 3128723 996 7.470217 test
24 Q0 3123590 997 7.466438 test
24 Q0 3122057 998 7.465855 test
24 Q0 3132488 999 7.4598455 test
24 Q0 3127493 1000 7.458945 test
25 Q0 3132359 1 30.239706 test
25 Q0 3123003 2 27.893023 test
25 Q0 3125006 3 23.953289 test
25 Q0 3125120 4 22.665785 test
25 Q0 3123598 5 21.773394 test
25 Q0 3122985 6 21.18751 test
25 Q0 3123644 7 20.671911 test
25 Q0 3130660 8 20.620806 test
25 Q0 3130490 9 20.497007 test
25 Q0 3130360 10 20.342003 test
25 Q0 3122062 11 20.303741 test
25 Q0 3124753 12 19.839872 test
25 Q0 3132357 13 19.489216 test
25 Q0 3130922 14 19.46382 test
25 Q0 3131258 15 19.334558 test
25 Q0 3123010 16 19.309662 test
25 Q0 3132710 17 19.30254 test
25 Q0 3130662 18 19.193178 test
25 Q0 3130462 19 19.164558 test
25 Q0 3123367 20 19.078299 test
25 Q0 3125000 21 19.053537 test
25 Q0 3132694 22 19.050571 test
25 Q0 3125536 23 19.020977 test
25 Q0 3122380 24 18.846724 test
25 Q0 3121755 25 18.811838 test
25 Q0 3129305 26 18.784994 test
25 Q0 3121267 27 18.601965 test
25 Q0 3131418 28 18.144712 test
25 Q0 3127014 29 17.940512 test
25 Q0 3120790 30 17.81878 test
25 Q0 3130192 31 17.815342 test
25 Q0 3127760 32 17.807476 test
25 Q0 3129323 33 17.55928 test
25 Q0 3122092 34 17.539503 test
25 Q0 3123700 35 17.529919 test
25 Q0 3130746 36 17.381878 test
25 Q0 3126839 37 17.370188 test
25 Q0 3127306 38 17.357811 test
25 Q0 3122986 39 16.914068 test
25 Q0 3131295 40 16.879807 test
25 Q0 3125654 41 16.822763 test
25 Q0 3123366 42 16.735443 test
25 Q0 3131141 43 16.716736 test
25 Q0 3131249 44 16.615953 test
25 Q0 3120736 45 16.582668 test
25 Q0 3125168 46 16.507965 test
25 Q0 3123284 47 16.498247 test
25 Q0 3128123 48 16.35493 test
25 Q0 3125098 49 16.348103 test
25 Q0 3130696 50 16.300533 test
25 Q0 3132160 51 16.2958 test
25 Q0 3130169 52 16.234406 test
25 Q0 3129354 53 16.219805 test
25 Q0 3121695 54 16.201118 test
25 Q0 3125655 55 16.071438 test
25 Q0 3127500 56 16.055223 test
25 Q0 3132730 57 16.050585 test
25 Q0 3121944 58 16.001066 test
25 Q0 3132703 59 15.989983 test
25 Q0 3120727 60 15.873917 test
25 Q0 3131792 61 15.857068 test
25 Q0 3129574 62 15.850215 test
25 Q0 3121616 63 15.760748 test
25 Q0 3123640 64 15.724067 test
25 Q0 3121590 65 15.697224 test
25 Q0 3124499 66 15.644732 test
25 Q0 3130558 67 15.627564 test
25 Q0 3121140 68 15.573525 test
25 Q0 3121741 69 15.553772 test
25 Q0 3127493 70 15.544789 test
25 Q0 3124124 71 15.538733 test
25 Q0 3127756 72 15.505533 test
25 Q0 3120861 73 15.496027 test
25 Q0 3121765 74 15.463962 test
25 Q0 3126695 75 15.427389 test
25 Q0 3124698 76 15.253314 test
25 Q0 3131748 77 15.212593 test
25 Q0 3132680 78 15.208563 test
25 Q0 3123368 79 15.187937 test
25 Q0 3132412 80 15.184915 test
25 Q0 3122530 81 15.184904 test
25 Q0 3128826 82 15.116108 test
25 Q0 3129682 83 15.103682 test
25 Q0 3129955 84 15.09282 test
25 Q0 3121873 85 15.01783 test
25 Q0 3120839 86 14.980494 test
25 Q0 3124301 87 14.937097 test
25 Q0 3120994 88 14.88494 test
25 Q0 3123595 89 14.711126 test
25 Q0 3124329 90 14.698899 test
25 Q0 3127315 91 14.680923 test
25 Q0 3129536 92 14.667302 test
25 Q0 3127116 93 14.598034 test
25 Q0 3129059 94 14.592838 test
25 Q0 3132091 95 14.564209 test
25 Q0 3123906 96 14.544022 test
25 Q0 3124326 97 14.542639 test
25 Q0 3127138 98 14.479298 test
25 Q0 3121606 99 14.467613 test
25 Q0 3123577 100 14.452018 test
25 Q0 3120823 101 14.446538 test
25 Q0 3127751 102 14.418925 test
25 Q0 3120808 103 14.400191 test
25 Q0 3121597 104 14.395435 test
25 Q0 3127009 105 14.279203 test
25 Q0 3132363 106 14.278068 test
25 Q0 3121435 107 14.221013 test
25 Q0 3131613 108 14.204659 test
25 Q0 3123910 109 14.199169 test
25 Q0 3125031 110 14.184604 test
25 Q0 3125391 111 14.166786 test
25 Q0 3130373 112 14.164151 test
25 Q0 3124497 113 14.117232 test
25 Q0 3129113 114 14.080759 test
25 Q0 3127830 115 14.054269 test
25 Q0 3126987 116 13.9866905 test
25 Q0 3131033 117 13.971291 test
25 Q0 3127386 118 13.971181 test
25 Q0 3132702 119 13.916255 test
25 Q0 3132343 120 13.9121 test
25 Q0 3125247 121 13.891408 test
25 Q0 3132061 122 13.881884 test
25 Q0 3121796 123 13.860455 test
25 Q0 3126728 124 13.848797 test
25 Q0 3132170 125 13.8187895 test
25 Q0 3132166 126 13.816879 test
25 Q0 3122984 127 13.806043 test
25 Q0 3124322 128 13.773428 test
25 Q0 3121271 129 13.727463 test
25 Q0 3126736 130 13.719783 test
25 Q0 3121058 131 13.707913 test
25 Q0 3132742 132 13.615396 test
25 Q0 3128067 133 13.53399 test
25 Q0 3132433 134 13.526752 test
25 Q0 3121064 135 13.497508 test
25 Q0 3130140 136 13.483993 test
25 Q0 3128571 137 13.475382 test
25 Q0 3121968 138 13.4516115 test
25 Q0 3132734 139 13.442996 test
25 Q0 3126847 140 13.44166 test
25 Q0 3120746 141 13.392662 test
25 Q0 3127966 142 13.389698 test
25 Q0 3120721 143 13.387412 test
25 Q0 3131716 144 13.371165 test
25 Q0 3132360 145 13.367332 test
25 Q0 3127969 146 13.360485 test
25 Q0 3124788 147 13.34784 test
25 Q0 3128862 148 13.3312435 test
25 Q0 3127153 149 13.322158 test
25 Q0 3121620 150 13.299306 test
25 Q0 3132364 151 13.292466 test
25 Q0 3129290 152 13.292345 test
25 Q0 3130775 153 13.275363 test
25 Q0 3124508 154 13.2268715 test
25 Q0 3126753 155 13.181885 test
25 Q0 3126694 156 13.131096 test
25 Q0 3120792 157 13.129038 test
25 Q0 3131269 158 13.123538 test
25 Q0 3125773 159 13.070364 test
25 Q0 3125361 160 13.061923 test
25 Q0 3123639 161 13.056812 test
25 Q0 3125115 162 13.011162 test
25 Q0 3132366 163 12.9509535 test
25 Q0 3124546 164 12.917079 test
25 Q0 3127495 165 12.9156275 test
25 Q0 3123255 166 12.901034 test
25 Q0 3127987 167 12.897673 test
25 Q0 3128102 168 12.862293 test
25 Q0 3123315 169 12.852512 test
25 Q0 3121736 170 12.850431 test
25 Q0 3130362 171 12.829276 test
25 Q0 3125364 172 12.808101 test
25 Q0 3121774 173 12.797079 test
25 Q0 3124987 174 12.767503 test
25 Q0 3127768 175 12.765022 test
25 Q0 3130716 176 12.742313 test
25 Q0 3132539 177 12.67292 test
25 Q0 3122348 178 12.67265 test
25 Q0 3124730 179 12.651386 test
25 Q0 3120851 180 12.651133 test
25 Q0 3124323 181 12.647975 test
25 Q0 3123624 182 12.613963 test
25 Q0 3120862 183 12.600649 test
25 Q0 3130647 184 12.583151 test
25 Q0 3124386 185 12.574999 test
25 Q0 3128079 186 12.566815 test
25 Q0 3132234 187 12.561531 test
25 Q0 3120733 188 12.486472 test
25 Q0 3120773 189 12.478657 test
25 Q0 3131801 190 12.478511 test
25 Q0 3120837 191 12.4572735 test
25 Q0 3127811 192 12.428921 test
25 Q0 3131756 193 12.420005 test
25 Q0 3125953 194 12.41421 test
25 Q0 3127020 195 12.400677 test
25 Q0 3129083 196 12.390865 test
25 Q0 3131244 197 12.352058 test
25 Q0 3125362 198 12.319426 test
25 Q0 3124645 199 12.318092 test
25 Q0 3125510 200 12.317708 test
25 Q0 3124408 201 12.302465 test
25 Q0 3130047 202 12.285775 test
25 Q0 3121584 203 12.279469 test
25 Q0 3130894 204 12.209013 test
25 Q0 3128930 205 12.20736 test
25 Q0 3124461 206 12.194687 test
25 Q0 3132374 207 12.147113 test
25 Q0 3129047 208 12.13863 test
25 Q0 3121139 209 12.13809 test
25 Q0 3131069 210 12.132059 test
25 Q0 3131594 211 12.104866 test
25 Q0 3121925 212 12.062903 test
25 Q0 3127147 213 11.968395 test
25 Q0 3124412 214 11.961849 test
25 Q0 3129942 215 11.918692 test
25 Q0 3120849 216 11.911044 test
25 Q0 3130977 217 11.905651 test
25 Q0 3130676 218 11.905295 test
25 Q0 3132119 219 11.903617 test
25 Q0 3125359 220 11.90187 test
25 Q0 3123199 221 11.8954315 test
25 Q0 3129043 222 11.886146 test
25 Q0 3123261 223 11.881052 test
25 Q0 3121585 224 11.867793 test
25 Q0 3121085 225 11.863396 test
25 Q0 3127998 226 11.837754 test
25 Q0 3124643 227 11.786945 test
25 Q0 3124731 228 11.752767 test
25 Q0 3132058 229 11.751971 test
25 Q0 3129760 230 11.739778 test
25 Q0 3126854 231 11.7227545 test
25 Q0 3125305 232 11.711399 test
25 Q0 3127978 233 11.696629 test
25 Q0 3132283 234 11.67368 test
25 Q0 3131766 235 11.660179 test
25 Q0 3128058 236 11.657109 test
25 Q0 3128606 237 11.629054 test
25 Q0 3125210 238 11.624731 test
25 Q0 3121630 239 11.61737 test
25 Q0 3131434 240 11.613518 test
25 Q0 3121659 241 11.607648 test
25 Q0 3128598 242 11.59981 test
25 Q0 3132123 243 11.596013 test
25 Q0 3132751 244 11.575773 test
25 Q0 3124990 245 11.571806 test
25 Q0 3127449 246 11.568551 test
25 Q0 3131523 247 11.536168 test
25 Q0 3123257 248 11.535564 test
25 Q0 3122988 249 11.524556 test
25 Q0 3129116 250 11.517038 test
25 Q0 3130765 251 11.51238 test
25 Q0 3120800 252 11.500115 test
25 Q0 3128597 253 11.495317 test
25 Q0 3121747 254 11.486076 test
25 Q0 3129585 255 11.485426 test
25 Q0 3129315 256 11.483931 test
25 Q0 3123293 257 11.479894 test
25 Q0 3124473 258 11.474828 test
25 Q0 3128267 259 11.469523 test
25 Q0 3128009 260 11.453521 test
25 Q0 3122553 261 11.45213 test
25 Q0 3122547 262 11.434791 test
25 Q0 3120757 263 11.432024 test
25 Q0 3127353 264 11.425851 test
25 Q0 3127982 265 11.3947935 test
25 Q0 3124061 266 11.388442 test
25 Q0 3132431 267 11.386893 test
25 Q0 3122555 268 11.385022 test
25 Q0 3130273 269 11.364259 test
25 Q0 3123966 270 11.356273 test
25 Q0 3129588 271 11.354378 test
25 Q0 3128847 272 11.342484 test
25 Q0 3125181 273 11.328131 test
25 Q0 3124432 274 11.300735 test
25 Q0 3125294 275 11.298739 test
25 Q0 3128118 276 11.296423 test
25 Q0 3127833 277 11.285999 test
25 Q0 3127324 278 11.282897 test
25 Q0 3123298 279 11.268714 test
25 Q0 3120832 280 11.268313 test
25 Q0 3121595 281 11.266777 test
25 Q0 3125285 282 11.247426 test
25 Q0 3123008 283 11.241316 test
25 Q0 3121059 284 11.241002 test
25 Q0 3130457 285 11.237799 test
25 Q0 3129066 286 11.207973 test
25 Q0 3120783 287 11.200687 test
25 Q0 3123546 288 11.198176 test
25 Q0 3126988 289 11.17505 test
25 Q0 3127108 290 11.172081 test
25 Q0 3132156 291 11.16295 test
25 Q0 3131131 292 11.150806 test
25 Q0 3125804 293 11.136176 test
25 Q0 3130164 294 11.116873 test
25 Q0 3132370 295 11.107677 test
25 Q0 3130493 296 11.086055 test
25 Q0 3124321 297 11.079206 test
25 Q0 3132041 298 11.077331 test
25 Q0 3128407 299 11.076543 test
25 Q0 3132663 300 11.053327 test
25 Q0 3127319 301 11.052917 test
25 Q0 3129307 302 11.049647 test
25 Q0 3132325 303 11.023656 test
25 Q0 3127783 304 11.014385 test
25 Q0 3120797 305 11.009494 test
25 Q0 3123631 306 10.99922 test
25 Q0 3121674 307 10.9949255 test
25 Q0 3130342 308 10.992833 test
25 Q0 3124446 309 10.960878 test
25 Q0 3121075 310 10.950986 test
25 Q0 3125014 311 10.946685 test
25 Q0 3132238 312 10.939667 test
25 Q0 3125236 313 10.936358 test
25 Q0 3121716 314 10.929502 test
25 Q0 3123243 315 10.915582 test
25 Q0 3131264 316 10.910622 test
25 Q0 3124992 317 10.899267 test
25 Q0 3130127 318 10.889092 test
25 Q0 3125767 319 10.88545 test
25 Q0 3124316 320 10.867926 test
25 Q0 3130768 321 10.86169 test
25 Q0 3122589 322 10.84147 test
25 Q0 3124722 323 10.836942 test
25 Q0 3121650 324 10.836312 test
25 Q0 3131023 325 10.82016 test
25 Q0 3125022 326 10.819074 test
25 Q0 3124728 327 10.792501 test
25 Q0 3126805 328 10.792476 test
25 Q0 3121610 329 10.790601 test
25 Q0 3120740 330 10.788197 test
25 Q0 3132379 331 10.78671 test
25 Q0 3121422 332 10.776329 test
25 Q0 3130440 333 10.77563 test
25 Q0 3120876 334 10.765434 test
25 Q0 3124330 335 10.751146 test
25 Q0 3132755 336 10.732674 test
25 Q0 3120866 337 10.696869 test
25 Q0 3128463 338 10.671041 test
25 Q0 3132375 339 10.645154 test
25 Q0 3126808 340 10.631653 test
25 Q0 3126994 341 10.61367 test
25 Q0 3125237 342 10.6088505 test
25 Q0 3127757 343 10.60442 test
25 Q0 3123339 344 10.59997 test
25 Q0 3124391 345 10.576244 test
25 Q0 3127778 346 10.569274 test
25 Q0 3127844 347 10.556548 test
25 Q0 3124327 348 10.5530405 test
25 Q0 3123172 349 10.538077 test
25 Q0 3130361 350 10.535729 test
25 Q0 3120780 351 10.5292 test
25 Q0 3121095 352 10.524378 test
25 Q0 3128019 353 10.513193 test
25 Q0 3129751 354 10.509604 test
25 Q0 3121956 355 10.505296 test
25 Q0 3120817 356 10.49755 test
25 Q0 3125289 357 10.491548 test
25 Q0 3123646 358 10.478338 test
25 Q0 3122334 359 10.474418 test
25 Q0 3125190 360 10.470477 test
25 Q0 3130672 361 10.46418 test
25 Q0 3121001 362 10.439666 test
25 Q0 3131791 363 10.437759 test
25 Q0 3121588 364 10.413516 test
25 Q0 3125011 365 10.405094 test
25 Q0 3131078 366 10.394535 test
25 Q0 3124933 367 10.387916 test
25 Q0 3124319 368 10.381463 test
25 Q0 3129046 369 10.375287 test
25 Q0 3128865 370 10.346824 test
25 Q0 3125809 371 10.341479 test
25 Q0 3125667 372 10.337801 test
25 Q0 3131384 373 10.337333 test
25 Q0 3125507 374 10.331617 test
25 Q0 3129676 375 10.329425 test
25 Q0 3126768 376 10.325053 test
25 Q0 3131386 377 10.316562 test
25 Q0 3128263 378 10.304993 test
25 Q0 3126815 379 10.300991 test
25 Q0 3128724 380 10.287688 test
25 Q0 3124524 381 10.274869 test
25 Q0 3127834 382 10.271953 test
25 Q0 3132377 383 10.267596 test
25 Q0 3125265 384 10.250828 test
25 Q0 3131279 385 10.226495 test
25 Q0 3124130 386 10.223057 test
25 Q0 3121425 387 10.214907 test
25 Q0 3125189 388 10.209082 test
25 Q0 3123707 389 10.206813 test
25 Q0 3131607 390 10.198882 test
25 Q0 3126999 391 10.194091 test
25 Q0 3128117 392 10.193911 test
25 Q0 3125656 393 10.190999 test
25 Q0 3122993 394 10.190462 test
25 Q0 3121651 395 10.190088 test
25 Q0 3126758 396 10.178215 test
25 Q0 3123314 397 10.167653 test
25 Q0 3123167 398 10.163853 test
25 Q0 3132419 399 10.160773 test
25 Q0 3128617 400 10.159332 test
25 Q0 3125035 401 10.158806 test
25 Q0 3125064 402 10.148275 test
25 Q0 3121680 403 10.124527 test
25 Q0 3126799 404 10.119787 test
25 Q0 3122061 405 10.114893 test
25 Q0 3126790 406 10.10029 test
25 Q0 3130379 407 10.091769 test
25 Q0 3130732 408 10.085505 test
25 Q0 3127750 409 10.079984 test
25 Q0 3125145 410 10.079423 test
25 Q0 3129060 411 10.079121 test
25 Q0 3132367 412 10.073734 test
25 Q0 3130006 413 10.073039 test
25 Q0 3132442 414 10.064023 test
25 Q0 3130378 415 10.055908 test
25 Q0 3132369 416 10.046293 test
25 Q0 3123562 417 10.04518 test
25 Q0 3132697 418 10.042161 test
25 Q0 3132032 419 10.032119 test
25 Q0 3129759 420 10.020289 test
25 Q0 3130460 421 10.017627 test
25 Q0 3121091 422 10.006872 test
25 Q0 3132741 423 10.000723 test
25 Q0 3121789 424 9.986467 test
25 Q0 3127841 425 9.971875 test
25 Q0 3123455 426 9.965944 test
25 Q0 3127991 427 9.963788 test
25 Q0 3132365 428 9.957048 test
25 Q0 3127763 429 9.954758 test
25 Q0 3130345 430 9.942415 test
25 Q0 3127152 431 9.937722 test
25 Q0 3127764 432 9.934564 test
25 Q0 3125003 433 9.933412 test
25 Q0 3123637 434 9.932717 test
25 Q0 3132285 435 9.928744 test
25 Q0 3124248 436 9.927091 test
25 Q0 3127951 437 9.926682 test
25 Q0 3124345 438 9.917611 test
25 Q0 3128932 439 9.895057 test
25 Q0 3123779 440 9.8937 test
25 Q0 3123294 441 9.891769 test
25 Q0 3128388 442 9.887967 test
25 Q0 3127121 443 9.884709 test
25 Q0 3131268 444 9.884172 test
25 Q0 3121599 445 9.870427 test
25 Q0 3125275 446 9.864543 test
25 Q0 3126784 447 9.855504 test
25 Q0 3126764 448 9.854162 test
25 Q0 3122077 449 9.853102 test
25 Q0 3123441 450 9.852371 test
25 Q0 3123653 451 9.844631 test
25 Q0 3128018 452 9.840491 test
25 Q0 3121421 453 9.8379755 test
25 Q0 3131305 454 9.83497 test
25 Q0 3130920 455 9.834458 test
25 Q0 3127357 456 9.833294 test
25 Q0 3121756 457 9.832794 test
25 Q0 3127314 458 9.830037 test
25 Q0 3123821 459 9.824017 test
25 Q0 3131575 460 9.823119 test
25 Q0 3126732 461 9.820293 test
25 Q0 3130984 462 9.815599 test
25 Q0 3130458 463 9.796466 test
25 Q0 3132290 464 9.792186 test
25 Q0 3124454 465 9.789662 test
25 Q0 3132485 466 9.783825 test
25 Q0 3126749 467 9.778293 test
25 Q0 3129064 468 9.768855 test
25 Q0 3130165 469 9.768464 test
25 Q0 3132177 470 9.767977 test
25 Q0 3132468 471 9.764406 test
25 Q0 3131232 472 9.751467 test
25 Q0 3120816 473 9.746939 test
25 Q0 3130257 474 9.736551 test
25 Q0 3120881 475 9.736126 test
25 Q0 3128041 476 9.7295685 test
25 Q0 3126690 477 9.722083 test
25 Q0 3123371 478 9.721622 test
25 Q0 3129019 479 9.720864 test
25 Q0 3125065 480 9.718688 test
25 Q0 3132161 481 9.700091 test
25 Q0 3123330 482 9.698992 test
25 Q0 3131545 483 9.67817 test
25 Q0 3127754 484 9.674649 test
25 Q0 3128593 485 9.664452 test
25 Q0 3124832 486 9.656008 test
25 Q0 3130517 487 9.654113 test
25 Q0 3127418 488 9.644196 test
25 Q0 3121251 489 9.64249 test
25 Q0 3127794 490 9.634654 test
25 Q0 3124732 491 9.631051 test
25 Q0 3125203 492 9.630666 test
25 Q0 3122114 493 9.6219225 test
25 Q0 3128854 494 9.604615 test
25 Q0 3128066 495 9.6027775 test
25 Q0 3123271 496 9.601938 test
25 Q0 3130138 497 9.596663 test
25 Q0 3123169 498 9.5875435 test
25 Q0 3121707 499 9.582896 test
25 Q0 3131130 500 9.578938 test
25 Q0 3120688 501 9.5700245 test
25 Q0 3122999 502 9.569281 test
25 Q0 3129638 503 9.563139 test
25 Q0 3122995 504 9.5619755 test
25 Q0 3120731 505 9.561488 test
25 Q0 3122300 506 9.560524 test
25 Q0 3127346 507 9.559006 test
25 Q0 3129344 508 9.557638 test
25 Q0 3125346 509 9.556875 test
25 Q0 3128088 510 9.55483 test
25 Q0 3132476 511 9.551969 test
25 Q0 3129070 512 9.545403 test
25 Q0 3127854 513 9.54362 test
25 Q0 3132722 514 9.541551 test
25 Q0 3123554 515 9.529732 test
25 Q0 3125224 516 9.510748 test
25 Q0 3121254 517 9.506979 test
25 Q0 3124459 518 9.498721 test
25 Q0 3131257 519 9.495417 test
25 Q0 3132392 520 9.495193 test
25 Q0 3127310 521 9.491891 test
25 Q0 3129120 522 9.488588 test
25 Q0 3127491 523 9.488337 test
25 Q0 3126824 524 9.481096 test
25 Q0 3123207 525 9.474862 test
25 Q0 3130473 526 9.470202 test
25 Q0 3129301 527 9.466391 test
25 Q0 3130781 528 9.458075 test
25 Q0 3130717 529 9.45233 test
25 Q0 3128620 530 9.45031 test
25 Q0 3123589 531 9.445531 test
25 Q0 3132489 532 9.443779 test
25 Q0 3123221 533 9.424516 test
25 Q0 3126846 534 9.419673 test
25 Q0 3132599 535 9.402328 test
25 Q0 3132670 536 9.399639 test
25 Q0 3122597 537 9.399181 test
25 Q0 3124472 538 9.398572 test
25 Q0 3132237 539 9.397574 test
25 Q0 3131276 540 9.387865 test
25 Q0 3123813 541 9.386153 test
25 Q0 3129057 542 9.36846 test
25 Q0 3122596 543 9.367474 test
25 Q0 3126766 544 9.365877 test
25 Q0 3131116 545 9.359272 test
25 Q0 3123285 546 9.357504 test
25 Q0 3128608 547 9.350399 test
25 Q0 3124891 548 9.344044 test
25 Q0 3128900 549 9.33796 test
25 Q0 3128580 550 9.33141 test
25 Q0 3127316 551 9.319197 test
25 Q0 3129068 552 9.299049 test
25 Q0 3129576 553 9.292659 test
25 Q0 3124922 554 9.285959 test
25 Q0 3132331 555 9.285773 test
25 Q0 3122545 556 9.279461 test
25 Q0 3128848 557 9.272671 test
25 Q0 3131299 558 9.265998 test
25 Q0 3129061 559 9.251556 test
25 Q0 3121955 560 9.250583 test
25 Q0 3131526 561 9.248758 test
25 Q0 3132373 562 9.228934 test
25 Q0 3129353 563 9.224261 test
25 Q0 3124423 564 9.220568 test
25 Q0 3132674 565 9.219038 test
25 Q0 3123009 566 9.218034 test
25 Q0 3127795 567 9.210002 test
25 Q0 3127753 568 9.204631 test
25 Q0 3124675 569 9.187766 test
25 Q0 3128049 570 9.1875105 test
25 Q0 3123512 571 9.187484 test
25 Q0 3130982 572 9.180087 test
25 Q0 3131732 573 9.17516 test
25 Q0 3124496 574 9.171494 test
25 Q0 3123714 575 9.169416 test
25 Q0 3123373 576 9.162453 test
25 Q0 3130480 577 9.159414 test
25 Q0 3128135 578 9.157636 test
25 Q0 3129345 579 9.157489 test
25 Q0 3132335 580 9.157355 test
25 Q0 3131000 581 9.151469 test
25 Q0 3128727 582 9.142225 test
25 Q0 3123737 583 9.141586 test
25 Q0 3128602 584 9.13757 test
25 Q0 3132376 585 9.136045 test
25 Q0 3121607 586 9.1330185 test
25 Q0 3123290 587 9.124011 test
25 Q0 3121600 588 9.12147 test
25 Q0 3132332 589 9.121136 test
25 Q0 3125142 590 9.11618 test
25 Q0 3123515 591 9.111016 test
25 Q0 3120707 592 9.107625 test
25 Q0 3122097 593 9.094783 test
25 Q0 3128896 594 9.091714 test
25 Q0 3132129 595 9.090602 test
25 Q0 3132118 596 9.085648 test
25 Q0 3123000 597 9.060371 test
25 Q0 3132709 598 9.053293 test
25 Q0 3121092 599 9.049377 test
25 Q0 3125033 600 9.04776 test
25 Q0 3129292 601 9.036111 test
25 Q0 3125384 602 9.032228 test
25 Q0 3121797 603 9.024292 test
25 Q0 3129758 604 9.017086 test
25 Q0 3129101 605 9.013799 test
25 Q0 3128133 606 9.00642 test
25 Q0 3124471 607 9.000287 test
25 Q0 3128004 608 8.984855 test
25 Q0 3124460 609 8.983765 test
25 Q0 3127950 610 8.98159 test
25 Q0 3130045 611 8.981379 test
25 Q0 3131535 612 8.971923 test
25 Q0 3120705 613 8.959216 test
25 Q0 3125214 614 8.958547 test
25 Q0 3130631 615 8.947231 test
25 Q0 3131194 616 8.935178 test
25 Q0 3132693 617 8.930248 test
25 Q0 3128817 618 8.929943 test
25 Q0 3125164 619 8.92902 test
25 Q0 3127986 620 8.926349 test
25 Q0 3125235 621 8.919313 test
25 Q0 3127769 622 8.912072 test
25 Q0 3130176 623 8.893209 test
25 Q0 3124935 624 8.8884115 test
25 Q0 3129123 625 8.884864 test
25 Q0 3129035 626 8.876382 test
25 Q0 3123642 627 8.87471 test
25 Q0 3129065 628 8.865785 test
25 Q0 3120749 629 8.85882 test
25 Q0 3127758 630 8.857618 test
25 Q0 3124448 631 8.855392 test
25 Q0 3120735 632 8.849453 test
25 Q0 3126989 633 8.845205 test
25 Q0 3123643 634 8.841369 test
25 Q0 3120745 635 8.839963 test
25 Q0 3130258 636 8.838538 test
25 Q0 3128068 637 8.831517 test
25 Q0 3120681 638 8.819473 test
25 Q0 3123192 639 8.818774 test
25 Q0 3125762 640 8.81634 test
25 Q0 3132720 641 8.812582 test
25 Q0 3131254 642 8.807358 test
25 Q0 3123831 643 8.803859 test
25 Q0 3130933 644 8.783868 test
25 Q0 3124862 645 8.783065 test
25 Q0 3127303 646 8.7662945 test
25 Q0 3132158 647 8.759708 test
25 Q0 3124016 648 8.757614 test
25 Q0 3125277 649 8.752789 test
25 Q0 3123303 650 8.752686 test
25 Q0 3130135 651 8.752225 test
25 Q0 3127309 652 8.748917 test
25 Q0 3129639 653 8.745171 test
25 Q0 3129778 654 8.743893 test
25 Q0 3129352 655 8.741017 test
25 Q0 3130492 656 8.734306 test
25 Q0 3120748 657 8.733911 test
25 Q0 3130709 658 8.719936 test
25 Q0 3125550 659 8.719743 test
25 Q0 3129103 660 8.71853 test
25 Q0 3128097 661 8.718289 test
25 Q0 3131729 662 8.717218 test
25 Q0 3121709 663 8.70617 test
25 Q0 3128979 664 8.704997 test
25 Q0 3132610 665 8.702577 test
25 Q0 3122094 666 8.699767 test
25 Q0 3127499 667 8.698065 test
25 Q0 3123274 668 8.685536 test
25 Q0 3130915 669 8.68533 test
25 Q0 3128941 670 8.680411 test
25 Q0 3123550 671 8.676051 test
25 Q0 3123198 672 8.66885 test
25 Q0 3124289 673 8.666825 test
25 Q0 3130909 674 8.663619 test
25 Q0 3123651 675 8.64869 test
25 Q0 3124687 676 8.645243 test
25 Q0 3124536 677 8.643863 test
25 Q0 3128733 678 8.639295 test
25 Q0 3127744 679 8.639163 test
25 Q0 3127312 680 8.635198 test
25 Q0 3125369 681 8.633029 test
25 Q0 3130011 682 8.624247 test
25 Q0 3125542 683 8.620029 test
25 Q0 3132316 684 8.618717 test
25 Q0 3129757 685 8.597286 test
25 Q0 3128732 686 8.5953245 test
25 Q0 3124453 687 8.580574 test
25 Q0 3132721 688 8.5722275 test
25 Q0 3121582 689 8.570841 test
25 Q0 3129951 690 8.5561905 test
25 Q0 3129343 691 8.553179 test
25 Q0 3132682 692 8.551071 test
25 Q0 3127106 693 8.545283 test
25 Q0 3125328 694 8.537191 test
25 Q0 3132204 695 8.520949 test
25 Q0 3121665 696 8.510721 test
25 Q0 3132699 697 8.496826 test
25 Q0 3124540 698 8.495139 test
25 Q0 3126760 699 8.491253 test
25 Q0 3125476 700 8.487269 test
25 Q0 3127307 701 8.485371 test
25 Q0 3122544 702 8.472456 test
25 Q0 3124051 703 8.466741 test
25 Q0 3120997 704 8.464542 test
25 Q0 3128134 705 8.456261 test
25 Q0 3124122 706 8.4452915 test
25 Q0 3132351 707 8.442061 test
25 Q0 3121430 708 8.441965 test
25 Q0 3124673 709 8.440155 test
25 Q0 3131537 710 8.439436 test
25 Q0 3128268 711 8.437738 test
25 Q0 3123822 712 8.436996 test
25 Q0 3130488 713 8.427265 test
25 Q0 3131263 714 8.415445 test
25 Q0 3125960 715 8.413945 test
25 Q0 3121083 716 8.4133215 test
25 Q0 3128839 717 8.408093 test
25 Q0 3124464 718 8.405442 test
25 Q0 3121304 719 8.404867 test
25 Q0 3123301 720 8.397326 test
25 Q0 3128254 721 8.394174 test
25 Q0 3122552 722 8.392241 test
25 Q0 3132046 723 8.377517 test
25 Q0 3132736 724 8.373775 test
25 Q0 3132732 725 8.360727 test
25 Q0 3131012 726 8.360387 test
25 Q0 3124449 727 8.352943 test
25 Q0 3130691 728 8.347772 test
25 Q0 3125027 729 8.347514 test
25 Q0 3120750 730 8.345217 test
25 Q0 3120774 731 8.339776 test
25 Q0 3121442 732 8.33949 test
25 Q0 3132276 733 8.338082 test
25 Q0 3127765 734 8.333293 test
25 Q0 3129089 735 8.325273 test
25 Q0 3122068 736 8.325273 test
25 Q0 3128266 737 8.324381 test
25 Q0 3132724 738 8.3229685 test
25 Q0 3125162 739 8.32243 test
25 Q0 3123260 740 8.301709 test
25 Q0 3127814 741 8.283729 test
25 Q0 3127146 742 8.280746 test
25 Q0 3128592 743 8.277932 test
25 Q0 3127976 744 8.273849 test
25 Q0 3132711 745 8.269911 test
25 Q0 3126224 746 8.256045 test
25 Q0 3130173 747 8.254413 test
25 Q0 3125233 748 8.248587 test
25 Q0 3127801 749 8.246281 test
25 Q0 3120709 750 8.246135 test
25 Q0 3130469 751 8.24458 test
25 Q0 3120751 752 8.24194 test
25 Q0 3131983 753 8.240379 test
25 Q0 3127420 754 8.239543 test
25 Q0 3131676 755 8.233924 test
25 Q0 3128028 756 8.224327 test
25 Q0 3121876 757 8.2237835 test
25 Q0 3126997 758 8.22238 test
25 Q0 3127318 759 8.221805 test
25 Q0 3129124 760 8.221197 test
25 Q0 3123623 761 8.220436 test
25 Q0 3128206 762 8.214451 test
25 Q0 3127415 763 8.211037 test
25 Q0 3132239 764 8.207334 test
25 Q0 3128818 765 8.203674 test
25 Q0 3129943 766 8.199301 test
25 Q0 3127321 767 8.19908 test
25 Q0 3124686 768 8.198389 test
25 Q0 3128024 769 8.193785 test
25 Q0 3131760 770 8.181209 test
25 Q0 3131771 771 8.178199 test
25 Q0 3124982 772 8.159818 test
25 Q0 3132500 773 8.1589985 test
25 Q0 3122042 774 8.157406 test
25 Q0 3130931 775 8.1551895 test
25 Q0 3132371 776 8.151518 test
25 Q0 3123250 777 8.150109 test
25 Q0 3122384 778 8.148597 test
25 Q0 3126977 779 8.141205 test
25 Q0 3128556 780 8.139706 test
25 Q0 3121670 781 8.139354 test
25 Q0 3125736 782 8.138633 test
25 Q0 3132513 783 8.1381 test
25 Q0 3127007 784 8.131705 test
25 Q0 3122587 785 8.127613 test
25 Q0 3129040 786 8.121568 test
25 Q0 3130680 787 8.121469 test
25 Q0 3125257 788 8.116568 test
25 Q0 3123814 789 8.109943 test
25 Q0 3122163 790 8.105898 test
25 Q0 3131270 791 8.104987 test
25 Q0 3127297 792 8.1001215 test
25 Q0 3121800 793 8.098614 test
25 Q0 3129117 794 8.098015 test
25 Q0 3128601 795 8.095749 test
25 Q0 3130674 796 8.0930605 test
25 Q0 3120865 797 8.091929 test
25 Q0 3126803 798 8.084089 test
25 Q0 3131608 799 8.07819 test
25 Q0 3123177 800 8.072878 test
25 Q0 3132443 801 8.067071 test
25 Q0 3132095 802 8.063127 test
25 Q0 3131586 803 8.047579 test
25 Q0 3132672 804 8.045953 test
25 Q0 3123322 805 8.044333 test
25 Q0 3128128 806 8.03753 test
25 Q0 3123191 807 8.036489 test
25 Q0 3123194 808 8.033585 test
25 Q0 3130769 809 8.030555 test
25 Q0 3120856 810 8.029764 test
25 Q0 3130464 811 8.02039 test
25 Q0 3126710 812 8.016215 test
25 Q0 3131399 813 8.012623 test
25 Q0 3130713 814 8.008544 test
25 Q0 3127960 815 8.000281 test
25 Q0 3127802 816 7.9991984 test
25 Q0 3128070 817 7.998795 test
25 Q0 3123352 818 7.996824 test
25 Q0 3128014 819 7.9956484 test
25 Q0 3127131 820 7.9920135 test
25 Q0 3124304 821 7.9868574 test
25 Q0 3129039 822 7.984219 test
25 Q0 3124886 823 7.981449 test
25 Q0 3125341 824 7.979432 test
25 Q0 3125215 825 7.975778 test
25 Q0 3127789 826 7.975697 test
25 Q0 3125697 827 7.97326 test
25 Q0 3123655 828 7.965247 test
25 Q0 3125161 829 7.9636354 test
25 Q0 3121264 830 7.9539757 test
25 Q0 3120819 831 7.953299 test
25 Q0 3125659 832 7.9478655 test
25 Q0 3128599 833 7.9243135 test
25 Q0 3128895 834 7.922342 test
25 Q0 3131389 835 7.9203506 test
25 Q0 3132542 836 7.9143085 test
25 Q0 3128607 837 7.9130373 test
25 Q0 3129326 838 7.911809 test
25 Q0 3127975 839 7.90969 test
25 Q0 3125375 840 7.908941 test
25 Q0 3131288 841 7.9065647 test
25 Q0 3127577 842 7.9062896 test
25 Q0 3124360 843 7.905743 test
25 Q0 3125243 844 7.896139 test
25 Q0 3120761 845 7.895016 test
25 Q0 3122282 846 7.89426 test
25 Q0 3127818 847 7.892933 test
25 Q0 3131615 848 7.8847156 test
25 Q0 3120873 849 7.8735337 test
25 Q0 3122067 850 7.8689065 test
25 Q0 3123011 851 7.864196 test
25 Q0 3126707 852 7.863094 test
25 Q0 3127329 853 7.8592005 test
25 Q0 3129135 854 7.8491406 test
25 Q0 3122670 855 7.835539 test
25 Q0 3131016 856 7.832498 test
25 Q0 3128746 857 7.832341 test
25 Q0 3120999 858 7.826061 test
25 Q0 3122091 859 7.8220935 test
25 Q0 3132486 860 7.821169 test
25 Q0 3130145 861 7.8163705 test
25 Q0 3128864 862 7.808813 test
25 Q0 3125196 863 7.8065524 test
25 Q0 3120871 864 7.805398 test
25 Q0 3127817 865 7.798713 test
25 Q0 3129013 866 7.791618 test
25 Q0 3125278 867 7.7842917 test
25 Q0 3124670 868 7.7758408 test
25 Q0 3121583 869 7.7704372 test
25 Q0 3129042 870 7.7647867 test
25 Q0 3128365 871 7.7592373 test
25 Q0 3132233 872 7.758127 test
25 Q0 3123358 873 7.754994 test
25 Q0 3130682 874 7.754257 test
25 Q0 3126837 875 7.7495193 test
25 Q0 3128705 876 7.748331 test
25 Q0 3120983 877 7.743981 test
25 Q0 3129768 878 7.7400236 test
25 Q0 3121603 879 7.739763 test
25 Q0 3129077 880 7.7373543 test
25 Q0 3128947 881 7.737297 test
25 Q0 3121296 882 7.7338786 test
25 Q0 3124435 883 7.727547 test
25 Q0 3132092 884 7.7268457 test
25 Q0 3127011 885 7.7266235 test
25 Q0 3131515 886 7.7265315 test
25 Q0 3125298 887 7.7247186 test
25 Q0 3123317 888 7.720128 test
25 Q0 3129500 889 7.713714 test
25 Q0 3127952 890 7.7114515 test
25 Q0 3130714 891 7.7106757 test
25 Q0 3130293 892 7.71059 test
25 Q0 3128700 893 7.707666 test
25 Q0 3120836 894 7.698784 test
25 Q0 3130690 895 7.697567 test
25 Q0 3123509 896 7.697554 test
25 Q0 3132493 897 7.6935987 test
25 Q0 3127498 898 7.6813593 test
25 Q0 3130113 899 7.678282 test
25 Q0 3132039 900 7.675466 test
25 Q0 3132127 901 7.6685452 test
25 Q0 3123635 902 7.6623516 test
25 Q0 3125194 903 7.6581483 test
25 Q0 3129671 904 7.657622 test
25 Q0 3130191 905 7.6561737 test
25 Q0 3128007 906 7.6544585 test
25 Q0 3124493 907 7.652921 test
25 Q0 3132163 908 7.6502433 test
25 Q0 3132726 909 7.633965 test
25 Q0 3125028 910 7.6336126 test
25 Q0 3128193 911 7.6299286 test
25 Q0 3125647 912 7.6268206 test
25 Q0 3121973 913 7.6082244 test
25 Q0 3123963 914 7.604924 test
25 Q0 3120747 915 7.599406 test
25 Q0 3128846 916 7.5937257 test
25 Q0 3120771 917 7.58566 test
25 Q0 3121252 918 7.5848575 test
25 Q0 3125041 919 7.580064 test
25 Q0 3125771 920 7.5795455 test
25 Q0 3126840 921 7.5723543 test
25 Q0 3132692 922 7.572205 test
25 Q0 3130914 923 7.5690312 test
25 Q0 3130023 924 7.567631 test
25 Q0 3125061 925 7.5645003 test
25 Q0 3122506 926 7.5615554 test
25 Q0 3128855 927 7.5614204 test
25 Q0 3130143 928 7.546933 test
25 Q0 3129587 929 7.5449967 test
25 Q0 3132125 930 7.542571 test
25 Q0 3132448 931 7.5387483 test
25 Q0 3130043 932 7.535288 test
25 Q0 3130029 933 7.5352044 test
25 Q0 3124462 934 7.534041 test
25 Q0 3130712 935 7.5321035 test
25 Q0 3121708 936 7.52895 test
25 Q0 3124931 937 7.5250974 test
25 Q0 3132336 938 7.523214 test
25 Q0 3125772 939 7.51954 test
25 Q0 3124484 940 7.518131 test
25 Q0 3129079 941 7.512034 test
25 Q0 3129131 942 7.4981847 test
25 Q0 3127977 943 7.497059 test
25 Q0 3121762 944 7.4965253 test
25 Q0 3128866 945 7.4964204 test
25 Q0 3131560 946 7.4893217 test
25 Q0 3124469 947 7.486361 test
25 Q0 3130748 948 7.484526 test
25 Q0 3125192 949 7.4760447 test
25 Q0 3132748 950 7.4756184 test
25 Q0 3131009 951 7.4734454 test
25 Q0 3130040 952 7.47249 test
25 Q0 3123566 953 7.462143 test
25 Q0 3131717 954 7.4609604 test
25 Q0 3121746 955 7.453411 test
25 Q0 3124500 956 7.453223 test
25 Q0 3128752 957 7.433788 test
25 Q0 3123702 958 7.433381 test
25 Q0 3129121 959 7.4328136 test
25 Q0 3131723 960 7.429829 test
25 Q0 3131390 961 7.4296465 test
25 Q0 3126813 962 7.425716 test
25 Q0 3121282 963 7.4232664 test
25 Q0 3120883 964 7.4195466 test
25 Q0 3126726 965 7.4115067 test
25 Q0 3125021 966 7.4057198 test
25 Q0 3124991 967 7.4019527 test
25 Q0 3127382 968 7.3905964 test
25 Q0 3132121 969 7.390273 test
25 Q0 3123325 970 7.3885627 test
25 Q0 3123749 971 7.387435 test
25 Q0 3125296 972 7.386323 test
25 Q0 3121685 973 7.3827615 test
25 Q0 3125366 974 7.382753 test
25 Q0 3125317 975 7.3823714 test
25 Q0 3132488 976 7.374115 test
25 Q0 3130678 977 7.373178 test
25 Q0 3121172 978 7.3721237 test
25 Q0 3126844 979 7.370981 test
25 Q0 3129058 980 7.3705163 test
25 Q0 3131772 981 7.3597064 test
25 Q0 3126722 982 7.359225 test
25 Q0 3132739 983 7.3518834 test
25 Q0 3130031 984 7.3516946 test
25 Q0 3124159 985 7.3419185 test
25 Q0 3123996 986 7.339627 test
25 Q0 3129519 987 7.3225746 test
25 Q0 3132368 988 7.320108 test
25 Q0 3131302 989 7.319931 test
25 Q0 3125105 990 7.319254 test
25 Q0 3124692 991 7.3151717 test
25 Q0 3121648 992 7.3141336 test
25 Q0 3131037 993 7.312911 test
25 Q0 3123818 994 7.3070955 test
25 Q0 3129642 995 7.293323 test
25 Q0 3125193 996 7.291859 test
25 Q0 3132746 997 7.286778 test
25 Q0 3121739 998 7.283598 test
25 Q0 3125522 999 7.2806454 test
25 Q0 3128716 1000 7.2806416 test
26 Q0 3123601 1 24.564486 test
26 Q0 3120730 2 23.066902 test
26 Q0 3120733 3 21.414757 test
26 Q0 3132706 4 21.256613 test
26 Q0 3123321 5 21.144558 test
26 Q0 3121652 6 20.90507 test
26 Q0 3121651 7 19.415367 test
26 Q0 3121613 8 18.88605 test
26 Q0 3125035 9 18.549068 test
26 Q0 3130136 10 18.042896 test
26 Q0 3122366 11 17.7952 test
26 Q0 3120763 12 17.641464 test
26 Q0 3126755 13 17.616879 test
26 Q0 3126754 14 17.58833 test
26 Q0 3131120 15 17.40708 test
26 Q0 3128011 16 17.349842 test
26 Q0 3123249 17 16.980547 test
26 Q0 3125030 18 16.660006 test
26 Q0 3130698 19 16.635633 test
26 Q0 3131126 20 16.574442 test
26 Q0 3124144 21 16.537977 test
26 Q0 3131393 22 16.008524 test
26 Q0 3126988 23 15.589953 test
26 Q0 3132199 24 15.004155 test
26 Q0 3129028 25 14.944544 test
26 Q0 3130021 26 14.8034315 test
26 Q0 3123636 27 14.569183 test
26 Q0 3127145 28 14.108612 test
26 Q0 3129061 29 13.92526 test
26 Q0 3120685 30 13.668003 test
26 Q0 3124523 31 13.635112 test
26 Q0 3127975 32 13.6077585 test
26 Q0 3125021 33 13.576458 test
26 Q0 3128623 34 13.489717 test
26 Q0 3125146 35 13.290532 test
26 Q0 3125626 36 13.290338 test
26 Q0 3121610 37 13.175728 test
26 Q0 3120734 38 13.088498 test
26 Q0 3125244 39 13.07508 test
26 Q0 3130729 40 13.064887 test
26 Q0 3120773 41 13.001204 test
26 Q0 3120968 42 12.863721 test
26 Q0 3126989 43 12.84581 test
26 Q0 3125383 44 12.841211 test
26 Q0 3125144 45 12.800417 test
26 Q0 3132720 46 12.7906275 test
26 Q0 3120731 47 12.768709 test
26 Q0 3132235 48 12.749522 test
26 Q0 3128932 49 12.708912 test
26 Q0 3123167 50 12.701795 test
26 Q0 3132200 51 12.4928665 test
26 Q0 3127976 52 12.462007 test
26 Q0 3127002 53 12.45642 test
26 Q0 3130744 54 12.426198 test
26 Q0 3126844 55 12.340112 test
26 Q0 3120869 56 12.193984 test
26 Q0 3130699 57 12.074892 test
26 Q0 3130683 58 12.074717 test
26 Q0 3125139 59 11.964073 test
26 Q0 3130957 60 11.963639 test
26 Q0 3125516 61 11.922935 test
26 Q0 3125382 62 11.894324 test
26 Q0 3126756 63 11.89318 test
26 Q0 3121650 64 11.832215 test
26 Q0 3121720 65 11.797203 test
26 Q0 3129519 66 11.740602 test
26 Q0 3131125 67 11.720899 test
26 Q0 3126795 68 11.630072 test
26 Q0 3128980 69 11.575225 test
26 Q0 3123616 70 11.55219 test
26 Q0 3129515 71 11.544991 test
26 Q0 3126986 72 11.492376 test
26 Q0 3126985 73 11.359791 test
26 Q0 3120807 74 11.348959 test
26 Q0 3127959 75 11.237933 test
26 Q0 3120792 76 11.146357 test
26 Q0 3123246 77 11.145065 test
26 Q0 3130667 78 10.971059 test
26 Q0 3128022 79 10.817317 test
26 Q0 3129586 80 10.774965 test
26 Q0 3130384 81 10.752787 test
26 Q0 3123602 82 10.653075 test
26 Q0 3121964 83 10.621224 test
26 Q0 3132367 84 10.59043 test
26 Q0 3126704 85 10.586274 test
26 Q0 3132748 86 10.551507 test
26 Q0 3126694 87 10.537137 test
26 Q0 3121609 88 10.524063 test
26 Q0 3125374 89 10.4656925 test
26 Q0 3132236 90 10.4255495 test
26 Q0 3132504 91 10.399312 test
26 Q0 3123706 92 10.397318 test
26 Q0 3125177 93 10.335856 test
26 Q0 3125138 94 10.322225 test
26 Q0 3124125 95 10.305968 test
26 Q0 3131279 96 10.285014 test
26 Q0 3123207 97 10.269538 test
26 Q0 3122599 98 10.250444 test
26 Q0 3125216 99 10.243465 test
26 Q0 3128020 100 10.202964 test
26 Q0 3129305 101 10.118285 test
26 Q0 3132229 102 10.116439 test
26 Q0 3123279 103 10.095187 test
26 Q0 3121607 104 10.076889 test
26 Q0 3126744 105 10.050184 test
26 Q0 3126850 106 10.031582 test
26 Q0 3130709 107 10.028288 test
26 Q0 3127970 108 10.014831 test
26 Q0 3131122 109 10.002426 test
26 Q0 3121881 110 9.923555 test
26 Q0 3127851 111 9.91303 test
26 Q0 3132231 112 9.896955 test
26 Q0 3127861 113 9.876502 test
26 Q0 3120808 114 9.872933 test
26 Q0 3128010 115 9.860986 test
26 Q0 3125362 116 9.844024 test
26 Q0 3127799 117 9.7881365 test
26 Q0 3122585 118 9.783742 test
26 Q0 3129352 119 9.78346 test
26 Q0 3125178 120 9.764597 test
26 Q0 3129109 121 9.712122 test
26 Q0 3128383 122 9.707785 test
26 Q0 3128851 123 9.70169 test
26 Q0 3128072 124 9.657069 test
26 Q0 3123169 125 9.628973 test
26 Q0 3123513 126 9.619602 test
26 Q0 3130771 127 9.577344 test
26 Q0 3127948 128 9.519493 test
26 Q0 3127319 129 9.517331 test
26 Q0 3125142 130 9.50672 test
26 Q0 3121637 131 9.497367 test
26 Q0 3131509 132 9.492766 test
26 Q0 3123213 133 9.484574 test
26 Q0 3128382 134 9.477784 test
26 Q0 3131512 135 9.476376 test
26 Q0 3124966 136 9.467344 test
26 Q0 3131124 137 9.451495 test
26 Q0 3130036 138 9.409346 test
26 Q0 3132028 139 9.3874655 test
26 Q0 3129669 140 9.385467 test
26 Q0 3121137 141 9.383679 test
26 Q0 3129011 142 9.354829 test
26 Q0 3128714 143 9.348944 test
26 Q0 3125307 144 9.274689 test
26 Q0 3124270 145 9.273982 test
26 Q0 3126695 146 9.266026 test
26 Q0 3121627 147 9.244571 test
26 Q0 3123250 148 9.232962 test
26 Q0 3121279 149 9.208281 test
26 Q0 3128846 150 9.1905575 test
26 Q0 3125776 151 9.171349 test
26 Q0 3130670 152 9.130497 test
26 Q0 3121955 153 9.102942 test
26 Q0 3123221 154 9.096454 test
26 Q0 3123174 155 9.094875 test
26 Q0 3129295 156 9.090541 test
26 Q0 3121127 157 9.065482 test
26 Q0 3131011 158 9.06486 test
26 Q0 3123701 159 9.052425 test
26 Q0 3123571 160 8.996542 test
26 Q0 3123749 161 8.987023 test
26 Q0 3129293 162 8.97875 test
26 Q0 3123214 163 8.94437 test
26 Q0 3123285 164 8.934539 test
26 Q0 3130929 165 8.931841 test
26 Q0 3128049 166 8.906809 test
26 Q0 3121691 167 8.882333 test
26 Q0 3120856 168 8.847041 test
26 Q0 3126983 169 8.831794 test
26 Q0 3130684 170 8.829599 test
26 Q0 3123283 171 8.742113 test
26 Q0 3127085 172 8.677059 test
26 Q0 3125341 173 8.623778 test
26 Q0 3121659 174 8.62018 test
26 Q0 3129537 175 8.6035185 test
26 Q0 3120673 176 8.586685 test
26 Q0 3126987 177 8.572976 test
26 Q0 3127379 178 8.571227 test
26 Q0 3130794 179 8.566677 test
26 Q0 3124124 180 8.516752 test
26 Q0 3132205 181 8.484746 test
26 Q0 3132043 182 8.479164 test
26 Q0 3123589 183 8.4786215 test
26 Q0 3131116 184 8.419655 test
26 Q0 3128981 185 8.401506 test
26 Q0 3132234 186 8.397776 test
26 Q0 3126782 187 8.390458 test
26 Q0 3124241 188 8.377169 test
26 Q0 3125194 189 8.35576 test
26 Q0 3129959 190 8.331675 test
26 Q0 3132239 191 8.316374 test
26 Q0 3127766 192 8.279831 test
26 Q0 3120888 193 8.237969 test
26 Q0 3129520 194 8.237417 test
26 Q0 3123518 195 8.235032 test
26 Q0 3127293 196 8.215718 test
26 Q0 3121654 197 8.194555 test
26 Q0 3126810 198 8.185747 test
26 Q0 3127383 199 8.174723 test
26 Q0 3126753 200 8.167052 test
26 Q0 3132717 201 8.163091 test
26 Q0 3132509 202 8.1398535 test
26 Q0 3120774 203 8.127741 test
26 Q0 3132589 204 8.1214 test
26 Q0 3121653 205 8.119606 test
26 Q0 3123257 206 8.109206 test
26 Q0 3123603 207 8.078179 test
26 Q0 3122339 208 8.062976 test
26 Q0 3130139 209 8.060559 test
26 Q0 3123245 210 8.019796 test
26 Q0 3123248 211 8.019692 test
26 Q0 3129009 212 8.014702 test
26 Q0 3125028 213 8.001098 test
26 Q0 3128894 214 7.996721 test
26 Q0 3130772 215 7.9910707 test
26 Q0 3130354 216 7.9804387 test
26 Q0 3125207 217 7.974899 test
26 Q0 3128933 218 7.972445 test
26 Q0 3128012 219 7.9654045 test
26 Q0 3131101 220 7.965191 test
26 Q0 3125029 221 7.908073 test
26 Q0 3130345 222 7.8792515 test
26 Q0 3129308 223 7.876628 test
26 Q0 3128847 224 7.844114 test
26 Q0 3123604 225 7.841713 test
26 Q0 3132440 226 7.8416758 test
26 Q0 3123247 227 7.837447 test
26 Q0 3127994 228 7.834505 test
26 Q0 3126707 229 7.8342843 test
26 Q0 3132501 230 7.8238583 test
26 Q0 3123593 231 7.823726 test
26 Q0 3132530 232 7.8181324 test
26 Q0 3125023 233 7.804267 test
26 Q0 3123346 234 7.792589 test
26 Q0 3121129 235 7.7591114 test
26 Q0 3124551 236 7.756404 test
26 Q0 3130009 237 7.74843 test
26 Q0 3120691 238 7.737397 test
26 Q0 3120882 239 7.726259 test
26 Q0 3130013 240 7.720018 test
26 Q0 3130658 241 7.719696 test
26 Q0 3130910 242 7.7045765 test
26 Q0 3121741 243 7.6962 test
26 Q0 3120851 244 7.6957273 test
26 Q0 3124123 245 7.694536 test
26 Q0 3126853 246 7.684416 test
26 Q0 3127858 247 7.6799393 test
26 Q0 3120790 248 7.6687384 test
26 Q0 3127963 249 7.6560717 test
26 Q0 3123568 250 7.647535 test
26 Q0 3127801 251 7.6442256 test
26 Q0 3131766 252 7.643457 test
26 Q0 3132315 253 7.627354 test
26 Q0 3125181 254 7.625356 test
26 Q0 3123332 255 7.616085 test
26 Q0 3120834 256 7.613196 test
26 Q0 3125528 257 7.5964494 test
26 Q0 3126811 258 7.5923347 test
26 Q0 3125728 259 7.5784116 test
26 Q0 3132614 260 7.562629 test
26 Q0 3131100 261 7.5464764 test
26 Q0 3132667 262 7.544741 test
26 Q0 3125012 263 7.5408864 test
26 Q0 3123596 264 7.520965 test
26 Q0 3128852 265 7.5025125 test
26 Q0 3123200 266 7.4954524 test
26 Q0 3128583 267 7.4771585 test
26 Q0 3132616 268 7.47702 test
26 Q0 3121065 269 7.460782 test
26 Q0 3120813 270 7.4594994 test
26 Q0 3131118 271 7.4496346 test
26 Q0 3132275 272 7.433735 test
26 Q0 3125059 273 7.4248333 test
26 Q0 3132445 274 7.4230633 test
26 Q0 3125583 275 7.4199967 test
26 Q0 3120732 276 7.4113827 test
26 Q0 3122619 277 7.4087405 test
26 Q0 3120770 278 7.4082413 test
26 Q0 3126771 279 7.3993354 test
26 Q0 3127835 280 7.3912306 test
26 Q0 3120787 281 7.37514 test
26 Q0 3120681 282 7.3709183 test
26 Q0 3125027 283 7.369865 test
26 Q0 3120965 284 7.34835 test
26 Q0 3125203 285 7.326516 test
26 Q0 3126749 286 7.299846 test
26 Q0 3123545 287 7.279386 test
26 Q0 3120729 288 7.2615275 test
26 Q0 3128014 289 7.2410655 test
26 Q0 3124422 290 7.238673 test
26 Q0 3121139 291 7.2318897 test
26 Q0 3131520 292 7.2263103 test
26 Q0 3125356 293 7.22019 test
26 Q0 3123745 294 7.2141895 test
26 Q0 3121068 295 7.213655 test
26 Q0 3128029 296 7.212438 test
26 Q0 3132488 297 7.2066708 test
26 Q0 3131257 298 7.1868463 test
26 Q0 3127850 299 7.185327 test
26 Q0 3130019 300 7.177049 test
26 Q0 3125297 301 7.17277 test
26 Q0 3130362 302 7.1660852 test
26 Q0 3121873 303 7.1568074 test
26 Q0 3127497 304 7.1464334 test
26 Q0 3125013 305 7.1460924 test
26 Q0 3131987 306 7.1448193 test
26 Q0 3121285 307 7.1373262 test
26 Q0 3130568 308 7.13564 test
26 Q0 3128735 309 7.1152444 test
26 Q0 3131259 310 7.114018 test
26 Q0 3125014 311 7.110887 test
26 Q0 3128271 312 7.107485 test
26 Q0 3130788 313 7.105663 test
26 Q0 3132389 314 7.1045723 test
26 Q0 3121956 315 7.0930657 test
26 Q0 3124494 316 7.086612 test
26 Q0 3121079 317 7.083013 test
26 Q0 3125373 318 7.0826836 test
26 Q0 3123220 319 7.0822797 test
26 Q0 3127504 320 7.0607195 test
26 Q0 3121066 321 7.051661 test
26 Q0 3128844 322 7.0459847 test
26 Q0 3128850 323 7.037552 test
26 Q0 3121421 324 7.0233526 test
26 Q0 3129592 325 7.020295 test
26 Q0 3129023 326 7.014829 test
26 Q0 3127384 327 6.988509 test
26 Q0 3130006 328 6.988419 test
26 Q0 3127969 329 6.985606 test
26 Q0 3131799 330 6.9830914 test
26 Q0 3125310 331 6.9826784 test
26 Q0 3130486 332 6.9663486 test
26 Q0 3132009 333 6.946347 test
26 Q0 3131521 334 6.942499 test
26 Q0 3121135 335 6.905745 test
26 Q0 3132268 336 6.8974795 test
26 Q0 3121754 337 6.88752 test
26 Q0 3120828 338 6.874902 test
26 Q0 3131157 339 6.845792 test
26 Q0 3125227 340 6.82539 test
26 Q0 3132023 341 6.816251 test
26 Q0 3129535 342 6.8149185 test
26 Q0 3132283 343 6.8131027 test
26 Q0 3129018 344 6.796336 test
26 Q0 3126781 345 6.784422 test
26 Q0 3131769 346 6.780948 test
26 Q0 3128128 347 6.7802277 test
26 Q0 3126847 348 6.773356 test
26 Q0 3125321 349 6.7442904 test
26 Q0 3128974 350 6.7382383 test
26 Q0 3123640 351 6.736254 test
26 Q0 3122507 352 6.72482 test
26 Q0 3130748 353 6.7158747 test
26 Q0 3127014 354 6.70884 test
26 Q0 3121277 355 6.705999 test
26 Q0 3124687 356 6.6746335 test
26 Q0 3128074 357 6.6665587 test
26 Q0 3128855 358 6.664327 test
26 Q0 3132363 359 6.647206 test
26 Q0 3128861 360 6.642322 test
26 Q0 3126772 361 6.6361666 test
26 Q0 3121248 362 6.6341615 test
26 Q0 3130361 363 6.6156726 test
26 Q0 3125232 364 6.595786 test
26 Q0 3122594 365 6.5919414 test
26 Q0 3132404 366 6.5888186 test
26 Q0 3121017 367 6.5886207 test
26 Q0 3123277 368 6.576258 test
26 Q0 3132447 369 6.5714784 test
26 Q0 3131269 370 6.569069 test
26 Q0 3123280 371 6.560378 test
26 Q0 3127421 372 6.5599647 test
26 Q0 3123595 373 6.5541754 test
26 Q0 3121138 374 6.554083 test
26 Q0 3121081 375 6.526956 test
26 Q0 3124257 376 6.5220256 test
26 Q0 3128978 377 6.5173264 test
26 Q0 3131983 378 6.516291 test
26 Q0 3124689 379 6.501346 test
26 Q0 3125695 380 6.489859 test
26 Q0 3124293 381 6.4874034 test
26 Q0 3128946 382 6.4532 test
26 Q0 3122715 383 6.4483724 test
26 Q0 3132670 384 6.44705 test
26 Q0 3121715 385 6.4439783 test
26 Q0 3131551 386 6.4117866 test
26 Q0 3128610 387 6.403772 test
26 Q0 3121674 388 6.402551 test
26 Q0 3128093 389 6.400367 test
26 Q0 3124242 390 6.4000416 test
26 Q0 3120789 391 6.398376 test
26 Q0 3128243 392 6.398048 test
26 Q0 3127979 393 6.3946424 test
26 Q0 3128938 394 6.3843775 test
26 Q0 3132237 395 6.3837566 test
26 Q0 3121078 396 6.382092 test
26 Q0 3127952 397 6.3524656 test
26 Q0 3120972 398 6.3447084 test
26 Q0 3127982 399 6.342202 test
26 Q0 3132433 400 6.3320174 test
26 Q0 3131272 401 6.3300486 test
26 Q0 3122683 402 6.327246 test
26 Q0 3126981 403 6.319125 test
26 Q0 3124061 404 6.309809 test
26 Q0 3124277 405 6.3065734 test
26 Q0 3123516 406 6.2972875 test
26 Q0 3124301 407 6.2799954 test
26 Q0 3125169 408 6.279622 test
26 Q0 3129942 409 6.268892 test
26 Q0 3128101 410 6.267233 test
26 Q0 3131186 411 6.261293 test
26 Q0 3125380 412 6.2586784 test
26 Q0 3127087 413 6.2583866 test
26 Q0 3120674 414 6.254934 test
26 Q0 3123569 415 6.2506495 test
26 Q0 3124999 416 6.23453 test
26 Q0 3121134 417 6.2335396 test
26 Q0 3121072 418 6.2280793 test
26 Q0 3125303 419 6.226821 test
26 Q0 3128023 420 6.226351 test
26 Q0 3129012 421 6.223122 test
26 Q0 3129578 422 6.210068 test
26 Q0 3127805 423 6.199224 test
26 Q0 3130749 424 6.197726 test
26 Q0 3124070 425 6.196929 test
26 Q0 3132018 426 6.193518 test
26 Q0 3124172 427 6.1869326 test
26 Q0 3126804 428 6.1839776 test
26 Q0 3121800 429 6.1732593 test
26 Q0 3123559 430 6.1710515 test
26 Q0 3125550 431 6.1643605 test
26 Q0 3124553 432 6.16368 test
26 Q0 3124193 433 6.161343 test
26 Q0 3122049 434 6.1409907 test
26 Q0 3132600 435 6.130797 test
26 Q0 3124408 436 6.128838 test
26 Q0 3132444 437 6.1240897 test
26 Q0 3130783 438 6.1117396 test
26 Q0 3123255 439 6.110716 test
26 Q0 3128028 440 6.099194 test
26 Q0 3131791 441 6.0973525 test
26 Q0 3132037 442 6.087883 test
26 Q0 3132601 443 6.0878468 test
26 Q0 3123319 444 6.0853024 test
26 Q0 3125150 445 6.0586944 test
26 Q0 3125371 446 6.0540757 test
26 Q0 3132750 447 6.050135 test
26 Q0 3123562 448 6.04727 test
26 Q0 3121438 449 6.0285716 test
26 Q0 3128457 450 6.0227685 test
26 Q0 3127358 451 6.0143304 test
26 Q0 3127348 452 6.0136614 test
26 Q0 3123368 453 6.007152 test
26 Q0 3120880 454 6.0001454 test
26 Q0 3120885 455 5.9719644 test
26 Q0 3125252 456 5.969848 test
26 Q0 3131801 457 5.967399 test
26 Q0 3125026 458 5.959298 test
26 Q0 3121085 459 5.957959 test
26 Q0 3129300 460 5.9569 test
26 Q0 3121082 461 5.955268 test
26 Q0 3122379 462 5.94943 test
26 Q0 3125226 463 5.94031 test
26 Q0 3127786 464 5.936129 test
26 Q0 3124536 465 5.929408 test
26 Q0 3130711 466 5.9282546 test
26 Q0 3129323 467 5.9250393 test
26 Q0 3128945 468 5.9236116 test
26 Q0 3130641 469 5.9235296 test
26 Q0 3123600 470 5.917046 test
26 Q0 3121076 471 5.9140964 test
26 Q0 3124548 472 5.906632 test
26 Q0 3124500 473 5.9035497 test
26 Q0 3132704 474 5.9012475 test
26 Q0 3132694 475 5.898583 test
26 Q0 3131264 476 5.896552 test
26 Q0 3123271 477 5.8961096 test
26 Q0 3124690 478 5.8926525 test
26 Q0 3127413 479 5.879787 test
26 Q0 3122460 480 5.863364 test
26 Q0 3126514 481 5.8562837 test
26 Q0 3131049 482 5.842508 test
26 Q0 3125958 483 5.8365803 test
26 Q0 3131266 484 5.833846 test
26 Q0 3125140 485 5.829028 test
26 Q0 3128025 486 5.8215747 test
26 Q0 3121433 487 5.8137536 test
26 Q0 3121879 488 5.8092003 test
26 Q0 3122899 489 5.807467 test
26 Q0 3125331 490 5.790171 test
26 Q0 3125188 491 5.782475 test
26 Q0 3130010 492 5.7802854 test
26 Q0 3122067 493 5.772266 test
26 Q0 3129584 494 5.770866 test
26 Q0 3121937 495 5.7650566 test
26 Q0 3120682 496 5.7648773 test
26 Q0 3121876 497 5.745042 test
26 Q0 3124507 498 5.744661 test
26 Q0 3131748 499 5.7423334 test
26 Q0 3129294 500 5.739462 test
26 Q0 3128463 501 5.7314186 test
26 Q0 3129591 502 5.7226043 test
26 Q0 3126814 503 5.7140965 test
26 Q0 3128975 504 5.7030478 test
26 Q0 3123208 505 5.6984825 test
26 Q0 3124753 506 5.693558 test
26 Q0 3122560 507 5.6916933 test
26 Q0 3125582 508 5.681432 test
26 Q0 3123695 509 5.6740165 test
26 Q0 3128107 510 5.6735787 test
26 Q0 3127767 511 5.6712904 test
26 Q0 3127455 512 5.668524 test
26 Q0 3130705 513 5.6668434 test
26 Q0 3132233 514 5.6612997 test
26 Q0 3128122 515 5.6353765 test
26 Q0 3128095 516 5.6260834 test
26 Q0 3130357 517 5.6194463 test
26 Q0 3125381 518 5.6192675 test
26 Q0 3128054 519 5.6168947 test
26 Q0 3125826 520 5.614495 test
26 Q0 3131187 521 5.6037154 test
26 Q0 3125105 522 5.602539 test
26 Q0 3123008 523 5.600388 test
26 Q0 3126790 524 5.5945377 test
26 Q0 3129310 525 5.5909157 test
26 Q0 3128015 526 5.58655 test
26 Q0 3123331 527 5.5863614 test
26 Q0 3130925 528 5.5757003 test
26 Q0 3128592 529 5.5583653 test
26 Q0 3120757 530 5.547032 test
26 Q0 3124004 531 5.537783 test
26 Q0 3127827 532 5.5264764 test
26 Q0 3123556 533 5.5233107 test
26 Q0 3130672 534 5.5207167 test
26 Q0 3130745 535 5.510509 test
26 Q0 3128937 536 5.50349 test
26 Q0 3128815 537 5.4900465 test
26 Q0 3124059 538 5.4774756 test
26 Q0 3123709 539 5.4502397 test
26 Q0 3128979 540 5.441294 test
26 Q0 3124016 541 5.435742 test
26 Q0 3121424 542 5.4347014 test
26 Q0 3125379 543 5.42914 test
26 Q0 3132733 544 5.4279275 test
26 Q0 3130153 545 5.4128995 test
26 Q0 3128123 546 5.4108624 test
26 Q0 3127852 547 5.405041 test
26 Q0 3132201 548 5.38305 test
26 Q0 3128116 549 5.3795037 test
26 Q0 3128936 550 5.374906 test
26 Q0 3124063 551 5.3717966 test
26 Q0 3127822 552 5.3672795 test
26 Q0 3125249 553 5.366617 test
26 Q0 3128124 554 5.3631797 test
26 Q0 3132740 555 5.3503666 test
26 Q0 3129708 556 5.326252 test
26 Q0 3128570 557 5.3232183 test
26 Q0 3121000 558 5.3221836 test
26 Q0 3124303 559 5.3132005 test
26 Q0 3128091 560 5.3088584 test
26 Q0 3130047 561 5.3060107 test
26 Q0 3131519 562 5.293146 test
26 Q0 3131241 563 5.2928104 test
26 Q0 3125198 564 5.2913423 test
26 Q0 3129304 565 5.287607 test
26 Q0 3131012 566 5.2745357 test
26 Q0 3123592 567 5.274192 test
26 Q0 3121732 568 5.273578 test
26 Q0 3123353 569 5.2677207 test
26 Q0 3121580 570 5.264606 test
26 Q0 3120978 571 5.25015 test
26 Q0 3127818 572 5.245181 test
26 Q0 3124138 573 5.2394977 test
26 Q0 3121745 574 5.2368097 test
26 Q0 3127306 575 5.2360215 test
26 Q0 3123211 576 5.202818 test
26 Q0 3131394 577 5.1902475 test
26 Q0 3127974 578 5.189442 test
26 Q0 3121710 579 5.188329 test
26 Q0 3130640 580 5.185931 test
26 Q0 3121641 581 5.173693 test
26 Q0 3120786 582 5.170921 test
26 Q0 3128206 583 5.170767 test
26 Q0 3124505 584 5.154425 test
26 Q0 3129588 585 5.1356726 test
26 Q0 3132446 586 5.1234555 test
26 Q0 3126731 587 5.120921 test
26 Q0 3130779 588 5.109672 test
26 Q0 3120864 589 5.107845 test
26 Q0 3131731 590 5.089254 test
26 Q0 3130163 591 5.0808496 test
26 Q0 3125316 592 5.07852 test
26 Q0 3130773 593 5.0769725 test
26 Q0 3129574 594 5.0763 test
26 Q0 3121954 595 5.0745945 test
26 Q0 3132064 596 5.0713577 test
26 Q0 3123163 597 5.0683856 test
26 Q0 3120850 598 5.059948 test
26 Q0 3123194 599 5.049814 test
26 Q0 3125047 600 5.03852 test
26 Q0 3131729 601 5.031062 test
26 Q0 3126708 602 5.028817 test
26 Q0 3130671 603 4.996013 test
26 Q0 3125300 604 4.989518 test
26 Q0 3130978 605 4.980921 test
26 Q0 3125276 606 4.9734445 test
26 Q0 3121282 607 4.971582 test
26 Q0 3124529 608 4.967709 test
26 Q0 3129010 609 4.9430294 test
26 Q0 3126745 610 4.942899 test
26 Q0 3125211 611 4.9277744 test
26 Q0 3128860 612 4.907577 test
26 Q0 3131278 613 4.8915668 test
26 Q0 3123455 614 4.8620276 test
26 Q0 3127751 615 4.85637 test
26 Q0 3121073 616 4.8507986 test
26 Q0 3131128 617 4.8439612 test
26 Q0 3129316 618 4.838707 test
26 Q0 3120690 619 4.8317122 test
26 Q0 3123290 620 4.8225493 test
26 Q0 3120857 621 4.822543 test
26 Q0 3132380 622 4.8032575 test
26 Q0 3121591 623 4.7916517 test
26 Q0 3124316 624 4.790413 test
26 Q0 3122983 625 4.7834725 test
26 Q0 3130734 626 4.7813716 test
26 Q0 3125267 627 4.7776785 test
26 Q0 3131725 628 4.776336 test
26 Q0 3123441 629 4.7737703 test
26 Q0 3124438 630 4.769102 test
26 Q0 3123882 631 4.754707 test
26 Q0 3132721 632 4.7482233 test
26 Q0 3128887 633 4.7481284 test
26 Q0 3127299 634 4.71709 test
26 Q0 3132094 635 4.713604 test
26 Q0 3125804 636 4.705963 test
26 Q0 3121599 637 4.691664 test
26 Q0 3132734 638 4.6852655 test
26 Q0 3125495 639 4.6789403 test
26 Q0 3122300 640 4.672634 test
26 Q0 3123708 641 4.6663876 test
26 Q0 3129679 642 4.66612 test
26 Q0 3120776 643 4.6640797 test
26 Q0 3123230 644 4.6630836 test
26 Q0 3127354 645 4.660195 test
26 Q0 3123631 646 4.6581383 test
26 Q0 3121250 647 4.655907 test
26 Q0 3123469 648 4.6531444 test
26 Q0 3131511 649 4.650906 test
26 Q0 3121583 650 4.644142 test
26 Q0 3128002 651 4.642069 test
26 Q0 3130710 652 4.638779 test
26 Q0 3130587 653 4.6130495 test
26 Q0 3125306 654 4.610453 test
26 Q0 3121608 655 4.6085463 test
26 Q0 3128113 656 4.607648 test
26 Q0 3127353 657 4.5943556 test
26 Q0 3121466 658 4.5933857 test
26 Q0 3128099 659 4.592812 test
26 Q0 3132724 660 4.5913234 test
26 Q0 3128242 661 4.586808 test
26 Q0 3125752 662 4.5846744 test
26 Q0 3129022 663 4.5844803 test
26 Q0 3132092 664 4.5748734 test
26 Q0 3132164 665 4.5681367 test
26 Q0 3123645 666 4.567291 test
26 Q0 3123546 667 4.5458755 test
26 Q0 3122282 668 4.5446863 test
26 Q0 3127837 669 4.5440087 test
26 Q0 3123260 670 4.5357876 test
26 Q0 3125338 671 4.5326915 test
26 Q0 3128750 672 4.5212893 test
26 Q0 3132749 673 4.5175853 test
26 Q0 3125319 674 4.5159993 test
26 Q0 3126785 675 4.5159764 test
26 Q0 3132443 676 4.514336 test
26 Q0 3127350 677 4.514127 test
26 Q0 3130668 678 4.507206 test
26 Q0 3123597 679 4.5066004 test
26 Q0 3129051 680 4.500078 test
26 Q0 3131392 681 4.4979606 test
26 Q0 3130766 682 4.497598 test
26 Q0 3132498 683 4.4766884 test
26 Q0 3130674 684 4.475044 test
26 Q0 3131235 685 4.4720407 test
26 Q0 3124431 686 4.453657 test
26 Q0 3121693 687 4.452198 test
26 Q0 3123847 688 4.4469337 test
26 Q0 3125287 689 4.4421177 test
26 Q0 3125124 690 4.437689 test
26 Q0 3125318 691 4.4347024 test
26 Q0 3131001 692 4.43294 test
26 Q0 3123641 693 4.4303846 test
26 Q0 3123306 694 4.4302073 test
26 Q0 3127750 695 4.427757 test
26 Q0 3124692 696 4.4243217 test
26 Q0 3125218 697 4.418547 test
26 Q0 3121676 698 4.4167895 test
26 Q0 3125311 699 4.415979 test
26 Q0 3122510 700 4.415954 test
26 Q0 3123818 701 4.415623 test
26 Q0 3125279 702 4.4071903 test
26 Q0 3129030 703 4.406365 test
26 Q0 3121775 704 4.4055614 test
26 Q0 3125471 705 4.4036317 test
26 Q0 3126854 706 4.4036264 test
26 Q0 3126792 707 4.401459 test
26 Q0 3125366 708 4.3967037 test
26 Q0 3128009 709 4.39557 test
26 Q0 3124122 710 4.395253 test
26 Q0 3125294 711 4.3928733 test
26 Q0 3131735 712 4.38949 test
26 Q0 3129013 713 4.380576 test
26 Q0 3127763 714 4.3774185 test
26 Q0 3132392 715 4.3764277 test
26 Q0 3121765 716 4.3684998 test
26 Q0 3122499 717 4.3644004 test
26 Q0 3125357 718 4.362268 test
26 Q0 3123700 719 4.360541 test
26 Q0 3126797 720 4.359406 test
26 Q0 3121669 721 4.357305 test
26 Q0 3132442 722 4.3563695 test
26 Q0 3126735 723 4.34898 test
26 Q0 3130038 724 4.340286 test
26 Q0 3121227 725 4.3394666 test
26 Q0 3126845 726 4.339313 test
26 Q0 3132723 727 4.335428 test
26 Q0 3121437 728 4.327043 test
26 Q0 3125960 729 4.325775 test
26 Q0 3123322 730 4.3254557 test
26 Q0 3128939 731 4.317192 test
26 Q0 3122505 732 4.3164215 test
26 Q0 3131121 733 4.316106 test
26 Q0 3125148 734 4.3152204 test
26 Q0 3128111 735 4.307902 test
26 Q0 3130344 736 4.30688 test
26 Q0 3129110 737 4.3001747 test
26 Q0 3122506 738 4.295158 test
26 Q0 3122548 739 4.283308 test
26 Q0 3126980 740 4.2803044 test
26 Q0 3130678 741 4.2792854 test
26 Q0 3120755 742 4.273539 test
26 Q0 3130024 743 4.270722 test
26 Q0 3130048 744 4.269652 test
26 Q0 3121291 745 4.265472 test
26 Q0 3128266 746 4.265471 test
26 Q0 3127769 747 4.2634506 test
26 Q0 3131568 748 4.2590947 test
26 Q0 3130654 749 4.258304 test
26 Q0 3130296 750 4.257554 test
26 Q0 3129666 751 4.2573795 test
26 Q0 3123586 752 4.2545457 test
26 Q0 3131599 753 4.253824 test
26 Q0 3131287 754 4.250008 test
26 Q0 3132155 755 4.2495646 test
26 Q0 3127424 756 4.2423635 test
26 Q0 3123703 757 4.2416744 test
26 Q0 3121634 758 4.2392287 test
26 Q0 3121942 759 4.238065 test
26 Q0 3121130 760 4.2380357 test
26 Q0 3123328 761 4.2346106 test
26 Q0 3132277 762 4.230486 test
26 Q0 3125372 763 4.229322 test
26 Q0 3127965 764 4.226435 test
26 Q0 3123628 765 4.210199 test
26 Q0 3128019 766 4.195428 test
26 Q0 3127357 767 4.1916227 test
26 Q0 3132096 768 4.191205 test
26 Q0 3131516 769 4.1909747 test
26 Q0 3121705 770 4.1904535 test
26 Q0 3125334 771 4.187231 test
26 Q0 3132061 772 4.1867843 test
26 Q0 3131984 773 4.1835465 test
26 Q0 3125370 774 4.1808653 test
26 Q0 3121261 775 4.1792545 test
26 Q0 3128740 776 4.178737 test
26 Q0 3132728 777 4.178125 test
26 Q0 3122592 778 4.1753225 test
26 Q0 3127298 779 4.17161 test
26 Q0 3127150 780 4.1712294 test
26 Q0 3126714 781 4.170713 test
26 Q0 3121056 782 4.1667566 test
26 Q0 3131149 783 4.163321 test
26 Q0 3130041 784 4.1630282 test
26 Q0 3121633 785 4.1607184 test
26 Q0 3123165 786 4.1585813 test
26 Q0 3123969 787 4.1502223 test
26 Q0 3125115 788 4.149872 test
26 Q0 3129299 789 4.1480017 test
26 Q0 3124462 790 4.144058 test
26 Q0 3122500 791 4.14284 test
26 Q0 3128723 792 4.1314707 test
26 Q0 3121131 793 4.1264954 test
26 Q0 3132163 794 4.1229696 test
26 Q0 3125653 795 4.1151977 test
26 Q0 3123815 796 4.1133323 test
26 Q0 3127808 797 4.0978513 test
26 Q0 3132405 798 4.090454 test
26 Q0 3123259 799 4.0896173 test
26 Q0 3129146 800 4.085338 test
26 Q0 3132731 801 4.0823274 test
26 Q0 3122498 802 4.08153 test
26 Q0 3128675 803 4.0783525 test
26 Q0 3127754 804 4.0758896 test
26 Q0 3124483 805 4.07278 test
26 Q0 3127774 806 4.0718603 test
26 Q0 3124543 807 4.071188 test
26 Q0 3121136 808 4.069057 test
26 Q0 3123227 809 4.068681 test
26 Q0 3120805 810 4.0673485 test
26 Q0 3125239 811 4.065281 test
26 Q0 3127516 812 4.0649095 test
26 Q0 3127985 813 4.0647955 test
26 Q0 3131777 814 4.0644684 test
26 Q0 3124095 815 4.063428 test
26 Q0 3127303 816 4.0605564 test
26 Q0 3123265 817 4.060024 test
26 Q0 3125336 818 4.059886 test
26 Q0 3121111 819 4.0593543 test
26 Q0 3121267 820 4.054947 test
26 Q0 3129080 821 4.0528536 test
26 Q0 3124795 822 4.048113 test
26 Q0 3132160 823 4.042227 test
26 Q0 3121632 824 4.0396714 test
26 Q0 3124238 825 4.0355144 test
26 Q0 3120758 826 4.03519 test
26 Q0 3127741 827 4.0318346 test
26 Q0 3125240 828 4.0282307 test
26 Q0 3131981 829 4.0269685 test
26 Q0 3130713 830 4.026937 test
26 Q0 3123284 831 4.023105 test
26 Q0 3124026 832 4.018344 test
26 Q0 3127855 833 4.01766 test
26 Q0 3130715 834 4.015701 test
26 Q0 3128027 835 4.008443 test
26 Q0 3120683 836 4.005086 test
26 Q0 3121755 837 4.0044737 test
26 Q0 3127495 838 4.0044165 test
26 Q0 3120859 839 4.004183 test
26 Q0 3128699 840 4.0023513 test
26 Q0 3130291 841 4.001812 test
26 Q0 3130774 842 4.0015416 test
26 Q0 3121598 843 3.9984088 test
26 Q0 3130648 844 3.9982347 test
26 Q0 3123511 845 3.9942381 test
26 Q0 3127492 846 3.9930456 test
26 Q0 3126991 847 3.9927998 test
26 Q0 3121172 848 3.9914243 test
26 Q0 3120865 849 3.9913135 test
26 Q0 3131556 850 3.9908903 test
26 Q0 3123585 851 3.989258 test
26 Q0 3128838 852 3.987655 test
26 Q0 3131223 853 3.9874883 test
26 Q0 3127844 854 3.9873698 test
26 Q0 3127001 855 3.9808424 test
26 Q0 3124499 856 3.978658 test
26 Q0 3125233 857 3.974765 test
26 Q0 3127845 858 3.9722319 test
26 Q0 3123177 859 3.9716876 test
26 Q0 3126716 860 3.9672196 test
26 Q0 3121958 861 3.9663954 test
26 Q0 3132321 862 3.965028 test
26 Q0 3127020 863 3.963489 test
26 Q0 3125255 864 3.9617174 test
26 Q0 3128359 865 3.957884 test
26 Q0 3124136 866 3.9576225 test
26 Q0 3126742 867 3.9524925 test
26 Q0 3123912 868 3.9493313 test
26 Q0 3120751 869 3.9465592 test
26 Q0 3124253 870 3.945811 test
26 Q0 3123743 871 3.9441648 test
26 Q0 3130959 872 3.941989 test
26 Q0 3130907 873 3.9407625 test
26 Q0 3128722 874 3.9361777 test
26 Q0 3127004 875 3.935874 test
26 Q0 3123509 876 3.9330988 test
26 Q0 3130906 877 3.9308512 test
26 Q0 3120744 878 3.9293213 test
26 Q0 3124861 879 3.9276083 test
26 Q0 3127747 880 3.927472 test
26 Q0 3125280 881 3.9242506 test
26 Q0 3127795 882 3.9194999 test
26 Q0 3126709 883 3.9154167 test
26 Q0 3124321 884 3.914379 test
26 Q0 3127833 885 3.9111092 test
26 Q0 3126984 886 3.9108937 test
26 Q0 3132418 887 3.9093194 test
26 Q0 3125119 888 3.9030151 test
26 Q0 3132240 889 3.8956466 test
26 Q0 3127759 890 3.8926783 test
26 Q0 3120679 891 3.8827744 test
26 Q0 3132230 892 3.8796866 test
26 Q0 3132641 893 3.8709164 test
26 Q0 3123278 894 3.857829 test
26 Q0 3131572 895 3.8514485 test
26 Q0 3125780 896 3.8487957 test
26 Q0 3131536 897 3.8479416 test
26 Q0 3128731 898 3.8472443 test
26 Q0 3130127 899 3.8457248 test
26 Q0 3128853 900 3.840529 test
26 Q0 3128053 901 3.8396888 test
26 Q0 3122584 902 3.8357816 test
26 Q0 3121638 903 3.8332863 test
26 Q0 3131115 904 3.8330321 test
26 Q0 3125007 905 3.8313656 test
26 Q0 3125351 906 3.8311248 test
26 Q0 3131304 907 3.8266253 test
26 Q0 3132411 908 3.8263931 test
26 Q0 3121673 909 3.8258572 test
26 Q0 3126737 910 3.8248875 test
26 Q0 3124224 911 3.8183908 test
26 Q0 3127757 912 3.8180144 test
26 Q0 3128096 913 3.815009 test
26 Q0 3123605 914 3.8094864 test
26 Q0 3132016 915 3.8015144 test
26 Q0 3130655 916 3.801179 test
26 Q0 3129116 917 3.8000374 test
26 Q0 3125192 918 3.7980084 test
26 Q0 3125031 919 3.792463 test
26 Q0 3126999 920 3.7902043 test
26 Q0 3122554 921 3.7901716 test
26 Q0 3127119 922 3.789232 test
26 Q0 3121429 923 3.7825537 test
26 Q0 3127978 924 3.7810936 test
26 Q0 3132232 925 3.7792904 test
26 Q0 3129069 926 3.774898 test
26 Q0 3125237 927 3.774225 test
26 Q0 3125350 928 3.7725873 test
26 Q0 3128021 929 3.7718954 test
26 Q0 3128709 930 3.7706447 test
26 Q0 3131757 931 3.768697 test
26 Q0 3120706 932 3.7681081 test
26 Q0 3132314 933 3.7678885 test
26 Q0 3124479 934 3.7627592 test
26 Q0 3129341 935 3.7616189 test
26 Q0 3123302 936 3.7569177 test
26 Q0 3123300 937 3.755373 test
26 Q0 3127847 938 3.7498426 test
26 Q0 3125344 939 3.74348 test
26 Q0 3122533 940 3.7419467 test
26 Q0 3130688 941 3.7397304 test
26 Q0 3130056 942 3.7393215 test
26 Q0 3122051 943 3.7387526 test
26 Q0 3129963 944 3.7385755 test
26 Q0 3120749 945 3.7341156 test
26 Q0 3129131 946 3.7319942 test
26 Q0 3130723 947 3.7287734 test
26 Q0 3131280 948 3.7265973 test
26 Q0 3123326 949 3.7203414 test
26 Q0 3129040 950 3.7197995 test
26 Q0 3124875 951 3.7191503 test
26 Q0 3124389 952 3.7187026 test
26 Q0 3123833 953 3.7165062 test
26 Q0 3125324 954 3.714712 test
26 Q0 3124465 955 3.7142897 test
26 Q0 3132228 956 3.7138112 test
26 Q0 3130189 957 3.7114024 test
26 Q0 3120831 958 3.7113645 test
26 Q0 3131672 959 3.711319 test
26 Q0 3124527 960 3.7102485 test
26 Q0 3128702 961 3.7075875 test
26 Q0 3131756 962 3.705704 test
26 Q0 3131980 963 3.7028234 test
26 Q0 3125343 964 3.698587 test
26 Q0 3129302 965 3.6944659 test
26 Q0 3127815 966 3.692453 test
26 Q0 3126699 967 3.6921232 test
26 Q0 3120803 968 3.6910672 test
26 Q0 3124642 969 3.6905107 test
26 Q0 3132055 970 3.6841204 test
26 Q0 3127768 971 3.68239 test
26 Q0 3128026 972 3.6778073 test
26 Q0 3125288 973 3.675281 test
26 Q0 3131192 974 3.6749923 test
26 Q0 3127848 975 3.672061 test
26 Q0 3126793 976 3.6682982 test
26 Q0 3129105 977 3.6681063 test
26 Q0 3123216 978 3.6657283 test
26 Q0 3132123 979 3.6654513 test
26 Q0 3132393 980 3.6653614 test
26 Q0 3127499 981 3.6628935 test
26 Q0 3121675 982 3.6614661 test
26 Q0 3121630 983 3.6610558 test
26 Q0 3125523 984 3.658296 test
26 Q0 3125702 985 3.6577768 test
26 Q0 3124643 986 3.655334 test
26 Q0 3127785 987 3.6533782 test
26 Q0 3127401 988 3.6491187 test
26 Q0 3122903 989 3.648012 test
26 Q0 3122502 990 3.6476674 test
26 Q0 3127796 991 3.6462004 test
26 Q0 3123520 992 3.6453238 test
26 Q0 3129183 993 3.643181 test
26 Q0 3126809 994 3.6431463 test
26 Q0 3120740 995 3.6423867 test
26 Q0 3131303 996 3.6413195 test
26 Q0 3127207 997 3.6409483 test
26 Q0 3132716 998 3.6392698 test
26 Q0 3128854 999 3.6384883 test
26 Q0 3125022 1000 3.6367059 test
27 Q0 3132500 1 23.647627 test
27 Q0 3124030 2 23.591219 test
27 Q0 3130970 3 22.920065 test
27 Q0 3123296 4 22.536552 test
27 Q0 3122101 5 21.51176 test
27 Q0 3123646 6 21.183775 test
27 Q0 3128257 7 20.014631 test
27 Q0 3123829 8 17.011301 test
27 Q0 3132118 9 15.874742 test
27 Q0 3125657 10 15.807515 test
27 Q0 3130957 11 15.6685295 test
27 Q0 3122100 12 15.649814 test
27 Q0 3125006 13 15.442533 test
27 Q0 3120728 14 14.320374 test
27 Q0 3131615 15 14.082825 test
27 Q0 3120795 16 14.078587 test
27 Q0 3121281 17 13.822907 test
27 Q0 3131576 18 13.602951 test
27 Q0 3124672 19 13.594462 test
27 Q0 3130677 20 13.427054 test
27 Q0 3125222 21 13.37713 test
27 Q0 3132325 22 13.304117 test
27 Q0 3124127 23 13.2035265 test
27 Q0 3132610 24 13.042022 test
27 Q0 3124321 25 13.032359 test
27 Q0 3128367 26 13.023125 test
27 Q0 3121001 27 12.985129 test
27 Q0 3132712 28 12.913766 test
27 Q0 3132593 29 12.902734 test
27 Q0 3121060 30 12.77135 test
27 Q0 3126840 31 12.724053 test
27 Q0 3131065 32 12.517841 test
27 Q0 3122103 33 12.48061 test
27 Q0 3127494 34 12.475586 test
27 Q0 3128264 35 12.473754 test
27 Q0 3123591 36 12.27686 test
27 Q0 3121339 37 12.047998 test
27 Q0 3128004 38 12.001691 test
27 Q0 3124854 39 11.871427 test
27 Q0 3124248 40 11.851307 test
27 Q0 3129759 41 11.81615 test
27 Q0 3129289 42 11.715524 test
27 Q0 3121280 43 11.670306 test
27 Q0 3129122 44 11.655811 test
27 Q0 3128266 45 11.52462 test
27 Q0 3123455 46 11.507687 test
27 Q0 3125365 47 11.448613 test
27 Q0 3121055 48 11.414279 test
27 Q0 3124432 49 11.371324 test
27 Q0 3123619 50 11.26459 test
27 Q0 3127390 51 11.227081 test
27 Q0 3126746 52 11.225433 test
27 Q0 3128020 53 11.180907 test
27 Q0 3122892 54 11.082139 test
27 Q0 3124324 55 11.056023 test
27 Q0 3124515 56 11.027831 test
27 Q0 3122089 57 11.00961 test
27 Q0 3124277 58 10.9822645 test
27 Q0 3126719 59 10.977688 test
27 Q0 3123637 60 10.951305 test
27 Q0 3131716 61 10.92861 test
27 Q0 3130635 62 10.912216 test
27 Q0 3132120 63 10.845419 test
27 Q0 3122584 64 10.777596 test
27 Q0 3132117 65 10.725166 test
27 Q0 3131802 66 10.662011 test
27 Q0 3125390 67 10.618142 test
27 Q0 3122986 68 10.597422 test
27 Q0 3128050 69 10.556248 test
27 Q0 3126736 70 10.525451 test
27 Q0 3124462 71 10.508246 test
27 Q0 3131403 72 10.463974 test
27 Q0 3125662 73 10.4595175 test
27 Q0 3131038 74 10.409264 test
27 Q0 3125958 75 10.399655 test
27 Q0 3120710 76 10.385207 test
27 Q0 3129079 77 10.37245 test
27 Q0 3123323 78 10.338149 test
27 Q0 3127855 79 10.303256 test
27 Q0 3132588 80 10.295386 test
27 Q0 3128041 81 10.250799 test
27 Q0 3131766 82 10.192122 test
27 Q0 3130698 83 10.122691 test
27 Q0 3130786 84 10.120469 test
27 Q0 3128030 85 10.105499 test
27 Q0 3124931 86 10.095616 test
27 Q0 3120733 87 10.050182 test
27 Q0 3131756 88 10.0363 test
27 Q0 3123656 89 9.992911 test
27 Q0 3125253 90 9.98392 test
27 Q0 3121251 91 9.975106 test
27 Q0 3125005 92 9.813884 test
27 Q0 3128057 93 9.805542 test
27 Q0 3121755 94 9.804689 test
27 Q0 3125254 95 9.760472 test
27 Q0 3130289 96 9.7475195 test
27 Q0 3132125 97 9.697017 test
27 Q0 3123814 98 9.694744 test
27 Q0 3129305 99 9.690984 test
27 Q0 3124479 100 9.683939 test
27 Q0 3128049 101 9.680898 test
27 Q0 3132720 102 9.660973 test
27 Q0 3132487 103 9.658253 test
27 Q0 3132237 104 9.636626 test
27 Q0 3125168 105 9.6307 test
27 Q0 3121584 106 9.597187 test
27 Q0 3130050 107 9.577793 test
27 Q0 3132542 108 9.571594 test
27 Q0 3130702 109 9.541864 test
27 Q0 3132411 110 9.522521 test
27 Q0 3122163 111 9.505436 test
27 Q0 3126780 112 9.49817 test
27 Q0 3124861 113 9.491196 test
27 Q0 3130487 114 9.482433 test
27 Q0 3131270 115 9.480067 test
27 Q0 3129117 116 9.460669 test
27 Q0 3123833 117 9.455399 test
27 Q0 3121093 118 9.448375 test
27 Q0 3129073 119 9.440174 test
27 Q0 3128894 120 9.437675 test
27 Q0 3124994 121 9.42509 test
27 Q0 3130481 122 9.416159 test
27 Q0 3123467 123 9.409729 test
27 Q0 3125248 124 9.356901 test
27 Q0 3132240 125 9.3550415 test
27 Q0 3132390 126 9.349561 test
27 Q0 3123241 127 9.342584 test
27 Q0 3125960 128 9.31311 test
27 Q0 3123520 129 9.310856 test
27 Q0 3120862 130 9.296463 test
27 Q0 3124441 131 9.294982 test
27 Q0 3125304 132 9.272525 test
27 Q0 3124224 133 9.241837 test
27 Q0 3121681 134 9.21582 test
27 Q0 3125376 135 9.209532 test
27 Q0 3129112 136 9.184305 test
27 Q0 3123912 137 9.137204 test
27 Q0 3125265 138 9.130351 test
27 Q0 3128018 139 9.111127 test
27 Q0 3125239 140 9.10427 test
27 Q0 3124875 141 9.041684 test
27 Q0 3123221 142 9.033314 test
27 Q0 3121727 143 9.022991 test
27 Q0 3123659 144 9.001403 test
27 Q0 3132633 145 8.982932 test
27 Q0 3127420 146 8.980225 test
27 Q0 3128702 147 8.959524 test
27 Q0 3121940 148 8.954473 test
27 Q0 3121623 149 8.945644 test
27 Q0 3132156 150 8.918604 test
27 Q0 3122555 151 8.905242 test
27 Q0 3125065 152 8.903241 test
27 Q0 3132234 153 8.893362 test
27 Q0 3125663 154 8.88229 test
27 Q0 3128614 155 8.878039 test
27 Q0 3130713 156 8.876454 test
27 Q0 3125323 157 8.872128 test
27 Q0 3120732 158 8.857339 test
27 Q0 3132665 159 8.852709 test
27 Q0 3121603 160 8.823691 test
27 Q0 3126708 161 8.738901 test
27 Q0 3124301 162 8.717471 test
27 Q0 3129956 163 8.706903 test
27 Q0 3127818 164 8.699454 test
27 Q0 3125011 165 8.693657 test
27 Q0 3123811 166 8.670862 test
27 Q0 3131431 167 8.661783 test
27 Q0 3123469 168 8.661216 test
27 Q0 3131124 169 8.650124 test
27 Q0 3122560 170 8.648511 test
27 Q0 3124483 171 8.627785 test
27 Q0 3123515 172 8.604851 test
27 Q0 3123557 173 8.598568 test
27 Q0 3128071 174 8.587098 test
27 Q0 3132239 175 8.582724 test
27 Q0 3121334 176 8.556508 test
27 Q0 3123819 177 8.5514965 test
27 Q0 3131568 178 8.546482 test
27 Q0 3125667 179 8.541491 test
27 Q0 3132233 180 8.531484 test
27 Q0 3130925 181 8.513583 test
27 Q0 3121660 182 8.512227 test
27 Q0 3131731 183 8.509471 test
27 Q0 3125765 184 8.49773 test
27 Q0 3124935 185 8.496044 test
27 Q0 3130493 186 8.486186 test
27 Q0 3131251 187 8.462547 test
27 Q0 3126714 188 8.449247 test
27 Q0 3125508 189 8.407595 test
27 Q0 3130378 190 8.400165 test
27 Q0 3132119 191 8.39895 test
27 Q0 3124273 192 8.382651 test
27 Q0 3127385 193 8.376922 test
27 Q0 3125012 194 8.374394 test
27 Q0 3130104 195 8.369843 test
27 Q0 3125334 196 8.36109 test
27 Q0 3121739 197 8.352534 test
27 Q0 3121116 198 8.350692 test
27 Q0 3129039 199 8.346739 test
27 Q0 3127153 200 8.34278 test
27 Q0 3124955 201 8.338728 test
27 Q0 3125182 202 8.329555 test
27 Q0 3132379 203 8.325661 test
27 Q0 3132028 204 8.319047 test
27 Q0 3121716 205 8.307678 test
27 Q0 3132268 206 8.302113 test
27 Q0 3123605 207 8.29097 test
27 Q0 3129693 208 8.290022 test
27 Q0 3127764 209 8.279528 test
27 Q0 3132598 210 8.265642 test
27 Q0 3122541 211 8.257245 test
27 Q0 3123340 212 8.245818 test
27 Q0 3126713 213 8.240375 test
27 Q0 3125646 214 8.235408 test
27 Q0 3120761 215 8.23178 test
27 Q0 3125115 216 8.231472 test
27 Q0 3126778 217 8.230957 test
27 Q0 3132238 218 8.227949 test
27 Q0 3132706 219 8.222507 test
27 Q0 3130996 220 8.212686 test
27 Q0 3120722 221 8.209776 test
27 Q0 3126983 222 8.203387 test
27 Q0 3128593 223 8.201216 test
27 Q0 3132730 224 8.192481 test
27 Q0 3129356 225 8.183027 test
27 Q0 3124547 226 8.182503 test
27 Q0 3132725 227 8.160039 test
27 Q0 3126782 228 8.148395 test
27 Q0 3127995 229 8.142863 test
27 Q0 3124543 230 8.139978 test
27 Q0 3132373 231 8.137762 test
27 Q0 3121433 232 8.130008 test
27 Q0 3131981 233 8.120625 test
27 Q0 3130192 234 8.108877 test
27 Q0 3120714 235 8.108089 test
27 Q0 3126756 236 8.085279 test
27 Q0 3121610 237 8.084804 test
27 Q0 3124894 238 8.071045 test
27 Q0 3123282 239 8.069692 test
27 Q0 3132061 240 8.067607 test
27 Q0 3127808 241 8.0618925 test
27 Q0 3125748 242 8.052323 test
27 Q0 3132692 243 8.0412 test
27 Q0 3128074 244 8.036796 test
27 Q0 3131599 245 8.035216 test
27 Q0 3125223 246 8.026619 test
27 Q0 3128925 247 8.020826 test
27 Q0 3132202 248 8.019417 test
27 Q0 3131027 249 8.015641 test
27 Q0 3131295 250 8.012627 test
27 Q0 3125342 251 8.005644 test
27 Q0 3130026 252 8.000875 test
27 Q0 3132744 253 7.9968243 test
27 Q0 3130043 254 7.980776 test
27 Q0 3128075 255 7.977142 test
27 Q0 3127969 256 7.9600368 test
27 Q0 3132673 257 7.957041 test
27 Q0 3129581 258 7.9557476 test
27 Q0 3125046 259 7.951871 test
27 Q0 3123169 260 7.949164 test
27 Q0 3130960 261 7.9382486 test
27 Q0 3132123 262 7.92419 test
27 Q0 3131987 263 7.9211144 test
27 Q0 3132235 264 7.9167476 test
27 Q0 3129093 265 7.9118595 test
27 Q0 3125240 266 7.9099617 test
27 Q0 3132093 267 7.900905 test
27 Q0 3126844 268 7.8567224 test
27 Q0 3122958 269 7.849841 test
27 Q0 3123906 270 7.8483257 test
27 Q0 3131390 271 7.847758 test
27 Q0 3123846 272 7.8472342 test
27 Q0 3128016 273 7.843532 test
27 Q0 3127795 274 7.830629 test
27 Q0 3127493 275 7.829103 test
27 Q0 3132095 276 7.828122 test
27 Q0 3127001 277 7.816022 test
27 Q0 3132431 278 7.8106403 test
27 Q0 3131542 279 7.8038054 test
27 Q0 3124838 280 7.8021717 test
27 Q0 3127327 281 7.7871704 test
27 Q0 3130670 282 7.7740297 test
27 Q0 3124253 283 7.7685256 test
27 Q0 3131760 284 7.76844 test
27 Q0 3129950 285 7.7678466 test
27 Q0 3122077 286 7.7628956 test
27 Q0 3131710 287 7.760845 test
27 Q0 3129330 288 7.7584968 test
27 Q0 3127996 289 7.741455 test
27 Q0 3126653 290 7.730071 test
27 Q0 3123360 291 7.7256966 test
27 Q0 3126766 292 7.7096195 test
27 Q0 3129312 293 7.7050357 test
27 Q0 3131265 294 7.700958 test
27 Q0 3124731 295 7.695342 test
27 Q0 3129355 296 7.6919417 test
27 Q0 3124953 297 7.6857433 test
27 Q0 3127745 298 7.6423116 test
27 Q0 3125311 299 7.6416893 test
27 Q0 3123207 300 7.609624 test
27 Q0 3121960 301 7.606329 test
27 Q0 3131394 302 7.599827 test
27 Q0 3126831 303 7.5766144 test
27 Q0 3129303 304 7.576524 test
27 Q0 3132017 305 7.575218 test
27 Q0 3123194 306 7.573126 test
27 Q0 3121614 307 7.563396 test
27 Q0 3129961 308 7.5553484 test
27 Q0 3131115 309 7.554235 test
27 Q0 3131233 310 7.553476 test
27 Q0 3121954 311 7.552776 test
27 Q0 3128599 312 7.5506887 test
27 Q0 3128045 313 7.540883 test
27 Q0 3128117 314 7.532957 test
27 Q0 3131050 315 7.5322776 test
27 Q0 3126703 316 7.5284476 test
27 Q0 3132393 317 7.524299 test
27 Q0 3123589 318 7.5232697 test
27 Q0 3127986 319 7.515549 test
27 Q0 3130918 320 7.51124 test
27 Q0 3123509 321 7.5050216 test
27 Q0 3127789 322 7.500383 test
27 Q0 3132164 323 7.4772987 test
27 Q0 3132032 324 7.474172 test
27 Q0 3131247 325 7.473916 test
27 Q0 3126745 326 7.4726853 test
27 Q0 3125326 327 7.471012 test
27 Q0 3132334 328 7.4673095 test
27 Q0 3125378 329 7.4518647 test
27 Q0 3125476 330 7.449755 test
27 Q0 3130163 331 7.4400425 test
27 Q0 3124687 332 7.4350705 test
27 Q0 3129296 333 7.4349346 test
27 Q0 3131128 334 7.424094 test
27 Q0 3127847 335 7.4177113 test
27 Q0 3132127 336 7.4146786 test
27 Q0 3132440 337 7.4139094 test
27 Q0 3130273 338 7.4018226 test
27 Q0 3132163 339 7.392496 test
27 Q0 3123618 340 7.3858857 test
27 Q0 3127982 341 7.3784924 test
27 Q0 3123595 342 7.377628 test
27 Q0 3120731 343 7.373323 test
27 Q0 3128065 344 7.3703213 test
27 Q0 3124302 345 7.3689904 test
27 Q0 3123322 346 7.3444076 test
27 Q0 3131791 347 7.341497 test
27 Q0 3123255 348 7.3304563 test
27 Q0 3125308 349 7.330279 test
27 Q0 3128015 350 7.326725 test
27 Q0 3126817 351 7.32493 test
27 Q0 3121695 352 7.3152947 test
27 Q0 3132663 353 7.3085237 test
27 Q0 3127841 354 7.298117 test
27 Q0 3121694 355 7.297682 test
27 Q0 3123178 356 7.295413 test
27 Q0 3120682 357 7.2945027 test
27 Q0 3121617 358 7.2877235 test
27 Q0 3132531 359 7.265499 test
27 Q0 3122118 360 7.255442 test
27 Q0 3130473 361 7.253386 test
27 Q0 3132096 362 7.2524414 test
27 Q0 3129966 363 7.25119 test
27 Q0 3126742 364 7.2484274 test
27 Q0 3121698 365 7.244214 test
27 Q0 3123818 366 7.2398577 test
27 Q0 3130671 367 7.2398257 test
27 Q0 3127750 368 7.2393565 test
27 Q0 3120756 369 7.2381682 test
27 Q0 3121756 370 7.2368937 test
27 Q0 3124473 371 7.229381 test
27 Q0 3123190 372 7.2145777 test
27 Q0 3123736 373 7.206964 test
27 Q0 3125144 374 7.202714 test
27 Q0 3121276 375 7.202531 test
27 Q0 3128116 376 7.196043 test
27 Q0 3126981 377 7.196039 test
27 Q0 3127859 378 7.1829047 test
27 Q0 3123816 379 7.1827965 test
27 Q0 3132176 380 7.178728 test
27 Q0 3124027 381 7.1780844 test
27 Q0 3127758 382 7.173332 test
27 Q0 3130023 383 7.1600904 test
27 Q0 3128582 384 7.1532173 test
27 Q0 3125255 385 7.151405 test
27 Q0 3130057 386 7.149211 test
27 Q0 3129307 387 7.144789 test
27 Q0 3127014 388 7.135429 test
27 Q0 3121626 389 7.135065 test
27 Q0 3132539 390 7.1306477 test
27 Q0 3123737 391 7.1294413 test
27 Q0 3125961 392 7.1291966 test
27 Q0 3128243 393 7.128212 test
27 Q0 3130781 394 7.127991 test
27 Q0 3127743 395 7.1268535 test
27 Q0 3126744 396 7.124129 test
27 Q0 3126814 397 7.1207023 test
27 Q0 3128079 398 7.119197 test
27 Q0 3131982 399 7.118782 test
27 Q0 3125299 400 7.1096573 test
27 Q0 3127002 401 7.1042504 test
27 Q0 3125374 402 7.094816 test
27 Q0 3125198 403 7.086833 test
27 Q0 3122998 404 7.081649 test
27 Q0 3125518 405 7.062769 test
27 Q0 3121077 406 7.049647 test
27 Q0 3121636 407 7.04112 test
27 Q0 3123242 408 7.027072 test
27 Q0 3129354 409 7.0256343 test
27 Q0 3127990 410 7.01599 test
27 Q0 3127966 411 7.0150714 test
27 Q0 3127952 412 7.0128937 test
27 Q0 3123560 413 7.012387 test
27 Q0 3131288 414 7.0050364 test
27 Q0 3130639 415 7.0029144 test
27 Q0 3130037 416 6.9988117 test
27 Q0 3132097 417 6.992965 test
27 Q0 3124964 418 6.9900846 test
27 Q0 3129592 419 6.9894757 test
27 Q0 3131758 420 6.9852557 test
27 Q0 3128040 421 6.984994 test
27 Q0 3131303 422 6.9819508 test
27 Q0 3120735 423 6.981782 test
27 Q0 3123545 424 6.979246 test
27 Q0 3132122 425 6.9766054 test
27 Q0 3131037 426 6.976254 test
27 Q0 3127315 427 6.9752274 test
27 Q0 3132607 428 6.972783 test
27 Q0 3128891 429 6.972534 test
27 Q0 3131243 430 6.971841 test
27 Q0 3131986 431 6.9698925 test
27 Q0 3126732 432 6.9668093 test
27 Q0 3127759 433 6.957077 test
27 Q0 3125360 434 6.9459233 test
27 Q0 3127979 435 6.9392796 test
27 Q0 3129085 436 6.9391484 test
27 Q0 3130668 437 6.9391055 test
27 Q0 3130343 438 6.9308486 test
27 Q0 3128383 439 6.922015 test
27 Q0 3124979 440 6.913889 test
27 Q0 3124261 441 6.9124317 test
27 Q0 3123369 442 6.910908 test
27 Q0 3131030 443 6.909387 test
27 Q0 3124981 444 6.905321 test
27 Q0 3125283 445 6.8974714 test
27 Q0 3123586 446 6.8885026 test
27 Q0 3121964 447 6.888392 test
27 Q0 3131187 448 6.8847327 test
27 Q0 3124135 449 6.8843713 test
27 Q0 3129663 450 6.870204 test
27 Q0 3123359 451 6.8672323 test
27 Q0 3121748 452 6.864708 test
27 Q0 3132592 453 6.864258 test
27 Q0 3122504 454 6.8620753 test
27 Q0 3128625 455 6.859359 test
27 Q0 3123632 456 6.848707 test
27 Q0 3124673 457 6.8471212 test
27 Q0 3128929 458 6.8417006 test
27 Q0 3130631 459 6.8377676 test
27 Q0 3122087 460 6.832517 test
27 Q0 3128893 461 6.8319807 test
27 Q0 3120851 462 6.8179665 test
27 Q0 3132231 463 6.817115 test
27 Q0 3123648 464 6.8092523 test
27 Q0 3125141 465 6.809019 test
27 Q0 3128025 466 6.804985 test
27 Q0 3127754 467 6.7975817 test
27 Q0 3131116 468 6.7964253 test
27 Q0 3130574 469 6.7961416 test
27 Q0 3128042 470 6.7887645 test
27 Q0 3121673 471 6.786723 test
27 Q0 3125171 472 6.785642 test
27 Q0 3129105 473 6.779324 test
27 Q0 3131302 474 6.774622 test
27 Q0 3123168 475 6.7743907 test
27 Q0 3129672 476 6.771239 test
27 Q0 3125813 477 6.7671466 test
27 Q0 3126825 478 6.766356 test
27 Q0 3121638 479 6.7662377 test
27 Q0 3130646 480 6.765031 test
27 Q0 3121000 481 6.761112 test
27 Q0 3125004 482 6.759711 test
27 Q0 3121672 483 6.7556286 test
27 Q0 3121956 484 6.7541203 test
27 Q0 3125252 485 6.7522316 test
27 Q0 3129038 486 6.7340927 test
27 Q0 3132333 487 6.7289667 test
27 Q0 3129947 488 6.7284374 test
27 Q0 3129577 489 6.7234716 test
27 Q0 3130030 490 6.718967 test
27 Q0 3132203 491 6.7159667 test
27 Q0 3129087 492 6.714909 test
27 Q0 3120727 493 6.714523 test
27 Q0 3121582 494 6.7138963 test
27 Q0 3131306 495 6.7053475 test
27 Q0 3120793 496 6.705004 test
27 Q0 3124275 497 6.697498 test
27 Q0 3126846 498 6.692467 test
27 Q0 3131748 499 6.6857142 test
27 Q0 3125542 500 6.681042 test
27 Q0 3129648 501 6.679594 test
27 Q0 3121611 502 6.674097 test
27 Q0 3126933 503 6.6731544 test
27 Q0 3125203 504 6.6683497 test
27 Q0 3129121 505 6.6519513 test
27 Q0 3120673 506 6.6497865 test
27 Q0 3126835 507 6.645 test
27 Q0 3121059 508 6.6405993 test
27 Q0 3124966 509 6.638573 test
27 Q0 3127423 510 6.6356072 test
27 Q0 3130654 511 6.634978 test
27 Q0 3132018 512 6.6336493 test
27 Q0 3121095 513 6.6322303 test
27 Q0 3123511 514 6.6280026 test
27 Q0 3124438 515 6.623592 test
27 Q0 3127968 516 6.615092 test
27 Q0 3127781 517 6.614537 test
27 Q0 3129068 518 6.604033 test
27 Q0 3123663 519 6.602305 test
27 Q0 3128895 520 6.601988 test
27 Q0 3125389 521 6.600167 test
27 Q0 3120968 522 6.597679 test
27 Q0 3128021 523 6.5969706 test
27 Q0 3130317 524 6.594362 test
27 Q0 3130708 525 6.5932584 test
27 Q0 3123568 526 6.59104 test
27 Q0 3124727 527 6.590257 test
27 Q0 3130152 528 6.588829 test
27 Q0 3125366 529 6.5880036 test
27 Q0 3127418 530 6.5868034 test
27 Q0 3131125 531 6.5851297 test
27 Q0 3124690 532 6.5827017 test
27 Q0 3121634 533 6.579354 test
27 Q0 3120792 534 6.577593 test
27 Q0 3123832 535 6.5701594 test
27 Q0 3124323 536 6.565967 test
27 Q0 3121424 537 6.5658464 test
27 Q0 3124505 538 6.5591016 test
27 Q0 3123012 539 6.551045 test
27 Q0 3124550 540 6.547288 test
27 Q0 3120781 541 6.541821 test
27 Q0 3125394 542 6.5393386 test
27 Q0 3126711 543 6.536511 test
27 Q0 3123196 544 6.5359387 test
27 Q0 3131798 545 6.5294204 test
27 Q0 3130345 546 6.5221386 test
27 Q0 3120671 547 6.5200205 test
27 Q0 3132229 548 6.518615 test
27 Q0 3128858 549 6.5165157 test
27 Q0 3128700 550 6.5147324 test
27 Q0 3128727 551 6.5146575 test
27 Q0 3126984 552 6.513579 test
27 Q0 3129641 553 6.500411 test
27 Q0 3121094 554 6.497174 test
27 Q0 3130362 555 6.4959636 test
27 Q0 3124491 556 6.491301 test
27 Q0 3121608 557 6.479637 test
27 Q0 3132128 558 6.474037 test
27 Q0 3121618 559 6.473933 test
27 Q0 3120808 560 6.4720674 test
27 Q0 3130571 561 6.465713 test
27 Q0 3122348 562 6.462843 test
27 Q0 3129945 563 6.4561286 test
27 Q0 3120736 564 6.4540925 test
27 Q0 3120726 565 6.4470916 test
27 Q0 3130169 566 6.4443254 test
27 Q0 3129096 567 6.4434643 test
27 Q0 3121938 568 6.442608 test
27 Q0 3130006 569 6.4422135 test
27 Q0 3124286 570 6.441571 test
27 Q0 3122548 571 6.434715 test
27 Q0 3131984 572 6.4330373 test
27 Q0 3123268 573 6.4312844 test
27 Q0 3123258 574 6.421189 test
27 Q0 3125373 575 6.4202995 test
27 Q0 3125660 576 6.4137244 test
27 Q0 3132704 577 6.413659 test
27 Q0 3131401 578 6.409829 test
27 Q0 3131717 579 6.4021955 test
27 Q0 3131711 580 6.401783 test
27 Q0 3123358 581 6.3934 test
27 Q0 3128845 582 6.3933873 test
27 Q0 3125290 583 6.3928943 test
27 Q0 3125645 584 6.3849425 test
27 Q0 3131539 585 6.3838654 test
27 Q0 3130693 586 6.3814783 test
27 Q0 3123744 587 6.381218 test
27 Q0 3125233 588 6.379302 test
27 Q0 3126760 589 6.378109 test
27 Q0 3130292 590 6.3777685 test
27 Q0 3122728 591 6.3760433 test
27 Q0 3122509 592 6.375172 test
27 Q0 3132476 593 6.373389 test
27 Q0 3124151 594 6.3717093 test
27 Q0 3132721 595 6.370189 test
27 Q0 3132437 596 6.364712 test
27 Q0 3127975 597 6.3561897 test
27 Q0 3128980 598 6.356178 test
27 Q0 3132616 599 6.3537936 test
27 Q0 3120811 600 6.3536043 test
27 Q0 3132446 601 6.352586 test
27 Q0 3123286 602 6.3504057 test
27 Q0 3128887 603 6.348013 test
27 Q0 3125720 604 6.341097 test
27 Q0 3127768 605 6.340914 test
27 Q0 3120812 606 6.3394384 test
27 Q0 3128048 607 6.3310127 test
27 Q0 3125356 608 6.3262234 test
27 Q0 3130190 609 6.3260307 test
27 Q0 3121768 610 6.3210845 test
27 Q0 3129583 611 6.3209333 test
27 Q0 3125234 612 6.3197145 test
27 Q0 3132034 613 6.3145666 test
27 Q0 3129304 614 6.3129387 test
27 Q0 3130265 615 6.3099 test
27 Q0 3125375 616 6.3098383 test
27 Q0 3130722 617 6.3074427 test
27 Q0 3120865 618 6.3053074 test
27 Q0 3122093 619 6.3037157 test
27 Q0 3129057 620 6.298475 test
27 Q0 3120751 621 6.2966776 test
27 Q0 3128256 622 6.294228 test
27 Q0 3125205 623 6.293891 test
27 Q0 3121278 624 6.291985 test
27 Q0 3123592 625 6.2909303 test
27 Q0 3130920 626 6.2871885 test
27 Q0 3129755 627 6.2827196 test
27 Q0 3129083 628 6.2706904 test
27 Q0 3128598 629 6.2705936 test
27 Q0 3121732 630 6.2705183 test
27 Q0 3128595 631 6.268769 test
27 Q0 3130182 632 6.267371 test
27 Q0 3124522 633 6.248461 test
27 Q0 3121633 634 6.2447686 test
27 Q0 3127309 635 6.2424297 test
27 Q0 3127415 636 6.242316 test
27 Q0 3123161 637 6.2422824 test
27 Q0 3129708 638 6.2388873 test
27 Q0 3121726 639 6.2386703 test
27 Q0 3131980 640 6.23676 test
27 Q0 3129501 641 6.2360234 test
27 Q0 3125333 642 6.23564 test
27 Q0 3132710 643 6.2353764 test
27 Q0 3129129 644 6.2318172 test
27 Q0 3125204 645 6.2294364 test
27 Q0 3131384 646 6.2276483 test
27 Q0 3121437 647 6.217008 test
27 Q0 3129058 648 6.2109823 test
27 Q0 3125379 649 6.2104287 test
27 Q0 3120753 650 6.210397 test
27 Q0 3123162 651 6.2029614 test
27 Q0 3131546 652 6.202759 test
27 Q0 3131983 653 6.2021165 test
27 Q0 3126982 654 6.2005873 test
27 Q0 3121761 655 6.1917343 test
27 Q0 3121007 656 6.191659 test
27 Q0 3125392 657 6.1904955 test
27 Q0 3123283 658 6.189817 test
27 Q0 3124454 659 6.1872287 test
27 Q0 3130215 660 6.1857414 test
27 Q0 3128857 661 6.1856747 test
27 Q0 3129116 662 6.1849065 test
27 Q0 3121277 663 6.184009 test
27 Q0 3120763 664 6.1838593 test
27 Q0 3120818 665 6.181513 test
27 Q0 3125033 666 6.1787486 test
27 Q0 3127801 667 6.1782246 test
27 Q0 3128737 668 6.173954 test
27 Q0 3120997 669 6.1688266 test
27 Q0 3125176 670 6.168424 test
27 Q0 3128135 671 6.167919 test
27 Q0 3127355 672 6.1674967 test
27 Q0 3128594 673 6.1674767 test
27 Q0 3128607 674 6.1669726 test
27 Q0 3128039 675 6.1663713 test
27 Q0 3120679 676 6.158883 test
27 Q0 3132330 677 6.1575174 test
27 Q0 3124489 678 6.1539946 test
27 Q0 3130983 679 6.151891 test
27 Q0 3120684 680 6.1503563 test
27 Q0 3129322 681 6.1499615 test
27 Q0 3130193 682 6.148917 test
27 Q0 3122984 683 6.1382833 test
27 Q0 3127319 684 6.1364846 test
27 Q0 3124725 685 6.135878 test
27 Q0 3121581 686 6.1344976 test
27 Q0 3128272 687 6.1308274 test
27 Q0 3131130 688 6.129711 test
27 Q0 3129794 689 6.1291156 test
27 Q0 3123614 690 6.127544 test
27 Q0 3127391 691 6.1234965 test
27 Q0 3125955 692 6.1214385 test
27 Q0 3131069 693 6.121049 test
27 Q0 3131292 694 6.113276 test
27 Q0 3123195 695 6.1121235 test
27 Q0 3130894 696 6.1114416 test
27 Q0 3124318 697 6.110976 test
27 Q0 3127492 698 6.1066957 test
27 Q0 3123259 699 6.106464 test
27 Q0 3124165 700 6.1064615 test
27 Q0 3122987 701 6.106253 test
27 Q0 3132670 702 6.104836 test
27 Q0 3126694 703 6.100149 test
27 Q0 3132439 704 6.094743 test
27 Q0 3126772 705 6.094337 test
27 Q0 3132376 706 6.092911 test
27 Q0 3127017 707 6.092489 test
27 Q0 3130641 708 6.0879793 test
27 Q0 3123546 709 6.0866823 test
27 Q0 3132679 710 6.082703 test
27 Q0 3121876 711 6.080242 test
27 Q0 3122600 712 6.078317 test
27 Q0 3128103 713 6.0759625 test
27 Q0 3130010 714 6.0732255 test
27 Q0 3130181 715 6.07322 test
27 Q0 3124639 716 6.0707316 test
27 Q0 3131304 717 6.067156 test
27 Q0 3123298 718 6.0671477 test
27 Q0 3126821 719 6.0642786 test
27 Q0 3121587 720 6.0591273 test
27 Q0 3124409 721 6.054499 test
27 Q0 3130469 722 6.0538044 test
27 Q0 3124988 723 6.04966 test
27 Q0 3128017 724 6.0466623 test
27 Q0 3127981 725 6.0449176 test
27 Q0 3132483 726 6.0377073 test
27 Q0 3128817 727 6.0353665 test
27 Q0 3122114 728 6.030271 test
27 Q0 3131026 729 6.0279083 test
27 Q0 3122505 730 6.027426 test
27 Q0 3132064 731 6.02343 test
27 Q0 3132719 732 6.022858 test
27 Q0 3124459 733 6.022362 test
27 Q0 3129591 734 6.018122 test
27 Q0 3130800 735 6.017667 test
27 Q0 3121639 736 6.016043 test
27 Q0 3128088 737 6.010253 test
27 Q0 3125957 738 6.0074353 test
27 Q0 3122380 739 6.005252 test
27 Q0 3132374 740 6.0045433 test
27 Q0 3121757 741 6.00362 test
27 Q0 3132370 742 5.9981365 test
27 Q0 3128206 743 5.9973497 test
27 Q0 3125350 744 5.9962893 test
27 Q0 3130805 745 5.996 test
27 Q0 3125417 746 5.9950886 test
27 Q0 3120819 747 5.993748 test
27 Q0 3132613 748 5.993451 test
27 Q0 3124208 749 5.9907556 test
27 Q0 3127778 750 5.9903674 test
27 Q0 3126497 751 5.985921 test
27 Q0 3121710 752 5.9821424 test
27 Q0 3125235 753 5.9788265 test
27 Q0 3131801 754 5.977698 test
27 Q0 3130930 755 5.9774837 test
27 Q0 3131518 756 5.9754806 test
27 Q0 3123579 757 5.9751205 test
27 Q0 3122993 758 5.970125 test
27 Q0 3128617 759 5.970105 test
27 Q0 3130998 760 5.966479 test
27 Q0 3123164 761 5.9645944 test
27 Q0 3127403 762 5.961006 test
27 Q0 3123204 763 5.958847 test
27 Q0 3131032 764 5.9540687 test
27 Q0 3128464 765 5.9524984 test
27 Q0 3130011 766 5.9507923 test
27 Q0 3131434 767 5.950408 test
27 Q0 3132745 768 5.9498634 test
27 Q0 3125381 769 5.949768 test
27 Q0 3123563 770 5.947954 test
27 Q0 3122589 771 5.9465 test
27 Q0 3123173 772 5.945873 test
27 Q0 3128010 773 5.940431 test
27 Q0 3132404 774 5.933607 test
27 Q0 3128012 775 5.9328604 test
27 Q0 3124235 776 5.931938 test
27 Q0 3126841 777 5.9296923 test
27 Q0 3121782 778 5.9280667 test
27 Q0 3129082 779 5.9274635 test
27 Q0 3125244 780 5.92505 test
27 Q0 3130683 781 5.9248915 test
27 Q0 3128110 782 5.922006 test
27 Q0 3120845 783 5.921859 test
27 Q0 3128742 784 5.919059 test
27 Q0 3122593 785 5.918137 test
27 Q0 3126701 786 5.9170594 test
27 Q0 3124124 787 5.9156055 test
27 Q0 3125655 788 5.914576 test
27 Q0 3123626 789 5.9117846 test
27 Q0 3121675 790 5.9077682 test
27 Q0 3120816 791 5.90434 test
27 Q0 3121951 792 5.9041753 test
27 Q0 3126776 793 5.899604 test
27 Q0 3124016 794 5.8987584 test
27 Q0 3130007 795 5.8970447 test
27 Q0 3127763 796 5.896865 test
27 Q0 3124495 797 5.8966365 test
27 Q0 3127004 798 5.895541 test
27 Q0 3131678 799 5.8901563 test
27 Q0 3122596 800 5.888801 test
27 Q0 3120745 801 5.8884187 test
27 Q0 3124987 802 5.8841944 test
27 Q0 3131595 803 5.8778977 test
27 Q0 3131588 804 5.874342 test
27 Q0 3125190 805 5.8732944 test
27 Q0 3128013 806 5.8696 test
27 Q0 3125041 807 5.8667264 test
27 Q0 3123559 808 5.864826 test
27 Q0 3121674 809 5.861344 test
27 Q0 3124122 810 5.858403 test
27 Q0 3128846 811 5.858247 test
27 Q0 3125736 812 5.851413 test
27 Q0 3129969 813 5.851274 test
27 Q0 3127303 814 5.851067 test
27 Q0 3125626 815 5.850853 test
27 Q0 3128102 816 5.845811 test
27 Q0 3123779 817 5.844807 test
27 Q0 3131012 818 5.8405867 test
27 Q0 3123549 819 5.8394957 test
27 Q0 3130632 820 5.838227 test
27 Q0 3123553 821 5.838012 test
27 Q0 3128022 822 5.8368106 test
27 Q0 3120803 823 5.8367486 test
27 Q0 3130460 824 5.834126 test
27 Q0 3129292 825 5.834119 test
27 Q0 3123649 826 5.830132 test
27 Q0 3128407 827 5.8276615 test
27 Q0 3123461 828 5.826715 test
27 Q0 3129351 829 5.826098 test
27 Q0 3120675 830 5.825583 test
27 Q0 3124047 831 5.8245316 test
27 Q0 3123285 832 5.8239336 test
27 Q0 3127976 833 5.820258 test
27 Q0 3131559 834 5.8201222 test
27 Q0 3130282 835 5.819929 test
27 Q0 3123831 836 5.816049 test
27 Q0 3121787 837 5.8140182 test
27 Q0 3130021 838 5.811873 test
27 Q0 3127967 839 5.811508 test
27 Q0 3129299 840 5.809853 test
27 Q0 3123615 841 5.8067784 test
27 Q0 3128838 842 5.805068 test
27 Q0 3127985 843 5.8041635 test
27 Q0 3128819 844 5.8033624 test
27 Q0 3126768 845 5.796489 test
27 Q0 3128930 846 5.7929287 test
27 Q0 3128705 847 5.7917905 test
27 Q0 3127772 848 5.7911124 test
27 Q0 3121069 849 5.788872 test
27 Q0 3130139 850 5.7870927 test
27 Q0 3120750 851 5.783212 test
27 Q0 3123456 852 5.781707 test
27 Q0 3122508 853 5.7796736 test
27 Q0 3120748 854 5.7729664 test
27 Q0 3120827 855 5.7726445 test
27 Q0 3131076 856 5.7671785 test
27 Q0 3130276 857 5.7665205 test
27 Q0 3129352 858 5.760353 test
27 Q0 3127353 859 5.7574086 test
27 Q0 3132389 860 5.7571225 test
27 Q0 3130747 861 5.7557917 test
27 Q0 3124126 862 5.753081 test
27 Q0 3122453 863 5.747715 test
27 Q0 3132697 864 5.7471495 test
27 Q0 3130997 865 5.744304 test
27 Q0 3125718 866 5.7436824 test
27 Q0 3126999 867 5.7429104 test
27 Q0 3132540 868 5.741893 test
27 Q0 3127296 869 5.7416215 test
27 Q0 3132355 870 5.7415867 test
27 Q0 3132509 871 5.733279 test
27 Q0 3121741 872 5.7329183 test
27 Q0 3131256 873 5.729336 test
27 Q0 3130468 874 5.7284946 test
27 Q0 3129110 875 5.724363 test
27 Q0 3123294 876 5.722196 test
27 Q0 3132309 877 5.722031 test
27 Q0 3124722 878 5.72198 test
27 Q0 3121129 879 5.7172136 test
27 Q0 3130373 880 5.7153993 test
27 Q0 3129760 881 5.7150617 test
27 Q0 3125666 882 5.7097483 test
27 Q0 3129300 883 5.708236 test
27 Q0 3128738 884 5.7068124 test
27 Q0 3127840 885 5.7067986 test
27 Q0 3123701 886 5.706179 test
27 Q0 3130712 887 5.705254 test
27 Q0 3129120 888 5.702521 test
27 Q0 3129682 889 5.7022386 test
27 Q0 3125335 890 5.7020087 test
27 Q0 3132693 891 5.701932 test
27 Q0 3127383 892 5.7013245 test
27 Q0 3123512 893 5.6978765 test
27 Q0 3132594 894 5.693721 test
27 Q0 3121064 895 5.6923766 test
27 Q0 3125524 896 5.687018 test
27 Q0 3131118 897 5.6865454 test
27 Q0 3123550 898 5.686394 test
27 Q0 3124465 899 5.6857414 test
27 Q0 3120720 900 5.6846857 test
27 Q0 3129310 901 5.6769137 test
27 Q0 3126695 902 5.676899 test
27 Q0 3131252 903 5.6756887 test
27 Q0 3121637 904 5.672995 test
27 Q0 3120984 905 5.6719007 test
27 Q0 3131757 906 5.6689606 test
27 Q0 3120769 907 5.668752 test
27 Q0 3130048 908 5.666031 test
27 Q0 3123567 909 5.6637087 test
27 Q0 3127346 910 5.662894 test
27 Q0 3125277 911 5.6622863 test
27 Q0 3123457 912 5.6616497 test
27 Q0 3124449 913 5.6615133 test
27 Q0 3121635 914 5.6565075 test
27 Q0 3122670 915 5.654724 test
27 Q0 3127797 916 5.6520076 test
27 Q0 3126514 917 5.651832 test
27 Q0 3127313 918 5.6493735 test
27 Q0 3121788 919 5.6471806 test
27 Q0 3125162 920 5.6456146 test
27 Q0 3124713 921 5.643229 test
27 Q0 3121172 922 5.6422415 test
27 Q0 3129113 923 5.63973 test
27 Q0 3121968 924 5.6349216 test
27 Q0 3123702 925 5.6349206 test
27 Q0 3121070 926 5.6348543 test
27 Q0 3132392 927 5.634384 test
27 Q0 3132682 928 5.63132 test
27 Q0 3124430 929 5.6290193 test
27 Q0 3123594 930 5.626898 test
27 Q0 3129951 931 5.625776 test
27 Q0 3125063 932 5.623898 test
27 Q0 3129776 933 5.623879 test
27 Q0 3127454 934 5.623577 test
27 Q0 3131284 935 5.6217203 test
27 Q0 3125059 936 5.6210203 test
27 Q0 3130765 937 5.618617 test
27 Q0 3128092 938 5.6180677 test
27 Q0 3132493 939 5.6164436 test
27 Q0 3132214 940 5.612121 test
27 Q0 3122054 941 5.609747 test
27 Q0 3122858 942 5.6092176 test
27 Q0 3124463 943 5.609044 test
27 Q0 3124391 944 5.6071343 test
27 Q0 3126762 945 5.6069674 test
27 Q0 3127991 946 5.6055217 test
27 Q0 3127997 947 5.6053457 test
27 Q0 3126726 948 5.6041126 test
27 Q0 3129125 949 5.5993805 test
27 Q0 3122068 950 5.598182 test
27 Q0 3129753 951 5.595123 test
27 Q0 3126837 952 5.595039 test
27 Q0 3128011 953 5.592929 test
27 Q0 3120967 954 5.5916357 test
27 Q0 3125279 955 5.590594 test
27 Q0 3123907 956 5.587092 test
27 Q0 3127401 957 5.585896 test
27 Q0 3127810 958 5.5856485 test
27 Q0 3123878 959 5.581887 test
27 Q0 3126833 960 5.569247 test
27 Q0 3124482 961 5.568897 test
27 Q0 3123629 962 5.567701 test
27 Q0 3123616 963 5.5659304 test
27 Q0 3129059 964 5.56174 test
27 Q0 3120829 965 5.5606003 test
27 Q0 3122901 966 5.5600924 test
27 Q0 3125002 967 5.55924 test
27 Q0 3123847 968 5.559146 test
27 Q0 3123302 969 5.5588245 test
27 Q0 3123202 970 5.5588193 test
27 Q0 3129315 971 5.5573483 test
27 Q0 3125664 972 5.55513 test
27 Q0 3126829 973 5.5535207 test
27 Q0 3125003 974 5.5528584 test
27 Q0 3120839 975 5.5445347 test
27 Q0 3120882 976 5.543876 test
27 Q0 3128028 977 5.5420303 test
27 Q0 3124487 978 5.5419517 test
27 Q0 3127977 979 5.5368247 test
27 Q0 3127018 980 5.531489 test
27 Q0 3130191 981 5.5297723 test
27 Q0 3123213 982 5.529205 test
27 Q0 3125294 983 5.5231867 test
27 Q0 3124884 984 5.5211368 test
27 Q0 3121421 985 5.509448 test
27 Q0 3126858 986 5.508854 test
27 Q0 3120861 987 5.5068827 test
27 Q0 3121074 988 5.5040536 test
27 Q0 3122587 989 5.502098 test
27 Q0 3123257 990 5.4996448 test
27 Q0 3125177 991 5.4959445 test
27 Q0 3120878 992 5.4921627 test
27 Q0 3129124 993 5.491083 test
27 Q0 3125520 994 5.4900618 test
27 Q0 3128359 995 5.4876776 test
27 Q0 3124954 996 5.4864135 test
27 Q0 3126784 997 5.486216 test
27 Q0 3130488 998 5.484614 test
27 Q0 3127020 999 5.4844284 test
27 Q0 3127849 1000 5.483737 test
28 Q0 3122507 1 22.057854 test
28 Q0 3125000 2 19.781033 test
28 Q0 3126760 3 19.58044 test
28 Q0 3131031 4 13.667134 test
28 Q0 3129128 5 13.469111 test
28 Q0 3125001 6 13.069458 test
28 Q0 3126768 7 13.027592 test
28 Q0 3121614 8 12.890686 test
28 Q0 3120862 9 12.77426 test
28 Q0 3128622 10 12.627476 test
28 Q0 3129104 11 12.594289 test
28 Q0 3123310 12 12.540252 test
28 Q0 3132202 13 12.386286 test
28 Q0 3130037 14 12.299439 test
28 Q0 3124301 15 12.242338 test
28 Q0 3131298 16 12.190836 test
28 Q0 3129948 17 12.176488 test
28 Q0 3132236 18 12.125605 test
28 Q0 3124461 19 12.044725 test
28 Q0 3124426 20 12.036077 test
28 Q0 3125319 21 11.905821 test
28 Q0 3124448 22 11.845213 test
28 Q0 3122509 23 11.837557 test
28 Q0 3126905 24 11.772684 test
28 Q0 3132334 25 11.72659 test
28 Q0 3121623 26 11.563854 test
28 Q0 3120803 27 11.532175 test
28 Q0 3122500 28 11.446167 test
28 Q0 3129759 29 11.41811 test
28 Q0 3130746 30 11.1412 test
28 Q0 3124345 31 10.988024 test
28 Q0 3128259 32 10.9700575 test
28 Q0 3130163 33 10.846917 test
28 Q0 3132094 34 10.585116 test
28 Q0 3125365 35 10.548934 test
28 Q0 3125006 36 10.5488825 test
28 Q0 3128598 37 10.339181 test
28 Q0 3123171 38 10.140222 test
28 Q0 3132390 39 10.11683 test
28 Q0 3123288 40 9.773181 test
28 Q0 3124135 41 9.741638 test
28 Q0 3132239 42 9.62678 test
28 Q0 3124669 43 9.606214 test
28 Q0 3124477 44 9.515712 test
28 Q0 3129040 45 9.444744 test
28 Q0 3120839 46 9.394518 test
28 Q0 3123569 47 9.387205 test
28 Q0 3121715 48 9.229272 test
28 Q0 3123332 49 9.178623 test
28 Q0 3125194 50 9.123352 test
28 Q0 3122379 51 8.458191 test
28 Q0 3126126 52 8.411224 test
28 Q0 3126502 53 8.33825 test
28 Q0 3125141 54 8.147343 test
28 Q0 3121944 55 8.086605 test
28 Q0 3123340 56 8.014782 test
28 Q0 3131615 57 7.915133 test
28 Q0 3125012 58 7.9132543 test
28 Q0 3132178 59 7.878538 test
28 Q0 3126858 60 7.855636 test
28 Q0 3132446 61 7.8485546 test
28 Q0 3131560 62 7.831252 test
28 Q0 3129086 63 7.654297 test
28 Q0 3126809 64 7.65182 test
28 Q0 3121745 65 7.634013 test
28 Q0 3123882 66 7.6223226 test
28 Q0 3120726 67 7.527472 test
28 Q0 3131237 68 7.4422574 test
28 Q0 3129585 69 7.161356 test
28 Q0 3123540 70 7.1026454 test
28 Q0 3123602 71 7.041828 test
28 Q0 3132443 72 7.0134006 test
28 Q0 3130974 73 6.969395 test
28 Q0 3128120 74 6.8561487 test
28 Q0 3125305 75 6.6513395 test
28 Q0 3130648 76 6.486471 test
28 Q0 3128751 77 6.4563756 test
28 Q0 3125170 78 6.15477 test
28 Q0 3120855 79 6.1493354 test
28 Q0 3124475 80 6.065539 test
28 Q0 3120700 81 5.974792 test
28 Q0 3132488 82 5.9666185 test
28 Q0 3132412 83 5.649657 test
28 Q0 3123356 84 5.5811796 test
28 Q0 3131564 85 5.564563 test
28 Q0 3128624 86 5.4665217 test
28 Q0 3132364 87 5.4539404 test
28 Q0 3127766 88 4.9623075 test
28 Q0 3129958 89 4.8176503 test
28 Q0 3131719 90 4.680616 test
28 Q0 3126799 91 4.654107 test
28 Q0 3132542 92 4.6262054 test
28 Q0 3131270 93 4.5467362 test
28 Q0 3124330 94 4.4044857 test
28 Q0 3132156 95 4.37358 test
28 Q0 3127966 96 4.345852 test
28 Q0 3120731 97 4.3365474 test
28 Q0 3121064 98 4.293815 test
28 Q0 3128079 99 4.289377 test
28 Q0 3127415 100 4.276517 test
28 Q0 3125252 101 4.237589 test
28 Q0 3129344 102 4.235144 test
28 Q0 3121440 103 4.2263494 test
28 Q0 3129330 104 4.2217364 test
28 Q0 3123701 105 4.219065 test
28 Q0 3126817 106 4.2127275 test
28 Q0 3131766 107 4.189963 test
28 Q0 3121439 108 4.16813 test
28 Q0 3123290 109 4.165178 test
28 Q0 3129345 110 4.1609936 test
28 Q0 3121443 111 4.153001 test
28 Q0 3130006 112 4.1450286 test
28 Q0 3126829 113 4.128226 test
28 Q0 3127376 114 4.1269145 test
28 Q0 3123589 115 4.1206903 test
28 Q0 3130173 116 4.1195126 test
28 Q0 3130192 117 4.1123643 test
28 Q0 3132411 118 4.097415 test
28 Q0 3121074 119 4.0939913 test
28 Q0 3125223 120 4.089272 test
28 Q0 3130040 121 4.0667815 test
28 Q0 3123550 122 4.0653024 test
28 Q0 3132509 123 4.060932 test
28 Q0 3132214 124 4.0585732 test
28 Q0 3131027 125 4.0548825 test
28 Q0 3124994 126 4.0532527 test
28 Q0 3127841 127 4.0532465 test
28 Q0 3122892 128 4.0474243 test
28 Q0 3131151 129 4.0422425 test
28 Q0 3131295 130 4.039451 test
28 Q0 3131302 131 4.037796 test
28 Q0 3125277 132 4.037285 test
28 Q0 3132392 133 4.027293 test
28 Q0 3120736 134 4.026385 test
28 Q0 3129110 135 4.0262175 test
28 Q0 3128620 136 4.0249314 test
28 Q0 3125360 137 4.021415 test
28 Q0 3128105 138 4.017991 test
28 Q0 3132091 139 4.00904 test
28 Q0 3132746 140 4.0048046 test
28 Q0 3124965 141 3.9918895 test
28 Q0 3121653 142 3.9917123 test
28 Q0 3121695 143 3.990116 test
28 Q0 3131249 144 3.9884417 test
28 Q0 3129355 145 3.979981 test
28 Q0 3129942 146 3.9657426 test
28 Q0 3121610 147 3.9612203 test
28 Q0 3125504 148 3.959157 test
28 Q0 3121636 149 3.958575 test
28 Q0 3127743 150 3.9555945 test
28 Q0 3127385 151 3.9536216 test
28 Q0 3122554 152 3.9448233 test
28 Q0 3131251 153 3.941382 test
28 Q0 3121059 154 3.9258902 test
28 Q0 3121637 155 3.9157557 test
28 Q0 3125254 156 3.9109259 test
28 Q0 3124016 157 3.9096742 test
28 Q0 3124124 158 3.908006 test
28 Q0 3120871 159 3.8888216 test
28 Q0 3132710 160 3.881218 test
28 Q0 3125667 161 3.880988 test
28 Q0 3132513 162 3.8725636 test
28 Q0 3120997 163 3.8683784 test
28 Q0 3123814 164 3.8630745 test
28 Q0 3131263 165 3.8591936 test
28 Q0 3124487 166 3.8580835 test
28 Q0 3126714 167 3.8456872 test
28 Q0 3128049 168 3.8158183 test
28 Q0 3132327 169 3.8061588 test
28 Q0 3125342 170 3.802272 test
28 Q0 3130747 171 3.7893562 test
28 Q0 3122545 172 3.788852 test
28 Q0 3125028 173 3.7887335 test
28 Q0 3126748 174 3.7884858 test
28 Q0 3124713 175 3.7876153 test
28 Q0 3123641 176 3.7848916 test
28 Q0 3122077 177 3.782497 test
28 Q0 3127836 178 3.7816737 test
28 Q0 3132751 179 3.7784832 test
28 Q0 3124884 180 3.7778385 test
28 Q0 3127397 181 3.7745495 test
28 Q0 3128036 182 3.7707312 test
28 Q0 3129092 183 3.7706814 test
28 Q0 3125461 184 3.7666154 test
28 Q0 3122993 185 3.766017 test
28 Q0 3120817 186 3.763893 test
28 Q0 3125330 187 3.7629142 test
28 Q0 3121334 188 3.759955 test
28 Q0 3129354 189 3.7539525 test
28 Q0 3130695 190 3.7507167 test
28 Q0 3131026 191 3.7440436 test
28 Q0 3129753 192 3.7410185 test
28 Q0 3130698 193 3.7363281 test
28 Q0 3128361 194 3.7317023 test
28 Q0 3120679 195 3.7313435 test
28 Q0 3129096 196 3.725227 test
28 Q0 3129120 197 3.7251506 test
28 Q0 3121650 198 3.7247443 test
28 Q0 3125227 199 3.7239037 test
28 Q0 3121584 200 3.7226195 test
28 Q0 3123632 201 3.7190535 test
28 Q0 3123597 202 3.7128706 test
28 Q0 3126825 203 3.7103953 test
28 Q0 3128896 204 3.7077758 test
28 Q0 3120732 205 3.70222 test
28 Q0 3122999 206 3.6986508 test
28 Q0 3125004 207 3.6976738 test
28 Q0 3132237 208 3.6959507 test
28 Q0 3132531 209 3.694279 test
28 Q0 3123560 210 3.691993 test
28 Q0 3129080 211 3.6894836 test
28 Q0 3132476 212 3.6884267 test
28 Q0 3128601 213 3.688221 test
28 Q0 3130011 214 3.6808095 test
28 Q0 3131777 215 3.680809 test
28 Q0 3126734 216 3.6807296 test
28 Q0 3132389 217 3.6761148 test
28 Q0 3126732 218 3.6754692 test
28 Q0 3121727 219 3.6651664 test
28 Q0 3124432 220 3.6604805 test
28 Q0 3121680 221 3.65819 test
28 Q0 3132097 222 3.6571887 test
28 Q0 3121618 223 3.654046 test
28 Q0 3124875 224 3.6512673 test
28 Q0 3123833 225 3.6500647 test
28 Q0 3132379 226 3.643807 test
28 Q0 3122728 227 3.6418228 test
28 Q0 3123286 228 3.6414506 test
28 Q0 3132633 229 3.6412358 test
28 Q0 3130925 230 3.6360023 test
28 Q0 3121007 231 3.6337862 test
28 Q0 3129061 232 3.6334515 test
28 Q0 3131772 233 3.6269941 test
28 Q0 3122670 234 3.6257575 test
28 Q0 3121061 235 3.623468 test
28 Q0 3130468 236 3.623014 test
28 Q0 3124931 237 3.6219575 test
28 Q0 3122331 238 3.6213384 test
28 Q0 3129112 239 3.619678 test
28 Q0 3132721 240 3.618717 test
28 Q0 3121641 241 3.614259 test
28 Q0 3121335 242 3.6103916 test
28 Q0 3124482 243 3.6017637 test
28 Q0 3127761 244 3.5984302 test
28 Q0 3124140 245 3.5981321 test
28 Q0 3132233 246 3.5970712 test
28 Q0 3127418 247 3.5967364 test
28 Q0 3124494 248 3.5949693 test
28 Q0 3120822 249 3.5921757 test
28 Q0 3124935 250 3.591345 test
28 Q0 3127321 251 3.5905795 test
28 Q0 3125341 252 3.5900667 test
28 Q0 3132722 253 3.5895493 test
28 Q0 3123593 254 3.5859005 test
28 Q0 3123935 255 3.5833333 test
28 Q0 3121617 256 3.5790682 test
28 Q0 3130049 257 3.5789616 test
28 Q0 3131281 258 3.5731113 test
28 Q0 3129305 259 3.5723572 test
28 Q0 3124446 260 3.5723221 test
28 Q0 3127355 261 3.57131 test
28 Q0 3124528 262 3.5708923 test
28 Q0 3130183 263 3.5707328 test
28 Q0 3120781 264 3.569556 test
28 Q0 3127491 265 3.5673432 test
28 Q0 3121761 266 3.5665753 test
28 Q0 3129070 267 3.5632555 test
28 Q0 3128847 268 3.561987 test
28 Q0 3121063 269 3.561542 test
28 Q0 3131288 270 3.561105 test
28 Q0 3123629 271 3.5582995 test
28 Q0 3128206 272 3.554056 test
28 Q0 3130289 273 3.5539398 test
28 Q0 3123700 274 3.5523827 test
28 Q0 3130481 275 3.546807 test
28 Q0 3132588 276 3.5463548 test
28 Q0 3130181 277 3.5451112 test
28 Q0 3125960 278 3.5438797 test
28 Q0 3130050 279 3.5429027 test
28 Q0 3122538 280 3.5426898 test
28 Q0 3130051 281 3.5418937 test
28 Q0 3132730 282 3.53997 test
28 Q0 3123162 283 3.53792 test
28 Q0 3120848 284 3.5376992 test
28 Q0 3132393 285 3.5371656 test
28 Q0 3131588 286 3.5349555 test
28 Q0 3130683 287 3.5288892 test
28 Q0 3132095 288 3.5233204 test
28 Q0 3130182 289 3.5223713 test
28 Q0 3120745 290 3.5195093 test
28 Q0 3127765 291 3.5183034 test
28 Q0 3124063 292 3.5165496 test
28 Q0 3124295 293 3.5150714 test
28 Q0 3121280 294 3.5144448 test
28 Q0 3124495 295 3.512746 test
28 Q0 3131756 296 3.5125458 test
28 Q0 3121751 297 3.512394 test
28 Q0 3122596 298 3.5116653 test
28 Q0 3121603 299 3.5109193 test
28 Q0 3124327 300 3.5104196 test
28 Q0 3132017 301 3.5059047 test
28 Q0 3121421 302 3.5054603 test
28 Q0 3125233 303 3.5052018 test
28 Q0 3132176 304 3.4988353 test
28 Q0 3124465 305 3.49854 test
28 Q0 3128612 306 3.4981375 test
28 Q0 3122998 307 3.489072 test
28 Q0 3127855 308 3.4838858 test
28 Q0 3132725 309 3.4826524 test
28 Q0 3124447 310 3.4808867 test
28 Q0 3128925 311 3.4803317 test
28 Q0 3124530 312 3.4779882 test
28 Q0 3124275 313 3.4760435 test
28 Q0 3123821 314 3.473365 test
28 Q0 3131716 315 3.472486 test
28 Q0 3124508 316 3.46964 test
28 Q0 3124391 317 3.468895 test
28 Q0 3122901 318 3.4650273 test
28 Q0 3130184 319 3.46428 test
28 Q0 3121586 320 3.464017 test
28 Q0 3125253 321 3.463271 test
28 Q0 3131115 322 3.4598675 test
28 Q0 3130893 323 3.4590895 test
28 Q0 3120747 324 3.458697 test
28 Q0 3124991 325 3.4572935 test
28 Q0 3124193 326 3.455119 test
28 Q0 3120851 327 3.4549773 test
28 Q0 3125524 328 3.4544377 test
28 Q0 3128585 329 3.45217 test
28 Q0 3127110 330 3.4518182 test
28 Q0 3125654 331 3.4516666 test
28 Q0 3122339 332 3.4493926 test
28 Q0 3124543 333 3.4465902 test
28 Q0 3131022 334 3.4434571 test
28 Q0 3129749 335 3.4394524 test
28 Q0 3121954 336 3.4385924 test
28 Q0 3132663 337 3.4381232 test
28 Q0 3124323 338 3.4377215 test
28 Q0 3130672 339 3.4376786 test
28 Q0 3125189 340 3.4355056 test
28 Q0 3120793 341 3.4326065 test
28 Q0 3123545 342 3.4310539 test
28 Q0 3127338 343 3.430907 test
28 Q0 3128614 344 3.430645 test
28 Q0 3132654 345 3.4291787 test
28 Q0 3121001 346 3.4256353 test
28 Q0 3131987 347 3.4246557 test
28 Q0 3129057 348 3.4244523 test
28 Q0 3129290 349 3.4197445 test
28 Q0 3124027 350 3.4151182 test
28 Q0 3130169 351 3.40916 test
28 Q0 3127810 352 3.4087532 test
28 Q0 3127294 353 3.405465 test
28 Q0 3123195 354 3.4054315 test
28 Q0 3121788 355 3.4048073 test
28 Q0 3121000 356 3.4040403 test
28 Q0 3128097 357 3.4030743 test
28 Q0 3123656 358 3.401042 test
28 Q0 3130750 359 3.4005108 test
28 Q0 3123811 360 3.398212 test
28 Q0 3128265 361 3.3980205 test
28 Q0 3125513 362 3.3970292 test
28 Q0 3129351 363 3.3964624 test
28 Q0 3129961 364 3.3914793 test
28 Q0 3120968 365 3.3913214 test
28 Q0 3122858 366 3.3901064 test
28 Q0 3128843 367 3.3876507 test
28 Q0 3121739 368 3.3838003 test
28 Q0 3130060 369 3.3832998 test
28 Q0 3125542 370 3.3801677 test
28 Q0 3128129 371 3.3786623 test
28 Q0 3130722 372 3.3776152 test
28 Q0 3127152 373 3.3767056 test
28 Q0 3127298 374 3.3760679 test
28 Q0 3132466 375 3.374091 test
28 Q0 3121602 376 3.3732638 test
28 Q0 3126848 377 3.3732111 test
28 Q0 3125115 378 3.3726633 test
28 Q0 3128857 379 3.372281 test
28 Q0 3126849 380 3.3720207 test
28 Q0 3127859 381 3.370828 test
28 Q0 3129356 382 3.36833 test
28 Q0 3128052 383 3.3654857 test
28 Q0 3124692 384 3.3644106 test
28 Q0 3125031 385 3.3632967 test
28 Q0 3125502 386 3.3625307 test
28 Q0 3123912 387 3.362333 test
28 Q0 3123607 388 3.3614528 test
28 Q0 3129090 389 3.3610542 test
28 Q0 3124838 390 3.359029 test
28 Q0 3132704 391 3.356753 test
28 Q0 3127153 392 3.3548024 test
28 Q0 3125729 393 3.3538187 test
28 Q0 3132234 394 3.3506196 test
28 Q0 3124514 395 3.349642 test
28 Q0 3120816 396 3.3466034 test
28 Q0 3128264 397 3.3463185 test
28 Q0 3128723 398 3.345742 test
28 Q0 3126749 399 3.3452861 test
28 Q0 3122541 400 3.3446207 test
28 Q0 3123267 401 3.3424478 test
28 Q0 3121740 402 3.3392894 test
28 Q0 3122544 403 3.3368206 test
28 Q0 3124836 404 3.3357408 test
28 Q0 3125373 405 3.3346598 test
28 Q0 3121762 406 3.3336296 test
28 Q0 3132694 407 3.3321843 test
28 Q0 3128852 408 3.3320966 test
28 Q0 3132613 409 3.3291602 test
28 Q0 3131397 410 3.3284812 test
28 Q0 3129969 411 3.3225234 test
28 Q0 3132129 412 3.321147 test
28 Q0 3130276 413 3.3185256 test
28 Q0 3131233 414 3.3174117 test
28 Q0 3126803 415 3.313275 test
28 Q0 3121254 416 3.3089728 test
28 Q0 3131116 417 3.3080974 test
28 Q0 3123744 418 3.3046386 test
28 Q0 3132061 419 3.3024328 test
28 Q0 3129500 420 3.3003888 test
28 Q0 3127303 421 3.2988563 test
28 Q0 3129317 422 3.295982 test
28 Q0 3123219 423 3.2882688 test
28 Q0 3126715 424 3.2863352 test
28 Q0 3128602 425 3.2853858 test
28 Q0 3120756 426 3.2827623 test
28 Q0 3131431 427 3.282065 test
28 Q0 3125359 428 3.281828 test
28 Q0 3129079 429 3.2791162 test
28 Q0 3120749 430 3.277856 test
28 Q0 3126837 431 3.2746487 test
28 Q0 3124727 432 3.2735872 test
28 Q0 3130781 433 3.2734764 test
28 Q0 3127391 434 3.2711792 test
28 Q0 3121267 435 3.269097 test
28 Q0 3123208 436 3.2635355 test
28 Q0 3123615 437 3.261598 test
28 Q0 3123221 438 3.2607796 test
28 Q0 3121940 439 3.2553048 test
28 Q0 3123846 440 3.2535403 test
28 Q0 3120735 441 3.2489977 test
28 Q0 3130712 442 3.2487347 test
28 Q0 3126811 443 3.2426937 test
28 Q0 3121067 444 3.241648 test
28 Q0 3124728 445 3.2400851 test
28 Q0 3130984 446 3.2399883 test
28 Q0 3120993 447 3.2376337 test
28 Q0 3120696 448 3.2338777 test
28 Q0 3125234 449 3.2306602 test
28 Q0 3126756 450 3.2295103 test
28 Q0 3120753 451 3.227515 test
28 Q0 3123818 452 3.226337 test
28 Q0 3130036 453 3.2257643 test
28 Q0 3131542 454 3.2247212 test
28 Q0 3120846 455 3.2241848 test
28 Q0 3128591 456 3.2240965 test
28 Q0 3123197 457 3.2226794 test
28 Q0 3132325 458 3.2223594 test
28 Q0 3131187 459 3.220103 test
28 Q0 3132231 460 3.2198863 test
28 Q0 3123359 461 3.2198405 test
28 Q0 3129078 462 3.2174077 test
28 Q0 3125236 463 3.216342 test
28 Q0 3131434 464 3.2128155 test
28 Q0 3132240 465 3.2123222 test
28 Q0 3126766 466 3.2099571 test
28 Q0 3123639 467 3.2066503 test
28 Q0 3123649 468 3.206322 test
28 Q0 3128074 469 3.2040148 test
28 Q0 3124488 470 3.2022018 test
28 Q0 3125279 471 3.2017927 test
28 Q0 3123724 472 3.2017832 test
28 Q0 3124417 473 3.2009275 test
28 Q0 3125027 474 3.200159 test
28 Q0 3125204 475 3.1993146 test
28 Q0 3123255 476 3.193801 test
28 Q0 3130720 477 3.1926808 test
28 Q0 3123157 478 3.1893332 test
28 Q0 3120760 479 3.1874647 test
28 Q0 3128266 480 3.1853004 test
28 Q0 3121077 481 3.1843622 test
28 Q0 3128067 482 3.1815662 test
28 Q0 3130633 483 3.1812382 test
28 Q0 3122589 484 3.1811912 test
28 Q0 3121276 485 3.1802871 test
28 Q0 3126824 486 3.1744928 test
28 Q0 3126719 487 3.1730144 test
28 Q0 3120763 488 3.1724045 test
28 Q0 3125062 489 3.1722083 test
28 Q0 3120761 490 3.1682577 test
28 Q0 3127990 491 3.1675484 test
28 Q0 3120714 492 3.167228 test
28 Q0 3124137 493 3.1665606 test
28 Q0 3123462 494 3.1659884 test
28 Q0 3131123 495 3.1659448 test
28 Q0 3120704 496 3.1627293 test
28 Q0 3132238 497 3.1627095 test
28 Q0 3125297 498 3.1590402 test
28 Q0 3124981 499 3.15791 test
28 Q0 3127861 500 3.157377 test
28 Q0 3121747 501 3.1550937 test
28 Q0 3127981 502 3.154468 test
28 Q0 3130668 503 3.1539247 test
28 Q0 3126736 504 3.1494367 test
28 Q0 3132418 505 3.147763 test
28 Q0 3121737 506 3.14698 test
28 Q0 3126713 507 3.1440158 test
28 Q0 3124235 508 3.1435823 test
28 Q0 3129966 509 3.1428354 test
28 Q0 3123317 510 3.1409235 test
28 Q0 3130702 511 3.1408887 test
28 Q0 3121423 512 3.1403136 test
28 Q0 3120847 513 3.1402338 test
28 Q0 3130920 514 3.1401188 test
28 Q0 3125518 515 3.1399896 test
28 Q0 3127001 516 3.1383507 test
28 Q0 3127793 517 3.1377606 test
28 Q0 3124263 518 3.1373017 test
28 Q0 3130373 519 3.1341548 test
28 Q0 3125168 520 3.1318214 test
28 Q0 3123212 521 3.1279254 test
28 Q0 3128018 522 3.1262262 test
28 Q0 3128826 523 3.126058 test
28 Q0 3124507 524 3.1254745 test
28 Q0 3124730 525 3.1251187 test
28 Q0 3125961 526 3.1247122 test
28 Q0 3130731 527 3.1244817 test
28 Q0 3122380 528 3.1244812 test
28 Q0 3122958 529 3.1230667 test
28 Q0 3132041 530 3.1229317 test
28 Q0 3125011 531 3.1209047 test
28 Q0 3125177 532 3.120013 test
28 Q0 3125799 533 3.1198912 test
28 Q0 3130918 534 3.1183915 test
28 Q0 3131265 535 3.1175919 test
28 Q0 3128359 536 3.1173017 test
28 Q0 3125350 537 3.1172273 test
28 Q0 3130670 538 3.1141465 test
28 Q0 3127999 539 3.112477 test
28 Q0 3127420 540 3.1102796 test
28 Q0 3126773 541 3.1096768 test
28 Q0 3132044 542 3.1092918 test
28 Q0 3126826 543 3.1078997 test
28 Q0 3127578 544 3.106705 test
28 Q0 3123934 545 3.1044126 test
28 Q0 3129537 546 3.1033223 test
28 Q0 3127104 547 3.102165 test
28 Q0 3130667 548 3.0988512 test
28 Q0 3126341 549 3.0972002 test
28 Q0 3121782 550 3.0964403 test
28 Q0 3125248 551 3.0934935 test
28 Q0 3131599 552 3.0934124 test
28 Q0 3128702 553 3.0909693 test
28 Q0 3132529 554 3.0898714 test
28 Q0 3130983 555 3.0891778 test
28 Q0 3120857 556 3.0875554 test
28 Q0 3123779 557 3.086972 test
28 Q0 3127952 558 3.0865653 test
28 Q0 3120835 559 3.0863895 test
28 Q0 3127767 560 3.0822148 test
28 Q0 3120821 561 3.081787 test
28 Q0 3132229 562 3.0797815 test
28 Q0 3123819 563 3.0775373 test
28 Q0 3127311 564 3.0753224 test
28 Q0 3124460 565 3.0727024 test
28 Q0 3130791 566 3.0702553 test
28 Q0 3128367 567 3.0673058 test
28 Q0 3123294 568 3.0661936 test
28 Q0 3124724 569 3.0648196 test
28 Q0 3127785 570 3.0644345 test
28 Q0 3123591 571 3.0575757 test
28 Q0 3122279 572 3.0572891 test
28 Q0 3132157 573 3.0566804 test
28 Q0 3126990 574 3.0552583 test
28 Q0 3124648 575 3.054734 test
28 Q0 3129663 576 3.0536249 test
28 Q0 3125235 577 3.051585 test
28 Q0 3127794 578 3.0513349 test
28 Q0 3120733 579 3.050558 test
28 Q0 3127020 580 3.0502589 test
28 Q0 3132368 581 3.0488393 test
28 Q0 3130959 582 3.0488212 test
28 Q0 3124266 583 3.0478907 test
28 Q0 3125321 584 3.0462313 test
28 Q0 3130772 585 3.0446312 test
28 Q0 3125058 586 3.044174 test
28 Q0 3130139 587 3.042193 test
28 Q0 3126840 588 3.0420394 test
28 Q0 3128135 589 3.0395737 test
28 Q0 3127768 590 3.0385249 test
28 Q0 3130029 591 3.0374632 test
28 Q0 3125379 592 3.0369291 test
28 Q0 3120827 593 3.0367184 test
28 Q0 3127383 594 3.0366595 test
28 Q0 3128071 595 3.0364747 test
28 Q0 3128023 596 3.0350506 test
28 Q0 3125375 597 3.034938 test
28 Q0 3121793 598 3.0338874 test
28 Q0 3124722 599 3.0316155 test
28 Q0 3130193 600 3.031085 test
28 Q0 3125532 601 3.0304132 test
28 Q0 3128993 602 3.0272086 test
28 Q0 3121070 603 3.0265336 test
28 Q0 3129066 604 3.0257468 test
28 Q0 3126607 605 3.0253968 test
28 Q0 3129577 606 3.025183 test
28 Q0 3132439 607 3.0238774 test
28 Q0 3124289 608 3.0236497 test
28 Q0 3123614 609 3.0227017 test
28 Q0 3123647 610 3.0208817 test
28 Q0 3125003 611 3.0207357 test
28 Q0 3129108 612 3.0192814 test
28 Q0 3132540 613 3.0182369 test
28 Q0 3128041 614 3.0178113 test
28 Q0 3128716 615 3.014108 test
28 Q0 3126755 616 3.0137365 test
28 Q0 3124923 617 3.0120716 test
28 Q0 3125120 618 3.0119328 test
28 Q0 3128946 619 3.0118089 test
28 Q0 3125193 620 3.0115335 test
28 Q0 3127808 621 3.0115075 test
28 Q0 3123306 622 3.0111258 test
28 Q0 3130008 623 3.0101364 test
28 Q0 3121608 624 3.0085323 test
28 Q0 3123657 625 3.0073493 test
28 Q0 3121616 626 3.0053017 test
28 Q0 3121767 627 3.0050354 test
28 Q0 3130023 628 3.0029414 test
28 Q0 3129760 629 3.0018404 test
28 Q0 3122683 630 3.0000932 test
28 Q0 3132166 631 2.9994829 test
28 Q0 3123549 632 2.9994555 test
28 Q0 3129641 633 2.9974842 test
28 Q0 3123546 634 2.9961143 test
28 Q0 3132541 635 2.9951203 test
28 Q0 3125103 636 2.9945889 test
28 Q0 3128593 637 2.9936473 test
28 Q0 3130178 638 2.9921277 test
28 Q0 3124486 639 2.9920232 test
28 Q0 3130168 640 2.983644 test
28 Q0 3123461 641 2.982002 test
28 Q0 3127494 642 2.9804316 test
28 Q0 3132539 643 2.979979 test
28 Q0 3132217 644 2.9797308 test
28 Q0 3131758 645 2.9767828 test
28 Q0 3131573 646 2.9746761 test
28 Q0 3128110 647 2.973661 test
28 Q0 3120790 648 2.97305 test
28 Q0 3130769 649 2.9730499 test
28 Q0 3124550 650 2.9728467 test
28 Q0 3122416 651 2.9721408 test
28 Q0 3123467 652 2.971576 test
28 Q0 3127795 653 2.9710696 test
28 Q0 3123284 654 2.967403 test
28 Q0 3124427 655 2.9662695 test
28 Q0 3130957 656 2.9654133 test
28 Q0 3128584 657 2.962411 test
28 Q0 3121630 658 2.9610338 test
28 Q0 3123586 659 2.959675 test
28 Q0 3129101 660 2.9593024 test
28 Q0 3130578 661 2.9591582 test
28 Q0 3132720 662 2.9587207 test
28 Q0 3126846 663 2.9580317 test
28 Q0 3121960 664 2.9578762 test
28 Q0 3125376 665 2.955389 test
28 Q0 3121726 666 2.9536157 test
28 Q0 3125036 667 2.9493835 test
28 Q0 3125009 668 2.9482324 test
28 Q0 3123161 669 2.9481335 test
28 Q0 3130164 670 2.947644 test
28 Q0 3125404 671 2.9471617 test
28 Q0 3125299 672 2.9459355 test
28 Q0 3130911 673 2.944995 test
28 Q0 3124224 674 2.9449675 test
28 Q0 3123354 675 2.9445536 test
28 Q0 3129292 676 2.9428172 test
28 Q0 3121880 677 2.9425437 test
28 Q0 3124483 678 2.9400382 test
28 Q0 3121964 679 2.9399006 test
28 Q0 3122114 680 2.938348 test
28 Q0 3126514 681 2.9374428 test
28 Q0 3129581 682 2.9365096 test
28 Q0 3130524 683 2.9360769 test
28 Q0 3128365 684 2.933479 test
28 Q0 3127781 685 2.9303808 test
28 Q0 3124731 686 2.9299414 test
28 Q0 3121741 687 2.9293568 test
28 Q0 3128030 688 2.9291265 test
28 Q0 3125137 689 2.92893 test
28 Q0 3130043 690 2.9284077 test
28 Q0 3121728 691 2.9246655 test
28 Q0 3127151 692 2.924301 test
28 Q0 3122587 693 2.9210496 test
28 Q0 3123173 694 2.9199996 test
28 Q0 3132125 695 2.918739 test
28 Q0 3124505 696 2.9185114 test
28 Q0 3130378 697 2.918504 test
28 Q0 3126759 698 2.917483 test
28 Q0 3131418 699 2.9158616 test
28 Q0 3125390 700 2.9158068 test
28 Q0 3121748 701 2.9155583 test
28 Q0 3132598 702 2.9152198 test
28 Q0 3123513 703 2.9151325 test
28 Q0 3123652 704 2.9137273 test
28 Q0 3129945 705 2.9120038 test
28 Q0 3123708 706 2.911636 test
28 Q0 3126839 707 2.9070935 test
28 Q0 3129325 708 2.905891 test
28 Q0 3123830 709 2.9049678 test
28 Q0 3127296 710 2.9038115 test
28 Q0 3121091 711 2.9021707 test
28 Q0 3128050 712 2.9021556 test
28 Q0 3125306 713 2.9019575 test
28 Q0 3127398 714 2.9013767 test
28 Q0 3124455 715 2.900976 test
28 Q0 3131130 716 2.900082 test
28 Q0 3120684 717 2.899798 test
28 Q0 3120878 718 2.8993523 test
28 Q0 3121756 719 2.8966012 test
28 Q0 3127749 720 2.8956778 test
28 Q0 3131274 721 2.893323 test
28 Q0 3127319 722 2.8920562 test
28 Q0 3127854 723 2.892056 test
28 Q0 3122994 724 2.8920555 test
28 Q0 3123311 725 2.8915522 test
28 Q0 3125364 726 2.8909895 test
28 Q0 3127994 727 2.8895502 test
28 Q0 3120849 728 2.8885124 test
28 Q0 3125736 729 2.8880143 test
28 Q0 3125417 730 2.8864722 test
28 Q0 3129307 731 2.8863328 test
28 Q0 3123323 732 2.8855186 test
28 Q0 3123466 733 2.8835254 test
28 Q0 3124464 734 2.8834403 test
28 Q0 3131394 735 2.883392 test
28 Q0 3132164 736 2.8825817 test
28 Q0 3125344 737 2.8806407 test
28 Q0 3131037 738 2.879655 test
28 Q0 3128608 739 2.878181 test
28 Q0 3128243 740 2.8781176 test
28 Q0 3130663 741 2.8780794 test
28 Q0 3128075 742 2.8778346 test
28 Q0 3127960 743 2.877043 test
28 Q0 3129289 744 2.8751779 test
28 Q0 3128589 745 2.875013 test
28 Q0 3128045 746 2.8744988 test
28 Q0 3130927 747 2.8728354 test
28 Q0 3125102 748 2.8728247 test
28 Q0 3132431 749 2.8715405 test
28 Q0 3128009 750 2.8707078 test
28 Q0 3131613 751 2.8700824 test
28 Q0 3130146 752 2.8688223 test
28 Q0 3124491 753 2.8663597 test
28 Q0 3128254 754 2.8646715 test
28 Q0 3131442 755 2.863224 test
28 Q0 3131304 756 2.8630962 test
28 Q0 3123599 757 2.8619585 test
28 Q0 3128727 758 2.8595662 test
28 Q0 3130728 759 2.8591957 test
28 Q0 3125334 760 2.8588574 test
28 Q0 3129299 761 2.858848 test
28 Q0 3132682 762 2.8586674 test
28 Q0 3130180 763 2.8579705 test
28 Q0 3129673 764 2.8575525 test
28 Q0 3132046 765 2.857412 test
28 Q0 3124325 766 2.855041 test
28 Q0 3125244 767 2.8537529 test
28 Q0 3120750 768 2.8533175 test
28 Q0 3125750 769 2.8519258 test
28 Q0 3124860 770 2.8516412 test
28 Q0 3125529 771 2.8514278 test
28 Q0 3132699 772 2.8507972 test
28 Q0 3124285 773 2.8506975 test
28 Q0 3123337 774 2.8475654 test
28 Q0 3130148 775 2.846943 test
28 Q0 3131252 776 2.8428872 test
28 Q0 3128109 777 2.8408253 test
28 Q0 3128133 778 2.838629 test
28 Q0 3127149 779 2.8385668 test
28 Q0 3128084 780 2.8364892 test
28 Q0 3121277 781 2.8338137 test
28 Q0 3126776 782 2.8320696 test
28 Q0 3129761 783 2.8311214 test
28 Q0 3120812 784 2.8305826 test
28 Q0 3132729 785 2.8281744 test
28 Q0 3127982 786 2.828075 test
28 Q0 3131791 787 2.826817 test
28 Q0 3123301 788 2.8255866 test
28 Q0 3124390 789 2.8249087 test
28 Q0 3128014 790 2.8246195 test
28 Q0 3130362 791 2.8242593 test
28 Q0 3126224 792 2.8225315 test
28 Q0 3122097 793 2.8196316 test
28 Q0 3132123 794 2.8191233 test
28 Q0 3122163 795 2.818813 test
28 Q0 3129592 796 2.8175406 test
28 Q0 3130632 797 2.8172164 test
28 Q0 3129956 798 2.816533 test
28 Q0 3128407 799 2.8158326 test
28 Q0 3132696 800 2.8135672 test
28 Q0 3124302 801 2.8107328 test
28 Q0 3120836 802 2.8103564 test
28 Q0 3127978 803 2.8098538 test
28 Q0 3131257 804 2.8098533 test
28 Q0 3125381 805 2.8053868 test
28 Q0 3130104 806 2.8032815 test
28 Q0 3120820 807 2.8028774 test
28 Q0 3128907 808 2.8016133 test
28 Q0 3125311 809 2.8011267 test
28 Q0 3126771 810 2.8010576 test
28 Q0 3127314 811 2.8005512 test
28 Q0 3128854 812 2.795241 test
28 Q0 3125144 813 2.795222 test
28 Q0 3123659 814 2.7946935 test
28 Q0 3132029 815 2.7940753 test
28 Q0 3127346 816 2.7913692 test
28 Q0 3121755 817 2.7901092 test
28 Q0 3123169 818 2.7897186 test
28 Q0 3132377 819 2.7886944 test
28 Q0 3130934 820 2.7880175 test
28 Q0 3132690 821 2.7871928 test
28 Q0 3121285 822 2.7871923 test
28 Q0 3123282 823 2.786926 test
28 Q0 3122542 824 2.7863119 test
28 Q0 3123707 825 2.7853434 test
28 Q0 3121627 826 2.7845654 test
28 Q0 3121432 827 2.783108 test
28 Q0 3123831 828 2.7815409 test
28 Q0 3127327 829 2.781326 test
28 Q0 3125041 830 2.781326 test
28 Q0 3130647 831 2.779506 test
28 Q0 3129103 832 2.779289 test
28 Q0 3126997 833 2.7790318 test
28 Q0 3128116 834 2.7784557 test
28 Q0 3131050 835 2.7779222 test
28 Q0 3128599 836 2.7777722 test
28 Q0 3132318 837 2.7776117 test
28 Q0 3120680 838 2.7769651 test
28 Q0 3128016 839 2.7760208 test
28 Q0 3126738 840 2.7748861 test
28 Q0 3132693 841 2.774844 test
28 Q0 3127306 842 2.774689 test
28 Q0 3129322 843 2.7731965 test
28 Q0 3130658 844 2.7731965 test
28 Q0 3125173 845 2.773195 test
28 Q0 3131983 846 2.7730367 test
28 Q0 3122986 847 2.7717915 test
28 Q0 3132723 848 2.7709923 test
28 Q0 3128625 849 2.7708592 test
28 Q0 3132127 850 2.7696276 test
28 Q0 3128012 851 2.7679942 test
28 Q0 3128929 852 2.7657797 test
28 Q0 3123192 853 2.7638853 test
28 Q0 3122055 854 2.7626054 test
28 Q0 3125408 855 2.7620764 test
28 Q0 3125143 856 2.761976 test
28 Q0 3124423 857 2.7610667 test
28 Q0 3120850 858 2.7608185 test
28 Q0 3127309 859 2.7605877 test
28 Q0 3131800 860 2.7577612 test
28 Q0 3129068 861 2.7571876 test
28 Q0 3130682 862 2.754774 test
28 Q0 3121275 863 2.7527993 test
28 Q0 3131275 864 2.7527568 test
28 Q0 3124639 865 2.752684 test
28 Q0 3125647 866 2.7523263 test
28 Q0 3122987 867 2.7512648 test
28 Q0 3122590 868 2.750494 test
28 Q0 3131546 869 2.7474627 test
28 Q0 3132049 870 2.746636 test
28 Q0 3124065 871 2.745213 test
28 Q0 3128742 872 2.7413907 test
28 Q0 3130635 873 2.7403114 test
28 Q0 3127403 874 2.7401338 test
28 Q0 3123514 875 2.7396104 test
28 Q0 3127004 876 2.7391117 test
28 Q0 3129116 877 2.7374995 test
28 Q0 3130794 878 2.7370303 test
28 Q0 3130996 879 2.7365928 test
28 Q0 3132375 880 2.7351105 test
28 Q0 3127751 881 2.7333736 test
28 Q0 3129950 882 2.7315288 test
28 Q0 3124449 883 2.7314951 test
28 Q0 3125657 884 2.731495 test
28 Q0 3121876 885 2.7314718 test
28 Q0 3131526 886 2.7313526 test
28 Q0 3131124 887 2.730312 test
28 Q0 3122118 888 2.7287827 test
28 Q0 3122119 889 2.7286673 test
28 Q0 3132675 890 2.7284555 test
28 Q0 3132309 891 2.728305 test
28 Q0 3125046 892 2.7279167 test
28 Q0 3121130 893 2.7273207 test
28 Q0 3127998 894 2.7273202 test
28 Q0 3120882 895 2.7272353 test
28 Q0 3122560 896 2.7255764 test
28 Q0 3130189 897 2.725576 test
28 Q0 3129093 898 2.7245088 test
28 Q0 3132118 899 2.7243454 test
28 Q0 3121719 900 2.7240894 test
28 Q0 3120861 901 2.721135 test
28 Q0 3125508 902 2.7211232 test
28 Q0 3122991 903 2.7163584 test
28 Q0 3129648 904 2.71454 test
28 Q0 3132594 905 2.713683 test
28 Q0 3121428 906 2.7131667 test
28 Q0 3130464 907 2.712588 test
28 Q0 3121110 908 2.7125273 test
28 Q0 3121304 909 2.7107124 test
28 Q0 3132373 910 2.7099793 test
28 Q0 3125290 911 2.7062407 test
28 Q0 3128817 912 2.7060921 test
28 Q0 3127995 913 2.705507 test
28 Q0 3132161 914 2.7045827 test
28 Q0 3125363 915 2.7045822 test
28 Q0 3131285 916 2.70432 test
28 Q0 3124430 917 2.7039475 test
28 Q0 3130360 918 2.7039297 test
28 Q0 3124992 919 2.7039285 test
28 Q0 3126701 920 2.7036722 test
28 Q0 3125033 921 2.7021189 test
28 Q0 3130976 922 2.701736 test
28 Q0 3128043 923 2.7010963 test
28 Q0 3120824 924 2.6999674 test
28 Q0 3124725 925 2.699003 test
28 Q0 3130706 926 2.698307 test
28 Q0 3124273 927 2.6982665 test
28 Q0 3124261 928 2.6969106 test
28 Q0 3130287 929 2.6968355 test
28 Q0 3123261 930 2.6951616 test
28 Q0 3126710 931 2.6948626 test
28 Q0 3120752 932 2.6944537 test
28 Q0 3123213 933 2.6908495 test
28 Q0 3124458 934 2.6872613 test
28 Q0 3130660 935 2.6854136 test
28 Q0 3129353 936 2.6818743 test
28 Q0 3129302 937 2.6777153 test
28 Q0 3132130 938 2.6770132 test
28 Q0 3127975 939 2.6741467 test
28 Q0 3123352 940 2.6732726 test
28 Q0 3124326 941 2.6729574 test
28 Q0 3129533 942 2.671884 test
28 Q0 3130988 943 2.6699874 test
28 Q0 3122547 944 2.6699872 test
28 Q0 3124453 945 2.6699872 test
28 Q0 3122905 946 2.6693835 test
28 Q0 3131759 947 2.6688159 test
28 Q0 3124324 948 2.6685832 test
28 Q0 3120994 949 2.6685097 test
28 Q0 3128102 950 2.6674328 test
28 Q0 3122505 951 2.6672685 test
28 Q0 3130010 952 2.665662 test
28 Q0 3131748 953 2.6649387 test
28 Q0 3128740 954 2.6633887 test
28 Q0 3132706 955 2.6625202 test
28 Q0 3131981 956 2.6599936 test
28 Q0 3128263 957 2.6599402 test
28 Q0 3127758 958 2.6592975 test
28 Q0 3123211 959 2.6583328 test
28 Q0 3128060 960 2.6568506 test
28 Q0 3129129 961 2.6537256 test
28 Q0 3128011 962 2.6536222 test
28 Q0 3125318 963 2.6534622 test
28 Q0 3127997 964 2.652001 test
28 Q0 3127315 965 2.650721 test
28 Q0 3132743 966 2.6499355 test
28 Q0 3128128 967 2.6494942 test
28 Q0 3122593 968 2.64942 test
28 Q0 3126711 969 2.6483724 test
28 Q0 3123554 970 2.6483717 test
28 Q0 3131030 971 2.6482396 test
28 Q0 3128020 972 2.6442318 test
28 Q0 3128894 973 2.6428013 test
28 Q0 3126844 974 2.64267 test
28 Q0 3125030 975 2.6421015 test
28 Q0 3132521 976 2.6419344 test
28 Q0 3127317 977 2.6392622 test
28 Q0 3130785 978 2.639106 test
28 Q0 3123355 979 2.638063 test
28 Q0 3130800 980 2.6376925 test
28 Q0 3130721 981 2.6375377 test
28 Q0 3128610 982 2.6359584 test
28 Q0 3125171 983 2.6358533 test
28 Q0 3123515 984 2.6348956 test
28 Q0 3124318 985 2.6348953 test
28 Q0 3123194 986 2.6348467 test
28 Q0 3130030 987 2.6343784 test
28 Q0 3129089 988 2.634044 test
28 Q0 3121095 989 2.6340432 test
28 Q0 3124421 990 2.6340427 test
28 Q0 3125644 991 2.6340425 test
28 Q0 3121681 992 2.633477 test
28 Q0 3123642 993 2.633477 test
28 Q0 3130171 994 2.6333807 test
28 Q0 3129352 995 2.6314409 test
28 Q0 3120688 996 2.6308722 test
28 Q0 3132328 997 2.6296372 test
28 Q0 3124544 998 2.6290233 test
28 Q0 3130978 999 2.6282744 test
28 Q0 3130736 1000 2.6254146 test
29 Q0 3131127 1 25.592094 test
29 Q0 3123709 2 16.678524 test
29 Q0 3121584 3 16.42815 test
29 Q0 3125011 4 15.853282 test
29 Q0 3120683 5 15.24533 test
29 Q0 3126709 6 14.629657 test
29 Q0 3121955 7 14.429239 test
29 Q0 3131766 8 14.4100485 test
29 Q0 3129325 9 13.5305395 test
29 Q0 3128016 10 13.418014 test
29 Q0 3132343 11 13.312334 test
29 Q0 3123703 12 13.013743 test
29 Q0 3123700 13 12.920523 test
29 Q0 3129973 14 12.738864 test
29 Q0 3124316 15 12.544021 test
29 Q0 3124721 16 12.441418 test
29 Q0 3123509 17 12.361413 test
29 Q0 3122300 18 12.354585 test
29 Q0 3124360 19 12.350387 test
29 Q0 3132720 20 12.338664 test
29 Q0 3121612 21 12.270045 test
29 Q0 3125333 22 12.101986 test
29 Q0 3130672 23 11.959335 test
29 Q0 3127981 24 11.932729 test
29 Q0 3124293 25 11.781334 test
29 Q0 3124687 26 11.7207 test
29 Q0 3124262 27 11.535359 test
29 Q0 3124643 28 11.44462 test
29 Q0 3128018 29 11.444195 test
29 Q0 3122506 30 11.251146 test
29 Q0 3128014 31 11.0752125 test
29 Q0 3131987 32 10.840116 test
29 Q0 3126987 33 10.793758 test
29 Q0 3122905 34 10.79099 test
29 Q0 3125311 35 10.754383 test
29 Q0 3124675 36 10.613891 test
29 Q0 3128326 37 10.609039 test
29 Q0 3127754 38 10.562646 test
29 Q0 3130693 39 10.52465 test
29 Q0 3129578 40 10.509276 test
29 Q0 3123283 41 10.366513 test
29 Q0 3132603 42 10.366178 test
29 Q0 3132448 43 10.300651 test
29 Q0 3127492 44 10.2863655 test
29 Q0 3127313 45 10.241225 test
29 Q0 3132118 46 10.144726 test
29 Q0 3127294 47 10.03529 test
29 Q0 3126764 48 9.940872 test
29 Q0 3131599 49 9.937041 test
29 Q0 3120751 50 9.870567 test
29 Q0 3128700 51 9.703876 test
29 Q0 3124301 52 9.632115 test
29 Q0 3131756 53 9.573501 test
29 Q0 3129663 54 9.557428 test
29 Q0 3128846 55 9.513717 test
29 Q0 3122903 56 9.5042 test
29 Q0 3124753 57 9.48564 test
29 Q0 3123169 58 9.483933 test
29 Q0 3124996 59 9.4837265 test
29 Q0 3127330 60 9.479965 test
29 Q0 3125550 61 9.443945 test
29 Q0 3124295 62 9.427721 test
29 Q0 3120686 63 9.426029 test
29 Q0 3121127 64 9.332395 test
29 Q0 3124303 65 9.268094 test
29 Q0 3124686 66 9.201272 test
29 Q0 3121064 67 9.14278 test
29 Q0 3121424 68 9.095616 test
29 Q0 3124673 69 9.091649 test
29 Q0 3127298 70 9.063059 test
29 Q0 3123964 71 9.054765 test
29 Q0 3125238 72 9.052479 test
29 Q0 3132061 73 9.04343 test
29 Q0 3123510 74 8.993435 test
29 Q0 3124270 75 8.985791 test
29 Q0 3132418 76 8.947618 test
29 Q0 3131115 77 8.941869 test
29 Q0 3126755 78 8.941814 test
29 Q0 3128254 79 8.938232 test
29 Q0 3123702 80 8.915662 test
29 Q0 3126749 81 8.887278 test
29 Q0 3129114 82 8.88037 test
29 Q0 3124642 83 8.826462 test
29 Q0 3128051 84 8.80878 test
29 Q0 3124275 85 8.7756 test
29 Q0 3123571 86 8.769244 test
29 Q0 3129063 87 8.759087 test
29 Q0 3121733 88 8.758288 test
29 Q0 3122902 89 8.699807 test
29 Q0 3125008 90 8.626621 test
29 Q0 3125654 91 8.61881 test
29 Q0 3123906 92 8.558557 test
29 Q0 3128826 93 8.492516 test
29 Q0 3121633 94 8.480995 test
29 Q0 3123011 95 8.389662 test
29 Q0 3123000 96 8.389661 test
29 Q0 3132215 97 8.384985 test
29 Q0 3125366 98 8.361019 test
29 Q0 3132600 99 8.341342 test
29 Q0 3123302 100 8.314706 test
29 Q0 3128858 101 8.302521 test
29 Q0 3121608 102 8.299426 test
29 Q0 3121254 103 8.295651 test
29 Q0 3124254 104 8.288993 test
29 Q0 3123637 105 8.2591 test
29 Q0 3124891 106 8.2530575 test
29 Q0 3128041 107 8.250993 test
29 Q0 3126736 108 8.2435255 test
29 Q0 3124722 109 8.229762 test
29 Q0 3123546 110 8.145249 test
29 Q0 3128724 111 8.141571 test
29 Q0 3123324 112 8.086297 test
29 Q0 3123212 113 8.086247 test
29 Q0 3120851 114 8.086129 test
29 Q0 3124953 115 8.078041 test
29 Q0 3126695 116 8.049951 test
29 Q0 3121083 117 8.035816 test
29 Q0 3125392 118 8.033779 test
29 Q0 3131244 119 7.987637 test
29 Q0 3123257 120 7.9750214 test
29 Q0 3129322 121 7.9719973 test
29 Q0 3129070 122 7.9594927 test
29 Q0 3122084 123 7.9417863 test
29 Q0 3132706 124 7.907099 test
29 Q0 3128856 125 7.903493 test
29 Q0 3132160 126 7.9008093 test
29 Q0 3120747 127 7.8976283 test
29 Q0 3130585 128 7.88835 test
29 Q0 3132402 129 7.87102 test
29 Q0 3132411 130 7.864287 test
29 Q0 3132325 131 7.848251 test
29 Q0 3132376 132 7.8396454 test
29 Q0 3120746 133 7.82394 test
29 Q0 3128383 134 7.823306 test
29 Q0 3121267 135 7.780918 test
29 Q0 3132119 136 7.75259 test
29 Q0 3131527 137 7.7417226 test
29 Q0 3122901 138 7.7140546 test
29 Q0 3121580 139 7.684745 test
29 Q0 3125006 140 7.6679893 test
29 Q0 3132606 141 7.648114 test
29 Q0 3131791 142 7.607077 test
29 Q0 3123255 143 7.5656734 test
29 Q0 3131723 144 7.565328 test
29 Q0 3125382 145 7.5619793 test
29 Q0 3127293 146 7.560918 test
29 Q0 3128022 147 7.5384507 test
29 Q0 3131981 148 7.5353594 test
29 Q0 3132157 149 7.5123506 test
29 Q0 3127808 150 7.5011735 test
29 Q0 3132598 151 7.494445 test
29 Q0 3124944 152 7.4904356 test
29 Q0 3132060 153 7.48653 test
29 Q0 3121659 154 7.4840775 test
29 Q0 3127789 155 7.4814057 test
29 Q0 3131748 156 7.477218 test
29 Q0 3122584 157 7.4700437 test
29 Q0 3132522 158 7.4698973 test
29 Q0 3131680 159 7.4656487 test
29 Q0 3130138 160 7.4423037 test
29 Q0 3122993 161 7.4352207 test
29 Q0 3121116 162 7.4293957 test
29 Q0 3132716 163 7.41806 test
29 Q0 3121732 164 7.413242 test
29 Q0 3123701 165 7.405946 test
29 Q0 3130902 166 7.383179 test
29 Q0 3132601 167 7.3762302 test
29 Q0 3125508 168 7.367126 test
29 Q0 3131522 169 7.3157578 test
29 Q0 3127335 170 7.3041778 test
29 Q0 3122898 171 7.285763 test
29 Q0 3132447 172 7.2857614 test
29 Q0 3129310 173 7.2557497 test
29 Q0 3124432 174 7.247137 test
29 Q0 3120800 175 7.245224 test
29 Q0 3127504 176 7.239611 test
29 Q0 3125254 177 7.215802 test
29 Q0 3128598 178 7.2034006 test
29 Q0 3132730 179 7.166989 test
29 Q0 3121229 180 7.1479893 test
29 Q0 3128271 181 7.1378493 test
29 Q0 3127975 182 7.1375847 test
29 Q0 3123512 183 7.120944 test
29 Q0 3129529 184 7.1087575 test
29 Q0 3123229 185 7.092452 test
29 Q0 3121430 186 7.061043 test
29 Q0 3130644 187 7.0565157 test
29 Q0 3129086 188 7.0553164 test
29 Q0 3121134 189 7.054701 test
29 Q0 3129297 190 7.047138 test
29 Q0 3132694 191 7.030708 test
29 Q0 3131982 192 7.019698 test
29 Q0 3123322 193 6.99778 test
29 Q0 3127768 194 6.991143 test
29 Q0 3123967 195 6.983916 test
29 Q0 3123595 196 6.9782705 test
29 Q0 3132639 197 6.9613123 test
29 Q0 3121641 198 6.953027 test
29 Q0 3121787 199 6.9489055 test
29 Q0 3124711 200 6.9418044 test
29 Q0 3121274 201 6.889088 test
29 Q0 3132696 202 6.8890314 test
29 Q0 3132235 203 6.8710933 test
29 Q0 3125373 204 6.869851 test
29 Q0 3127759 205 6.8529787 test
29 Q0 3132704 206 6.8491445 test
29 Q0 3130010 207 6.84073 test
29 Q0 3127750 208 6.8343887 test
29 Q0 3123230 209 6.829367 test
29 Q0 3127346 210 6.807537 test
29 Q0 3121653 211 6.798484 test
29 Q0 3131514 212 6.7920775 test
29 Q0 3124499 213 6.7877145 test
29 Q0 3121273 214 6.771095 test
29 Q0 3125375 215 6.749802 test
29 Q0 3127491 216 6.7365346 test
29 Q0 3122093 217 6.730278 test
29 Q0 3123559 218 6.7108526 test
29 Q0 3129299 219 6.7082663 test
29 Q0 3125027 220 6.7006974 test
29 Q0 3123311 221 6.6984253 test
29 Q0 3125014 222 6.676165 test
29 Q0 3131799 223 6.6577663 test
29 Q0 3129058 224 6.651263 test
29 Q0 3121604 225 6.6269703 test
29 Q0 3129771 226 6.624482 test
29 Q0 3127998 227 6.6232667 test
29 Q0 3126710 228 6.623266 test
29 Q0 3132164 229 6.615198 test
29 Q0 3120793 230 6.605329 test
29 Q0 3124491 231 6.590018 test
29 Q0 3130916 232 6.586307 test
29 Q0 3122585 233 6.580748 test
29 Q0 3123640 234 6.5779896 test
29 Q0 3131732 235 6.5668745 test
29 Q0 3127756 236 6.5653653 test
29 Q0 3128263 237 6.5639033 test
29 Q0 3130906 238 6.563501 test
29 Q0 3123602 239 6.5547895 test
29 Q0 3129758 240 6.5513344 test
29 Q0 3121629 241 6.5435724 test
29 Q0 3127308 242 6.5136995 test
29 Q0 3132041 243 6.513655 test
29 Q0 3123648 244 6.5029345 test
29 Q0 3132237 245 6.4901757 test
29 Q0 3128740 246 6.4667306 test
29 Q0 3120681 247 6.4599757 test
29 Q0 3120761 248 6.446072 test
29 Q0 3125275 249 6.4458675 test
29 Q0 3127979 250 6.4382706 test
29 Q0 3123579 251 6.416454 test
29 Q0 3123190 252 6.3966312 test
29 Q0 3127497 253 6.3871512 test
29 Q0 3128019 254 6.375446 test
29 Q0 3127153 255 6.371767 test
29 Q0 3121272 256 6.369303 test
29 Q0 3128569 257 6.3558793 test
29 Q0 3132214 258 6.3558393 test
29 Q0 3127778 259 6.354842 test
29 Q0 3127836 260 6.3483415 test
29 Q0 3122050 261 6.347059 test
29 Q0 3125660 262 6.346257 test
29 Q0 3127327 263 6.3448973 test
29 Q0 3123624 264 6.334728 test
29 Q0 3123208 265 6.3229737 test
29 Q0 3126768 266 6.3002844 test
29 Q0 3120773 267 6.299431 test
29 Q0 3132509 268 6.2656136 test
29 Q0 3124125 269 6.260665 test
29 Q0 3120684 270 6.24548 test
29 Q0 3123597 271 6.225512 test
29 Q0 3130997 272 6.223555 test
29 Q0 3123736 273 6.2234497 test
29 Q0 3122101 274 6.217893 test
29 Q0 3127777 275 6.2168813 test
29 Q0 3124933 276 6.2133923 test
29 Q0 3120733 277 6.210663 test
29 Q0 3127805 278 6.19371 test
29 Q0 3132016 279 6.186816 test
29 Q0 3124889 280 6.1866865 test
29 Q0 3121074 281 6.1856346 test
29 Q0 3125695 282 6.171648 test
29 Q0 3121651 283 6.163156 test
29 Q0 3123267 284 6.1617584 test
29 Q0 3127314 285 6.1616373 test
29 Q0 3121880 286 6.155871 test
29 Q0 3130008 287 6.1543674 test
29 Q0 3132027 288 6.151761 test
29 Q0 3123191 289 6.1506467 test
29 Q0 3127516 290 6.1467066 test
29 Q0 3125645 291 6.1367254 test
29 Q0 3132344 292 6.117577 test
29 Q0 3120770 293 6.1124964 test
29 Q0 3130127 294 6.1043806 test
29 Q0 3123207 295 6.10265 test
29 Q0 3124318 296 6.07979 test
29 Q0 3122994 297 6.0797896 test
29 Q0 3131757 298 6.076999 test
29 Q0 3130049 299 6.068026 test
29 Q0 3131801 300 6.05742 test
29 Q0 3128050 301 6.0566 test
29 Q0 3126743 302 6.0428452 test
29 Q0 3125750 303 6.035657 test
29 Q0 3123603 304 6.025853 test
29 Q0 3125141 305 6.0232067 test
29 Q0 3123589 306 5.992269 test
29 Q0 3127323 307 5.98485 test
29 Q0 3132366 308 5.961013 test
29 Q0 3124409 309 5.961005 test
29 Q0 3126707 310 5.9601655 test
29 Q0 3126694 311 5.950818 test
29 Q0 3123348 312 5.9462123 test
29 Q0 3132163 313 5.9282866 test
29 Q0 3121652 314 5.92689 test
29 Q0 3123830 315 5.9265666 test
29 Q0 3129064 316 5.909761 test
29 Q0 3125381 317 5.908499 test
29 Q0 3132610 318 5.9023056 test
29 Q0 3121609 319 5.9010844 test
29 Q0 3127420 320 5.8964376 test
29 Q0 3127353 321 5.895773 test
29 Q0 3125030 322 5.8955026 test
29 Q0 3123289 323 5.89152 test
29 Q0 3122094 324 5.8813753 test
29 Q0 3130136 325 5.871085 test
29 Q0 3123705 326 5.8693757 test
29 Q0 3124304 327 5.8684487 test
29 Q0 3124683 328 5.8648014 test
29 Q0 3124873 329 5.8549266 test
29 Q0 3121087 330 5.852614 test
29 Q0 3122282 331 5.821839 test
29 Q0 3131980 332 5.817428 test
29 Q0 3120835 333 5.814723 test
29 Q0 3132695 334 5.809311 test
29 Q0 3121278 335 5.762415 test
29 Q0 3124670 336 5.762414 test
29 Q0 3126754 337 5.7483997 test
29 Q0 3123303 338 5.7473965 test
29 Q0 3121707 339 5.73232 test
29 Q0 3130695 340 5.7232585 test
29 Q0 3132117 341 5.712971 test
29 Q0 3129580 342 5.7063456 test
29 Q0 3121590 343 5.706147 test
29 Q0 3129577 344 5.679226 test
29 Q0 3129088 345 5.6602736 test
29 Q0 3124286 346 5.6550536 test
29 Q0 3124155 347 5.6537404 test
29 Q0 3122860 348 5.6501517 test
29 Q0 3128573 349 5.6477013 test
29 Q0 3131509 350 5.6411104 test
29 Q0 3129763 351 5.639921 test
29 Q0 3129591 352 5.6361103 test
29 Q0 3131270 353 5.6348715 test
29 Q0 3132097 354 5.632795 test
29 Q0 3129055 355 5.630192 test
29 Q0 3121095 356 5.6199427 test
29 Q0 3131393 357 5.6018066 test
29 Q0 3132370 358 5.593163 test
29 Q0 3120682 359 5.589824 test
29 Q0 3122542 360 5.5896397 test
29 Q0 3124530 361 5.5888066 test
29 Q0 3125124 362 5.559124 test
29 Q0 3131676 363 5.554361 test
29 Q0 3124285 364 5.5377874 test
29 Q0 3131000 365 5.535587 test
29 Q0 3122502 366 5.5330725 test
29 Q0 3125500 367 5.5330577 test
29 Q0 3131515 368 5.5242405 test
29 Q0 3125287 369 5.518012 test
29 Q0 3132240 370 5.512803 test
29 Q0 3121276 371 5.5014076 test
29 Q0 3130689 372 5.494227 test
29 Q0 3127806 373 5.490752 test
29 Q0 3121421 374 5.4619384 test
29 Q0 3124981 375 5.461839 test
29 Q0 3128727 376 5.457036 test
29 Q0 3132497 377 5.4505486 test
29 Q0 3126778 378 5.4339805 test
29 Q0 3125036 379 5.4211783 test
29 Q0 3130685 380 5.4002233 test
29 Q0 3130458 381 5.3922415 test
29 Q0 3121249 382 5.391031 test
29 Q0 3132692 383 5.3861427 test
29 Q0 3120823 384 5.384204 test
29 Q0 3121288 385 5.381679 test
29 Q0 3125813 386 5.37102 test
29 Q0 3125220 387 5.340935 test
29 Q0 3127969 388 5.338656 test
29 Q0 3121599 389 5.338346 test
29 Q0 3121130 390 5.3345504 test
29 Q0 3130471 391 5.3315196 test
29 Q0 3131256 392 5.3290286 test
29 Q0 3127749 393 5.3256717 test
29 Q0 3131753 394 5.3210135 test
29 Q0 3129974 395 5.3210115 test
29 Q0 3123649 396 5.3203297 test
29 Q0 3125137 397 5.319573 test
29 Q0 3132386 398 5.317369 test
29 Q0 3132464 399 5.315081 test
29 Q0 3132670 400 5.3110795 test
29 Q0 3121442 401 5.3087387 test
29 Q0 3131021 402 5.308163 test
29 Q0 3126980 403 5.295525 test
29 Q0 3130481 404 5.286445 test
29 Q0 3125062 405 5.272986 test
29 Q0 3128746 406 5.263453 test
29 Q0 3131118 407 5.2603383 test
29 Q0 3125306 408 5.260337 test
29 Q0 3123285 409 5.2464542 test
29 Q0 3124273 410 5.2403517 test
29 Q0 3126981 411 5.23627 test
29 Q0 3121767 412 5.229315 test
29 Q0 3123314 413 5.2158504 test
29 Q0 3125772 414 5.215063 test
29 Q0 3125376 415 5.207345 test
29 Q0 3130490 416 5.203351 test
29 Q0 3129118 417 5.1922984 test
29 Q0 3130713 418 5.1901803 test
29 Q0 3120808 419 5.177301 test
29 Q0 3131561 420 5.170505 test
29 Q0 3120792 421 5.170088 test
29 Q0 3123606 422 5.169771 test
29 Q0 3121136 423 5.165144 test
29 Q0 3127977 424 5.153687 test
29 Q0 3123629 425 5.1456747 test
29 Q0 3132660 426 5.144924 test
29 Q0 3131560 427 5.1399946 test
29 Q0 3132062 428 5.1362753 test
29 Q0 3124418 429 5.135516 test
29 Q0 3120721 430 5.134394 test
29 Q0 3127494 431 5.132303 test
29 Q0 3130462 432 5.1152945 test
29 Q0 3124885 433 5.1152925 test
29 Q0 3132239 434 5.1071315 test
29 Q0 3128749 435 5.0943146 test
29 Q0 3128602 436 5.0937886 test
29 Q0 3121583 437 5.0854607 test
29 Q0 3130354 438 5.08404 test
29 Q0 3128697 439 5.0750213 test
29 Q0 3132702 440 5.0642304 test
29 Q0 3130020 441 5.06373 test
29 Q0 3131119 442 5.0524573 test
29 Q0 3122380 443 5.0466275 test
29 Q0 3127376 444 5.0347924 test
29 Q0 3126983 445 5.0300956 test
29 Q0 3130361 446 5.018333 test
29 Q0 3125751 447 5.0183325 test
29 Q0 3127454 448 5.0181785 test
29 Q0 3132446 449 5.017653 test
29 Q0 3127578 450 5.016207 test
29 Q0 3128612 451 5.0107865 test
29 Q0 3123593 452 5.004823 test
29 Q0 3125194 453 4.997721 test
29 Q0 3123818 454 4.9812145 test
29 Q0 3129964 455 4.980874 test
29 Q0 3130978 456 4.973723 test
29 Q0 3132504 457 4.9716325 test
29 Q0 3130897 458 4.971623 test
29 Q0 3123323 459 4.970752 test
29 Q0 3130036 460 4.969248 test
29 Q0 3130135 461 4.9659624 test
29 Q0 3132090 462 4.9576664 test
29 Q0 3130686 463 4.9576654 test
29 Q0 3130486 464 4.946963 test
29 Q0 3125032 465 4.9462585 test
29 Q0 3123706 466 4.9418106 test
29 Q0 3124386 467 4.9344025 test
29 Q0 3127760 468 4.9297895 test
29 Q0 3123286 469 4.926206 test
29 Q0 3124965 470 4.9156404 test
29 Q0 3124935 471 4.8867054 test
29 Q0 3131012 472 4.8850536 test
29 Q0 3123833 473 4.88352 test
29 Q0 3125291 474 4.87637 test
29 Q0 3124639 475 4.8667417 test
29 Q0 3130006 476 4.8572574 test
29 Q0 3132229 477 4.85636 test
29 Q0 3125033 478 4.8505664 test
29 Q0 3129068 479 4.845688 test
29 Q0 3132367 480 4.8428154 test
29 Q0 3130688 481 4.840122 test
29 Q0 3123313 482 4.8382835 test
29 Q0 3130783 483 4.8353662 test
29 Q0 3125185 484 4.831024 test
29 Q0 3125143 485 4.8207626 test
29 Q0 3120972 486 4.817037 test
29 Q0 3129305 487 4.815344 test
29 Q0 3120968 488 4.808313 test
29 Q0 3131247 489 4.804929 test
29 Q0 3131431 490 4.7930884 test
29 Q0 3128042 491 4.7832375 test
29 Q0 3129773 492 4.7803664 test
29 Q0 3123183 493 4.7672834 test
29 Q0 3127758 494 4.7598357 test
29 Q0 3127968 495 4.758513 test
29 Q0 3128021 496 4.758513 test
29 Q0 3123578 497 4.7585125 test
29 Q0 3128751 498 4.746887 test
29 Q0 3129648 499 4.737304 test
29 Q0 3121631 500 4.736102 test
29 Q0 3125045 501 4.733329 test
29 Q0 3127861 502 4.7233834 test
29 Q0 3130769 503 4.7210145 test
29 Q0 3125039 504 4.7191806 test
29 Q0 3125662 505 4.71392 test
29 Q0 3126795 506 4.712649 test
29 Q0 3123822 507 4.7086453 test
29 Q0 3124027 508 4.7084355 test
29 Q0 3122508 509 4.708425 test
29 Q0 3122545 510 4.7044168 test
29 Q0 3130929 511 4.7035794 test
29 Q0 3120794 512 4.695651 test
29 Q0 3125776 513 4.695299 test
29 Q0 3120982 514 4.69346 test
29 Q0 3131020 515 4.6927104 test
29 Q0 3128243 516 4.6897 test
29 Q0 3131772 517 4.682053 test
29 Q0 3132217 518 4.6777344 test
29 Q0 3127779 519 4.6758866 test
29 Q0 3128024 520 4.673753 test
29 Q0 3130574 521 4.6728024 test
29 Q0 3124792 522 4.6712813 test
29 Q0 3132710 523 4.6653814 test
29 Q0 3132268 524 4.6649413 test
29 Q0 3127355 525 4.66053 test
29 Q0 3128860 526 4.655579 test
29 Q0 3132205 527 4.6525135 test
29 Q0 3125774 528 4.644982 test
29 Q0 3132501 529 4.644982 test
29 Q0 3130468 530 4.6384187 test
29 Q0 3131394 531 4.638418 test
29 Q0 3127500 532 4.634794 test
29 Q0 3132283 533 4.634317 test
29 Q0 3124544 534 4.633852 test
29 Q0 3127846 535 4.632327 test
29 Q0 3122897 536 4.630279 test
29 Q0 3122587 537 4.61368 test
29 Q0 3125655 538 4.6110997 test
29 Q0 3128748 539 4.6089263 test
29 Q0 3128719 540 4.605296 test
29 Q0 3123547 541 4.5862865 test
29 Q0 3131032 542 4.580713 test
29 Q0 3131121 543 4.578571 test
29 Q0 3122990 544 4.578335 test
29 Q0 3121227 545 4.5783343 test
29 Q0 3130476 546 4.576931 test
29 Q0 3130050 547 4.5680285 test
29 Q0 3131752 548 4.5591903 test
29 Q0 3120687 549 4.5541463 test
29 Q0 3126989 550 4.5521793 test
29 Q0 3130578 551 4.5448484 test
29 Q0 3121282 552 4.5430503 test
29 Q0 3132049 553 4.538746 test
29 Q0 3125066 554 4.5368657 test
29 Q0 3130358 555 4.535308 test
29 Q0 3127983 556 4.5323787 test
29 Q0 3123199 557 4.5299406 test
29 Q0 3120809 558 4.5283737 test
29 Q0 3121738 559 4.5242734 test
29 Q0 3129132 560 4.5221095 test
29 Q0 3126817 561 4.5182056 test
29 Q0 3130698 562 4.508196 test
29 Q0 3127797 563 4.507701 test
29 Q0 3124487 564 4.507561 test
29 Q0 3125757 565 4.5068583 test
29 Q0 3128905 566 4.493261 test
29 Q0 3123560 567 4.4867945 test
29 Q0 3120743 568 4.484945 test
29 Q0 3123591 569 4.4805326 test
29 Q0 3129295 570 4.4781146 test
29 Q0 3132128 571 4.476221 test
29 Q0 3127793 572 4.470029 test
29 Q0 3129579 573 4.4685097 test
29 Q0 3129307 574 4.4665465 test
29 Q0 3130631 575 4.459601 test
29 Q0 3123544 576 4.453953 test
29 Q0 3127833 577 4.450565 test
29 Q0 3123632 578 4.445402 test
29 Q0 3132749 579 4.44042 test
29 Q0 3125532 580 4.4403605 test
29 Q0 3121002 581 4.431224 test
29 Q0 3127316 582 4.428382 test
29 Q0 3122997 583 4.426659 test
29 Q0 3124955 584 4.4266586 test
29 Q0 3129120 585 4.426658 test
29 Q0 3128732 586 4.419927 test
29 Q0 3123653 587 4.419278 test
29 Q0 3128079 588 4.417225 test
29 Q0 3125394 589 4.4168725 test
29 Q0 3125139 590 4.40586 test
29 Q0 3121280 591 4.400703 test
29 Q0 3130973 592 4.4004903 test
29 Q0 3122892 593 4.395326 test
29 Q0 3130791 594 4.3939986 test
29 Q0 3121610 595 4.392019 test
29 Q0 3132233 596 4.3882604 test
29 Q0 3123221 597 4.3880124 test
29 Q0 3124391 598 4.3872795 test
29 Q0 3127385 599 4.384535 test
29 Q0 3129126 600 4.381161 test
29 Q0 3123003 601 4.3811603 test
29 Q0 3123601 602 4.3767123 test
29 Q0 3122544 603 4.3687215 test
29 Q0 3129957 604 4.362445 test
29 Q0 3121747 605 4.3577733 test
29 Q0 3122560 606 4.355293 test
29 Q0 3121261 607 4.3487186 test
29 Q0 3127801 608 4.346497 test
29 Q0 3130673 609 4.3459353 test
29 Q0 3129500 610 4.3454547 test
29 Q0 3125244 611 4.3407674 test
29 Q0 3131418 612 4.3389463 test
29 Q0 3120820 613 4.3385806 test
29 Q0 3122269 614 4.3369355 test
29 Q0 3126837 615 4.3355227 test
29 Q0 3123966 616 4.335162 test
29 Q0 3121940 617 4.330147 test
29 Q0 3128028 618 4.328379 test
29 Q0 3125356 619 4.322008 test
29 Q0 3122379 620 4.3200793 test
29 Q0 3131736 621 4.31975 test
29 Q0 3132364 622 4.3195405 test
29 Q0 3130903 623 4.317531 test
29 Q0 3123513 624 4.30707 test
29 Q0 3132462 625 4.2945924 test
29 Q0 3121636 626 4.2932224 test
29 Q0 3132356 627 4.2929707 test
29 Q0 3132156 628 4.290183 test
29 Q0 3125001 629 4.2883244 test
29 Q0 3129756 630 4.2883244 test
29 Q0 3131759 631 4.2883244 test
29 Q0 3127994 632 4.288132 test
29 Q0 3128266 633 4.28439 test
29 Q0 3124108 634 4.284373 test
29 Q0 3132419 635 4.2838774 test
29 Q0 3124986 636 4.2824965 test
29 Q0 3131677 637 4.2790914 test
29 Q0 3121427 638 4.277904 test
29 Q0 3131287 639 4.2777967 test
29 Q0 3124698 640 4.270688 test
29 Q0 3128030 641 4.266346 test
29 Q0 3130636 642 4.2656517 test
29 Q0 3126735 643 4.2537904 test
29 Q0 3123596 644 4.2475195 test
29 Q0 3127813 645 4.2466288 test
29 Q0 3124875 646 4.246517 test
29 Q0 3122348 647 4.246488 test
29 Q0 3126773 648 4.246017 test
29 Q0 3127764 649 4.2449813 test
29 Q0 3131510 650 4.244549 test
29 Q0 3128325 651 4.242223 test
29 Q0 3121762 652 4.2414217 test
29 Q0 3121056 653 4.235737 test
29 Q0 3127152 654 4.233889 test
29 Q0 3120993 655 4.2285333 test
29 Q0 3123852 656 4.22256 test
29 Q0 3124323 657 4.222559 test
29 Q0 3125350 658 4.2217317 test
29 Q0 3128023 659 4.218712 test
29 Q0 3128299 660 4.2105246 test
29 Q0 3120984 661 4.2076864 test
29 Q0 3124263 662 4.2076855 test
29 Q0 3132368 663 4.2024593 test
29 Q0 3120848 664 4.1983333 test
29 Q0 3128367 665 4.1937323 test
29 Q0 3130192 666 4.1925797 test
29 Q0 3127110 667 4.186481 test
29 Q0 3120888 668 4.186226 test
29 Q0 3123249 669 4.183818 test
29 Q0 3122103 670 4.1807656 test
29 Q0 3125227 671 4.180141 test
29 Q0 3129060 672 4.17999 test
29 Q0 3125108 673 4.179555 test
29 Q0 3121001 674 4.1792836 test
29 Q0 3123714 675 4.1771994 test
29 Q0 3125144 676 4.1769323 test
29 Q0 3130635 677 4.176005 test
29 Q0 3128614 678 4.16655 test
29 Q0 3123994 679 4.1663213 test
29 Q0 3124265 680 4.1640663 test
29 Q0 3121139 681 4.163705 test
29 Q0 3125115 682 4.1618433 test
29 Q0 3130910 683 4.160229 test
29 Q0 3125292 684 4.1589956 test
29 Q0 3132697 685 4.1589093 test
29 Q0 3131249 686 4.1589093 test
29 Q0 3132665 687 4.1542773 test
29 Q0 3132465 688 4.14794 test
29 Q0 3123652 689 4.146297 test
29 Q0 3125273 690 4.1423445 test
29 Q0 3124440 691 4.13774 test
29 Q0 3127527 692 4.127301 test
29 Q0 3131721 693 4.1269703 test
29 Q0 3127315 694 4.126287 test
29 Q0 3122683 695 4.1239314 test
29 Q0 3124259 696 4.1224694 test
29 Q0 3125074 697 4.1217422 test
29 Q0 3121630 698 4.121416 test
29 Q0 3123462 699 4.1214 test
29 Q0 3124872 700 4.118781 test
29 Q0 3125035 701 4.1156754 test
29 Q0 3120822 702 4.1106606 test
29 Q0 3120817 703 4.11066 test
29 Q0 3128114 704 4.1100006 test
29 Q0 3121338 705 4.1099806 test
29 Q0 3124053 706 4.1099496 test
29 Q0 3132738 707 4.1078153 test
29 Q0 3123194 708 4.1057653 test
29 Q0 3131773 709 4.0968556 test
29 Q0 3127417 710 4.0957456 test
29 Q0 3124469 711 4.083454 test
29 Q0 3120858 712 4.078404 test
29 Q0 3123290 713 4.0734463 test
29 Q0 3125370 714 4.069291 test
29 Q0 3131729 715 4.056647 test
29 Q0 3123367 716 4.050598 test
29 Q0 3128978 717 4.048806 test
29 Q0 3124479 718 4.0461173 test
29 Q0 3128368 719 4.0452476 test
29 Q0 3131293 720 4.0431795 test
29 Q0 3124838 721 4.041908 test
29 Q0 3132318 722 4.0413756 test
29 Q0 3123294 723 4.037538 test
29 Q0 3132127 724 4.035555 test
29 Q0 3128056 725 4.0300727 test
29 Q0 3121588 726 4.029799 test
29 Q0 3124645 727 4.0297985 test
29 Q0 3127986 728 4.027689 test
29 Q0 3123284 729 4.0269666 test
29 Q0 3131588 730 4.025868 test
29 Q0 3128012 731 4.0229583 test
29 Q0 3131572 732 4.022684 test
29 Q0 3130292 733 4.0214667 test
29 Q0 3131725 734 4.0166645 test
29 Q0 3124482 735 4.0141053 test
29 Q0 3126715 736 4.011226 test
29 Q0 3123963 737 4.0097227 test
29 Q0 3129765 738 4.0019884 test
29 Q0 3125189 739 3.9996233 test
29 Q0 3122055 740 3.9922235 test
29 Q0 3132155 741 3.99162 test
29 Q0 3127380 742 3.990945 test
29 Q0 3132747 743 3.9892578 test
29 Q0 3125745 744 3.9891574 test
29 Q0 3128127 745 3.9870021 test
29 Q0 3130996 746 3.9796267 test
29 Q0 3131038 747 3.979348 test
29 Q0 3125753 748 3.977942 test
29 Q0 3122893 749 3.9779413 test
29 Q0 3121756 750 3.9749784 test
29 Q0 3132540 751 3.9720876 test
29 Q0 3122416 752 3.9720871 test
29 Q0 3125053 753 3.9720867 test
29 Q0 3128817 754 3.9707878 test
29 Q0 3121964 755 3.9663851 test
29 Q0 3122599 756 3.9651122 test
29 Q0 3127382 757 3.96313 test
29 Q0 3127980 758 3.9617014 test
29 Q0 3121715 759 3.9573007 test
29 Q0 3125385 760 3.9554167 test
29 Q0 3123157 761 3.9462914 test
29 Q0 3125243 762 3.945027 test
29 Q0 3123225 763 3.9421237 test
29 Q0 3132281 764 3.9364974 test
29 Q0 3123614 765 3.9352605 test
29 Q0 3123814 766 3.9350953 test
29 Q0 3126780 767 3.9323633 test
29 Q0 3129013 768 3.9323633 test
29 Q0 3131295 769 3.9256134 test
29 Q0 3130655 770 3.9246707 test
29 Q0 3120671 771 3.9235156 test
29 Q0 3128723 772 3.922947 test
29 Q0 3130647 773 3.9214118 test
29 Q0 3132537 774 3.9202943 test
29 Q0 3130463 775 3.9189312 test
29 Q0 3121264 776 3.917009 test
29 Q0 3127296 777 3.9149814 test
29 Q0 3131131 778 3.9149811 test
29 Q0 3120970 779 3.914701 test
29 Q0 3130998 780 3.9082823 test
29 Q0 3130919 781 3.9082808 test
29 Q0 3121268 782 3.9063554 test
29 Q0 3127997 783 3.9039168 test
29 Q0 3123562 784 3.8996208 test
29 Q0 3122086 785 3.8996203 test
29 Q0 3123583 786 3.8995688 test
29 Q0 3126702 787 3.8919814 test
29 Q0 3122622 788 3.8870397 test
29 Q0 3127151 789 3.8870394 test
29 Q0 3123161 790 3.8870387 test
29 Q0 3123261 791 3.886484 test
29 Q0 3125121 792 3.8854384 test
29 Q0 3130276 793 3.8834138 test
29 Q0 3128044 794 3.8832052 test
29 Q0 3126723 795 3.8829887 test
29 Q0 3129340 796 3.8829887 test
29 Q0 3125031 797 3.8829093 test
29 Q0 3131254 798 3.8796437 test
29 Q0 3122981 799 3.8784049 test
29 Q0 3131392 800 3.8755283 test
29 Q0 3126798 801 3.8733122 test
29 Q0 3121669 802 3.8730152 test
29 Q0 3123965 803 3.8729048 test
29 Q0 3125954 804 3.8706043 test
29 Q0 3132772 805 3.8699656 test
29 Q0 3121760 806 3.8658454 test
29 Q0 3121063 807 3.8647358 test
29 Q0 3131274 808 3.8635688 test
29 Q0 3120878 809 3.8568192 test
29 Q0 3132354 810 3.8560297 test
29 Q0 3121086 811 3.8543756 test
29 Q0 3122505 812 3.8526583 test
29 Q0 3130785 813 3.8516853 test
29 Q0 3128052 814 3.8468287 test
29 Q0 3132698 815 3.8464525 test
29 Q0 3124730 816 3.8464515 test
29 Q0 3130051 817 3.8430598 test
29 Q0 3132026 818 3.8342023 test
29 Q0 3128020 819 3.8309355 test
29 Q0 3131265 820 3.8270106 test
29 Q0 3125009 821 3.8265767 test
29 Q0 3124801 822 3.824202 test
29 Q0 3124861 823 3.82369 test
29 Q0 3130149 824 3.8199224 test
29 Q0 3131705 825 3.8193002 test
29 Q0 3132363 826 3.81811 test
29 Q0 3123646 827 3.8159757 test
29 Q0 3129108 828 3.8097801 test
29 Q0 3131037 829 3.8057854 test
29 Q0 3127310 830 3.8034883 test
29 Q0 3130291 831 3.791268 test
29 Q0 3128116 832 3.7897336 test
29 Q0 3124141 833 3.785528 test
29 Q0 3121788 834 3.783364 test
29 Q0 3129969 835 3.7832406 test
29 Q0 3129061 836 3.780769 test
29 Q0 3123724 837 3.7801528 test
29 Q0 3124886 838 3.778042 test
29 Q0 3130021 839 3.777835 test
29 Q0 3132032 840 3.775743 test
29 Q0 3121433 841 3.7755616 test
29 Q0 3127312 842 3.7755616 test
29 Q0 3122715 843 3.7755606 test
29 Q0 3125021 844 3.7749934 test
29 Q0 3126607 845 3.7715604 test
29 Q0 3125293 846 3.7715018 test
29 Q0 3127810 847 3.7708132 test
29 Q0 3123461 848 3.7692072 test
29 Q0 3122547 849 3.764745 test
29 Q0 3122996 850 3.7647448 test
29 Q0 3125369 851 3.7591286 test
29 Q0 3125961 852 3.7583957 test
29 Q0 3131802 853 3.757609 test
29 Q0 3123196 854 3.751471 test
29 Q0 3126714 855 3.7485206 test
29 Q0 3127763 856 3.7475314 test
29 Q0 3123340 857 3.7426538 test
29 Q0 3131712 858 3.741368 test
29 Q0 3123575 859 3.741367 test
29 Q0 3122044 860 3.7368705 test
29 Q0 3128819 861 3.73543 test
29 Q0 3130126 862 3.7350926 test
29 Q0 3128017 863 3.7350922 test
29 Q0 3122100 864 3.733015 test
29 Q0 3125150 865 3.7307174 test
29 Q0 3132651 866 3.7304025 test
29 Q0 3128084 867 3.7303486 test
29 Q0 3131288 868 3.7269998 test
29 Q0 3120790 869 3.7242172 test
29 Q0 3132010 870 3.7225883 test
29 Q0 3132331 871 3.7219691 test
29 Q0 3130173 872 3.7199855 test
29 Q0 3130668 873 3.7182794 test
29 Q0 3127002 874 3.71414 test
29 Q0 3122117 875 3.710941 test
29 Q0 3121007 876 3.7105057 test
29 Q0 3120861 877 3.7081978 test
29 Q0 3123935 878 3.7081969 test
29 Q0 3124731 879 3.703919 test
29 Q0 3121755 880 3.7019036 test
29 Q0 3124481 881 3.696745 test
29 Q0 3132177 882 3.696541 test
29 Q0 3123540 883 3.6958733 test
29 Q0 3123301 884 3.692869 test
29 Q0 3124430 885 3.6914196 test
29 Q0 3124528 886 3.6824584 test
29 Q0 3122509 887 3.6801555 test
29 Q0 3120974 888 3.6801217 test
29 Q0 3129116 889 3.6799848 test
29 Q0 3120752 890 3.6791565 test
29 Q0 3125718 891 3.6769545 test
29 Q0 3131442 892 3.676954 test
29 Q0 3127506 893 3.6757188 test
29 Q0 3132130 894 3.673637 test
29 Q0 3121627 895 3.6714437 test
29 Q0 3123250 896 3.6669567 test
29 Q0 3124248 897 3.6634903 test
29 Q0 3131196 898 3.6597228 test
29 Q0 3130728 899 3.6586444 test
29 Q0 3129123 900 3.6530387 test
29 Q0 3122507 901 3.6530316 test
29 Q0 3126823 902 3.6529632 test
29 Q0 3125232 903 3.6511724 test
29 Q0 3124800 904 3.650653 test
29 Q0 3130355 905 3.6506464 test
29 Q0 3130474 906 3.6485326 test
29 Q0 3130632 907 3.6471899 test
29 Q0 3123363 908 3.6465938 test
29 Q0 3125037 909 3.6392703 test
29 Q0 3120694 910 3.6374583 test
29 Q0 3127354 911 3.6374583 test
29 Q0 3124718 912 3.6374574 test
29 Q0 3125720 913 3.6374016 test
29 Q0 3126986 914 3.6333284 test
29 Q0 3132536 915 3.6330636 test
29 Q0 3121675 916 3.6306803 test
29 Q0 3123459 917 3.6304467 test
29 Q0 3128026 918 3.6295938 test
29 Q0 3130934 919 3.6276772 test
29 Q0 3130472 920 3.6205292 test
29 Q0 3126991 921 3.6205282 test
29 Q0 3128556 922 3.6203601 test
29 Q0 3121668 923 3.6196854 test
29 Q0 3123010 924 3.6196852 test
29 Q0 3121945 925 3.61465 test
29 Q0 3130284 926 3.614649 test
29 Q0 3120871 927 3.611443 test
29 Q0 3121440 928 3.608925 test
29 Q0 3126840 929 3.6079323 test
29 Q0 3130011 930 3.6052165 test
29 Q0 3129749 931 3.5988145 test
29 Q0 3132774 932 3.5970676 test
29 Q0 3129313 933 3.5967755 test
29 Q0 3120679 934 3.5924242 test
29 Q0 3121752 935 3.5894966 test
29 Q0 3129592 936 3.588455 test
29 Q0 3130787 937 3.587008 test
29 Q0 3126734 938 3.5855672 test
29 Q0 3125318 939 3.5819955 test
29 Q0 3123219 940 3.5819952 test
29 Q0 3125658 941 3.5819945 test
29 Q0 3121252 942 3.5807881 test
29 Q0 3125504 943 3.5798128 test
29 Q0 3132375 944 3.5777457 test
29 Q0 3130772 945 3.5765254 test
29 Q0 3130039 946 3.5755882 test
29 Q0 3127299 947 3.5755877 test
29 Q0 3124137 948 3.5710933 test
29 Q0 3128010 949 3.5710905 test
29 Q0 3127781 950 3.5697076 test
29 Q0 3132369 951 3.5648239 test
29 Q0 3128091 952 3.5631366 test
29 Q0 3132129 953 3.5624456 test
29 Q0 3124931 954 3.5600092 test
29 Q0 3121649 955 3.5553691 test
29 Q0 3123213 956 3.554477 test
29 Q0 3131546 957 3.5526228 test
29 Q0 3127020 958 3.5523746 test
29 Q0 3131251 959 3.5488658 test
29 Q0 3130918 960 3.542387 test
29 Q0 3127322 961 3.540774 test
29 Q0 3127338 962 3.5392325 test
29 Q0 3132721 963 3.5354552 test
29 Q0 3121581 964 3.534189 test
29 Q0 3126810 965 3.5313542 test
29 Q0 3131716 966 3.5305672 test
29 Q0 3131582 967 3.5302594 test
29 Q0 3127965 968 3.5298107 test
29 Q0 3123515 969 3.5285137 test
29 Q0 3125046 970 3.5274858 test
29 Q0 3131710 971 3.5273924 test
29 Q0 3124271 972 3.5259826 test
29 Q0 3127300 973 3.525982 test
29 Q0 3120734 974 3.5259573 test
29 Q0 3121673 975 3.5220912 test
29 Q0 3120704 976 3.5204496 test
29 Q0 3127356 977 3.5203645 test
29 Q0 3121248 978 3.5203638 test
29 Q0 3125657 979 3.5191274 test
29 Q0 3120862 980 3.519009 test
29 Q0 3125210 981 3.517089 test
29 Q0 3127743 982 3.515142 test
29 Q0 3129761 983 3.5149329 test
29 Q0 3124257 984 3.5074093 test
29 Q0 3132313 985 3.5070326 test
29 Q0 3127321 986 3.502911 test
29 Q0 3122061 987 3.4998813 test
29 Q0 3131036 988 3.498439 test
29 Q0 3126997 989 3.4907053 test
29 Q0 3121263 990 3.4896235 test
29 Q0 3123202 991 3.4878082 test
29 Q0 3132392 992 3.4875343 test
29 Q0 3127841 993 3.4871814 test
29 Q0 3125222 994 3.4865863 test
29 Q0 3130028 995 3.4865856 test
29 Q0 3122728 996 3.4864674 test
29 Q0 3125666 997 3.4854858 test
29 Q0 3132513 998 3.481973 test
29 Q0 3121059 999 3.4819725 test
29 Q0 3121067 1000 3.481972 test
30 Q0 3122596 1 35.09891 test
30 Q0 3129087 2 33.66958 test
30 Q0 3129103 3 29.00839 test
30 Q0 3132373 4 28.802414 test
30 Q0 3125011 5 28.688221 test
30 Q0 3121584 6 25.465025 test
30 Q0 3124753 7 25.442724 test
30 Q0 3128124 8 23.969767 test
30 Q0 3132694 9 23.582338 test
30 Q0 3132325 10 23.440456 test
30 Q0 3130457 11 23.30748 test
30 Q0 3132331 12 23.216976 test
30 Q0 3126707 13 22.986542 test
30 Q0 3124301 14 22.786715 test
30 Q0 3124731 15 22.640238 test
30 Q0 3122380 16 22.489594 test
30 Q0 3123294 17 22.411617 test
30 Q0 3126708 18 21.377796 test
30 Q0 3120792 19 21.192612 test
30 Q0 3128854 20 21.136219 test
30 Q0 3124320 21 21.057865 test
30 Q0 3123554 22 21.033504 test
30 Q0 3126789 23 20.822252 test
30 Q0 3124721 24 20.615803 test
30 Q0 3132091 25 20.562529 test
30 Q0 3127808 26 20.429356 test
30 Q0 3128858 27 20.30112 test
30 Q0 3132061 28 20.076515 test
30 Q0 3125115 29 20.022327 test
30 Q0 3129061 30 20.002428 test
30 Q0 3126719 31 19.800474 test
30 Q0 3132032 32 19.771788 test
30 Q0 3132610 33 19.741926 test
30 Q0 3120773 34 19.57827 test
30 Q0 3122545 35 19.541183 test
30 Q0 3128254 36 19.52204 test
30 Q0 3132720 37 19.510746 test
30 Q0 3131984 38 19.305067 test
30 Q0 3132374 39 19.070807 test
30 Q0 3131243 40 19.045208 test
30 Q0 3132663 41 19.020304 test
30 Q0 3131716 42 19.00101 test
30 Q0 3130469 43 18.956148 test
30 Q0 3125247 44 18.886036 test
30 Q0 3125361 45 18.856838 test
30 Q0 3123000 46 18.74745 test
30 Q0 3121755 47 18.742336 test
30 Q0 3123009 48 18.684523 test
30 Q0 3128041 49 18.593391 test
30 Q0 3124953 50 18.552578 test
30 Q0 3132693 51 18.318457 test
30 Q0 3129951 52 18.274035 test
30 Q0 3130466 53 18.19962 test
30 Q0 3124673 54 18.155218 test
30 Q0 3127854 55 18.134401 test
30 Q0 3124324 56 18.112274 test
30 Q0 3124982 57 18.084661 test
30 Q0 3130362 58 18.078192 test
30 Q0 3129942 59 18.022465 test
30 Q0 3131717 60 17.909977 test
30 Q0 3131766 61 17.887487 test
30 Q0 3124933 62 17.86177 test
30 Q0 3124322 63 17.85991 test
30 Q0 3122530 64 17.755043 test
30 Q0 3122092 65 17.702621 test
30 Q0 3120790 66 17.615196 test
30 Q0 3127316 67 17.53583 test
30 Q0 3132316 68 17.51776 test
30 Q0 3121956 69 17.509819 test
30 Q0 3124935 70 17.48968 test
30 Q0 3124226 71 17.48871 test
30 Q0 3121609 72 17.463068 test
30 Q0 3129068 73 17.40267 test
30 Q0 3127312 74 17.378267 test
30 Q0 3127376 75 17.349752 test
30 Q0 3125277 76 17.274734 test
30 Q0 3132709 77 17.239979 test
30 Q0 3123643 78 17.239254 test
30 Q0 3132363 79 17.184114 test
30 Q0 3131680 80 17.125105 test
30 Q0 3123642 81 17.10754 test
30 Q0 3123303 82 17.086233 test
30 Q0 3124275 83 17.033968 test
30 Q0 3128724 84 17.020832 test
30 Q0 3130173 85 17.007193 test
30 Q0 3121294 86 16.923637 test
30 Q0 3132123 87 16.919756 test
30 Q0 3127383 88 16.894049 test
30 Q0 3124732 89 16.875116 test
30 Q0 3121639 90 16.83015 test
30 Q0 3130805 91 16.822132 test
30 Q0 3123644 92 16.821426 test
30 Q0 3132710 93 16.803827 test
30 Q0 3130493 94 16.802713 test
30 Q0 3132343 95 16.80242 test
30 Q0 3132412 96 16.770773 test
30 Q0 3129079 97 16.63447 test
30 Q0 3124992 98 16.604433 test
30 Q0 3125351 99 16.479208 test
30 Q0 3121656 100 16.413647 test
30 Q0 3127357 101 16.397465 test
30 Q0 3132118 102 16.334644 test
30 Q0 3125278 103 16.27127 test
30 Q0 3121732 104 16.233173 test
30 Q0 3126977 105 16.175924 test
30 Q0 3132375 106 16.136301 test
30 Q0 3122993 107 16.111069 test
30 Q0 3129536 108 16.050741 test
30 Q0 3130031 109 15.955519 test
30 Q0 3124323 110 15.948903 test
30 Q0 3129305 111 15.916834 test
30 Q0 3127495 112 15.904929 test
30 Q0 3125376 113 15.89405 test
30 Q0 3129114 114 15.872937 test
30 Q0 3125347 115 15.799703 test
30 Q0 3125002 116 15.779042 test
30 Q0 3122062 117 15.746803 test
30 Q0 3127998 118 15.743994 test
30 Q0 3130464 119 15.677142 test
30 Q0 3132235 120 15.654165 test
30 Q0 3131709 121 15.580662 test
30 Q0 3124140 122 15.577515 test
30 Q0 3132045 123 15.502718 test
30 Q0 3124464 124 15.467011 test
30 Q0 3132285 125 15.438441 test
30 Q0 3132603 126 15.41853 test
30 Q0 3128826 127 15.377205 test
30 Q0 3120727 128 15.376304 test
30 Q0 3123195 129 15.353078 test
30 Q0 3130982 130 15.342601 test
30 Q0 3132354 131 15.337174 test
30 Q0 3131748 132 15.315003 test
30 Q0 3127969 133 15.238917 test
30 Q0 3132368 134 15.1821375 test
30 Q0 3123822 135 15.166718 test
30 Q0 3122163 136 15.121748 test
30 Q0 3124326 137 15.078025 test
30 Q0 3127492 138 15.064658 test
30 Q0 3130438 139 15.053853 test
30 Q0 3125150 140 15.050062 test
30 Q0 3132542 141 15.04532 test
30 Q0 3132161 142 14.963867 test
30 Q0 3128851 143 14.945946 test
30 Q0 3120866 144 14.932378 test
30 Q0 3123274 145 14.926396 test
30 Q0 3122986 146 14.914182 test
30 Q0 3127765 147 14.912037 test
30 Q0 3120745 148 14.889365 test
30 Q0 3126749 149 14.880548 test
30 Q0 3126764 150 14.878143 test
30 Q0 3125654 151 14.842237 test
30 Q0 3123008 152 14.807626 test
30 Q0 3121092 153 14.787146 test
30 Q0 3120793 154 14.764814 test
30 Q0 3129010 155 14.746124 test
30 Q0 3132276 156 14.744897 test
30 Q0 3132053 157 14.737721 test
30 Q0 3131712 158 14.655716 test
30 Q0 3129060 159 14.644074 test
30 Q0 3127753 160 14.642329 test
30 Q0 3132366 161 14.614748 test
30 Q0 3124670 162 14.598141 test
30 Q0 3131710 163 14.594738 test
30 Q0 3126997 164 14.592267 test
30 Q0 3132177 165 14.572332 test
30 Q0 3121582 166 14.552627 test
30 Q0 3129059 167 14.547573 test
30 Q0 3123562 168 14.543878 test
30 Q0 3121075 169 14.506773 test
30 Q0 3132334 170 14.496206 test
30 Q0 3130462 171 14.495337 test
30 Q0 3132698 172 14.489288 test
30 Q0 3132336 173 14.480523 test
30 Q0 3124253 174 14.469135 test
30 Q0 3128818 175 14.467152 test
30 Q0 3127841 176 14.451132 test
30 Q0 3127314 177 14.434046 test
30 Q0 3132360 178 14.432889 test
30 Q0 3123515 179 14.423608 test
30 Q0 3128016 180 14.399394 test
30 Q0 3130468 181 14.399286 test
30 Q0 3129955 182 14.356709 test
30 Q0 3130460 183 14.336396 test
30 Q0 3129666 184 14.31973 test
30 Q0 3120855 185 14.285533 test
30 Q0 3129344 186 14.284858 test
30 Q0 3128902 187 14.274824 test
30 Q0 3132702 188 14.269569 test
30 Q0 3127758 189 14.257081 test
30 Q0 3128846 190 14.20591 test
30 Q0 3126839 191 14.183657 test
30 Q0 3123284 192 14.167051 test
30 Q0 3123178 193 14.138502 test
30 Q0 3121267 194 14.127171 test
30 Q0 3127499 195 14.105826 test
30 Q0 3124417 196 14.07766 test
30 Q0 3121660 197 14.030251 test
30 Q0 3129967 198 14.028185 test
30 Q0 3131713 199 14.020731 test
30 Q0 3131258 200 13.997523 test
30 Q0 3121095 201 13.981964 test
30 Q0 3132056 202 13.941485 test
30 Q0 3124330 203 13.90517 test
30 Q0 3124266 204 13.901732 test
30 Q0 3124360 205 13.877566 test
30 Q0 3129770 206 13.866654 test
30 Q0 3128847 207 13.855282 test
30 Q0 3132697 208 13.853835 test
30 Q0 3125391 209 13.847123 test
30 Q0 3120994 210 13.84347 test
30 Q0 3127324 211 13.807243 test
30 Q0 3125031 212 13.745577 test
30 Q0 3125701 213 13.736486 test
30 Q0 3121616 214 13.733489 test
30 Q0 3124970 215 13.733285 test
30 Q0 3132509 216 13.704508 test
30 Q0 3132332 217 13.657775 test
30 Q0 3121659 218 13.642856 test
30 Q0 3127296 219 13.631296 test
30 Q0 3123995 220 13.6303425 test
30 Q0 3121056 221 13.591412 test
30 Q0 3132041 222 13.568257 test
30 Q0 3129308 223 13.557804 test
30 Q0 3126695 224 13.556592 test
30 Q0 3130909 225 13.546506 test
30 Q0 3130473 226 13.545843 test
30 Q0 3129353 227 13.50499 test
30 Q0 3132121 228 13.500852 test
30 Q0 3131561 229 13.498385 test
30 Q0 3125292 230 13.4692335 test
30 Q0 3127836 231 13.422486 test
30 Q0 3132692 232 13.422299 test
30 Q0 3120781 233 13.384545 test
30 Q0 3132127 234 13.376919 test
30 Q0 3125098 235 13.344635 test
30 Q0 3122898 236 13.340623 test
30 Q0 3128261 237 13.337733 test
30 Q0 3124316 238 13.329932 test
30 Q0 3124892 239 13.273288 test
30 Q0 3132419 240 13.272265 test
30 Q0 3130358 241 13.265584 test
30 Q0 3127769 242 13.242961 test
30 Q0 3129574 243 13.208313 test
30 Q0 3127454 244 13.202466 test
30 Q0 3132049 245 13.194154 test
30 Q0 3123818 246 13.180237 test
30 Q0 3123184 247 13.15771 test
30 Q0 3127315 248 13.1497555 test
30 Q0 3130040 249 13.142147 test
30 Q0 3132741 250 13.087338 test
30 Q0 3123269 251 13.084833 test
30 Q0 3132519 252 13.020834 test
30 Q0 3123509 253 13.012326 test
30 Q0 3124408 254 12.990755 test
30 Q0 3124016 255 12.969767 test
30 Q0 3126691 256 12.945608 test
30 Q0 3124460 257 12.939039 test
30 Q0 3129580 258 12.926228 test
30 Q0 3127966 259 12.9155 test
30 Q0 3132695 260 12.905301 test
30 Q0 3120808 261 12.871464 test
30 Q0 3127009 262 12.862925 test
30 Q0 3130679 263 12.839112 test
30 Q0 3128723 264 12.836554 test
30 Q0 3126780 265 12.812588 test
30 Q0 3124248 266 12.760934 test
30 Q0 3128571 267 12.749646 test
30 Q0 3132699 268 12.747859 test
30 Q0 3123640 269 12.74054 test
30 Q0 3130984 270 12.730681 test
30 Q0 3128127 271 12.724977 test
30 Q0 3127317 272 12.720771 test
30 Q0 3125014 273 12.696176 test
30 Q0 3129776 274 12.686864 test
30 Q0 3121430 275 12.686599 test
30 Q0 3130768 276 12.670666 test
30 Q0 3123831 277 12.645868 test
30 Q0 3128625 278 12.609205 test
30 Q0 3132660 279 12.604919 test
30 Q0 3121435 280 12.593038 test
30 Q0 3124447 281 12.58939 test
30 Q0 3123550 282 12.579501 test
30 Q0 3122905 283 12.564801 test
30 Q0 3121094 284 12.55476 test
30 Q0 3123560 285 12.550651 test
30 Q0 3125324 286 12.519795 test
30 Q0 3129345 287 12.519189 test
30 Q0 3125322 288 12.508017 test
30 Q0 3120983 289 12.504113 test
30 Q0 3130427 290 12.503946 test
30 Q0 3129303 291 12.489126 test
30 Q0 3132418 292 12.47257 test
30 Q0 3132122 293 12.435366 test
30 Q0 3131130 294 12.40713 test
30 Q0 3122300 295 12.404287 test
30 Q0 3125253 296 12.394025 test
30 Q0 3127020 297 12.3919325 test
30 Q0 3132371 298 12.361865 test
30 Q0 3127977 299 12.35796 test
30 Q0 3130676 300 12.341328 test
30 Q0 3127760 301 12.334381 test
30 Q0 3130996 302 12.33325 test
30 Q0 3129533 303 12.285927 test
30 Q0 3127520 304 12.273083 test
30 Q0 3130933 305 12.268152 test
30 Q0 3130922 306 12.257209 test
30 Q0 3124675 307 12.255893 test
30 Q0 3120766 308 12.254288 test
30 Q0 3124687 309 12.245687 test
30 Q0 3127751 310 12.23828 test
30 Q0 3127789 311 12.224397 test
30 Q0 3131233 312 12.218706 test
30 Q0 3123204 313 12.207495 test
30 Q0 3123222 314 12.201075 test
30 Q0 3130920 315 12.195838 test
30 Q0 3127756 316 12.19324 test
30 Q0 3127764 317 12.187117 test
30 Q0 3131718 318 12.180174 test
30 Q0 3121172 319 12.178762 test
30 Q0 3132407 320 12.174758 test
30 Q0 3124932 321 12.165011 test
30 Q0 3124286 322 12.15564 test
30 Q0 3130651 323 12.151981 test
30 Q0 3125033 324 12.120616 test
30 Q0 3122511 325 12.107844 test
30 Q0 3129941 326 12.1074095 test
30 Q0 3132688 327 12.103327 test
30 Q0 3123255 328 12.097852 test
30 Q0 3121335 329 12.089606 test
30 Q0 3123700 330 12.089576 test
30 Q0 3123513 331 12.065299 test
30 Q0 3131418 332 12.053885 test
30 Q0 3131981 333 12.04135 test
30 Q0 3125305 334 12.034003 test
30 Q0 3121681 335 12.016555 test
30 Q0 3125108 336 12.011348 test
30 Q0 3120740 337 12.003437 test
30 Q0 3121680 338 11.987889 test
30 Q0 3130706 339 11.9870615 test
30 Q0 3126840 340 11.984984 test
30 Q0 3122068 341 11.967697 test
30 Q0 3132439 342 11.962061 test
30 Q0 3120708 343 11.94264 test
30 Q0 3127147 344 11.938442 test
30 Q0 3124999 345 11.925718 test
30 Q0 3124994 346 11.918272 test
30 Q0 3127741 347 11.881057 test
30 Q0 3123281 348 11.843599 test
30 Q0 3130472 349 11.823977 test
30 Q0 3120709 350 11.814999 test
30 Q0 3130747 351 11.804225 test
30 Q0 3128930 352 11.798497 test
30 Q0 3124273 353 11.785589 test
30 Q0 3132402 354 11.778718 test
30 Q0 3130485 355 11.762746 test
30 Q0 3124411 356 11.746389 test
30 Q0 3124463 357 11.744135 test
30 Q0 3127012 358 11.741132 test
30 Q0 3125655 359 11.730738 test
30 Q0 3129348 360 11.719479 test
30 Q0 3130440 361 11.711498 test
30 Q0 3130974 362 11.709999 test
30 Q0 3131399 363 11.708226 test
30 Q0 3120985 364 11.70768 test
30 Q0 3121596 365 11.704947 test
30 Q0 3129088 366 11.683032 test
30 Q0 3124944 367 11.68195 test
30 Q0 3131434 368 11.672857 test
30 Q0 3121085 369 11.662387 test
30 Q0 3123814 370 11.655249 test
30 Q0 3130558 371 11.650795 test
30 Q0 3124391 372 11.631448 test
30 Q0 3123586 373 11.623541 test
30 Q0 3132043 374 11.611512 test
30 Q0 3126824 375 11.607704 test
30 Q0 3123631 376 11.577299 test
30 Q0 3122997 377 11.564099 test
30 Q0 3120689 378 11.548994 test
30 Q0 3127744 379 11.546881 test
30 Q0 3125369 380 11.53999 test
30 Q0 3130590 381 11.5201845 test
30 Q0 3131798 382 11.509348 test
30 Q0 3126711 383 11.502375 test
30 Q0 3129070 384 11.494174 test
30 Q0 3125393 385 11.492436 test
30 Q0 3123302 386 11.484717 test
30 Q0 3121304 387 11.478612 test
30 Q0 3130176 388 11.477359 test
30 Q0 3121964 389 11.466156 test
30 Q0 3131264 390 11.461938 test
30 Q0 3125065 391 11.448036 test
30 Q0 3131982 392 11.445167 test
30 Q0 3124122 393 11.440449 test
30 Q0 3127014 394 11.434941 test
30 Q0 3125762 395 11.429705 test
30 Q0 3127116 396 11.408299 test
30 Q0 3123702 397 11.405742 test
30 Q0 3132670 398 11.384863 test
30 Q0 3124698 399 11.377753 test
30 Q0 3132448 400 11.377528 test
30 Q0 3128733 401 11.375549 test
30 Q0 3132722 402 11.364694 test
30 Q0 3129131 403 11.355533 test
30 Q0 3129086 404 11.35341 test
30 Q0 3125212 405 11.35077 test
30 Q0 3131723 406 11.3018875 test
30 Q0 3131676 407 11.299813 test
30 Q0 3127125 408 11.29461 test
30 Q0 3130672 409 11.271026 test
30 Q0 3131249 410 11.26606 test
30 Q0 3131711 411 11.250226 test
30 Q0 3126735 412 11.240944 test
30 Q0 3123708 413 11.238087 test
30 Q0 3122091 414 11.233007 test
30 Q0 3129323 415 11.231937 test
30 Q0 3128123 416 11.230625 test
30 Q0 3127763 417 11.215046 test
30 Q0 3126827 418 11.201618 test
30 Q0 3128133 419 11.197925 test
30 Q0 3132364 420 11.188685 test
30 Q0 3132237 421 11.180371 test
30 Q0 3125215 422 11.179611 test
30 Q0 3128887 423 11.176843 test
30 Q0 3131797 424 11.167356 test
30 Q0 3127778 425 11.153479 test
30 Q0 3121278 426 11.140775 test
30 Q0 3124432 427 11.139633 test
30 Q0 3132690 428 11.135002 test
30 Q0 3130292 429 11.128408 test
30 Q0 3121880 430 11.127917 test
30 Q0 3128256 431 11.127434 test
30 Q0 3129016 432 11.121882 test
30 Q0 3131757 433 11.113461 test
30 Q0 3130698 434 11.1112385 test
30 Q0 3121955 435 11.1111555 test
30 Q0 3123367 436 11.102723 test
30 Q0 3126710 437 11.09994 test
30 Q0 3124465 438 11.086655 test
30 Q0 3120683 439 11.074896 test
30 Q0 3131801 440 11.070806 test
30 Q0 3125058 441 11.069991 test
30 Q0 3124473 442 11.068937 test
30 Q0 3125353 443 11.068734 test
30 Q0 3131525 444 11.065447 test
30 Q0 3125218 445 11.059709 test
30 Q0 3132096 446 11.043061 test
30 Q0 3124318 447 11.039615 test
30 Q0 3122045 448 11.038598 test
30 Q0 3132704 449 11.037277 test
30 Q0 3123816 450 11.01198 test
30 Q0 3120735 451 11.005972 test
30 Q0 3131560 452 10.990397 test
30 Q0 3129113 453 10.967457 test
30 Q0 3130681 454 10.963814 test
30 Q0 3132369 455 10.956014 test
30 Q0 3128024 456 10.955541 test
30 Q0 3126845 457 10.929153 test
30 Q0 3124423 458 10.927749 test
30 Q0 3123010 459 10.924764 test
30 Q0 3126757 460 10.920362 test
30 Q0 3129759 461 10.908321 test
30 Q0 3130011 462 10.90118 test
30 Q0 3121943 463 10.896858 test
30 Q0 3130439 464 10.883845 test
30 Q0 3125194 465 10.864793 test
30 Q0 3124261 466 10.837095 test
30 Q0 3121954 467 10.81813 test
30 Q0 3124321 468 10.814106 test
30 Q0 3127830 469 10.807339 test
30 Q0 3130696 470 10.803353 test
30 Q0 3121091 471 10.795991 test
30 Q0 3125360 472 10.751478 test
30 Q0 3131545 473 10.744266 test
30 Q0 3130662 474 10.740257 test
30 Q0 3125740 475 10.737545 test
30 Q0 3124975 476 10.734208 test
30 Q0 3120748 477 10.728467 test
30 Q0 3124494 478 10.719439 test
30 Q0 3127999 479 10.710874 test
30 Q0 3132742 480 10.698695 test
30 Q0 3132160 481 10.693706 test
30 Q0 3131756 482 10.683508 test
30 Q0 3129013 483 10.664477 test
30 Q0 3130494 484 10.65704 test
30 Q0 3122334 485 10.64496 test
30 Q0 3132376 486 10.638427 test
30 Q0 3132501 487 10.632154 test
30 Q0 3121231 488 10.617872 test
30 Q0 3124254 489 10.600681 test
30 Q0 3123577 490 10.598633 test
30 Q0 3123823 491 10.594627 test
30 Q0 3125308 492 10.592433 test
30 Q0 3132588 493 10.590158 test
30 Q0 3120695 494 10.5879755 test
30 Q0 3124727 495 10.57379 test
30 Q0 3129535 496 10.573722 test
30 Q0 3124500 497 10.565147 test
30 Q0 3123518 498 10.561569 test
30 Q0 3123558 499 10.553256 test
30 Q0 3124327 500 10.537277 test
30 Q0 3127309 501 10.524136 test
30 Q0 3131388 502 10.517745 test
30 Q0 3131775 503 10.514705 test
30 Q0 3124725 504 10.512835 test
30 Q0 3124453 505 10.509954 test
30 Q0 3130709 506 10.505676 test
30 Q0 3123649 507 10.50029 test
30 Q0 3124996 508 10.499363 test
30 Q0 3120981 509 10.498965 test
30 Q0 3121261 510 10.49593 test
30 Q0 3123368 511 10.476657 test
30 Q0 3129667 512 10.474914 test
30 Q0 3122084 513 10.471427 test
30 Q0 3127344 514 10.449107 test
30 Q0 3130479 515 10.436035 test
30 Q0 3129961 516 10.4326515 test
30 Q0 3132521 517 10.42342 test
30 Q0 3124647 518 10.420124 test
30 Q0 3120998 519 10.4171915 test
30 Q0 3123852 520 10.411609 test
30 Q0 3124459 521 10.404075 test
30 Q0 3129778 522 10.403232 test
30 Q0 3124211 523 10.400536 test
30 Q0 3126224 524 10.386651 test
30 Q0 3128735 525 10.377681 test
30 Q0 3125062 526 10.373316 test
30 Q0 3128848 527 10.372224 test
30 Q0 3128593 528 10.3703575 test
30 Q0 3131759 529 10.36553 test
30 Q0 3126773 530 10.362484 test
30 Q0 3131273 531 10.356637 test
30 Q0 3128598 532 10.352384 test
30 Q0 3129311 533 10.341993 test
30 Q0 3128028 534 10.338801 test
30 Q0 3125168 535 10.33205 test
30 Q0 3126870 536 10.329404 test
30 Q0 3131558 537 10.326966 test
30 Q0 3127805 538 10.319929 test
30 Q0 3127318 539 10.305653 test
30 Q0 3123615 540 10.300719 test
30 Q0 3130471 541 10.299318 test
30 Q0 3124397 542 10.297038 test
30 Q0 3120736 543 10.293727 test
30 Q0 3121716 544 10.279521 test
30 Q0 3130660 545 10.264387 test
30 Q0 3124289 546 10.26314 test
30 Q0 3121612 547 10.260209 test
30 Q0 3129943 548 10.260209 test
30 Q0 3127292 549 10.258736 test
30 Q0 3128102 550 10.252077 test
30 Q0 3120836 551 10.251002 test
30 Q0 3123991 552 10.246227 test
30 Q0 3125036 553 10.241474 test
30 Q0 3128039 554 10.234632 test
30 Q0 3124003 555 10.232978 test
30 Q0 3132706 556 10.228771 test
30 Q0 3125235 557 10.223292 test
30 Q0 3132029 558 10.221782 test
30 Q0 3125165 559 10.213283 test
30 Q0 3126768 560 10.188276 test
30 Q0 3121588 561 10.182756 test
30 Q0 3125279 562 10.17857 test
30 Q0 3128084 563 10.174966 test
30 Q0 3128751 564 10.1727705 test
30 Q0 3132616 565 10.158024 test
30 Q0 3124386 566 10.156728 test
30 Q0 3124861 567 10.155516 test
30 Q0 3131980 568 10.148263 test
30 Q0 3132240 569 10.147769 test
30 Q0 3125584 570 10.136753 test
30 Q0 3130903 571 10.129254 test
30 Q0 3127498 572 10.126167 test
30 Q0 3132125 573 10.117386 test
30 Q0 3132606 574 10.1087 test
30 Q0 3121424 575 10.108368 test
30 Q0 3123707 576 10.100059 test
30 Q0 3127303 577 10.089835 test
30 Q0 3130463 578 10.085976 test
30 Q0 3131751 579 10.084512 test
30 Q0 3128264 580 10.078794 test
30 Q0 3120746 581 10.078636 test
30 Q0 3128612 582 10.071319 test
30 Q0 3129077 583 10.069194 test
30 Q0 3130927 584 10.067372 test
30 Q0 3126788 585 10.067365 test
30 Q0 3121695 586 10.060865 test
30 Q0 3123602 587 10.054136 test
30 Q0 3128704 588 10.047099 test
30 Q0 3120982 589 10.042319 test
30 Q0 3125003 590 10.023764 test
30 Q0 3129117 591 10.021733 test
30 Q0 3124269 592 10.019857 test
30 Q0 3127306 593 10.006323 test
30 Q0 3132488 594 10.004819 test
30 Q0 3122152 595 9.9999695 test
30 Q0 3123003 596 9.994302 test
30 Q0 3125074 597 9.987433 test
30 Q0 3132493 598 9.986378 test
30 Q0 3132367 599 9.980456 test
30 Q0 3123183 600 9.979935 test
30 Q0 3124462 601 9.978349 test
30 Q0 3124686 602 9.975765 test
30 Q0 3121251 603 9.973385 test
30 Q0 3130728 604 9.96964 test
30 Q0 3122958 605 9.966422 test
30 Q0 3123512 606 9.965916 test
30 Q0 3130467 607 9.960678 test
30 Q0 3132751 608 9.951047 test
30 Q0 3123207 609 9.950257 test
30 Q0 3124303 610 9.939608 test
30 Q0 3121751 611 9.937968 test
30 Q0 3121058 612 9.937932 test
30 Q0 3132156 613 9.921201 test
30 Q0 3125244 614 9.910112 test
30 Q0 3132359 615 9.905209 test
30 Q0 3127497 616 9.89215 test
30 Q0 3127806 617 9.883003 test
30 Q0 3128606 618 9.881018 test
30 Q0 3120839 619 9.880109 test
30 Q0 3123259 620 9.869708 test
30 Q0 3124875 621 9.869617 test
30 Q0 3132170 622 9.863265 test
30 Q0 3130588 623 9.85547 test
30 Q0 3131131 624 9.850311 test
30 Q0 3131541 625 9.848912 test
30 Q0 3130169 626 9.848554 test
30 Q0 3128570 627 9.842925 test
30 Q0 3130126 628 9.835509 test
30 Q0 3121608 629 9.824895 test
30 Q0 3127328 630 9.814284 test
30 Q0 3128058 631 9.807494 test
30 Q0 3132097 632 9.795956 test
30 Q0 3132365 633 9.794597 test
30 Q0 3130267 634 9.790567 test
30 Q0 3127382 635 9.754502 test
30 Q0 3129055 636 9.747454 test
30 Q0 3126983 637 9.740674 test
30 Q0 3122897 638 9.738487 test
30 Q0 3124127 639 9.736402 test
30 Q0 3131527 640 9.727006 test
30 Q0 3128819 641 9.719941 test
30 Q0 3129101 642 9.713487 test
30 Q0 3123250 643 9.712897 test
30 Q0 3131244 644 9.696405 test
30 Q0 3125720 645 9.687582 test
30 Q0 3128700 646 9.687405 test
30 Q0 3128895 647 9.677812 test
30 Q0 3126728 648 9.676581 test
30 Q0 3125729 649 9.673922 test
30 Q0 3121086 650 9.669044 test
30 Q0 3128722 651 9.6645775 test
30 Q0 3130750 652 9.652931 test
30 Q0 3121613 653 9.651326 test
30 Q0 3125064 654 9.648937 test
30 Q0 3129352 655 9.647577 test
30 Q0 3121089 656 9.646307 test
30 Q0 3131728 657 9.6455555 test
30 Q0 3130977 658 9.644588 test
30 Q0 3125659 659 9.641157 test
30 Q0 3132318 660 9.636621 test
30 Q0 3125271 661 9.630648 test
30 Q0 3127381 662 9.618121 test
30 Q0 3122904 663 9.614109 test
30 Q0 3120691 664 9.612339 test
30 Q0 3127329 665 9.603243 test
30 Q0 3125221 666 9.581851 test
30 Q0 3130973 667 9.581338 test
30 Q0 3123935 668 9.576416 test
30 Q0 3121271 669 9.574856 test
30 Q0 3127422 670 9.572744 test
30 Q0 3121945 671 9.567489 test
30 Q0 3131714 672 9.565881 test
30 Q0 3123338 673 9.562459 test
30 Q0 3125364 674 9.561833 test
30 Q0 3121083 675 9.557014 test
30 Q0 3127768 676 9.538909 test
30 Q0 3125373 677 9.528552 test
30 Q0 3127794 678 9.492802 test
30 Q0 3132370 679 9.481812 test
30 Q0 3127319 680 9.465844 test
30 Q0 3123169 681 9.449585 test
30 Q0 3131293 682 9.445711 test
30 Q0 3131235 683 9.441924 test
30 Q0 3129029 684 9.440956 test
30 Q0 3124497 685 9.439545 test
30 Q0 3121426 686 9.437036 test
30 Q0 3123598 687 9.419122 test
30 Q0 3132119 688 9.418353 test
30 Q0 3124720 689 9.417553 test
30 Q0 3127982 690 9.414655 test
30 Q0 3123596 691 9.4130945 test
30 Q0 3124989 692 9.40178 test
30 Q0 3129043 693 9.3978 test
30 Q0 3123282 694 9.396555 test
30 Q0 3125375 695 9.394592 test
30 Q0 3125656 696 9.3881235 test
30 Q0 3123595 697 9.38546 test
30 Q0 3127991 698 9.383616 test
30 Q0 3130650 699 9.380419 test
30 Q0 3122584 700 9.379362 test
30 Q0 3123187 701 9.378658 test
30 Q0 3121614 702 9.378541 test
30 Q0 3130373 703 9.36842 test
30 Q0 3131269 704 9.361497 test
30 Q0 3121274 705 9.3399725 test
30 Q0 3120678 706 9.338722 test
30 Q0 3130969 707 9.334192 test
30 Q0 3125163 708 9.329049 test
30 Q0 3124723 709 9.321526 test
30 Q0 3124788 710 9.316525 test
30 Q0 3124264 711 9.31153 test
30 Q0 3127491 712 9.305019 test
30 Q0 3123681 713 9.304294 test
30 Q0 3123199 714 9.302161 test
30 Q0 3122589 715 9.302014 test
30 Q0 3123228 716 9.297976 test
30 Q0 3127300 717 9.296972 test
30 Q0 3131036 718 9.296101 test
30 Q0 3123510 719 9.295706 test
30 Q0 3123845 720 9.295116 test
30 Q0 3132462 721 9.2810135 test
30 Q0 3126745 722 9.267926 test
30 Q0 3132095 723 9.267201 test
30 Q0 3127976 724 9.265815 test
30 Q0 3123639 725 9.263395 test
30 Q0 3123821 726 9.256623 test
30 Q0 3132393 727 9.25139 test
30 Q0 3132372 728 9.250926 test
30 Q0 3132683 729 9.248213 test
30 Q0 3130175 730 9.245643 test
30 Q0 3130695 731 9.245099 test
30 Q0 3132324 732 9.244726 test
30 Q0 3123174 733 9.238919 test
30 Q0 3129772 734 9.230097 test
30 Q0 3125648 735 9.229412 test
30 Q0 3125502 736 9.228929 test
30 Q0 3132120 737 9.225499 test
30 Q0 3123316 738 9.213495 test
30 Q0 3128042 739 9.210393 test
30 Q0 3131509 740 9.197327 test
30 Q0 3131038 741 9.187589 test
30 Q0 3127106 742 9.166474 test
30 Q0 3120861 743 9.1520815 test
30 Q0 3123650 744 9.148784 test
30 Q0 3131985 745 9.140982 test
30 Q0 3124304 746 9.140733 test
30 Q0 3126847 747 9.136172 test
30 Q0 3132539 748 9.1331625 test
30 Q0 3128727 749 9.122165 test
30 Q0 3124485 750 9.120682 test
30 Q0 3125196 751 9.119663 test
30 Q0 3128263 752 9.119343 test
30 Q0 3125333 753 9.118896 test
30 Q0 3129078 754 9.116774 test
30 Q0 3121604 755 9.115875 test
30 Q0 3129346 756 9.111502 test
30 Q0 3132092 757 9.106868 test
30 Q0 3130791 758 9.098542 test
30 Q0 3120732 759 9.097806 test
30 Q0 3132205 760 9.096271 test
30 Q0 3123747 761 9.091976 test
30 Q0 3120795 762 9.089241 test
30 Q0 3127007 763 9.088542 test
30 Q0 3128079 764 9.086377 test
30 Q0 3125319 765 9.0785265 test
30 Q0 3124448 766 9.070038 test
30 Q0 3127749 767 9.068478 test
30 Q0 3127842 768 9.066316 test
30 Q0 3123286 769 9.060976 test
30 Q0 3120880 770 9.060734 test
30 Q0 3127153 771 9.060265 test
30 Q0 3130559 772 9.058342 test
30 Q0 3125237 773 9.058315 test
30 Q0 3131069 774 9.057862 test
30 Q0 3127321 775 9.048506 test
30 Q0 3123599 776 9.044256 test
30 Q0 3127761 777 9.035563 test
30 Q0 3121603 778 9.03506 test
30 Q0 3127493 779 9.034569 test
30 Q0 3130744 780 9.032566 test
30 Q0 3131543 781 9.028676 test
30 Q0 3127750 782 9.02837 test
30 Q0 3121093 783 9.02477 test
30 Q0 3121436 784 9.02411 test
30 Q0 3120733 785 9.014063 test
30 Q0 3121881 786 9.013653 test
30 Q0 3128702 787 9.012253 test
30 Q0 3124729 788 9.01212 test
30 Q0 3121441 789 9.00922 test
30 Q0 3125345 790 9.00568 test
30 Q0 3130127 791 9.001024 test
30 Q0 3125063 792 8.999426 test
30 Q0 3124722 793 8.993674 test
30 Q0 3132238 794 8.990472 test
30 Q0 3127844 795 8.989435 test
30 Q0 3126753 796 8.989249 test
30 Q0 3132035 797 8.9826765 test
30 Q0 3124499 798 8.98258 test
30 Q0 3121585 799 8.982199 test
30 Q0 3122506 800 8.979304 test
30 Q0 3130185 801 8.97723 test
30 Q0 3131572 802 8.977039 test
30 Q0 3130767 803 8.972204 test
30 Q0 3130138 804 8.970719 test
30 Q0 3124456 805 8.965591 test
30 Q0 3124643 806 8.96552 test
30 Q0 3126859 807 8.96513 test
30 Q0 3131615 808 8.964239 test
30 Q0 3130781 809 8.96224 test
30 Q0 3131241 810 8.95822 test
30 Q0 3121253 811 8.951877 test
30 Q0 3130717 812 8.945807 test
30 Q0 3132352 813 8.94423 test
30 Q0 3123653 814 8.9440565 test
30 Q0 3121059 815 8.940172 test
30 Q0 3128049 816 8.935372 test
30 Q0 3130043 817 8.931305 test
30 Q0 3129022 818 8.927703 test
30 Q0 3122985 819 8.926015 test
30 Q0 3129065 820 8.918844 test
30 Q0 3128862 821 8.911117 test
30 Q0 3121634 822 8.909544 test
30 Q0 3132481 823 8.904522 test
30 Q0 3127320 824 8.903373 test
30 Q0 3130902 825 8.898954 test
30 Q0 3123208 826 8.89487 test
30 Q0 3126762 827 8.880344 test
30 Q0 3126563 828 8.87932 test
30 Q0 3132528 829 8.871355 test
30 Q0 3128030 830 8.863672 test
30 Q0 3123314 831 8.858398 test
30 Q0 3121622 832 8.855321 test
30 Q0 3121440 833 8.848665 test
30 Q0 3125289 834 8.845423 test
30 Q0 3132772 835 8.845046 test
30 Q0 3132090 836 8.826666 test
30 Q0 3123011 837 8.8174 test
30 Q0 3131613 838 8.817039 test
30 Q0 3127152 839 8.810595 test
30 Q0 3123833 840 8.808457 test
30 Q0 3121108 841 8.806669 test
30 Q0 3124179 842 8.805155 test
30 Q0 3123210 843 8.799983 test
30 Q0 3129298 844 8.799314 test
30 Q0 3124838 845 8.786523 test
30 Q0 3121623 846 8.775171 test
30 Q0 3132315 847 8.7736225 test
30 Q0 3125667 848 8.772268 test
30 Q0 3132214 849 8.758717 test
30 Q0 3132217 850 8.751586 test
30 Q0 3131395 851 8.750882 test
30 Q0 3121442 852 8.750662 test
30 Q0 3130737 853 8.747787 test
30 Q0 3123882 854 8.744536 test
30 Q0 3124044 855 8.744372 test
30 Q0 3124889 856 8.740947 test
30 Q0 3125342 857 8.734924 test
30 Q0 3123966 858 8.7324 test
30 Q0 3128110 859 8.731373 test
30 Q0 3121238 860 8.723619 test
30 Q0 3132661 861 8.718944 test
30 Q0 3132442 862 8.715152 test
30 Q0 3124061 863 8.711971 test
30 Q0 3131127 864 8.708143 test
30 Q0 3132500 865 8.706479 test
30 Q0 3124235 866 8.68948 test
30 Q0 3128052 867 8.687088 test
30 Q0 3123964 868 8.686349 test
30 Q0 3126734 869 8.683581 test
30 Q0 3124859 870 8.675707 test
30 Q0 3129309 871 8.673942 test
30 Q0 3124552 872 8.670092 test
30 Q0 3130997 873 8.668918 test
30 Q0 3121248 874 8.668083 test
30 Q0 3124948 875 8.667365 test
30 Q0 3132379 876 8.66344 test
30 Q0 3121528 877 8.660828 test
30 Q0 3127305 878 8.647157 test
30 Q0 3126760 879 8.644983 test
30 Q0 3127987 880 8.642146 test
30 Q0 3130255 881 8.640331 test
30 Q0 3131000 882 8.63997 test
30 Q0 3120757 883 8.6398535 test
30 Q0 3121601 884 8.635909 test
30 Q0 3132476 885 8.633414 test
30 Q0 3127449 886 8.633357 test
30 Q0 3125022 887 8.630856 test
30 Q0 3124515 888 8.630574 test
30 Q0 3120791 889 8.62446 test
30 Q0 3128855 890 8.618853 test
30 Q0 3123244 891 8.617273 test
30 Q0 3125341 892 8.612321 test
30 Q0 3126831 893 8.612108 test
30 Q0 3121090 894 8.605481 test
30 Q0 3127851 895 8.6045 test
30 Q0 3130702 896 8.604499 test
30 Q0 3130257 897 8.599775 test
30 Q0 3127385 898 8.596195 test
30 Q0 3125550 899 8.593702 test
30 Q0 3128896 900 8.579662 test
30 Q0 3128360 901 8.57655 test
30 Q0 3122583 902 8.576058 test
30 Q0 3131194 903 8.574503 test
30 Q0 3132016 904 8.570998 test
30 Q0 3123659 905 8.564644 test
30 Q0 3123623 906 8.563595 test
30 Q0 3121067 907 8.532426 test
30 Q0 3122054 908 8.524931 test
30 Q0 3128022 909 8.523837 test
30 Q0 3124964 910 8.520047 test
30 Q0 3131141 911 8.51487 test
30 Q0 3128019 912 8.5121975 test
30 Q0 3124683 913 8.508205 test
30 Q0 3124124 914 8.501758 test
30 Q0 3128817 915 8.499525 test
30 Q0 3125240 916 8.496737 test
30 Q0 3129576 917 8.4946 test
30 Q0 3129090 918 8.49238 test
30 Q0 3131030 919 8.490395 test
30 Q0 3125524 920 8.486593 test
30 Q0 3124135 921 8.479638 test
30 Q0 3121136 922 8.470376 test
30 Q0 3121713 923 8.46846 test
30 Q0 3131024 924 8.466183 test
30 Q0 3124832 925 8.465935 test
30 Q0 3128101 926 8.463839 test
30 Q0 3131270 927 8.452491 test
30 Q0 3123934 928 8.44978 test
30 Q0 3120858 929 8.445995 test
30 Q0 3130192 930 8.437191 test
30 Q0 3126819 931 8.435061 test
30 Q0 3128266 932 8.434383 test
30 Q0 3127387 933 8.43031 test
30 Q0 3127807 934 8.429538 test
30 Q0 3122093 935 8.427736 test
30 Q0 3125180 936 8.424241 test
30 Q0 3130191 937 8.424115 test
30 Q0 3130044 938 8.419462 test
30 Q0 3132421 939 8.418285 test
30 Q0 3121606 940 8.413843 test
30 Q0 3120761 941 8.4129505 test
30 Q0 3126282 942 8.410998 test
30 Q0 3123624 943 8.4104395 test
30 Q0 3126697 944 8.407968 test
30 Q0 3132129 945 8.402235 test
30 Q0 3123520 946 8.398928 test
30 Q0 3120749 947 8.396832 test
30 Q0 3127850 948 8.391797 test
30 Q0 3123603 949 8.379956 test
30 Q0 3132696 950 8.378502 test
30 Q0 3121665 951 8.378151 test
30 Q0 3131522 952 8.372976 test
30 Q0 3127130 953 8.371216 test
30 Q0 3126854 954 8.367987 test
30 Q0 3122553 955 8.367079 test
30 Q0 3132700 956 8.362458 test
30 Q0 3125159 957 8.360935 test
30 Q0 3128029 958 8.359693 test
30 Q0 3121746 959 8.35786 test
30 Q0 3130262 960 8.357787 test
30 Q0 3131019 961 8.353328 test
30 Q0 3122587 962 8.350654 test
30 Q0 3125296 963 8.347244 test
30 Q0 3122097 964 8.345552 test
30 Q0 3130164 965 8.335201 test
30 Q0 3120973 966 8.3310175 test
30 Q0 3123191 967 8.330666 test
30 Q0 3132283 968 8.318401 test
30 Q0 3132689 969 8.3161335 test
30 Q0 3127754 970 8.314502 test
30 Q0 3127420 971 8.3116045 test
30 Q0 3122384 972 8.311588 test
30 Q0 3120778 973 8.307095 test
30 Q0 3132268 974 8.29908 test
30 Q0 3124730 975 8.290989 test
30 Q0 3130720 976 8.283789 test
30 Q0 3124646 977 8.276007 test
30 Q0 3132163 978 8.273805 test
30 Q0 3131760 979 8.258567 test
30 Q0 3127133 980 8.254191 test
30 Q0 3129575 981 8.251955 test
30 Q0 3121740 982 8.248365 test
30 Q0 3125309 983 8.241817 test
30 Q0 3123906 984 8.240527 test
30 Q0 3120809 985 8.238081 test
30 Q0 3132682 986 8.238053 test
30 Q0 3131267 987 8.235573 test
30 Q0 3120712 988 8.234897 test
30 Q0 3122983 989 8.234437 test
30 Q0 3132024 990 8.23189 test
30 Q0 3132050 991 8.231558 test
30 Q0 3128117 992 8.223222 test
30 Q0 3127801 993 8.217296 test
30 Q0 3123457 994 8.215941 test
30 Q0 3125330 995 8.210219 test
30 Q0 3120872 996 8.204029 test
30 Q0 3121711 997 8.200252 test
30 Q0 3127137 998 8.196984 test
30 Q0 3127138 999 8.195842 test
30 Q0 3128721 1000 8.191195 test
